
> dhc-dashboard@0.0.1 check /Users/alessandrojcm/repos/dhc-dashboard
> svelte-kit sync && svelte-check --tsconfig ./tsconfig.json

Loading svelte-check in workspace: /Users/alessandrojcm/repos/dhc-dashboard
Getting Svelte diagnostics...

[sentry-vite-plugin] Info: Using environment variables configured in ".env.sentry-build-plugin".
[Sentry SvelteKit] Global values: { __sentry_sveltekit_output_dir: '.svelte-kit/cloudflare' }
[sentry-vite-plugin] Info: Using environment variables configured in ".env.sentry-build-plugin".
[Sentry] We discovered `build.sourcemap` is set to `true`. Sentry will keep this source map setting. This will un-minify the code snippet on the Sentry Issue page.
/Users/alessandrojcm/repos/dhc-dashboard/src/lib/server/services/members/waitlist.service.ts:3:15
Error: Module '"$lib/server/kysely"' declares 'KyselyDatabase' locally, but it is not exported. 
import { sql } from "kysely";
import type { KyselyDatabase } from "$lib/server/kysely";
import type {

/Users/alessandrojcm/repos/dhc-dashboard/src/lib/server/services/workshops/attendance.service.ts:42:3
Error: Type '{ club_activity_id: string; id: string; external_user_id: string | null; member_user_id: string | null; attendance_marked_at: string | null; attendance_marked_by: string | null; attendance_notes: string | null; attendance_status: string | null; }[]' is not assignable to type 'AttendanceResult[]'.
  Type '{ club_activity_id: string; id: string; external_user_id: string | null; member_user_id: string | null; attendance_marked_at: string | null; attendance_marked_by: string | null; attendance_notes: string | null; attendance_status: string | null; }' is not assignable to type 'AttendanceResult'.
    Types of property 'attendance_status' are incompatible.
      Type 'string | null' is not assignable to type 'AttendanceStatus'.
        Type 'string' is not assignable to type 'AttendanceStatus'. 

		return executeWithRLS(
			this.kysely,

/Users/alessandrojcm/repos/dhc-dashboard/src/lib/server/services/workshops/attendance.service.ts:152:18
Error: Argument of type '{ club_activity_id: string; id: string; external_user_id: string | null; member_user_id: string | null; attendance_marked_at: string | null; attendance_marked_by: string | null; attendance_notes: string | null; attendance_status: string | null; }' is not assignable to parameter of type 'AttendanceResult'.
  Types of property 'attendance_status' are incompatible.
    Type 'string | null' is not assignable to type 'AttendanceStatus'.
      Type 'string' is not assignable to type 'AttendanceStatus'. 
			if (result) {
				results.push(result);
			}

/Users/alessandrojcm/repos/dhc-dashboard/src/lib/server/services/workshops/refund.service.ts:42:3
Error: Type '{ id: string; registration_id: string; refund_amount: number; refund_reason: string | null; status: "cancelled" | "pending" | "processing" | "completed" | "failed"; stripe_refund_id: string | null; ... 8 more ...; external_users: { ...; } | null; }[]' is not assignable to type 'RefundWithUser[]'.
  Property 'stripe_payment_intent_id' is missing in type '{ id: string; registration_id: string; refund_amount: number; refund_reason: string | null; status: "cancelled" | "pending" | "processing" | "completed" | "failed"; stripe_refund_id: string | null; ... 8 more ...; external_users: { ...; } | null; }' but required in type 'RefundWithUser'. 

		return executeWithRLS(
			this.kysely,

/Users/alessandrojcm/repos/dhc-dashboard/src/lib/server/services/workshops/refund.service.ts:198:5
Error: Type 'string | null' is not assignable to type 'string'.
  Type 'null' is not assignable to type 'string'. 
				refund_days: result.refund_days,
				status: result.workshop_status,
			},

/Users/alessandrojcm/repos/dhc-dashboard/src/lib/server/services/workshops/registration.service.ts:91:3
Error: Type '{ id: string; club_activity_id: string; member_user_id: string | null; external_user_id: string | null; status: "cancelled" | "pending" | "confirmed" | "refunded"; attendance_status: string | null; ... 8 more ...; external_users: { ...; } | null; }[]' is not assignable to type 'RegistrationWithUser[]'.
  Type '{ id: string; club_activity_id: string; member_user_id: string | null; external_user_id: string | null; status: "cancelled" | "pending" | "confirmed" | "refunded"; attendance_status: string | null; ... 8 more ...; external_users: { ...; } | null; }' is missing the following properties from type 'RegistrationWithUser': cancelled_at, confirmed_at, currency, registered_at, registration_notes 

		return executeWithRLS(
			this.kysely,

/Users/alessandrojcm/repos/dhc-dashboard/src/lib/components/ui/accordion/accordion.svelte:12:2
Error: Cannot bind to constant
https://svelte.dev/e/constant_binding (svelte)
<AccordionPrimitive.Root
	bind:ref
	bind:value={value as never}

/Users/alessandrojcm/repos/dhc-dashboard/src/lib/components/ui/accordion/accordion.svelte:11:2
Error: 'AccordionPrimitive' cannot be used as a value because it was imported using 'import type'. (ts)

<AccordionPrimitive.Root
	bind:ref

/Users/alessandrojcm/repos/dhc-dashboard/src/lib/components/ui/accordion/accordion-content.svelte:14:2
Error: Cannot bind to constant
https://svelte.dev/e/constant_binding (svelte)
<AccordionPrimitive.Content
	bind:ref
	data-slot="accordion-content"

/Users/alessandrojcm/repos/dhc-dashboard/src/lib/components/ui/accordion/accordion-content.svelte:13:2
Error: 'AccordionPrimitive' cannot be used as a value because it was imported using 'import type'. (ts)

<AccordionPrimitive.Content
	bind:ref

/Users/alessandrojcm/repos/dhc-dashboard/src/lib/components/ui/accordion/accordion-content.svelte:19:14
Error: Cannot find name 'cn'. (ts)
>
	<div class={cn("pb-4 pt-0", className)}>
		{@render children?.()}

/Users/alessandrojcm/repos/dhc-dashboard/src/lib/components/ui/accordion/accordion-content.svelte:22:3
Error: 'AccordionPrimitive' cannot be used as a value because it was imported using 'import type'. (ts)
	</div>
</AccordionPrimitive.Content>

/Users/alessandrojcm/repos/dhc-dashboard/src/lib/components/ui/accordion/accordion-item.svelte:12:2
Error: Cannot bind to constant
https://svelte.dev/e/constant_binding (svelte)
<AccordionPrimitive.Item
	bind:ref
	data-slot="accordion-item"

/Users/alessandrojcm/repos/dhc-dashboard/src/lib/components/ui/accordion/accordion-item.svelte:11:2
Error: 'AccordionPrimitive' cannot be used as a value because it was imported using 'import type'. (ts)

<AccordionPrimitive.Item
	bind:ref

/Users/alessandrojcm/repos/dhc-dashboard/src/lib/components/ui/accordion/accordion-item.svelte:14:9
Error: Cannot find name 'cn'. (ts)
	data-slot="accordion-item"
	class={cn("border-b last:border-b-0", className)}
	{...restProps}

/Users/alessandrojcm/repos/dhc-dashboard/src/lib/components/ui/accordion/accordion-trigger.svelte:19:3
Error: Cannot bind to constant
https://svelte.dev/e/constant_binding (svelte)
		data-slot="accordion-trigger"
		bind:ref
		class={cn(

/Users/alessandrojcm/repos/dhc-dashboard/src/lib/components/ui/accordion/accordion-trigger.svelte:16:2
Error: 'AccordionPrimitive' cannot be used as a value because it was imported using 'import type'. (ts)

<AccordionPrimitive.Header {level} class="flex">
	<AccordionPrimitive.Trigger

/Users/alessandrojcm/repos/dhc-dashboard/src/lib/components/ui/accordion/accordion-trigger.svelte:17:3
Error: 'AccordionPrimitive' cannot be used as a value because it was imported using 'import type'. (ts)
<AccordionPrimitive.Header {level} class="flex">
	<AccordionPrimitive.Trigger
		data-slot="accordion-trigger"

/Users/alessandrojcm/repos/dhc-dashboard/src/lib/components/ui/accordion/accordion-trigger.svelte:20:10
Error: Cannot find name 'cn'. (ts)
		bind:ref
		class={cn(
			"focus-visible:border-ring focus-visible:ring-ring/50 flex flex-1 items-start justify-between gap-4 rounded-md py-4 text-left text-sm font-medium outline-none transition-all hover:underline focus-visible:ring-[3px] disabled:pointer-events-none disabled:opacity-50 [&[data-state=open]>svg]:rotate-180",

/Users/alessandrojcm/repos/dhc-dashboard/src/lib/components/ui/accordion/accordion-trigger.svelte:27:4
Error: Cannot find name 'ChevronDownIcon'. (ts)
		{@render children?.()}
		<ChevronDownIcon
			class="text-muted-foreground pointer-events-none size-4 shrink-0 translate-y-0.5 transition-transform duration-200"

/Users/alessandrojcm/repos/dhc-dashboard/src/lib/components/ui/accordion/accordion-trigger.svelte:30:4
Error: 'AccordionPrimitive' cannot be used as a value because it was imported using 'import type'. (ts)
		/>
	</AccordionPrimitive.Trigger>
</AccordionPrimitive.Header>

/Users/alessandrojcm/repos/dhc-dashboard/src/lib/components/ui/accordion/accordion-trigger.svelte:31:3
Error: 'AccordionPrimitive' cannot be used as a value because it was imported using 'import type'. (ts)
	</AccordionPrimitive.Trigger>
</AccordionPrimitive.Header>

/Users/alessandrojcm/repos/dhc-dashboard/src/lib/components/ui/alert/alert-description.svelte:14:2
Error: Cannot bind to constant
https://svelte.dev/e/constant_binding (svelte)
<div
	bind:this={ref}
	data-slot="alert-description"

/Users/alessandrojcm/repos/dhc-dashboard/src/lib/components/ui/alert/alert-description.svelte:16:9
Error: Cannot find name 'cn'. (ts)
	data-slot="alert-description"
	class={cn(
		"text-muted-foreground col-start-2 grid justify-items-start gap-1 text-sm [&_p]:leading-relaxed",

/Users/alessandrojcm/repos/dhc-dashboard/src/lib/components/ui/alert/alert-description.svelte:14:13
Error: Cannot assign to 'ref' because it is a constant. (ts)
<div
	bind:this={ref}
	data-slot="alert-description"

/Users/alessandrojcm/repos/dhc-dashboard/src/lib/components/ui/alert/alert-title.svelte:14:2
Error: Cannot bind to constant
https://svelte.dev/e/constant_binding (svelte)
<div
	bind:this={ref}
	data-slot="alert-title"

/Users/alessandrojcm/repos/dhc-dashboard/src/lib/components/ui/alert/alert-title.svelte:16:9
Error: Cannot find name 'cn'. (ts)
	data-slot="alert-title"
	class={cn("col-start-2 line-clamp-1 min-h-4 font-medium tracking-tight", className)}
	{...restProps}

/Users/alessandrojcm/repos/dhc-dashboard/src/lib/components/ui/alert/alert-title.svelte:14:13
Error: Cannot assign to 'ref' because it is a constant. (ts)
<div
	bind:this={ref}
	data-slot="alert-title"

/Users/alessandrojcm/repos/dhc-dashboard/src/lib/components/ui/alert-dialog/alert-dialog-action.svelte:12:2
Error: Cannot bind to constant
https://svelte.dev/e/constant_binding (svelte)
<AlertDialogPrimitive.Action
	bind:ref
	data-slot="alert-dialog-action"

/Users/alessandrojcm/repos/dhc-dashboard/src/lib/components/ui/alert-dialog/alert-dialog-action.svelte:11:2
Error: 'AlertDialogPrimitive' cannot be used as a value because it was imported using 'import type'. (ts)

<AlertDialogPrimitive.Action
	bind:ref

/Users/alessandrojcm/repos/dhc-dashboard/src/lib/components/ui/alert-dialog/alert-dialog-action.svelte:14:9
Error: Cannot find name 'cn'. (ts)
	data-slot="alert-dialog-action"
	class={cn(buttonVariants(), className)}
	{...restProps}

/Users/alessandrojcm/repos/dhc-dashboard/src/lib/components/ui/alert-dialog/alert-dialog-action.svelte:14:12
Error: Cannot find name 'buttonVariants'. (ts)
	data-slot="alert-dialog-action"
	class={cn(buttonVariants(), className)}
	{...restProps}

/Users/alessandrojcm/repos/dhc-dashboard/src/lib/components/ui/alert-dialog/alert-dialog-cancel.svelte:12:2
Error: Cannot bind to constant
https://svelte.dev/e/constant_binding (svelte)
<AlertDialogPrimitive.Cancel
	bind:ref
	data-slot="alert-dialog-cancel"

/Users/alessandrojcm/repos/dhc-dashboard/src/lib/components/ui/alert-dialog/alert-dialog-cancel.svelte:11:2
Error: 'AlertDialogPrimitive' cannot be used as a value because it was imported using 'import type'. (ts)

<AlertDialogPrimitive.Cancel
	bind:ref

/Users/alessandrojcm/repos/dhc-dashboard/src/lib/components/ui/alert-dialog/alert-dialog-cancel.svelte:14:9
Error: Cannot find name 'cn'. (ts)
	data-slot="alert-dialog-cancel"
	class={cn(buttonVariants({ variant: "outline" }), className)}
	{...restProps}

/Users/alessandrojcm/repos/dhc-dashboard/src/lib/components/ui/alert-dialog/alert-dialog-cancel.svelte:14:12
Error: Cannot find name 'buttonVariants'. (ts)
	data-slot="alert-dialog-cancel"
	class={cn(buttonVariants({ variant: "outline" }), className)}
	{...restProps}

/Users/alessandrojcm/repos/dhc-dashboard/src/lib/components/ui/alert-dialog/alert-dialog-content.svelte:18:3
Error: Cannot bind to constant
https://svelte.dev/e/constant_binding (svelte)
	<AlertDialogPrimitive.Content
		bind:ref
		data-slot="alert-dialog-content"

/Users/alessandrojcm/repos/dhc-dashboard/src/lib/components/ui/alert-dialog/alert-dialog-content.svelte:15:2
Error: 'AlertDialogPrimitive' cannot be used as a value because it was imported using 'import type'. (ts)

<AlertDialogPrimitive.Portal {...portalProps}>
	<AlertDialogOverlay />

/Users/alessandrojcm/repos/dhc-dashboard/src/lib/components/ui/alert-dialog/alert-dialog-content.svelte:16:3
Error: Cannot find name 'AlertDialogOverlay'. (ts)
<AlertDialogPrimitive.Portal {...portalProps}>
	<AlertDialogOverlay />
	<AlertDialogPrimitive.Content

/Users/alessandrojcm/repos/dhc-dashboard/src/lib/components/ui/alert-dialog/alert-dialog-content.svelte:17:3
Error: 'AlertDialogPrimitive' cannot be used as a value because it was imported using 'import type'. (ts)
	<AlertDialogOverlay />
	<AlertDialogPrimitive.Content
		bind:ref

/Users/alessandrojcm/repos/dhc-dashboard/src/lib/components/ui/alert-dialog/alert-dialog-content.svelte:20:10
Error: Cannot find name 'cn'. (ts)
		data-slot="alert-dialog-content"
		class={cn(
			"bg-background data-[state=open]:animate-in data-[state=closed]:animate-out data-[state=closed]:fade-out-0 data-[state=open]:fade-in-0 data-[state=closed]:zoom-out-95 data-[state=open]:zoom-in-95 fixed left-[50%] top-[50%] z-50 grid w-full max-w-[calc(100%-2rem)] translate-x-[-50%] translate-y-[-50%] gap-4 rounded-lg border p-6 shadow-lg duration-200 sm:max-w-lg",

/Users/alessandrojcm/repos/dhc-dashboard/src/lib/components/ui/alert-dialog/alert-dialog-content.svelte:26:3
Error: 'AlertDialogPrimitive' cannot be used as a value because it was imported using 'import type'. (ts)
	/>
</AlertDialogPrimitive.Portal>

/Users/alessandrojcm/repos/dhc-dashboard/src/lib/components/ui/alert-dialog/alert-dialog-description.svelte:12:2
Error: Cannot bind to constant
https://svelte.dev/e/constant_binding (svelte)
<AlertDialogPrimitive.Description
	bind:ref
	data-slot="alert-dialog-description"

/Users/alessandrojcm/repos/dhc-dashboard/src/lib/components/ui/alert-dialog/alert-dialog-description.svelte:11:2
Error: 'AlertDialogPrimitive' cannot be used as a value because it was imported using 'import type'. (ts)

<AlertDialogPrimitive.Description
	bind:ref

/Users/alessandrojcm/repos/dhc-dashboard/src/lib/components/ui/alert-dialog/alert-dialog-description.svelte:14:9
Error: Cannot find name 'cn'. (ts)
	data-slot="alert-dialog-description"
	class={cn("text-muted-foreground text-sm", className)}
	{...restProps}

/Users/alessandrojcm/repos/dhc-dashboard/src/lib/components/ui/alert-dialog/alert-dialog-footer.svelte:14:2
Error: Cannot bind to constant
https://svelte.dev/e/constant_binding (svelte)
<div
	bind:this={ref}
	data-slot="alert-dialog-footer"

/Users/alessandrojcm/repos/dhc-dashboard/src/lib/components/ui/alert-dialog/alert-dialog-footer.svelte:16:9
Error: Cannot find name 'cn'. (ts)
	data-slot="alert-dialog-footer"
	class={cn("flex flex-col-reverse gap-2 sm:flex-row sm:justify-end", className)}
	{...restProps}

/Users/alessandrojcm/repos/dhc-dashboard/src/lib/components/ui/alert-dialog/alert-dialog-footer.svelte:14:13
Error: Cannot assign to 'ref' because it is a constant. (ts)
<div
	bind:this={ref}
	data-slot="alert-dialog-footer"

/Users/alessandrojcm/repos/dhc-dashboard/src/lib/components/ui/alert-dialog/alert-dialog-header.svelte:14:2
Error: Cannot bind to constant
https://svelte.dev/e/constant_binding (svelte)
<div
	bind:this={ref}
	data-slot="alert-dialog-header"

/Users/alessandrojcm/repos/dhc-dashboard/src/lib/components/ui/alert-dialog/alert-dialog-header.svelte:16:9
Error: Cannot find name 'cn'. (ts)
	data-slot="alert-dialog-header"
	class={cn("flex flex-col gap-2 text-center sm:text-left", className)}
	{...restProps}

/Users/alessandrojcm/repos/dhc-dashboard/src/lib/components/ui/alert-dialog/alert-dialog-header.svelte:14:13
Error: Cannot assign to 'ref' because it is a constant. (ts)
<div
	bind:this={ref}
	data-slot="alert-dialog-header"

/Users/alessandrojcm/repos/dhc-dashboard/src/lib/components/ui/alert-dialog/alert-dialog-overlay.svelte:12:2
Error: Cannot bind to constant
https://svelte.dev/e/constant_binding (svelte)
<AlertDialogPrimitive.Overlay
	bind:ref
	data-slot="alert-dialog-overlay"

/Users/alessandrojcm/repos/dhc-dashboard/src/lib/components/ui/alert-dialog/alert-dialog-overlay.svelte:11:2
Error: 'AlertDialogPrimitive' cannot be used as a value because it was imported using 'import type'. (ts)

<AlertDialogPrimitive.Overlay
	bind:ref

/Users/alessandrojcm/repos/dhc-dashboard/src/lib/components/ui/alert-dialog/alert-dialog-overlay.svelte:14:9
Error: Cannot find name 'cn'. (ts)
	data-slot="alert-dialog-overlay"
	class={cn(
		"data-[state=open]:animate-in data-[state=closed]:animate-out data-[state=closed]:fade-out-0 data-[state=open]:fade-in-0 fixed inset-0 z-50 bg-black/50",

/Users/alessandrojcm/repos/dhc-dashboard/src/lib/components/ui/alert-dialog/alert-dialog-title.svelte:12:2
Error: Cannot bind to constant
https://svelte.dev/e/constant_binding (svelte)
<AlertDialogPrimitive.Title
	bind:ref
	data-slot="alert-dialog-title"

/Users/alessandrojcm/repos/dhc-dashboard/src/lib/components/ui/alert-dialog/alert-dialog-title.svelte:11:2
Error: 'AlertDialogPrimitive' cannot be used as a value because it was imported using 'import type'. (ts)

<AlertDialogPrimitive.Title
	bind:ref

/Users/alessandrojcm/repos/dhc-dashboard/src/lib/components/ui/alert-dialog/alert-dialog-title.svelte:14:9
Error: Cannot find name 'cn'. (ts)
	data-slot="alert-dialog-title"
	class={cn("text-lg font-semibold", className)}
	{...restProps}

/Users/alessandrojcm/repos/dhc-dashboard/src/lib/components/ui/alert-dialog/alert-dialog-trigger.svelte:10:31
Error: Cannot bind to constant
https://svelte.dev/e/constant_binding (svelte)

<AlertDialogPrimitive.Trigger bind:ref data-slot="alert-dialog-trigger" {...restProps} />

/Users/alessandrojcm/repos/dhc-dashboard/src/lib/components/ui/alert-dialog/alert-dialog-trigger.svelte:10:2
Error: 'AlertDialogPrimitive' cannot be used as a value because it was imported using 'import type'. (ts)

<AlertDialogPrimitive.Trigger bind:ref data-slot="alert-dialog-trigger" {...restProps} />

/Users/alessandrojcm/repos/dhc-dashboard/src/lib/components/ui/aspect-ratio/aspect-ratio.svelte:8:28
Error: Cannot bind to constant
https://svelte.dev/e/constant_binding (svelte)

<AspectRatioPrimitive.Root bind:ref data-slot="aspect-ratio" {...restProps} />

/Users/alessandrojcm/repos/dhc-dashboard/src/lib/components/ui/aspect-ratio/aspect-ratio.svelte:8:2
Error: 'AspectRatioPrimitive' cannot be used as a value because it was imported using 'import type'. (ts)

<AspectRatioPrimitive.Root bind:ref data-slot="aspect-ratio" {...restProps} />

/Users/alessandrojcm/repos/dhc-dashboard/src/lib/components/ui/avatar/avatar.svelte:13:2
Error: Cannot bind to constant
https://svelte.dev/e/constant_binding (svelte)
<AvatarPrimitive.Root
	bind:ref
	bind:loadingStatus

/Users/alessandrojcm/repos/dhc-dashboard/src/lib/components/ui/avatar/avatar.svelte:12:2
Error: 'AvatarPrimitive' cannot be used as a value because it was imported using 'import type'. (ts)

<AvatarPrimitive.Root
	bind:ref

/Users/alessandrojcm/repos/dhc-dashboard/src/lib/components/ui/avatar/avatar.svelte:16:9
Error: Cannot find name 'cn'. (ts)
	data-slot="avatar"
	class={cn("relative flex size-8 shrink-0 overflow-hidden rounded-full", className)}
	{...restProps}

/Users/alessandrojcm/repos/dhc-dashboard/src/lib/components/ui/avatar/avatar-fallback.svelte:12:2
Error: Cannot bind to constant
https://svelte.dev/e/constant_binding (svelte)
<AvatarPrimitive.Fallback
	bind:ref
	data-slot="avatar-fallback"

/Users/alessandrojcm/repos/dhc-dashboard/src/lib/components/ui/avatar/avatar-fallback.svelte:11:2
Error: 'AvatarPrimitive' cannot be used as a value because it was imported using 'import type'. (ts)

<AvatarPrimitive.Fallback
	bind:ref

/Users/alessandrojcm/repos/dhc-dashboard/src/lib/components/ui/avatar/avatar-fallback.svelte:14:9
Error: Cannot find name 'cn'. (ts)
	data-slot="avatar-fallback"
	class={cn("bg-muted flex size-full items-center justify-center rounded-full", className)}
	{...restProps}

/Users/alessandrojcm/repos/dhc-dashboard/src/lib/components/ui/avatar/avatar-image.svelte:12:2
Error: Cannot bind to constant
https://svelte.dev/e/constant_binding (svelte)
<AvatarPrimitive.Image
	bind:ref
	data-slot="avatar-image"

/Users/alessandrojcm/repos/dhc-dashboard/src/lib/components/ui/avatar/avatar-image.svelte:11:2
Error: 'AvatarPrimitive' cannot be used as a value because it was imported using 'import type'. (ts)

<AvatarPrimitive.Image
	bind:ref

/Users/alessandrojcm/repos/dhc-dashboard/src/lib/components/ui/avatar/avatar-image.svelte:14:9
Error: Cannot find name 'cn'. (ts)
	data-slot="avatar-image"
	class={cn("aspect-square size-full", className)}
	{...restProps}

/Users/alessandrojcm/repos/dhc-dashboard/src/lib/components/ui/breadcrumb/breadcrumb-item.svelte:14:2
Error: Cannot bind to constant
https://svelte.dev/e/constant_binding (svelte)
<li
	bind:this={ref}
	data-slot="breadcrumb-item"

/Users/alessandrojcm/repos/dhc-dashboard/src/lib/components/ui/breadcrumb/breadcrumb-item.svelte:16:9
Error: Cannot find name 'cn'. (ts)
	data-slot="breadcrumb-item"
	class={cn("inline-flex items-center gap-1.5", className)}
	{...restProps}

/Users/alessandrojcm/repos/dhc-dashboard/src/lib/components/ui/breadcrumb/breadcrumb-item.svelte:14:13
Error: Cannot assign to 'ref' because it is a constant. (ts)
<li
	bind:this={ref}
	data-slot="breadcrumb-item"

/Users/alessandrojcm/repos/dhc-dashboard/src/lib/components/ui/breadcrumb/breadcrumb-link.svelte:28:5
Error: Cannot bind to constant
https://svelte.dev/e/constant_binding (svelte)
{:else}
	<a bind:this={ref} {...attrs}>
		{@render children?.()}

/Users/alessandrojcm/repos/dhc-dashboard/src/lib/components/ui/breadcrumb/breadcrumb-link.svelte:26:26
Error: Cannot find name 'attrs'. (ts)
{#if child}
	{@render child({ props: attrs })}
{:else}

/Users/alessandrojcm/repos/dhc-dashboard/src/lib/components/ui/breadcrumb/breadcrumb-link.svelte:28:25
Error: Cannot find name 'attrs'. (ts)
{:else}
	<a bind:this={ref} {...attrs}>
		{@render children?.()}

/Users/alessandrojcm/repos/dhc-dashboard/src/lib/components/ui/breadcrumb/breadcrumb-link.svelte:28:16
Error: Cannot assign to 'ref' because it is a constant. (ts)
{:else}
	<a bind:this={ref} {...attrs}>
		{@render children?.()}

/Users/alessandrojcm/repos/dhc-dashboard/src/lib/components/ui/breadcrumb/breadcrumb-list.svelte:14:2
Error: Cannot bind to constant
https://svelte.dev/e/constant_binding (svelte)
<ol
	bind:this={ref}
	data-slot="breadcrumb-list"

/Users/alessandrojcm/repos/dhc-dashboard/src/lib/components/ui/breadcrumb/breadcrumb-list.svelte:16:9
Error: Cannot find name 'cn'. (ts)
	data-slot="breadcrumb-list"
	class={cn(
		"text-muted-foreground flex flex-wrap items-center gap-1.5 break-words text-sm sm:gap-2.5",

/Users/alessandrojcm/repos/dhc-dashboard/src/lib/components/ui/breadcrumb/breadcrumb-list.svelte:14:13
Error: Cannot assign to 'ref' because it is a constant. (ts)
<ol
	bind:this={ref}
	data-slot="breadcrumb-list"

/Users/alessandrojcm/repos/dhc-dashboard/src/lib/components/ui/breadcrumb/breadcrumb-page.svelte:14:2
Error: Cannot bind to constant
https://svelte.dev/e/constant_binding (svelte)
<span
	bind:this={ref}
	data-slot="breadcrumb-page"

/Users/alessandrojcm/repos/dhc-dashboard/src/lib/components/ui/breadcrumb/breadcrumb-page.svelte:19:9
Error: Cannot find name 'cn'. (ts)
	aria-current="page"
	class={cn("text-foreground font-normal", className)}
	{...restProps}

/Users/alessandrojcm/repos/dhc-dashboard/src/lib/components/ui/breadcrumb/breadcrumb-page.svelte:14:13
Error: Cannot assign to 'ref' because it is a constant. (ts)
<span
	bind:this={ref}
	data-slot="breadcrumb-page"

/Users/alessandrojcm/repos/dhc-dashboard/src/lib/components/ui/breadcrumb/breadcrumb-separator.svelte:14:2
Error: Cannot bind to constant
https://svelte.dev/e/constant_binding (svelte)
<li
	bind:this={ref}
	data-slot="breadcrumb-separator"

/Users/alessandrojcm/repos/dhc-dashboard/src/lib/components/ui/breadcrumb/breadcrumb-separator.svelte:18:9
Error: Cannot find name 'cn'. (ts)
	aria-hidden="true"
	class={cn("[&>svg]:size-3.5", className)}
	{...restProps}

/Users/alessandrojcm/repos/dhc-dashboard/src/lib/components/ui/breadcrumb/breadcrumb-separator.svelte:14:13
Error: Cannot assign to 'ref' because it is a constant. (ts)
<li
	bind:this={ref}
	data-slot="breadcrumb-separator"

/Users/alessandrojcm/repos/dhc-dashboard/src/lib/components/ui/breadcrumb/breadcrumb-separator.svelte:24:4
Error: Cannot find name 'ChevronRightIcon'. (ts)
	{:else}
		<ChevronRightIcon />
	{/if}

/Users/alessandrojcm/repos/dhc-dashboard/src/lib/components/ui/button/button.svelte:68:10
Error: Cannot find name 'cn'. (ts)
		data-slot="button"
		class={cn(buttonVariants({ variant, size }), className)}
		href={disabled ? undefined : href}

/Users/alessandrojcm/repos/dhc-dashboard/src/lib/components/ui/button/button.svelte:81:10
Error: Cannot find name 'cn'. (ts)
		data-slot="button"
		class={cn(buttonVariants({ variant, size }), className)}
		{type}

/Users/alessandrojcm/repos/dhc-dashboard/src/lib/components/ui/separator/separator.svelte:13:2
Error: Cannot bind to constant
https://svelte.dev/e/constant_binding (svelte)
<SeparatorPrimitive.Root
	bind:ref
	data-slot={dataSlot}

/Users/alessandrojcm/repos/dhc-dashboard/src/lib/components/ui/separator/separator.svelte:12:2
Error: 'SeparatorPrimitive' cannot be used as a value because it was imported using 'import type'. (ts)

<SeparatorPrimitive.Root
	bind:ref

/Users/alessandrojcm/repos/dhc-dashboard/src/lib/components/ui/separator/separator.svelte:15:9
Error: Cannot find name 'cn'. (ts)
	data-slot={dataSlot}
	class={cn(
		"bg-border shrink-0 data-[orientation=horizontal]:h-px data-[orientation=vertical]:h-full data-[orientation=horizontal]:w-full data-[orientation=vertical]:w-px",

/Users/alessandrojcm/repos/dhc-dashboard/src/lib/components/ui/button-group/button-group-separator.svelte:14:2
Error: Cannot bind to constant
https://svelte.dev/e/constant_binding (svelte)
<Separator
	bind:ref
	data-slot="button-group-separator"

/Users/alessandrojcm/repos/dhc-dashboard/src/lib/components/ui/button-group/button-group-separator.svelte:13:2
Error: 'Separator' cannot be used as a value because it was imported using 'import type'. (ts)

<Separator
	bind:ref

/Users/alessandrojcm/repos/dhc-dashboard/src/lib/components/ui/button-group/button-group-separator.svelte:17:9
Error: Cannot find name 'cn'. (ts)
	{orientation}
	class={cn("bg-input relative !m-0 self-stretch data-[orientation=vertical]:h-auto", className)}
	{...restProps}

/Users/alessandrojcm/repos/dhc-dashboard/src/lib/components/ui/button-group/button-group-text.svelte:27:7
Error: Cannot bind to constant
https://svelte.dev/e/constant_binding (svelte)
{:else}
	<div bind:this={ref} {...mergedProps}>
		{@render mergedProps.children?.()}

/Users/alessandrojcm/repos/dhc-dashboard/src/lib/components/ui/button-group/button-group-text.svelte:25:26
Error: Cannot find name 'mergedProps'. (ts)
{#if child}
	{@render child({ props: mergedProps })}
{:else}

/Users/alessandrojcm/repos/dhc-dashboard/src/lib/components/ui/button-group/button-group-text.svelte:27:27
Error: Cannot find name 'mergedProps'. (ts)
{:else}
	<div bind:this={ref} {...mergedProps}>
		{@render mergedProps.children?.()}

/Users/alessandrojcm/repos/dhc-dashboard/src/lib/components/ui/button-group/button-group-text.svelte:27:18
Error: Cannot assign to 'ref' because it is a constant. (ts)
{:else}
	<div bind:this={ref} {...mergedProps}>
		{@render mergedProps.children?.()}

/Users/alessandrojcm/repos/dhc-dashboard/src/lib/components/ui/button-group/button-group-text.svelte:28:12
Error: Cannot find name 'mergedProps'. (ts)
	<div bind:this={ref} {...mergedProps}>
		{@render mergedProps.children?.()}
	</div>

/Users/alessandrojcm/repos/dhc-dashboard/src/lib/components/ui/calendar/calendar.svelte:46:9
Error: Cannot bind to constant
https://svelte.dev/e/constant_binding (svelte)
<CalendarPrimitive.Root
        bind:value={value as never}
        bind:ref

/Users/alessandrojcm/repos/dhc-dashboard/src/lib/components/ui/calendar/calendar.svelte:24:4
Error: Expression produces a union type that is too complex to represent. (ts)
	...restProps
}: WithoutChildrenOrChild<CalendarPrimitive.RootProps> & {
	buttonVariant?: ButtonVariant;

/Users/alessandrojcm/repos/dhc-dashboard/src/lib/components/ui/calendar/calendar.svelte:45:2
Error: 'CalendarPrimitive' cannot be used as a value because it was imported using 'import type'. (ts)
-->
<CalendarPrimitive.Root
        bind:value={value as never}

/Users/alessandrojcm/repos/dhc-dashboard/src/lib/components/ui/calendar/calendar.svelte:45:23
Error: Type '{ children: (this: void, { months, weekdays }: CalendarRootSnippetProps) => any; value: never; ref: any; placeholder: any; weekdayFormat: any; disableDaysOutsideMonth: any; class: any; locale: any; monthFormat: any; yearFormat: "numeric" | ... 1 more ... | ((year: number) => string); }' is not assignable to type 'CalendarRootProps | undefined'.
  Type '{ children: (this: void, { months, weekdays }: CalendarRootSnippetProps) => any; value: never; ref: any; placeholder: any; weekdayFormat: any; disableDaysOutsideMonth: any; class: any; locale: any; monthFormat: any; yearFormat: "numeric" | ... 1 more ... | ((year: number) => string); }' is not assignable to type 'CalendarBaseRootPropsWithoutHTML & Omit<CalendarMultipleRootPropsWithoutHTML, "children" | "child"> & { ...; } & Without<...>'.
    Property 'type' is missing in type '{ children: (this: void, { months, weekdays }: CalendarRootSnippetProps) => any; value: never; ref: any; placeholder: any; weekdayFormat: any; disableDaysOutsideMonth: any; class: any; locale: any; monthFormat: any; yearFormat: "numeric" | ... 1 more ... | ((year: number) => string); }' but required in type 'Omit<CalendarMultipleRootPropsWithoutHTML, "children" | "child">'. (ts)
-->
<CalendarPrimitive.Root
        bind:value={value as never}

/Users/alessandrojcm/repos/dhc-dashboard/src/lib/components/ui/calendar/calendar.svelte:51:16
Error: Cannot find name 'cn'. (ts)
        {disableDaysOutsideMonth}
        class={cn(
		"bg-background group/calendar p-3 [--cell-size:--spacing(8)] [[data-slot=card-content]_&]:bg-transparent [[data-slot=popover-content]_&]:bg-transparent",

/Users/alessandrojcm/repos/dhc-dashboard/src/lib/components/ui/calendar/calendar.svelte:56:10
Error: No value exists in scope for the shorthand property 'monthFormat'. Either declare one or provide an initializer. (ts)
        {locale}
        {monthFormat}
        {yearFormat}

/Users/alessandrojcm/repos/dhc-dashboard/src/lib/components/ui/calendar/calendar.svelte:61:10
Error: Cannot find name 'Calendar'. (ts)
    {#snippet children({ months, weekdays })}
        <Calendar.Months>
            <Calendar.Nav>

/Users/alessandrojcm/repos/dhc-dashboard/src/lib/components/ui/calendar/calendar.svelte:62:14
Error: Cannot find name 'Calendar'. (ts)
        <Calendar.Months>
            <Calendar.Nav>
                <Calendar.PrevButton variant={buttonVariant} />

/Users/alessandrojcm/repos/dhc-dashboard/src/lib/components/ui/calendar/calendar.svelte:63:18
Error: Cannot find name 'Calendar'. (ts)
            <Calendar.Nav>
                <Calendar.PrevButton variant={buttonVariant} />
                <Calendar.NextButton variant={buttonVariant} />

/Users/alessandrojcm/repos/dhc-dashboard/src/lib/components/ui/calendar/calendar.svelte:64:18
Error: Cannot find name 'Calendar'. (ts)
                <Calendar.PrevButton variant={buttonVariant} />
                <Calendar.NextButton variant={buttonVariant} />
            </Calendar.Nav>

/Users/alessandrojcm/repos/dhc-dashboard/src/lib/components/ui/calendar/calendar.svelte:65:15
Error: Cannot find name 'Calendar'. (ts)
                <Calendar.NextButton variant={buttonVariant} />
            </Calendar.Nav>
            {#each months as month, monthIndex (month)}

/Users/alessandrojcm/repos/dhc-dashboard/src/lib/components/ui/calendar/calendar.svelte:67:18
Error: Cannot find name 'Calendar'. (ts)
            {#each months as month, monthIndex (month)}
                <Calendar.Month>
                    <Calendar.Header>

/Users/alessandrojcm/repos/dhc-dashboard/src/lib/components/ui/calendar/calendar.svelte:68:22
Error: Cannot find name 'Calendar'. (ts)
                <Calendar.Month>
                    <Calendar.Header>
                        <Calendar.Caption

/Users/alessandrojcm/repos/dhc-dashboard/src/lib/components/ui/calendar/calendar.svelte:69:26
Error: Cannot find name 'Calendar'. (ts)
                    <Calendar.Header>
                        <Calendar.Caption
                                {captionLayout}

/Users/alessandrojcm/repos/dhc-dashboard/src/lib/components/ui/calendar/calendar.svelte:72:34
Error: No value exists in scope for the shorthand property 'monthFormat'. Either declare one or provide an initializer. (ts)
                                months={monthsProp}
                                {monthFormat}
                                {years}

/Users/alessandrojcm/repos/dhc-dashboard/src/lib/components/ui/calendar/calendar.svelte:80:23
Error: Cannot find name 'Calendar'. (ts)
                        />
                    </Calendar.Header>
                    <Calendar.Grid>

/Users/alessandrojcm/repos/dhc-dashboard/src/lib/components/ui/calendar/calendar.svelte:81:22
Error: Cannot find name 'Calendar'. (ts)
                    </Calendar.Header>
                    <Calendar.Grid>
                        <Calendar.GridHead>

/Users/alessandrojcm/repos/dhc-dashboard/src/lib/components/ui/calendar/calendar.svelte:82:26
Error: Cannot find name 'Calendar'. (ts)
                    <Calendar.Grid>
                        <Calendar.GridHead>
                            <Calendar.GridRow class="select-none">

/Users/alessandrojcm/repos/dhc-dashboard/src/lib/components/ui/calendar/calendar.svelte:83:30
Error: Cannot find name 'Calendar'. (ts)
                        <Calendar.GridHead>
                            <Calendar.GridRow class="select-none">
                                {#each weekdays as weekday (weekday)}

/Users/alessandrojcm/repos/dhc-dashboard/src/lib/components/ui/calendar/calendar.svelte:85:38
Error: Cannot find name 'Calendar'. (ts)
                                {#each weekdays as weekday (weekday)}
                                    <Calendar.HeadCell>
                                        {weekday.slice(0, 2)}

/Users/alessandrojcm/repos/dhc-dashboard/src/lib/components/ui/calendar/calendar.svelte:87:39
Error: Cannot find name 'Calendar'. (ts)
                                        {weekday.slice(0, 2)}
                                    </Calendar.HeadCell>
                                {/each}

/Users/alessandrojcm/repos/dhc-dashboard/src/lib/components/ui/calendar/calendar.svelte:89:31
Error: Cannot find name 'Calendar'. (ts)
                                {/each}
                            </Calendar.GridRow>
                        </Calendar.GridHead>

/Users/alessandrojcm/repos/dhc-dashboard/src/lib/components/ui/calendar/calendar.svelte:90:27
Error: Cannot find name 'Calendar'. (ts)
                            </Calendar.GridRow>
                        </Calendar.GridHead>
                        <Calendar.GridBody>

/Users/alessandrojcm/repos/dhc-dashboard/src/lib/components/ui/calendar/calendar.svelte:91:26
Error: Cannot find name 'Calendar'. (ts)
                        </Calendar.GridHead>
                        <Calendar.GridBody>
                            {#each month.weeks as weekDates (weekDates)}

/Users/alessandrojcm/repos/dhc-dashboard/src/lib/components/ui/calendar/calendar.svelte:93:34
Error: Cannot find name 'Calendar'. (ts)
                            {#each month.weeks as weekDates (weekDates)}
                                <Calendar.GridRow class="mt-2 w-full">
                                    {#each weekDates as date (date)}

/Users/alessandrojcm/repos/dhc-dashboard/src/lib/components/ui/calendar/calendar.svelte:95:42
Error: Cannot find name 'Calendar'. (ts)
                                    {#each weekDates as date (date)}
                                        <Calendar.Cell {date} month={month.value}>
                                            {#if day}

/Users/alessandrojcm/repos/dhc-dashboard/src/lib/components/ui/calendar/calendar.svelte:99:68
Error: Cannot find name 'isEqualMonth'. (ts)
                                                    day: date,
                                                    outsideMonth: !isEqualMonth(date, month.value),
                                                })}

/Users/alessandrojcm/repos/dhc-dashboard/src/lib/components/ui/calendar/calendar.svelte:102:50
Error: Cannot find name 'Calendar'. (ts)
                                            {:else}
                                                <Calendar.Day />
                                            {/if}

/Users/alessandrojcm/repos/dhc-dashboard/src/lib/components/ui/calendar/calendar.svelte:104:43
Error: Cannot find name 'Calendar'. (ts)
                                            {/if}
                                        </Calendar.Cell>
                                    {/each}

/Users/alessandrojcm/repos/dhc-dashboard/src/lib/components/ui/calendar/calendar.svelte:106:35
Error: Cannot find name 'Calendar'. (ts)
                                    {/each}
                                </Calendar.GridRow>
                            {/each}

/Users/alessandrojcm/repos/dhc-dashboard/src/lib/components/ui/calendar/calendar.svelte:108:27
Error: Cannot find name 'Calendar'. (ts)
                            {/each}
                        </Calendar.GridBody>
                    </Calendar.Grid>

/Users/alessandrojcm/repos/dhc-dashboard/src/lib/components/ui/calendar/calendar.svelte:109:23
Error: Cannot find name 'Calendar'. (ts)
                        </Calendar.GridBody>
                    </Calendar.Grid>
                </Calendar.Month>

/Users/alessandrojcm/repos/dhc-dashboard/src/lib/components/ui/calendar/calendar.svelte:110:19
Error: Cannot find name 'Calendar'. (ts)
                    </Calendar.Grid>
                </Calendar.Month>
            {/each}

/Users/alessandrojcm/repos/dhc-dashboard/src/lib/components/ui/calendar/calendar.svelte:112:11
Error: Cannot find name 'Calendar'. (ts)
            {/each}
        </Calendar.Months>
    {/snippet}

/Users/alessandrojcm/repos/dhc-dashboard/src/lib/components/ui/calendar/calendar.svelte:114:3
Error: 'CalendarPrimitive' cannot be used as a value because it was imported using 'import type'. (ts)
    {/snippet}
</CalendarPrimitive.Root>

/Users/alessandrojcm/repos/dhc-dashboard/src/lib/components/ui/calendar/calendar-month-select.svelte:20:33
Error: Cannot bind to constant
https://svelte.dev/e/constant_binding (svelte)
>
	<CalendarPrimitive.MonthSelect bind:ref class="absolute inset-0 opacity-0" {...restProps}>
		{#snippet child({ props, monthItems, selectedMonthItem })}

/Users/alessandrojcm/repos/dhc-dashboard/src/lib/components/ui/calendar/calendar-month-select.svelte:15:9
Error: Cannot find name 'cn'. (ts)
<span
	class={cn(
		"has-focus:border-ring border-input shadow-xs has-focus:ring-ring/50 has-focus:ring-[3px] relative flex rounded-md border",

/Users/alessandrojcm/repos/dhc-dashboard/src/lib/components/ui/calendar/calendar-month-select.svelte:20:3
Error: 'CalendarPrimitive' cannot be used as a value because it was imported using 'import type'. (ts)
>
	<CalendarPrimitive.MonthSelect bind:ref class="absolute inset-0 opacity-0" {...restProps}>
		{#snippet child({ props, monthItems, selectedMonthItem })}

/Users/alessandrojcm/repos/dhc-dashboard/src/lib/components/ui/calendar/calendar-month-select.svelte:39:6
Error: Cannot find name 'ChevronDownIcon'. (ts)
				{monthItems.find((item) => item.value === value)?.label || selectedMonthItem.label}
				<ChevronDownIcon class="size-4" />
			</span>

/Users/alessandrojcm/repos/dhc-dashboard/src/lib/components/ui/calendar/calendar-month-select.svelte:42:4
Error: 'CalendarPrimitive' cannot be used as a value because it was imported using 'import type'. (ts)
		{/snippet}
	</CalendarPrimitive.MonthSelect>
</span>

/Users/alessandrojcm/repos/dhc-dashboard/src/lib/components/ui/calendar/calendar-year-select.svelte:19:32
Error: Cannot bind to constant
https://svelte.dev/e/constant_binding (svelte)
>
	<CalendarPrimitive.YearSelect bind:ref class="absolute inset-0 opacity-0" {...restProps}>
		{#snippet child({ props, yearItems, selectedYearItem })}

/Users/alessandrojcm/repos/dhc-dashboard/src/lib/components/ui/calendar/calendar-year-select.svelte:14:9
Error: Cannot find name 'cn'. (ts)
<span
	class={cn(
		"has-focus:border-ring border-input shadow-xs has-focus:ring-ring/50 has-focus:ring-[3px] relative flex rounded-md border",

/Users/alessandrojcm/repos/dhc-dashboard/src/lib/components/ui/calendar/calendar-year-select.svelte:19:3
Error: 'CalendarPrimitive' cannot be used as a value because it was imported using 'import type'. (ts)
>
	<CalendarPrimitive.YearSelect bind:ref class="absolute inset-0 opacity-0" {...restProps}>
		{#snippet child({ props, yearItems, selectedYearItem })}

/Users/alessandrojcm/repos/dhc-dashboard/src/lib/components/ui/calendar/calendar-year-select.svelte:38:6
Error: Cannot find name 'ChevronDownIcon'. (ts)
				{yearItems.find((item) => item.value === value)?.label || selectedYearItem.label}
				<ChevronDownIcon class="size-4" />
			</span>

/Users/alessandrojcm/repos/dhc-dashboard/src/lib/components/ui/calendar/calendar-year-select.svelte:41:4
Error: 'CalendarPrimitive' cannot be used as a value because it was imported using 'import type'. (ts)
		{/snippet}
	</CalendarPrimitive.YearSelect>
</span>

/Users/alessandrojcm/repos/dhc-dashboard/src/lib/components/ui/calendar/calendar-caption.svelte:58:4
Error: Cannot assign to constant
https://svelte.dev/e/constant_assignment (svelte)
			const newPlaceholder = placeholder.set({ month: v });
			placeholder = newPlaceholder.subtract({ months: monthIndex });
		}}

/Users/alessandrojcm/repos/dhc-dashboard/src/lib/components/ui/calendar/calendar-caption.svelte:50:3
Error: 'CalendarMonthSelect' cannot be used as a value because it was imported using 'import type'. (ts)
{#snippet MonthSelect()}
	<CalendarMonthSelect
		{months}

/Users/alessandrojcm/repos/dhc-dashboard/src/lib/components/ui/calendar/calendar-caption.svelte:58:4
Error: Cannot assign to 'placeholder' because it is a constant. (ts)
			const newPlaceholder = placeholder.set({ month: v });
			placeholder = newPlaceholder.subtract({ months: monthIndex });
		}}

/Users/alessandrojcm/repos/dhc-dashboard/src/lib/components/ui/calendar/calendar-caption.svelte:64:3
Error: 'CalendarYearSelect' cannot be used as a value because it was imported using 'import type'. (ts)
{#snippet YearSelect()}
	<CalendarYearSelect {years} {yearFormat} value={month.year} />
{/snippet}

/Users/alessandrojcm/repos/dhc-dashboard/src/lib/components/ui/calendar/calendar-caption.svelte:73:4
Error: Cannot find name 'formatYear'. (ts)
	{#if placeholder}
		{formatYear(placeholder)}
	{/if}

/Users/alessandrojcm/repos/dhc-dashboard/src/lib/components/ui/calendar/calendar-caption.svelte:77:4
Error: Cannot find name 'formatMonth'. (ts)
	{#if placeholder}
		{formatMonth(placeholder)}
	{/if}

/Users/alessandrojcm/repos/dhc-dashboard/src/lib/components/ui/calendar/calendar-caption.svelte:81:3
Error: Cannot find name 'formatMonth'. (ts)
{:else}
	{formatMonth(month)} {formatYear(month)}
{/if}

/Users/alessandrojcm/repos/dhc-dashboard/src/lib/components/ui/calendar/calendar-caption.svelte:81:24
Error: Cannot find name 'formatYear'. (ts)
{:else}
	{formatMonth(month)} {formatYear(month)}
{/if}

/Users/alessandrojcm/repos/dhc-dashboard/src/lib/components/ui/calendar/calendar-cell.svelte:12:2
Error: Cannot bind to constant
https://svelte.dev/e/constant_binding (svelte)
<CalendarPrimitive.Cell
	bind:ref
	class={cn(

/Users/alessandrojcm/repos/dhc-dashboard/src/lib/components/ui/calendar/calendar-cell.svelte:11:2
Error: 'CalendarPrimitive' cannot be used as a value because it was imported using 'import type'. (ts)

<CalendarPrimitive.Cell
	bind:ref

/Users/alessandrojcm/repos/dhc-dashboard/src/lib/components/ui/calendar/calendar-cell.svelte:13:9
Error: Cannot find name 'cn'. (ts)
	bind:ref
	class={cn(
		"size-(--cell-size) relative p-0 text-center text-sm focus-within:z-20 [&:first-child[data-selected]_[data-bits-day]]:rounded-l-md [&:last-child[data-selected]_[data-bits-day]]:rounded-r-md",

/Users/alessandrojcm/repos/dhc-dashboard/src/lib/components/ui/calendar/calendar-day.svelte:12:2
Error: Cannot bind to constant
https://svelte.dev/e/constant_binding (svelte)
<CalendarPrimitive.Day
	bind:ref
	class={cn(

/Users/alessandrojcm/repos/dhc-dashboard/src/lib/components/ui/calendar/calendar-day.svelte:11:2
Error: 'CalendarPrimitive' cannot be used as a value because it was imported using 'import type'. (ts)

<CalendarPrimitive.Day
	bind:ref

/Users/alessandrojcm/repos/dhc-dashboard/src/lib/components/ui/calendar/calendar-day.svelte:13:9
Error: Cannot find name 'cn'. (ts)
	bind:ref
	class={cn(
		buttonVariants({ variant: "ghost" }),

/Users/alessandrojcm/repos/dhc-dashboard/src/lib/components/ui/calendar/calendar-day.svelte:14:3
Error: Cannot find name 'buttonVariants'. (ts)
	class={cn(
		buttonVariants({ variant: "ghost" }),
		"size-(--cell-size) flex select-none flex-col items-center justify-center gap-1 whitespace-nowrap p-0 font-normal leading-none",

/Users/alessandrojcm/repos/dhc-dashboard/src/lib/components/ui/calendar/calendar-grid.svelte:12:2
Error: Cannot bind to constant
https://svelte.dev/e/constant_binding (svelte)
<CalendarPrimitive.Grid
	bind:ref
	class={cn("mt-4 flex w-full border-collapse flex-col gap-1", className)}

/Users/alessandrojcm/repos/dhc-dashboard/src/lib/components/ui/calendar/calendar-grid.svelte:11:2
Error: 'CalendarPrimitive' cannot be used as a value because it was imported using 'import type'. (ts)

<CalendarPrimitive.Grid
	bind:ref

/Users/alessandrojcm/repos/dhc-dashboard/src/lib/components/ui/calendar/calendar-grid.svelte:13:9
Error: Cannot find name 'cn'. (ts)
	bind:ref
	class={cn("mt-4 flex w-full border-collapse flex-col gap-1", className)}
	{...restProps}

/Users/alessandrojcm/repos/dhc-dashboard/src/lib/components/ui/calendar/calendar-grid-body.svelte:11:29
Error: Cannot bind to constant
https://svelte.dev/e/constant_binding (svelte)

<CalendarPrimitive.GridBody bind:ref class={cn(className)} {...restProps} />

/Users/alessandrojcm/repos/dhc-dashboard/src/lib/components/ui/calendar/calendar-grid-body.svelte:11:2
Error: 'CalendarPrimitive' cannot be used as a value because it was imported using 'import type'. (ts)

<CalendarPrimitive.GridBody bind:ref class={cn(className)} {...restProps} />

/Users/alessandrojcm/repos/dhc-dashboard/src/lib/components/ui/calendar/calendar-grid-body.svelte:11:45
Error: Cannot find name 'cn'. (ts)

<CalendarPrimitive.GridBody bind:ref class={cn(className)} {...restProps} />

/Users/alessandrojcm/repos/dhc-dashboard/src/lib/components/ui/calendar/calendar-grid-head.svelte:11:29
Error: Cannot bind to constant
https://svelte.dev/e/constant_binding (svelte)

<CalendarPrimitive.GridHead bind:ref class={cn(className)} {...restProps} />

/Users/alessandrojcm/repos/dhc-dashboard/src/lib/components/ui/calendar/calendar-grid-head.svelte:11:2
Error: 'CalendarPrimitive' cannot be used as a value because it was imported using 'import type'. (ts)

<CalendarPrimitive.GridHead bind:ref class={cn(className)} {...restProps} />

/Users/alessandrojcm/repos/dhc-dashboard/src/lib/components/ui/calendar/calendar-grid-head.svelte:11:45
Error: Cannot find name 'cn'. (ts)

<CalendarPrimitive.GridHead bind:ref class={cn(className)} {...restProps} />

/Users/alessandrojcm/repos/dhc-dashboard/src/lib/components/ui/calendar/calendar-grid-row.svelte:11:28
Error: Cannot bind to constant
https://svelte.dev/e/constant_binding (svelte)

<CalendarPrimitive.GridRow bind:ref class={cn("flex", className)} {...restProps} />

/Users/alessandrojcm/repos/dhc-dashboard/src/lib/components/ui/calendar/calendar-grid-row.svelte:11:2
Error: 'CalendarPrimitive' cannot be used as a value because it was imported using 'import type'. (ts)

<CalendarPrimitive.GridRow bind:ref class={cn("flex", className)} {...restProps} />

/Users/alessandrojcm/repos/dhc-dashboard/src/lib/components/ui/calendar/calendar-grid-row.svelte:11:44
Error: Cannot find name 'cn'. (ts)

<CalendarPrimitive.GridRow bind:ref class={cn("flex", className)} {...restProps} />

/Users/alessandrojcm/repos/dhc-dashboard/src/lib/components/ui/calendar/calendar-head-cell.svelte:12:2
Error: Cannot bind to constant
https://svelte.dev/e/constant_binding (svelte)
<CalendarPrimitive.HeadCell
	bind:ref
	class={cn(

/Users/alessandrojcm/repos/dhc-dashboard/src/lib/components/ui/calendar/calendar-head-cell.svelte:11:2
Error: 'CalendarPrimitive' cannot be used as a value because it was imported using 'import type'. (ts)

<CalendarPrimitive.HeadCell
	bind:ref

/Users/alessandrojcm/repos/dhc-dashboard/src/lib/components/ui/calendar/calendar-head-cell.svelte:13:9
Error: Cannot find name 'cn'. (ts)
	bind:ref
	class={cn(
		"text-muted-foreground w-(--cell-size) rounded-md text-[0.8rem] font-normal",

/Users/alessandrojcm/repos/dhc-dashboard/src/lib/components/ui/calendar/calendar-header.svelte:12:2
Error: Cannot bind to constant
https://svelte.dev/e/constant_binding (svelte)
<CalendarPrimitive.Header
	bind:ref
	class={cn(

/Users/alessandrojcm/repos/dhc-dashboard/src/lib/components/ui/calendar/calendar-header.svelte:11:2
Error: 'CalendarPrimitive' cannot be used as a value because it was imported using 'import type'. (ts)

<CalendarPrimitive.Header
	bind:ref

/Users/alessandrojcm/repos/dhc-dashboard/src/lib/components/ui/calendar/calendar-header.svelte:13:9
Error: Cannot find name 'cn'. (ts)
	bind:ref
	class={cn(
		"h-(--cell-size) flex w-full items-center justify-center gap-1.5 text-sm font-medium",

/Users/alessandrojcm/repos/dhc-dashboard/src/lib/components/ui/calendar/calendar-heading.svelte:12:2
Error: Cannot bind to constant
https://svelte.dev/e/constant_binding (svelte)
<CalendarPrimitive.Heading
	bind:ref
	class={cn("px-(--cell-size) text-sm font-medium", className)}

/Users/alessandrojcm/repos/dhc-dashboard/src/lib/components/ui/calendar/calendar-heading.svelte:11:2
Error: 'CalendarPrimitive' cannot be used as a value because it was imported using 'import type'. (ts)

<CalendarPrimitive.Heading
	bind:ref

/Users/alessandrojcm/repos/dhc-dashboard/src/lib/components/ui/calendar/calendar-heading.svelte:13:9
Error: Cannot find name 'cn'. (ts)
	bind:ref
	class={cn("px-(--cell-size) text-sm font-medium", className)}
	{...restProps}

/Users/alessandrojcm/repos/dhc-dashboard/src/lib/components/ui/calendar/calendar-month.svelte:13:21
Error: Cannot bind to constant
https://svelte.dev/e/constant_binding (svelte)

<div {...restProps} bind:this={ref} class={cn("flex flex-col", className)}>
	{@render children?.()}

/Users/alessandrojcm/repos/dhc-dashboard/src/lib/components/ui/calendar/calendar-month.svelte:13:44
Error: Cannot find name 'cn'. (ts)

<div {...restProps} bind:this={ref} class={cn("flex flex-col", className)}>
	{@render children?.()}

/Users/alessandrojcm/repos/dhc-dashboard/src/lib/components/ui/calendar/calendar-month.svelte:13:32
Error: Cannot assign to 'ref' because it is a constant. (ts)

<div {...restProps} bind:this={ref} class={cn("flex flex-col", className)}>
	{@render children?.()}

/Users/alessandrojcm/repos/dhc-dashboard/src/lib/components/ui/calendar/calendar-months.svelte:14:2
Error: Cannot bind to constant
https://svelte.dev/e/constant_binding (svelte)
<div
	bind:this={ref}
	class={cn("relative flex flex-col gap-4 md:flex-row", className)}

/Users/alessandrojcm/repos/dhc-dashboard/src/lib/components/ui/calendar/calendar-months.svelte:15:9
Error: Cannot find name 'cn'. (ts)
	bind:this={ref}
	class={cn("relative flex flex-col gap-4 md:flex-row", className)}
	{...restProps}

/Users/alessandrojcm/repos/dhc-dashboard/src/lib/components/ui/calendar/calendar-months.svelte:14:13
Error: Cannot assign to 'ref' because it is a constant. (ts)
<div
	bind:this={ref}
	class={cn("relative flex flex-col gap-4 md:flex-row", className)}

/Users/alessandrojcm/repos/dhc-dashboard/src/lib/components/ui/calendar/calendar-nav.svelte:15:2
Error: Cannot bind to constant
https://svelte.dev/e/constant_binding (svelte)
	{...restProps}
	bind:this={ref}
	class={cn("absolute inset-x-0 top-0 flex w-full items-center justify-between gap-1", className)}

/Users/alessandrojcm/repos/dhc-dashboard/src/lib/components/ui/calendar/calendar-nav.svelte:16:9
Error: Cannot find name 'cn'. (ts)
	bind:this={ref}
	class={cn("absolute inset-x-0 top-0 flex w-full items-center justify-between gap-1", className)}
>

/Users/alessandrojcm/repos/dhc-dashboard/src/lib/components/ui/calendar/calendar-nav.svelte:15:13
Error: Cannot assign to 'ref' because it is a constant. (ts)
	{...restProps}
	bind:this={ref}
	class={cn("absolute inset-x-0 top-0 flex w-full items-center justify-between gap-1", className)}

/Users/alessandrojcm/repos/dhc-dashboard/src/lib/components/ui/calendar/calendar-next-button.svelte:21:2
Error: Cannot bind to constant
https://svelte.dev/e/constant_binding (svelte)
<CalendarPrimitive.NextButton
	bind:ref
	class={cn(

/Users/alessandrojcm/repos/dhc-dashboard/src/lib/components/ui/calendar/calendar-next-button.svelte:17:3
Error: Cannot find name 'ChevronRightIcon'. (ts)
{#snippet Fallback()}
	<ChevronRightIcon class="size-4" />
{/snippet}

/Users/alessandrojcm/repos/dhc-dashboard/src/lib/components/ui/calendar/calendar-next-button.svelte:20:2
Error: 'CalendarPrimitive' cannot be used as a value because it was imported using 'import type'. (ts)

<CalendarPrimitive.NextButton
	bind:ref

/Users/alessandrojcm/repos/dhc-dashboard/src/lib/components/ui/calendar/calendar-next-button.svelte:22:9
Error: Cannot find name 'cn'. (ts)
	bind:ref
	class={cn(
		buttonVariants({ variant }),

/Users/alessandrojcm/repos/dhc-dashboard/src/lib/components/ui/calendar/calendar-next-button.svelte:23:3
Error: Cannot find name 'buttonVariants'. (ts)
	class={cn(
		buttonVariants({ variant }),
		"size-(--cell-size) select-none bg-transparent p-0 disabled:opacity-50 rtl:rotate-180",

/Users/alessandrojcm/repos/dhc-dashboard/src/lib/components/ui/calendar/calendar-prev-button.svelte:21:2
Error: Cannot bind to constant
https://svelte.dev/e/constant_binding (svelte)
<CalendarPrimitive.PrevButton
	bind:ref
	class={cn(

/Users/alessandrojcm/repos/dhc-dashboard/src/lib/components/ui/calendar/calendar-prev-button.svelte:17:3
Error: Cannot find name 'ChevronLeftIcon'. (ts)
{#snippet Fallback()}
	<ChevronLeftIcon class="size-4" />
{/snippet}

/Users/alessandrojcm/repos/dhc-dashboard/src/lib/components/ui/calendar/calendar-prev-button.svelte:20:2
Error: 'CalendarPrimitive' cannot be used as a value because it was imported using 'import type'. (ts)

<CalendarPrimitive.PrevButton
	bind:ref

/Users/alessandrojcm/repos/dhc-dashboard/src/lib/components/ui/calendar/calendar-prev-button.svelte:22:9
Error: Cannot find name 'cn'. (ts)
	bind:ref
	class={cn(
		buttonVariants({ variant }),

/Users/alessandrojcm/repos/dhc-dashboard/src/lib/components/ui/calendar/calendar-prev-button.svelte:23:3
Error: Cannot find name 'buttonVariants'. (ts)
	class={cn(
		buttonVariants({ variant }),
		"size-(--cell-size) select-none bg-transparent p-0 disabled:opacity-50 rtl:rotate-180",

/Users/alessandrojcm/repos/dhc-dashboard/src/lib/components/ui/card/card.svelte:14:2
Error: Cannot bind to constant
https://svelte.dev/e/constant_binding (svelte)
<div
	bind:this={ref}
	data-slot="card"

/Users/alessandrojcm/repos/dhc-dashboard/src/lib/components/ui/card/card.svelte:16:9
Error: Cannot find name 'cn'. (ts)
	data-slot="card"
	class={cn(
		"bg-card text-card-foreground flex flex-col gap-6 rounded-xl border py-6 shadow-sm",

/Users/alessandrojcm/repos/dhc-dashboard/src/lib/components/ui/card/card.svelte:14:13
Error: Cannot assign to 'ref' because it is a constant. (ts)
<div
	bind:this={ref}
	data-slot="card"

/Users/alessandrojcm/repos/dhc-dashboard/src/lib/components/ui/card/card-action.svelte:14:2
Error: Cannot bind to constant
https://svelte.dev/e/constant_binding (svelte)
<div
	bind:this={ref}
	data-slot="card-action"

/Users/alessandrojcm/repos/dhc-dashboard/src/lib/components/ui/card/card-action.svelte:16:9
Error: Cannot find name 'cn'. (ts)
	data-slot="card-action"
	class={cn("col-start-2 row-span-2 row-start-1 self-start justify-self-end", className)}
	{...restProps}

/Users/alessandrojcm/repos/dhc-dashboard/src/lib/components/ui/card/card-action.svelte:14:13
Error: Cannot assign to 'ref' because it is a constant. (ts)
<div
	bind:this={ref}
	data-slot="card-action"

/Users/alessandrojcm/repos/dhc-dashboard/src/lib/components/ui/card/card-content.svelte:13:6
Error: Cannot bind to constant
https://svelte.dev/e/constant_binding (svelte)

<div bind:this={ref} data-slot="card-content" class={cn("px-6", className)} {...restProps}>
	{@render children?.()}

/Users/alessandrojcm/repos/dhc-dashboard/src/lib/components/ui/card/card-content.svelte:13:54
Error: Cannot find name 'cn'. (ts)

<div bind:this={ref} data-slot="card-content" class={cn("px-6", className)} {...restProps}>
	{@render children?.()}

/Users/alessandrojcm/repos/dhc-dashboard/src/lib/components/ui/card/card-content.svelte:13:17
Error: Cannot assign to 'ref' because it is a constant. (ts)

<div bind:this={ref} data-slot="card-content" class={cn("px-6", className)} {...restProps}>
	{@render children?.()}

/Users/alessandrojcm/repos/dhc-dashboard/src/lib/components/ui/card/card-description.svelte:14:2
Error: Cannot bind to constant
https://svelte.dev/e/constant_binding (svelte)
<p
	bind:this={ref}
	data-slot="card-description"

/Users/alessandrojcm/repos/dhc-dashboard/src/lib/components/ui/card/card-description.svelte:16:9
Error: Cannot find name 'cn'. (ts)
	data-slot="card-description"
	class={cn("text-muted-foreground text-sm", className)}
	{...restProps}

/Users/alessandrojcm/repos/dhc-dashboard/src/lib/components/ui/card/card-description.svelte:14:13
Error: Cannot assign to 'ref' because it is a constant. (ts)
<p
	bind:this={ref}
	data-slot="card-description"

/Users/alessandrojcm/repos/dhc-dashboard/src/lib/components/ui/card/card-footer.svelte:14:2
Error: Cannot bind to constant
https://svelte.dev/e/constant_binding (svelte)
<div
	bind:this={ref}
	data-slot="card-footer"

/Users/alessandrojcm/repos/dhc-dashboard/src/lib/components/ui/card/card-footer.svelte:16:9
Error: Cannot find name 'cn'. (ts)
	data-slot="card-footer"
	class={cn("[.border-t]:pt-6 flex items-center px-6", className)}
	{...restProps}

/Users/alessandrojcm/repos/dhc-dashboard/src/lib/components/ui/card/card-footer.svelte:14:13
Error: Cannot assign to 'ref' because it is a constant. (ts)
<div
	bind:this={ref}
	data-slot="card-footer"

/Users/alessandrojcm/repos/dhc-dashboard/src/lib/components/ui/card/card-header.svelte:14:2
Error: Cannot bind to constant
https://svelte.dev/e/constant_binding (svelte)
<div
	bind:this={ref}
	data-slot="card-header"

/Users/alessandrojcm/repos/dhc-dashboard/src/lib/components/ui/card/card-header.svelte:16:9
Error: Cannot find name 'cn'. (ts)
	data-slot="card-header"
	class={cn(
		"@container/card-header has-data-[slot=card-action]:grid-cols-[1fr_auto] [.border-b]:pb-6 grid auto-rows-min grid-rows-[auto_auto] items-start gap-1.5 px-6",

/Users/alessandrojcm/repos/dhc-dashboard/src/lib/components/ui/card/card-header.svelte:14:13
Error: Cannot assign to 'ref' because it is a constant. (ts)
<div
	bind:this={ref}
	data-slot="card-header"

/Users/alessandrojcm/repos/dhc-dashboard/src/lib/components/ui/card/card-title.svelte:14:2
Error: Cannot bind to constant
https://svelte.dev/e/constant_binding (svelte)
<div
	bind:this={ref}
	data-slot="card-title"

/Users/alessandrojcm/repos/dhc-dashboard/src/lib/components/ui/card/card-title.svelte:16:9
Error: Cannot find name 'cn'. (ts)
	data-slot="card-title"
	class={cn("font-semibold leading-none", className)}
	{...restProps}

/Users/alessandrojcm/repos/dhc-dashboard/src/lib/components/ui/card/card-title.svelte:14:13
Error: Cannot assign to 'ref' because it is a constant. (ts)
<div
	bind:this={ref}
	data-slot="card-title"

/Users/alessandrojcm/repos/dhc-dashboard/src/lib/components/ui/carousel/carousel.svelte:85:2
Error: Cannot bind to constant
https://svelte.dev/e/constant_binding (svelte)
<div
	bind:this={ref}
	data-slot="carousel"

/Users/alessandrojcm/repos/dhc-dashboard/src/lib/components/ui/carousel/carousel.svelte:87:9
Error: Cannot find name 'cn'. (ts)
	data-slot="carousel"
	class={cn("relative", className)}
	role="region"

/Users/alessandrojcm/repos/dhc-dashboard/src/lib/components/ui/carousel/carousel.svelte:85:13
Error: Cannot assign to 'ref' because it is a constant. (ts)
<div
	bind:this={ref}
	data-slot="carousel"

/Users/alessandrojcm/repos/dhc-dashboard/src/lib/components/ui/carousel/carousel-content.svelte:31:3
Error: Cannot bind to constant
https://svelte.dev/e/constant_binding (svelte)
	<div
		bind:this={ref}
		class={cn(

/Users/alessandrojcm/repos/dhc-dashboard/src/lib/components/ui/carousel/carousel-content.svelte:19:6
Error: Cannot find name 'emblaCarouselSvelte'. (ts)
	class="overflow-hidden"
	use:emblaCarouselSvelte={{
		options: {

/Users/alessandrojcm/repos/dhc-dashboard/src/lib/components/ui/carousel/carousel-content.svelte:23:7
Error: Cannot find name 'emblaCtx'. (ts)
			slides: "[data-embla-slide]",
			...emblaCtx.options,
			axis: emblaCtx.orientation === "horizontal" ? "x" : "y",

/Users/alessandrojcm/repos/dhc-dashboard/src/lib/components/ui/carousel/carousel-content.svelte:24:10
Error: Cannot find name 'emblaCtx'. (ts)
			...emblaCtx.options,
			axis: emblaCtx.orientation === "horizontal" ? "x" : "y",
		},

/Users/alessandrojcm/repos/dhc-dashboard/src/lib/components/ui/carousel/carousel-content.svelte:26:12
Error: Cannot find name 'emblaCtx'. (ts)
		},
		plugins: emblaCtx.plugins,
	}}

/Users/alessandrojcm/repos/dhc-dashboard/src/lib/components/ui/carousel/carousel-content.svelte:28:15
Error: Cannot find name 'emblaCtx'. (ts)
	}}
	onemblaInit={emblaCtx.onInit}
>

/Users/alessandrojcm/repos/dhc-dashboard/src/lib/components/ui/carousel/carousel-content.svelte:32:10
Error: Cannot find name 'cn'. (ts)
		bind:this={ref}
		class={cn(
			"flex",

/Users/alessandrojcm/repos/dhc-dashboard/src/lib/components/ui/carousel/carousel-content.svelte:34:4
Error: Cannot find name 'emblaCtx'. (ts)
			"flex",
			emblaCtx.orientation === "horizontal" ? "-ml-4" : "-mt-4 flex-col",
			className

/Users/alessandrojcm/repos/dhc-dashboard/src/lib/components/ui/carousel/carousel-content.svelte:31:14
Error: Cannot assign to 'ref' because it is a constant. (ts)
	<div
		bind:this={ref}
		class={cn(

/Users/alessandrojcm/repos/dhc-dashboard/src/lib/components/ui/carousel/carousel-item.svelte:17:2
Error: Cannot bind to constant
https://svelte.dev/e/constant_binding (svelte)
<div
	bind:this={ref}
	data-slot="carousel-item"

/Users/alessandrojcm/repos/dhc-dashboard/src/lib/components/ui/carousel/carousel-item.svelte:21:9
Error: Cannot find name 'cn'. (ts)
	aria-roledescription="slide"
	class={cn(
		"min-w-0 shrink-0 grow-0 basis-full",

/Users/alessandrojcm/repos/dhc-dashboard/src/lib/components/ui/carousel/carousel-item.svelte:23:3
Error: Cannot find name 'emblaCtx'. (ts)
		"min-w-0 shrink-0 grow-0 basis-full",
		emblaCtx.orientation === "horizontal" ? "pl-4" : "pt-4",
		className

/Users/alessandrojcm/repos/dhc-dashboard/src/lib/components/ui/carousel/carousel-item.svelte:17:13
Error: Cannot assign to 'ref' because it is a constant. (ts)
<div
	bind:this={ref}
	data-slot="carousel-item"

/Users/alessandrojcm/repos/dhc-dashboard/src/lib/components/ui/carousel/carousel-next.svelte:31:2
Error: Cannot bind to constant
https://svelte.dev/e/constant_binding (svelte)
	onkeydown={emblaCtx.handleKeyDown}
	bind:ref
	{...restProps}

/Users/alessandrojcm/repos/dhc-dashboard/src/lib/components/ui/carousel/carousel-next.svelte:17:2
Error: Cannot find name 'Button'. (ts)

<Button
	data-slot="carousel-next"

/Users/alessandrojcm/repos/dhc-dashboard/src/lib/components/ui/carousel/carousel-next.svelte:21:18
Error: Cannot find name 'emblaCtx'. (ts)
	{size}
	aria-disabled={!emblaCtx.canScrollNext}
	class={cn(

/Users/alessandrojcm/repos/dhc-dashboard/src/lib/components/ui/carousel/carousel-next.svelte:22:9
Error: Cannot find name 'cn'. (ts)
	aria-disabled={!emblaCtx.canScrollNext}
	class={cn(
		"absolute size-8 rounded-full",

/Users/alessandrojcm/repos/dhc-dashboard/src/lib/components/ui/carousel/carousel-next.svelte:24:3
Error: Cannot find name 'emblaCtx'. (ts)
		"absolute size-8 rounded-full",
		emblaCtx.orientation === "horizontal"
			? "-right-12 top-1/2 -translate-y-1/2"

/Users/alessandrojcm/repos/dhc-dashboard/src/lib/components/ui/carousel/carousel-next.svelte:29:11
Error: Cannot find name 'emblaCtx'. (ts)
	)}
	onclick={emblaCtx.scrollNext}
	onkeydown={emblaCtx.handleKeyDown}

/Users/alessandrojcm/repos/dhc-dashboard/src/lib/components/ui/carousel/carousel-next.svelte:30:13
Error: Cannot find name 'emblaCtx'. (ts)
	onclick={emblaCtx.scrollNext}
	onkeydown={emblaCtx.handleKeyDown}
	bind:ref

/Users/alessandrojcm/repos/dhc-dashboard/src/lib/components/ui/carousel/carousel-next.svelte:34:3
Error: Cannot find name 'ArrowRightIcon'. (ts)
>
	<ArrowRightIcon class="size-4" />
	<span class="sr-only">Next slide</span>

/Users/alessandrojcm/repos/dhc-dashboard/src/lib/components/ui/carousel/carousel-next.svelte:36:3
Error: Cannot find name 'Button'. (ts)
	<span class="sr-only">Next slide</span>
</Button>

/Users/alessandrojcm/repos/dhc-dashboard/src/lib/components/ui/carousel/carousel-previous.svelte:32:2
Error: Cannot bind to constant
https://svelte.dev/e/constant_binding (svelte)
	{...restProps}
	bind:ref
>

/Users/alessandrojcm/repos/dhc-dashboard/src/lib/components/ui/carousel/carousel-previous.svelte:17:2
Error: Cannot find name 'Button'. (ts)

<Button
	data-slot="carousel-previous"

/Users/alessandrojcm/repos/dhc-dashboard/src/lib/components/ui/carousel/carousel-previous.svelte:21:18
Error: Cannot find name 'emblaCtx'. (ts)
	{size}
	aria-disabled={!emblaCtx.canScrollPrev}
	class={cn(

/Users/alessandrojcm/repos/dhc-dashboard/src/lib/components/ui/carousel/carousel-previous.svelte:22:9
Error: Cannot find name 'cn'. (ts)
	aria-disabled={!emblaCtx.canScrollPrev}
	class={cn(
		"absolute size-8 rounded-full",

/Users/alessandrojcm/repos/dhc-dashboard/src/lib/components/ui/carousel/carousel-previous.svelte:24:3
Error: Cannot find name 'emblaCtx'. (ts)
		"absolute size-8 rounded-full",
		emblaCtx.orientation === "horizontal"
			? "-left-12 top-1/2 -translate-y-1/2"

/Users/alessandrojcm/repos/dhc-dashboard/src/lib/components/ui/carousel/carousel-previous.svelte:29:11
Error: Cannot find name 'emblaCtx'. (ts)
	)}
	onclick={emblaCtx.scrollPrev}
	onkeydown={emblaCtx.handleKeyDown}

/Users/alessandrojcm/repos/dhc-dashboard/src/lib/components/ui/carousel/carousel-previous.svelte:30:13
Error: Cannot find name 'emblaCtx'. (ts)
	onclick={emblaCtx.scrollPrev}
	onkeydown={emblaCtx.handleKeyDown}
	{...restProps}

/Users/alessandrojcm/repos/dhc-dashboard/src/lib/components/ui/carousel/carousel-previous.svelte:34:3
Error: Cannot find name 'ArrowLeftIcon'. (ts)
>
	<ArrowLeftIcon class="size-4" />
	<span class="sr-only">Previous slide</span>

/Users/alessandrojcm/repos/dhc-dashboard/src/lib/components/ui/carousel/carousel-previous.svelte:36:3
Error: Cannot find name 'Button'. (ts)
	<span class="sr-only">Previous slide</span>
</Button>

/Users/alessandrojcm/repos/dhc-dashboard/src/lib/components/ui/chart/chart-container.svelte:29:2
Error: Cannot bind to constant
https://svelte.dev/e/constant_binding (svelte)
<div
	bind:this={ref}
	data-chart={chartId}

/Users/alessandrojcm/repos/dhc-dashboard/src/lib/components/ui/chart/chart-container.svelte:30:14
Error: Cannot find name 'chartId'. (ts)
	bind:this={ref}
	data-chart={chartId}
	data-slot="chart"

/Users/alessandrojcm/repos/dhc-dashboard/src/lib/components/ui/chart/chart-container.svelte:32:9
Error: Cannot find name 'cn'. (ts)
	data-slot="chart"
	class={cn(
		"flex aspect-video justify-center overflow-visible text-xs",

/Users/alessandrojcm/repos/dhc-dashboard/src/lib/components/ui/chart/chart-container.svelte:29:13
Error: Cannot assign to 'ref' because it is a constant. (ts)
<div
	bind:this={ref}
	data-chart={chartId}

/Users/alessandrojcm/repos/dhc-dashboard/src/lib/components/ui/chart/chart-container.svelte:77:3
Error: Cannot find name 'ChartStyle'. (ts)
>
	<ChartStyle id={chartId} {config} />
	{@render children?.()}

/Users/alessandrojcm/repos/dhc-dashboard/src/lib/components/ui/chart/chart-container.svelte:77:18
Error: Cannot find name 'chartId'. (ts)
>
	<ChartStyle id={chartId} {config} />
	{@render children?.()}

/Users/alessandrojcm/repos/dhc-dashboard/src/lib/components/ui/chart/chart-tooltip.svelte:81:7
Error: Cannot find name 'formattedLabel'. (ts)
{#snippet TooltipLabel()}
	{#if formattedLabel}
		<div class={cn("font-medium", labelClassName)}>

/Users/alessandrojcm/repos/dhc-dashboard/src/lib/components/ui/chart/chart-tooltip.svelte:82:15
Error: Cannot find name 'cn'. (ts)
	{#if formattedLabel}
		<div class={cn("font-medium", labelClassName)}>
			{#if typeof formattedLabel === "function"}

/Users/alessandrojcm/repos/dhc-dashboard/src/lib/components/ui/chart/chart-tooltip.svelte:83:16
Error: Cannot find name 'formattedLabel'. (ts)
		<div class={cn("font-medium", labelClassName)}>
			{#if typeof formattedLabel === "function"}
				{@render formattedLabel()}

/Users/alessandrojcm/repos/dhc-dashboard/src/lib/components/ui/chart/chart-tooltip.svelte:84:14
Error: Cannot find name 'formattedLabel'. (ts)
			{#if typeof formattedLabel === "function"}
				{@render formattedLabel()}
			{:else}

/Users/alessandrojcm/repos/dhc-dashboard/src/lib/components/ui/chart/chart-tooltip.svelte:86:6
Error: Cannot find name 'formattedLabel'. (ts)
			{:else}
				{formattedLabel}
			{/if}

/Users/alessandrojcm/repos/dhc-dashboard/src/lib/components/ui/chart/chart-tooltip.svelte:92:2
Error: Cannot find name 'TooltipPrimitive'. (ts)

<TooltipPrimitive.Root variant="none">
	<div

/Users/alessandrojcm/repos/dhc-dashboard/src/lib/components/ui/chart/chart-tooltip.svelte:94:10
Error: Cannot find name 'cn'. (ts)
	<div
		class={cn(
			"border-border/50 bg-background grid min-w-[9rem] items-start gap-1.5 rounded-lg border px-2.5 py-1.5 text-xs shadow-xl",

/Users/alessandrojcm/repos/dhc-dashboard/src/lib/components/ui/chart/chart-tooltip.svelte:100:9
Error: Cannot find name 'nestLabel'. (ts)
	>
		{#if !nestLabel}
			{@render TooltipLabel()}

/Users/alessandrojcm/repos/dhc-dashboard/src/lib/components/ui/chart/chart-tooltip.svelte:109:13
Error: Cannot find name 'cn'. (ts)
				<div
					class={cn(
						"[&>svg]:text-muted-foreground flex w-full flex-wrap items-stretch gap-2 [&>svg]:size-2.5",

/Users/alessandrojcm/repos/dhc-dashboard/src/lib/components/ui/chart/chart-tooltip.svelte:128:16
Error: Cannot find name 'cn'. (ts)
								style="--color-bg: {indicatorColor}; --color-border: {indicatorColor};"
								class={cn(
									"border-(--color-border) bg-(--color-bg) shrink-0 rounded-[2px]",

/Users/alessandrojcm/repos/dhc-dashboard/src/lib/components/ui/chart/chart-tooltip.svelte:135:21
Error: Cannot find name 'nestLabel'. (ts)
											indicator === "dashed",
										"my-0.5": nestLabel && indicator === "dashed",
									}

/Users/alessandrojcm/repos/dhc-dashboard/src/lib/components/ui/chart/chart-tooltip.svelte:141:15
Error: Cannot find name 'cn'. (ts)
						<div
							class={cn(
								"flex flex-1 shrink-0 justify-between leading-none",

/Users/alessandrojcm/repos/dhc-dashboard/src/lib/components/ui/chart/chart-tooltip.svelte:143:9
Error: Cannot find name 'nestLabel'. (ts)
								"flex flex-1 shrink-0 justify-between leading-none",
								nestLabel ? "items-end" : "items-center"
							)}

/Users/alessandrojcm/repos/dhc-dashboard/src/lib/components/ui/chart/chart-tooltip.svelte:147:14
Error: Cannot find name 'nestLabel'. (ts)
							<div class="grid gap-1.5">
								{#if nestLabel}
									{@render TooltipLabel()}

/Users/alessandrojcm/repos/dhc-dashboard/src/lib/components/ui/chart/chart-tooltip.svelte:165:3
Error: Cannot find name 'TooltipPrimitive'. (ts)
	</div>
</TooltipPrimitive.Root>

/Users/alessandrojcm/repos/dhc-dashboard/src/lib/components/ui/checkbox/checkbox.svelte:15:2
Error: Cannot bind to constant
https://svelte.dev/e/constant_binding (svelte)
<CheckboxPrimitive.Root
	bind:ref
	data-slot="checkbox"

/Users/alessandrojcm/repos/dhc-dashboard/src/lib/components/ui/checkbox/checkbox.svelte:14:2
Error: 'CheckboxPrimitive' cannot be used as a value because it was imported using 'import type'. (ts)

<CheckboxPrimitive.Root
	bind:ref

/Users/alessandrojcm/repos/dhc-dashboard/src/lib/components/ui/checkbox/checkbox.svelte:17:9
Error: Cannot find name 'cn'. (ts)
	data-slot="checkbox"
	class={cn(
		"border-input dark:bg-input/30 data-[state=checked]:bg-primary data-[state=checked]:text-primary-foreground dark:data-[state=checked]:bg-primary data-[state=checked]:border-primary focus-visible:border-ring focus-visible:ring-ring/50 aria-invalid:ring-destructive/20 dark:aria-invalid:ring-destructive/40 aria-invalid:border-destructive shadow-xs peer flex size-4 shrink-0 items-center justify-center rounded-[4px] border outline-none transition-shadow focus-visible:ring-[3px] disabled:cursor-not-allowed disabled:opacity-50",

/Users/alessandrojcm/repos/dhc-dashboard/src/lib/components/ui/checkbox/checkbox.svelte:28:6
Error: Cannot find name 'CheckIcon'. (ts)
			{#if checked}
				<CheckIcon class="size-3.5" />
			{:else if indeterminate}

/Users/alessandrojcm/repos/dhc-dashboard/src/lib/components/ui/checkbox/checkbox.svelte:30:6
Error: Cannot find name 'MinusIcon'. (ts)
			{:else if indeterminate}
				<MinusIcon class="size-3.5" />
			{/if}

/Users/alessandrojcm/repos/dhc-dashboard/src/lib/components/ui/checkbox/checkbox.svelte:34:3
Error: 'CheckboxPrimitive' cannot be used as a value because it was imported using 'import type'. (ts)
	{/snippet}
</CheckboxPrimitive.Root>

/Users/alessandrojcm/repos/dhc-dashboard/src/lib/components/ui/collapsible/collapsible.svelte:11:28
Error: Cannot bind to constant
https://svelte.dev/e/constant_binding (svelte)

<CollapsiblePrimitive.Root bind:ref bind:open data-slot="collapsible" {...restProps} />

/Users/alessandrojcm/repos/dhc-dashboard/src/lib/components/ui/collapsible/collapsible.svelte:11:2
Error: 'CollapsiblePrimitive' cannot be used as a value because it was imported using 'import type'. (ts)

<CollapsiblePrimitive.Root bind:ref bind:open data-slot="collapsible" {...restProps} />

/Users/alessandrojcm/repos/dhc-dashboard/src/lib/components/ui/collapsible/collapsible-content.svelte:10:31
Error: Cannot bind to constant
https://svelte.dev/e/constant_binding (svelte)

<CollapsiblePrimitive.Content bind:ref data-slot="collapsible-content" {...restProps} />

/Users/alessandrojcm/repos/dhc-dashboard/src/lib/components/ui/collapsible/collapsible-content.svelte:10:2
Error: 'CollapsiblePrimitive' cannot be used as a value because it was imported using 'import type'. (ts)

<CollapsiblePrimitive.Content bind:ref data-slot="collapsible-content" {...restProps} />

/Users/alessandrojcm/repos/dhc-dashboard/src/lib/components/ui/collapsible/collapsible-trigger.svelte:10:31
Error: Cannot bind to constant
https://svelte.dev/e/constant_binding (svelte)

<CollapsiblePrimitive.Trigger bind:ref data-slot="collapsible-trigger" {...restProps} />

/Users/alessandrojcm/repos/dhc-dashboard/src/lib/components/ui/collapsible/collapsible-trigger.svelte:10:2
Error: 'CollapsiblePrimitive' cannot be used as a value because it was imported using 'import type'. (ts)

<CollapsiblePrimitive.Trigger bind:ref data-slot="collapsible-trigger" {...restProps} />

/Users/alessandrojcm/repos/dhc-dashboard/src/lib/components/ui/command/command.svelte:18:2
Error: Cannot bind to constant
https://svelte.dev/e/constant_binding (svelte)
<CommandPrimitive.Root
	bind:this={api}
	bind:value

/Users/alessandrojcm/repos/dhc-dashboard/src/lib/components/ui/command/command.svelte:17:2
Error: 'CommandPrimitive' cannot be used as a value because it was imported using 'import type'. (ts)

<CommandPrimitive.Root
	bind:this={api}

/Users/alessandrojcm/repos/dhc-dashboard/src/lib/components/ui/command/command.svelte:22:9
Error: Cannot find name 'cn'. (ts)
	data-slot="command"
	class={cn(
		"bg-popover text-popover-foreground flex h-full w-full flex-col overflow-hidden rounded-md",

/Users/alessandrojcm/repos/dhc-dashboard/src/lib/components/ui/command/command.svelte:18:13
Error: Cannot assign to 'api' because it is a constant. (ts)
<CommandPrimitive.Root
	bind:this={api}
	bind:value

/Users/alessandrojcm/repos/dhc-dashboard/src/lib/components/ui/command/command-dialog.svelte:27:14
Error: Cannot bind to constant
https://svelte.dev/e/constant_binding (svelte)

<Dialog.Root bind:open {...restProps}>
	<Dialog.Header class="sr-only">

/Users/alessandrojcm/repos/dhc-dashboard/src/lib/components/ui/command/command-dialog.svelte:27:2
Error: Cannot find name 'Dialog'. (ts)

<Dialog.Root bind:open {...restProps}>
	<Dialog.Header class="sr-only">

/Users/alessandrojcm/repos/dhc-dashboard/src/lib/components/ui/command/command-dialog.svelte:28:3
Error: Cannot find name 'Dialog'. (ts)
<Dialog.Root bind:open {...restProps}>
	<Dialog.Header class="sr-only">
		<Dialog.Title>{title}</Dialog.Title>

/Users/alessandrojcm/repos/dhc-dashboard/src/lib/components/ui/command/command-dialog.svelte:29:4
Error: Cannot find name 'Dialog'. (ts)
	<Dialog.Header class="sr-only">
		<Dialog.Title>{title}</Dialog.Title>
		<Dialog.Description>{description}</Dialog.Description>

/Users/alessandrojcm/repos/dhc-dashboard/src/lib/components/ui/command/command-dialog.svelte:29:26
Error: Cannot find name 'Dialog'. (ts)
	<Dialog.Header class="sr-only">
		<Dialog.Title>{title}</Dialog.Title>
		<Dialog.Description>{description}</Dialog.Description>

/Users/alessandrojcm/repos/dhc-dashboard/src/lib/components/ui/command/command-dialog.svelte:30:4
Error: Cannot find name 'Dialog'. (ts)
		<Dialog.Title>{title}</Dialog.Title>
		<Dialog.Description>{description}</Dialog.Description>
	</Dialog.Header>

/Users/alessandrojcm/repos/dhc-dashboard/src/lib/components/ui/command/command-dialog.svelte:30:38
Error: Cannot find name 'Dialog'. (ts)
		<Dialog.Title>{title}</Dialog.Title>
		<Dialog.Description>{description}</Dialog.Description>
	</Dialog.Header>

/Users/alessandrojcm/repos/dhc-dashboard/src/lib/components/ui/command/command-dialog.svelte:31:4
Error: Cannot find name 'Dialog'. (ts)
		<Dialog.Description>{description}</Dialog.Description>
	</Dialog.Header>
	<Dialog.Content class="overflow-hidden p-0" {portalProps}>

/Users/alessandrojcm/repos/dhc-dashboard/src/lib/components/ui/command/command-dialog.svelte:32:3
Error: Cannot find name 'Dialog'. (ts)
	</Dialog.Header>
	<Dialog.Content class="overflow-hidden p-0" {portalProps}>
		<Command

/Users/alessandrojcm/repos/dhc-dashboard/src/lib/components/ui/command/command-dialog.svelte:33:4
Error: Cannot find name 'Command'. (ts)
	<Dialog.Content class="overflow-hidden p-0" {portalProps}>
		<Command
			class="**:data-[slot=command-input-wrapper]:h-12 [&_[data-command-group]:not([hidden])_~[data-command-group]]:pt-0 [&_[data-command-group]]:px-2 [&_[data-command-input-wrapper]_svg]:h-5 [&_[data-command-input-wrapper]_svg]:w-5 [&_[data-command-input]]:h-12 [&_[data-command-item]]:px-2 [&_[data-command-item]]:py-3 [&_[data-command-item]_svg]:h-5 [&_[data-command-item]_svg]:w-5"

/Users/alessandrojcm/repos/dhc-dashboard/src/lib/components/ui/command/command-dialog.svelte:40:4
Error: Cannot find name 'Dialog'. (ts)
		/>
	</Dialog.Content>
</Dialog.Root>

/Users/alessandrojcm/repos/dhc-dashboard/src/lib/components/ui/command/command-dialog.svelte:41:3
Error: Cannot find name 'Dialog'. (ts)
	</Dialog.Content>
</Dialog.Root>

/Users/alessandrojcm/repos/dhc-dashboard/src/lib/components/ui/command/command-empty.svelte:12:2
Error: Cannot bind to constant
https://svelte.dev/e/constant_binding (svelte)
<CommandPrimitive.Empty
	bind:ref
	data-slot="command-empty"

/Users/alessandrojcm/repos/dhc-dashboard/src/lib/components/ui/command/command-empty.svelte:11:2
Error: 'CommandPrimitive' cannot be used as a value because it was imported using 'import type'. (ts)

<CommandPrimitive.Empty
	bind:ref

/Users/alessandrojcm/repos/dhc-dashboard/src/lib/components/ui/command/command-empty.svelte:14:9
Error: Cannot find name 'cn'. (ts)
	data-slot="command-empty"
	class={cn("py-6 text-center text-sm", className)}
	{...restProps}

/Users/alessandrojcm/repos/dhc-dashboard/src/lib/components/ui/command/command-group.svelte:17:2
Error: Cannot bind to constant
https://svelte.dev/e/constant_binding (svelte)
<CommandPrimitive.Group
	bind:ref
	data-slot="command-group"

/Users/alessandrojcm/repos/dhc-dashboard/src/lib/components/ui/command/command-group.svelte:16:2
Error: 'CommandPrimitive' cannot be used as a value because it was imported using 'import type'. (ts)

<CommandPrimitive.Group
	bind:ref

/Users/alessandrojcm/repos/dhc-dashboard/src/lib/components/ui/command/command-group.svelte:19:9
Error: Cannot find name 'cn'. (ts)
	data-slot="command-group"
	class={cn("text-foreground overflow-hidden p-1", className)}
	value={value ?? heading ?? `----${useId()}`}

/Users/alessandrojcm/repos/dhc-dashboard/src/lib/components/ui/command/command-group.svelte:20:36
Error: Cannot find name 'useId'. (ts)
	class={cn("text-foreground overflow-hidden p-1", className)}
	value={value ?? heading ?? `----${useId()}`}
	{...restProps}

/Users/alessandrojcm/repos/dhc-dashboard/src/lib/components/ui/command/command-group.svelte:24:4
Error: 'CommandPrimitive' cannot be used as a value because it was imported using 'import type'. (ts)
	{#if heading}
		<CommandPrimitive.GroupHeading
			class="text-muted-foreground px-2 py-1.5 text-xs font-medium"

/Users/alessandrojcm/repos/dhc-dashboard/src/lib/components/ui/command/command-group.svelte:28:5
Error: 'CommandPrimitive' cannot be used as a value because it was imported using 'import type'. (ts)
			{heading}
		</CommandPrimitive.GroupHeading>
	{/if}

/Users/alessandrojcm/repos/dhc-dashboard/src/lib/components/ui/command/command-group.svelte:30:3
Error: 'CommandPrimitive' cannot be used as a value because it was imported using 'import type'. (ts)
	{/if}
	<CommandPrimitive.GroupItems {children} />
</CommandPrimitive.Group>

/Users/alessandrojcm/repos/dhc-dashboard/src/lib/components/ui/command/command-group.svelte:31:3
Error: 'CommandPrimitive' cannot be used as a value because it was imported using 'import type'. (ts)
	<CommandPrimitive.GroupItems {children} />
</CommandPrimitive.Group>

/Users/alessandrojcm/repos/dhc-dashboard/src/lib/components/ui/command/command-input.svelte:20:3
Error: Cannot bind to constant
https://svelte.dev/e/constant_binding (svelte)
		)}
		bind:ref
		{...restProps}

/Users/alessandrojcm/repos/dhc-dashboard/src/lib/components/ui/command/command-input.svelte:13:3
Error: Cannot find name 'SearchIcon'. (ts)
<div class="flex h-9 items-center gap-2 border-b pl-3 pr-8" data-slot="command-input-wrapper">
	<SearchIcon class="size-4 shrink-0 opacity-50" />
	<CommandPrimitive.Input

/Users/alessandrojcm/repos/dhc-dashboard/src/lib/components/ui/command/command-input.svelte:14:3
Error: 'CommandPrimitive' cannot be used as a value because it was imported using 'import type'. (ts)
	<SearchIcon class="size-4 shrink-0 opacity-50" />
	<CommandPrimitive.Input
		data-slot="command-input"

/Users/alessandrojcm/repos/dhc-dashboard/src/lib/components/ui/command/command-input.svelte:16:10
Error: Cannot find name 'cn'. (ts)
		data-slot="command-input"
		class={cn(
			"placeholder:text-muted-foreground outline-hidden flex h-10 w-full rounded-md bg-transparent py-3 text-sm disabled:cursor-not-allowed disabled:opacity-50",

/Users/alessandrojcm/repos/dhc-dashboard/src/lib/components/ui/command/command-item.svelte:12:2
Error: Cannot bind to constant
https://svelte.dev/e/constant_binding (svelte)
<CommandPrimitive.Item
	bind:ref
	data-slot="command-item"

/Users/alessandrojcm/repos/dhc-dashboard/src/lib/components/ui/command/command-item.svelte:11:2
Error: 'CommandPrimitive' cannot be used as a value because it was imported using 'import type'. (ts)

<CommandPrimitive.Item
	bind:ref

/Users/alessandrojcm/repos/dhc-dashboard/src/lib/components/ui/command/command-item.svelte:14:9
Error: Cannot find name 'cn'. (ts)
	data-slot="command-item"
	class={cn(
		"aria-selected:bg-accent aria-selected:text-accent-foreground [&_svg:not([class*='text-'])]:text-muted-foreground outline-hidden relative flex cursor-default select-none items-center gap-2 rounded-sm px-2 py-1.5 text-sm data-[disabled]:pointer-events-none data-[disabled]:opacity-50 [&_svg:not([class*='size-'])]:size-4 [&_svg]:pointer-events-none [&_svg]:shrink-0",

/Users/alessandrojcm/repos/dhc-dashboard/src/lib/components/ui/command/command-link-item.svelte:12:2
Error: Cannot bind to constant
https://svelte.dev/e/constant_binding (svelte)
<CommandPrimitive.LinkItem
	bind:ref
	data-slot="command-item"

/Users/alessandrojcm/repos/dhc-dashboard/src/lib/components/ui/command/command-link-item.svelte:11:2
Error: 'CommandPrimitive' cannot be used as a value because it was imported using 'import type'. (ts)

<CommandPrimitive.LinkItem
	bind:ref

/Users/alessandrojcm/repos/dhc-dashboard/src/lib/components/ui/command/command-link-item.svelte:14:9
Error: Cannot find name 'cn'. (ts)
	data-slot="command-item"
	class={cn(
		"aria-selected:bg-accent aria-selected:text-accent-foreground [&_svg:not([class*='text-'])]:text-muted-foreground outline-hidden relative flex cursor-default select-none items-center gap-2 rounded-sm px-2 py-1.5 text-sm data-[disabled=true]:pointer-events-none data-[disabled=true]:opacity-50 [&_svg:not([class*='size-'])]:size-4 [&_svg]:pointer-events-none [&_svg]:shrink-0",

/Users/alessandrojcm/repos/dhc-dashboard/src/lib/components/ui/command/command-list.svelte:12:2
Error: Cannot bind to constant
https://svelte.dev/e/constant_binding (svelte)
<CommandPrimitive.List
	bind:ref
	data-slot="command-list"

/Users/alessandrojcm/repos/dhc-dashboard/src/lib/components/ui/command/command-list.svelte:11:2
Error: 'CommandPrimitive' cannot be used as a value because it was imported using 'import type'. (ts)

<CommandPrimitive.List
	bind:ref

/Users/alessandrojcm/repos/dhc-dashboard/src/lib/components/ui/command/command-list.svelte:14:9
Error: Cannot find name 'cn'. (ts)
	data-slot="command-list"
	class={cn("max-h-[300px] scroll-py-1 overflow-y-auto overflow-x-hidden", className)}
	{...restProps}

/Users/alessandrojcm/repos/dhc-dashboard/src/lib/components/ui/command/command-separator.svelte:12:2
Error: Cannot bind to constant
https://svelte.dev/e/constant_binding (svelte)
<CommandPrimitive.Separator
	bind:ref
	data-slot="command-separator"

/Users/alessandrojcm/repos/dhc-dashboard/src/lib/components/ui/command/command-separator.svelte:11:2
Error: 'CommandPrimitive' cannot be used as a value because it was imported using 'import type'. (ts)

<CommandPrimitive.Separator
	bind:ref

/Users/alessandrojcm/repos/dhc-dashboard/src/lib/components/ui/command/command-separator.svelte:14:9
Error: Cannot find name 'cn'. (ts)
	data-slot="command-separator"
	class={cn("bg-border -mx-1 h-px", className)}
	{...restProps}

/Users/alessandrojcm/repos/dhc-dashboard/src/lib/components/ui/command/command-shortcut.svelte:14:2
Error: Cannot bind to constant
https://svelte.dev/e/constant_binding (svelte)
<span
	bind:this={ref}
	data-slot="command-shortcut"

/Users/alessandrojcm/repos/dhc-dashboard/src/lib/components/ui/command/command-shortcut.svelte:16:9
Error: Cannot find name 'cn'. (ts)
	data-slot="command-shortcut"
	class={cn("text-muted-foreground ml-auto text-xs tracking-widest", className)}
	{...restProps}

/Users/alessandrojcm/repos/dhc-dashboard/src/lib/components/ui/command/command-shortcut.svelte:14:13
Error: Cannot assign to 'ref' because it is a constant. (ts)
<span
	bind:this={ref}
	data-slot="command-shortcut"

/Users/alessandrojcm/repos/dhc-dashboard/src/lib/components/ui/context-menu/context-menu-checkbox-item.svelte:19:2
Error: Cannot bind to constant
https://svelte.dev/e/constant_binding (svelte)
<ContextMenuPrimitive.CheckboxItem
	bind:ref
	bind:checked

/Users/alessandrojcm/repos/dhc-dashboard/src/lib/components/ui/context-menu/context-menu-checkbox-item.svelte:18:2
Error: 'ContextMenuPrimitive' cannot be used as a value because it was imported using 'import type'. (ts)

<ContextMenuPrimitive.CheckboxItem
	bind:ref

/Users/alessandrojcm/repos/dhc-dashboard/src/lib/components/ui/context-menu/context-menu-checkbox-item.svelte:23:9
Error: Cannot find name 'cn'. (ts)
	data-slot="context-menu-checkbox-item"
	class={cn(
		"data-highlighted:bg-accent data-highlighted:text-accent-foreground outline-hidden relative flex cursor-default select-none items-center gap-2 rounded-sm py-1.5 pl-8 pr-2 text-sm data-[disabled]:pointer-events-none data-[disabled]:opacity-50 [&_svg:not([class*='size-'])]:size-4 [&_svg]:pointer-events-none [&_svg]:shrink-0",

/Users/alessandrojcm/repos/dhc-dashboard/src/lib/components/ui/context-menu/context-menu-checkbox-item.svelte:32:6
Error: Cannot find name 'CheckIcon'. (ts)
			{#if checked}
				<CheckIcon class="size-4" />
			{/if}

/Users/alessandrojcm/repos/dhc-dashboard/src/lib/components/ui/context-menu/context-menu-checkbox-item.svelte:37:3
Error: 'ContextMenuPrimitive' cannot be used as a value because it was imported using 'import type'. (ts)
	{/snippet}
</ContextMenuPrimitive.CheckboxItem>

/Users/alessandrojcm/repos/dhc-dashboard/src/lib/components/ui/context-menu/context-menu-content.svelte:16:3
Error: Cannot bind to constant
https://svelte.dev/e/constant_binding (svelte)
	<ContextMenuPrimitive.Content
		bind:ref
		data-slot="context-menu-content"

/Users/alessandrojcm/repos/dhc-dashboard/src/lib/components/ui/context-menu/context-menu-content.svelte:14:2
Error: 'ContextMenuPrimitive' cannot be used as a value because it was imported using 'import type'. (ts)

<ContextMenuPrimitive.Portal {...portalProps}>
	<ContextMenuPrimitive.Content

/Users/alessandrojcm/repos/dhc-dashboard/src/lib/components/ui/context-menu/context-menu-content.svelte:15:3
Error: 'ContextMenuPrimitive' cannot be used as a value because it was imported using 'import type'. (ts)
<ContextMenuPrimitive.Portal {...portalProps}>
	<ContextMenuPrimitive.Content
		bind:ref

/Users/alessandrojcm/repos/dhc-dashboard/src/lib/components/ui/context-menu/context-menu-content.svelte:18:10
Error: Cannot find name 'cn'. (ts)
		data-slot="context-menu-content"
		class={cn(
			"bg-popover text-popover-foreground data-[state=open]:animate-in data-[state=closed]:animate-out data-[state=closed]:fade-out-0 data-[state=open]:fade-in-0 data-[state=closed]:zoom-out-95 data-[state=open]:zoom-in-95 data-[side=bottom]:slide-in-from-top-2 data-[side=left]:slide-in-from-right-2 data-[side=right]:slide-in-from-left-2 data-[side=top]:slide-in-from-bottom-2 max-h-(--bits-context-menu-content-available-height) origin-(--bits-context-menu-content-transform-origin) z-50 min-w-[8rem] overflow-y-auto overflow-x-hidden rounded-md border p-1 shadow-md",

/Users/alessandrojcm/repos/dhc-dashboard/src/lib/components/ui/context-menu/context-menu-content.svelte:24:3
Error: 'ContextMenuPrimitive' cannot be used as a value because it was imported using 'import type'. (ts)
	/>
</ContextMenuPrimitive.Portal>

/Users/alessandrojcm/repos/dhc-dashboard/src/lib/components/ui/context-menu/context-menu-group.svelte:8:29
Error: Cannot bind to constant
https://svelte.dev/e/constant_binding (svelte)

<ContextMenuPrimitive.Group bind:ref data-slot="context-menu-group" {...restProps} />

/Users/alessandrojcm/repos/dhc-dashboard/src/lib/components/ui/context-menu/context-menu-group.svelte:8:2
Error: 'ContextMenuPrimitive' cannot be used as a value because it was imported using 'import type'. (ts)

<ContextMenuPrimitive.Group bind:ref data-slot="context-menu-group" {...restProps} />

/Users/alessandrojcm/repos/dhc-dashboard/src/lib/components/ui/context-menu/context-menu-group-heading.svelte:15:2
Error: Cannot bind to constant
https://svelte.dev/e/constant_binding (svelte)
<ContextMenuPrimitive.GroupHeading
	bind:ref
	data-slot="context-menu-group-heading"

/Users/alessandrojcm/repos/dhc-dashboard/src/lib/components/ui/context-menu/context-menu-group-heading.svelte:14:2
Error: 'ContextMenuPrimitive' cannot be used as a value because it was imported using 'import type'. (ts)

<ContextMenuPrimitive.GroupHeading
	bind:ref

/Users/alessandrojcm/repos/dhc-dashboard/src/lib/components/ui/context-menu/context-menu-group-heading.svelte:18:9
Error: Cannot find name 'cn'. (ts)
	data-inset={inset}
	class={cn("text-foreground px-2 py-1.5 text-sm font-medium data-[inset]:pl-8", className)}
	{...restProps}

/Users/alessandrojcm/repos/dhc-dashboard/src/lib/components/ui/context-menu/context-menu-item.svelte:17:2
Error: Cannot bind to constant
https://svelte.dev/e/constant_binding (svelte)
<ContextMenuPrimitive.Item
	bind:ref
	data-slot="context-menu-item"

/Users/alessandrojcm/repos/dhc-dashboard/src/lib/components/ui/context-menu/context-menu-item.svelte:16:2
Error: 'ContextMenuPrimitive' cannot be used as a value because it was imported using 'import type'. (ts)

<ContextMenuPrimitive.Item
	bind:ref

/Users/alessandrojcm/repos/dhc-dashboard/src/lib/components/ui/context-menu/context-menu-item.svelte:21:9
Error: Cannot find name 'cn'. (ts)
	data-variant={variant}
	class={cn(
		"data-highlighted:bg-accent data-highlighted:text-accent-foreground data-[variant=destructive]:text-destructive data-[variant=destructive]:data-highlighted:bg-destructive/10 dark:data-[variant=destructive]:data-highlighted:bg-destructive/20 data-[variant=destructive]:data-highlighted:text-destructive data-[variant=destructive]:*:[svg]:!text-destructive [&_svg:not([class*='text-'])]:text-muted-foreground outline-hidden relative flex cursor-default select-none items-center gap-2 rounded-sm px-2 py-1.5 text-sm data-[disabled]:pointer-events-none data-[inset]:pl-8 data-[disabled]:opacity-50 [&_svg:not([class*='size-'])]:size-4 [&_svg]:pointer-events-none [&_svg]:shrink-0",

/Users/alessandrojcm/repos/dhc-dashboard/src/lib/components/ui/context-menu/context-menu-label.svelte:17:2
Error: Cannot bind to constant
https://svelte.dev/e/constant_binding (svelte)
<div
	bind:this={ref}
	data-slot="context-menu-label"

/Users/alessandrojcm/repos/dhc-dashboard/src/lib/components/ui/context-menu/context-menu-label.svelte:20:9
Error: Cannot find name 'cn'. (ts)
	data-inset={inset}
	class={cn("text-foreground px-2 py-1.5 text-sm font-medium data-[inset]:pl-8", className)}
	{...restProps}

/Users/alessandrojcm/repos/dhc-dashboard/src/lib/components/ui/context-menu/context-menu-label.svelte:17:13
Error: Cannot assign to 'ref' because it is a constant. (ts)
<div
	bind:this={ref}
	data-slot="context-menu-label"

/Users/alessandrojcm/repos/dhc-dashboard/src/lib/components/ui/context-menu/context-menu-radio-group.svelte:12:2
Error: Cannot bind to constant
https://svelte.dev/e/constant_binding (svelte)
<ContextMenuPrimitive.RadioGroup
	bind:ref
	bind:value

/Users/alessandrojcm/repos/dhc-dashboard/src/lib/components/ui/context-menu/context-menu-radio-group.svelte:11:2
Error: 'ContextMenuPrimitive' cannot be used as a value because it was imported using 'import type'. (ts)

<ContextMenuPrimitive.RadioGroup
	bind:ref

/Users/alessandrojcm/repos/dhc-dashboard/src/lib/components/ui/context-menu/context-menu-radio-item.svelte:14:2
Error: Cannot bind to constant
https://svelte.dev/e/constant_binding (svelte)
<ContextMenuPrimitive.RadioItem
	bind:ref
	data-slot="context-menu-radio-item"

/Users/alessandrojcm/repos/dhc-dashboard/src/lib/components/ui/context-menu/context-menu-radio-item.svelte:13:2
Error: 'ContextMenuPrimitive' cannot be used as a value because it was imported using 'import type'. (ts)

<ContextMenuPrimitive.RadioItem
	bind:ref

/Users/alessandrojcm/repos/dhc-dashboard/src/lib/components/ui/context-menu/context-menu-radio-item.svelte:16:9
Error: Cannot find name 'cn'. (ts)
	data-slot="context-menu-radio-item"
	class={cn(
		"data-highlighted:bg-accent data-highlighted:text-accent-foreground outline-hidden relative flex cursor-default select-none items-center gap-2 rounded-sm py-1.5 pl-8 pr-2 text-sm data-[disabled]:pointer-events-none data-[disabled]:opacity-50 [&_svg:not([class*='size-'])]:size-4 [&_svg]:pointer-events-none [&_svg]:shrink-0",

/Users/alessandrojcm/repos/dhc-dashboard/src/lib/components/ui/context-menu/context-menu-radio-item.svelte:25:6
Error: Cannot find name 'CircleIcon'. (ts)
			{#if checked}
				<CircleIcon class="size-2 fill-current" />
			{/if}

/Users/alessandrojcm/repos/dhc-dashboard/src/lib/components/ui/context-menu/context-menu-radio-item.svelte:30:3
Error: 'ContextMenuPrimitive' cannot be used as a value because it was imported using 'import type'. (ts)
	{/snippet}
</ContextMenuPrimitive.RadioItem>

/Users/alessandrojcm/repos/dhc-dashboard/src/lib/components/ui/context-menu/context-menu-separator.svelte:12:2
Error: Cannot bind to constant
https://svelte.dev/e/constant_binding (svelte)
<ContextMenuPrimitive.Separator
	bind:ref
	data-slot="context-menu-separator"

/Users/alessandrojcm/repos/dhc-dashboard/src/lib/components/ui/context-menu/context-menu-separator.svelte:11:2
Error: 'ContextMenuPrimitive' cannot be used as a value because it was imported using 'import type'. (ts)

<ContextMenuPrimitive.Separator
	bind:ref

/Users/alessandrojcm/repos/dhc-dashboard/src/lib/components/ui/context-menu/context-menu-separator.svelte:14:9
Error: Cannot find name 'cn'. (ts)
	data-slot="context-menu-separator"
	class={cn("bg-border -mx-1 my-1 h-px", className)}
	{...restProps}

/Users/alessandrojcm/repos/dhc-dashboard/src/lib/components/ui/context-menu/context-menu-shortcut.svelte:14:2
Error: Cannot bind to constant
https://svelte.dev/e/constant_binding (svelte)
<span
	bind:this={ref}
	data-slot="context-menu-shortcut"

/Users/alessandrojcm/repos/dhc-dashboard/src/lib/components/ui/context-menu/context-menu-shortcut.svelte:16:9
Error: Cannot find name 'cn'. (ts)
	data-slot="context-menu-shortcut"
	class={cn("text-muted-foreground ml-auto text-xs tracking-widest", className)}
	{...restProps}

/Users/alessandrojcm/repos/dhc-dashboard/src/lib/components/ui/context-menu/context-menu-shortcut.svelte:14:13
Error: Cannot assign to 'ref' because it is a constant. (ts)
<span
	bind:this={ref}
	data-slot="context-menu-shortcut"

/Users/alessandrojcm/repos/dhc-dashboard/src/lib/components/ui/context-menu/context-menu-sub-content.svelte:12:2
Error: Cannot bind to constant
https://svelte.dev/e/constant_binding (svelte)
<ContextMenuPrimitive.SubContent
	bind:ref
	data-slot="context-menu-sub-content"

/Users/alessandrojcm/repos/dhc-dashboard/src/lib/components/ui/context-menu/context-menu-sub-content.svelte:11:2
Error: 'ContextMenuPrimitive' cannot be used as a value because it was imported using 'import type'. (ts)

<ContextMenuPrimitive.SubContent
	bind:ref

/Users/alessandrojcm/repos/dhc-dashboard/src/lib/components/ui/context-menu/context-menu-sub-content.svelte:14:9
Error: Cannot find name 'cn'. (ts)
	data-slot="context-menu-sub-content"
	class={cn(
		"bg-popover text-popover-foreground data-[state=open]:animate-in data-[state=closed]:animate-out data-[state=closed]:fade-out-0 data-[state=open]:fade-in-0 data-[state=closed]:zoom-out-95 data-[state=open]:zoom-in-95 data-[side=bottom]:slide-in-from-top-2 data-[side=left]:slide-in-from-right-2 data-[side=right]:slide-in-from-left-2 data-[side=top]:slide-in-from-bottom-2 origin-(--bits-context-menu-content-transform-origin) z-50 min-w-[8rem] overflow-hidden rounded-md border p-1 shadow-lg",

/Users/alessandrojcm/repos/dhc-dashboard/src/lib/components/ui/context-menu/context-menu-sub-trigger.svelte:17:2
Error: Cannot bind to constant
https://svelte.dev/e/constant_binding (svelte)
<ContextMenuPrimitive.SubTrigger
	bind:ref
	data-slot="context-menu-sub-trigger"

/Users/alessandrojcm/repos/dhc-dashboard/src/lib/components/ui/context-menu/context-menu-sub-trigger.svelte:16:2
Error: 'ContextMenuPrimitive' cannot be used as a value because it was imported using 'import type'. (ts)

<ContextMenuPrimitive.SubTrigger
	bind:ref

/Users/alessandrojcm/repos/dhc-dashboard/src/lib/components/ui/context-menu/context-menu-sub-trigger.svelte:20:9
Error: Cannot find name 'cn'. (ts)
	data-inset={inset}
	class={cn(
		"data-highlighted:bg-accent data-highlighted:text-accent-foreground data-[state=open]:bg-accent data-[state=open]:text-accent-foreground outline-hidden [&_svg:not([class*='text-'])]:text-muted-foreground flex cursor-default select-none items-center gap-2 rounded-sm px-2 py-1.5 text-sm data-[disabled]:pointer-events-none data-[inset]:pl-8 data-[disabled]:opacity-50 [&_svg:not([class*='size-'])]:size-4 [&_svg]:pointer-events-none [&_svg]:shrink-0",

/Users/alessandrojcm/repos/dhc-dashboard/src/lib/components/ui/context-menu/context-menu-sub-trigger.svelte:27:3
Error: Cannot find name 'ChevronRightIcon'. (ts)
	{@render children?.()}
	<ChevronRightIcon class="ml-auto" />
</ContextMenuPrimitive.SubTrigger>

/Users/alessandrojcm/repos/dhc-dashboard/src/lib/components/ui/context-menu/context-menu-sub-trigger.svelte:28:3
Error: 'ContextMenuPrimitive' cannot be used as a value because it was imported using 'import type'. (ts)
	<ChevronRightIcon class="ml-auto" />
</ContextMenuPrimitive.SubTrigger>

/Users/alessandrojcm/repos/dhc-dashboard/src/lib/components/ui/context-menu/context-menu-trigger.svelte:10:31
Error: Cannot bind to constant
https://svelte.dev/e/constant_binding (svelte)

<ContextMenuPrimitive.Trigger bind:ref data-slot="context-menu-trigger" {...restProps} />

/Users/alessandrojcm/repos/dhc-dashboard/src/lib/components/ui/context-menu/context-menu-trigger.svelte:10:2
Error: 'ContextMenuPrimitive' cannot be used as a value because it was imported using 'import type'. (ts)

<ContextMenuPrimitive.Trigger bind:ref data-slot="context-menu-trigger" {...restProps} />

/Users/alessandrojcm/repos/dhc-dashboard/src/lib/components/ui/data-table/flex-render.svelte:9:44
Error: Cannot find name 'HeaderContext'. (ts)
	lang="ts"
	generics="TData, TValue, TContext extends HeaderContext<TData, TValue> | CellContext<TData, TValue>"
>

/Users/alessandrojcm/repos/dhc-dashboard/src/lib/components/ui/data-table/flex-render.svelte:9:75
Error: Cannot find name 'CellContext'. (ts)
	lang="ts"
	generics="TData, TValue, TContext extends HeaderContext<TData, TValue> | CellContext<TData, TValue>"
>

/Users/alessandrojcm/repos/dhc-dashboard/src/lib/components/ui/data-table/flex-render.svelte:14:30
Error: Cannot find name 'HeaderContext'. (ts)
		/** The cell or header field of the current cell's column definition. */
		content?: TContext extends HeaderContext<TData, TValue>
			? ColumnDefTemplate<HeaderContext<TData, TValue>>

/Users/alessandrojcm/repos/dhc-dashboard/src/lib/components/ui/data-table/flex-render.svelte:15:6
Error: Cannot find name 'ColumnDefTemplate'. (ts)
		content?: TContext extends HeaderContext<TData, TValue>
			? ColumnDefTemplate<HeaderContext<TData, TValue>>
			: TContext extends CellContext<TData, TValue>

/Users/alessandrojcm/repos/dhc-dashboard/src/lib/components/ui/data-table/flex-render.svelte:15:24
Error: Cannot find name 'HeaderContext'. (ts)
		content?: TContext extends HeaderContext<TData, TValue>
			? ColumnDefTemplate<HeaderContext<TData, TValue>>
			: TContext extends CellContext<TData, TValue>

/Users/alessandrojcm/repos/dhc-dashboard/src/lib/components/ui/data-table/flex-render.svelte:16:23
Error: Cannot find name 'CellContext'. (ts)
			? ColumnDefTemplate<HeaderContext<TData, TValue>>
			: TContext extends CellContext<TData, TValue>
				? ColumnDefTemplate<CellContext<TData, TValue>>

/Users/alessandrojcm/repos/dhc-dashboard/src/lib/components/ui/data-table/flex-render.svelte:17:7
Error: Cannot find name 'ColumnDefTemplate'. (ts)
			: TContext extends CellContext<TData, TValue>
				? ColumnDefTemplate<CellContext<TData, TValue>>
				: never;

/Users/alessandrojcm/repos/dhc-dashboard/src/lib/components/ui/data-table/flex-render.svelte:17:25
Error: Cannot find name 'CellContext'. (ts)
			: TContext extends CellContext<TData, TValue>
				? ColumnDefTemplate<CellContext<TData, TValue>>
				: never;

/Users/alessandrojcm/repos/dhc-dashboard/src/lib/components/ui/data-table/flex-render.svelte:28:11
Error: The left-hand side of an 'instanceof' expression must be of type 'any', an object type or a type parameter. (ts)
	{content}
{:else if content instanceof Function}
	<!-- It's unlikely that a CellContext will be passed to a Header -->

/Users/alessandrojcm/repos/dhc-dashboard/src/lib/components/ui/dialog/dialog-close.svelte:8:24
Error: Cannot bind to constant
https://svelte.dev/e/constant_binding (svelte)

<DialogPrimitive.Close bind:ref data-slot="dialog-close" {...restProps} />

/Users/alessandrojcm/repos/dhc-dashboard/src/lib/components/ui/dialog/dialog-close.svelte:8:2
Error: 'DialogPrimitive' cannot be used as a value because it was imported using 'import type'. (ts)

<DialogPrimitive.Close bind:ref data-slot="dialog-close" {...restProps} />

/Users/alessandrojcm/repos/dhc-dashboard/src/lib/components/ui/dialog/dialog-content.svelte:23:3
Error: Cannot bind to constant
https://svelte.dev/e/constant_binding (svelte)
	<DialogPrimitive.Content
		bind:ref
		data-slot="dialog-content"

/Users/alessandrojcm/repos/dhc-dashboard/src/lib/components/ui/dialog/dialog-content.svelte:20:2
Error: Cannot find name 'Dialog'. (ts)

<Dialog.Portal {...portalProps}>
	<Dialog.Overlay />

/Users/alessandrojcm/repos/dhc-dashboard/src/lib/components/ui/dialog/dialog-content.svelte:21:3
Error: Cannot find name 'Dialog'. (ts)
<Dialog.Portal {...portalProps}>
	<Dialog.Overlay />
	<DialogPrimitive.Content

/Users/alessandrojcm/repos/dhc-dashboard/src/lib/components/ui/dialog/dialog-content.svelte:22:3
Error: 'DialogPrimitive' cannot be used as a value because it was imported using 'import type'. (ts)
	<Dialog.Overlay />
	<DialogPrimitive.Content
		bind:ref

/Users/alessandrojcm/repos/dhc-dashboard/src/lib/components/ui/dialog/dialog-content.svelte:25:10
Error: Cannot find name 'cn'. (ts)
		data-slot="dialog-content"
		class={cn(
			"bg-background data-[state=open]:animate-in data-[state=closed]:animate-out data-[state=closed]:fade-out-0 data-[state=open]:fade-in-0 data-[state=closed]:zoom-out-95 data-[state=open]:zoom-in-95 fixed left-[50%] top-[50%] z-50 grid w-full max-w-[calc(100%-2rem)] translate-x-[-50%] translate-y-[-50%] gap-4 rounded-lg border p-6 shadow-lg duration-200 sm:max-w-lg",

/Users/alessandrojcm/repos/dhc-dashboard/src/lib/components/ui/dialog/dialog-content.svelte:33:5
Error: 'DialogPrimitive' cannot be used as a value because it was imported using 'import type'. (ts)
		{#if showCloseButton}
			<DialogPrimitive.Close
				class="ring-offset-background focus:ring-ring rounded-xs focus:outline-hidden absolute end-4 top-4 opacity-70 transition-opacity hover:opacity-100 focus:ring-2 focus:ring-offset-2 disabled:pointer-events-none [&_svg:not([class*='size-'])]:size-4 [&_svg]:pointer-events-none [&_svg]:shrink-0"

/Users/alessandrojcm/repos/dhc-dashboard/src/lib/components/ui/dialog/dialog-content.svelte:36:6
Error: Cannot find name 'XIcon'. (ts)
			>
				<XIcon />
				<span class="sr-only">Close</span>

/Users/alessandrojcm/repos/dhc-dashboard/src/lib/components/ui/dialog/dialog-content.svelte:38:6
Error: 'DialogPrimitive' cannot be used as a value because it was imported using 'import type'. (ts)
				<span class="sr-only">Close</span>
			</DialogPrimitive.Close>
		{/if}

/Users/alessandrojcm/repos/dhc-dashboard/src/lib/components/ui/dialog/dialog-content.svelte:40:4
Error: 'DialogPrimitive' cannot be used as a value because it was imported using 'import type'. (ts)
		{/if}
	</DialogPrimitive.Content>
</Dialog.Portal>

/Users/alessandrojcm/repos/dhc-dashboard/src/lib/components/ui/dialog/dialog-content.svelte:41:3
Error: Cannot find name 'Dialog'. (ts)
	</DialogPrimitive.Content>
</Dialog.Portal>

/Users/alessandrojcm/repos/dhc-dashboard/src/lib/components/ui/dialog/dialog-description.svelte:12:2
Error: Cannot bind to constant
https://svelte.dev/e/constant_binding (svelte)
<DialogPrimitive.Description
	bind:ref
	data-slot="dialog-description"

/Users/alessandrojcm/repos/dhc-dashboard/src/lib/components/ui/dialog/dialog-description.svelte:11:2
Error: 'DialogPrimitive' cannot be used as a value because it was imported using 'import type'. (ts)

<DialogPrimitive.Description
	bind:ref

/Users/alessandrojcm/repos/dhc-dashboard/src/lib/components/ui/dialog/dialog-description.svelte:14:9
Error: Cannot find name 'cn'. (ts)
	data-slot="dialog-description"
	class={cn("text-muted-foreground text-sm", className)}
	{...restProps}

/Users/alessandrojcm/repos/dhc-dashboard/src/lib/components/ui/dialog/dialog-footer.svelte:14:2
Error: Cannot bind to constant
https://svelte.dev/e/constant_binding (svelte)
<div
	bind:this={ref}
	data-slot="dialog-footer"

/Users/alessandrojcm/repos/dhc-dashboard/src/lib/components/ui/dialog/dialog-footer.svelte:16:9
Error: Cannot find name 'cn'. (ts)
	data-slot="dialog-footer"
	class={cn("flex flex-col-reverse gap-2 sm:flex-row sm:justify-end", className)}
	{...restProps}

/Users/alessandrojcm/repos/dhc-dashboard/src/lib/components/ui/dialog/dialog-footer.svelte:14:13
Error: Cannot assign to 'ref' because it is a constant. (ts)
<div
	bind:this={ref}
	data-slot="dialog-footer"

/Users/alessandrojcm/repos/dhc-dashboard/src/lib/components/ui/dialog/dialog-header.svelte:14:2
Error: Cannot bind to constant
https://svelte.dev/e/constant_binding (svelte)
<div
	bind:this={ref}
	data-slot="dialog-header"

/Users/alessandrojcm/repos/dhc-dashboard/src/lib/components/ui/dialog/dialog-header.svelte:16:9
Error: Cannot find name 'cn'. (ts)
	data-slot="dialog-header"
	class={cn("flex flex-col gap-2 text-center sm:text-left", className)}
	{...restProps}

/Users/alessandrojcm/repos/dhc-dashboard/src/lib/components/ui/dialog/dialog-header.svelte:14:13
Error: Cannot assign to 'ref' because it is a constant. (ts)
<div
	bind:this={ref}
	data-slot="dialog-header"

/Users/alessandrojcm/repos/dhc-dashboard/src/lib/components/ui/dialog/dialog-overlay.svelte:12:2
Error: Cannot bind to constant
https://svelte.dev/e/constant_binding (svelte)
<DialogPrimitive.Overlay
	bind:ref
	data-slot="dialog-overlay"

/Users/alessandrojcm/repos/dhc-dashboard/src/lib/components/ui/dialog/dialog-overlay.svelte:11:2
Error: 'DialogPrimitive' cannot be used as a value because it was imported using 'import type'. (ts)

<DialogPrimitive.Overlay
	bind:ref

/Users/alessandrojcm/repos/dhc-dashboard/src/lib/components/ui/dialog/dialog-overlay.svelte:14:9
Error: Cannot find name 'cn'. (ts)
	data-slot="dialog-overlay"
	class={cn(
		"data-[state=open]:animate-in data-[state=closed]:animate-out data-[state=closed]:fade-out-0 data-[state=open]:fade-in-0 fixed inset-0 z-50 bg-black/50",

/Users/alessandrojcm/repos/dhc-dashboard/src/lib/components/ui/dialog/dialog-title.svelte:12:2
Error: Cannot bind to constant
https://svelte.dev/e/constant_binding (svelte)
<DialogPrimitive.Title
	bind:ref
	data-slot="dialog-title"

/Users/alessandrojcm/repos/dhc-dashboard/src/lib/components/ui/dialog/dialog-title.svelte:11:2
Error: 'DialogPrimitive' cannot be used as a value because it was imported using 'import type'. (ts)

<DialogPrimitive.Title
	bind:ref

/Users/alessandrojcm/repos/dhc-dashboard/src/lib/components/ui/dialog/dialog-title.svelte:14:9
Error: Cannot find name 'cn'. (ts)
	data-slot="dialog-title"
	class={cn("text-lg font-semibold leading-none", className)}
	{...restProps}

/Users/alessandrojcm/repos/dhc-dashboard/src/lib/components/ui/dialog/dialog-trigger.svelte:8:26
Error: Cannot bind to constant
https://svelte.dev/e/constant_binding (svelte)

<DialogPrimitive.Trigger bind:ref data-slot="dialog-trigger" {...restProps} />

/Users/alessandrojcm/repos/dhc-dashboard/src/lib/components/ui/dialog/dialog-trigger.svelte:8:2
Error: 'DialogPrimitive' cannot be used as a value because it was imported using 'import type'. (ts)

<DialogPrimitive.Trigger bind:ref data-slot="dialog-trigger" {...restProps} />

/Users/alessandrojcm/repos/dhc-dashboard/src/lib/components/ui/drawer/drawer.svelte:12:47
Error: Cannot bind to constant
https://svelte.dev/e/constant_binding (svelte)

<DrawerPrimitive.Root {shouldScaleBackground} bind:open bind:activeSnapPoint {...restProps} />

/Users/alessandrojcm/repos/dhc-dashboard/src/lib/components/ui/drawer/drawer.svelte:12:2
Error: 'DrawerPrimitive' cannot be used as a value because it was imported using 'import type'. (ts)

<DrawerPrimitive.Root {shouldScaleBackground} bind:open bind:activeSnapPoint {...restProps} />

/Users/alessandrojcm/repos/dhc-dashboard/src/lib/components/ui/drawer/drawer-close.svelte:8:24
Error: Cannot bind to constant
https://svelte.dev/e/constant_binding (svelte)

<DrawerPrimitive.Close bind:ref data-slot="drawer-close" {...restProps} />

/Users/alessandrojcm/repos/dhc-dashboard/src/lib/components/ui/drawer/drawer-close.svelte:8:2
Error: 'DrawerPrimitive' cannot be used as a value because it was imported using 'import type'. (ts)

<DrawerPrimitive.Close bind:ref data-slot="drawer-close" {...restProps} />

/Users/alessandrojcm/repos/dhc-dashboard/src/lib/components/ui/drawer/drawer-content.svelte:18:3
Error: Cannot bind to constant
https://svelte.dev/e/constant_binding (svelte)
	<DrawerPrimitive.Content
		bind:ref
		data-slot="drawer-content"

/Users/alessandrojcm/repos/dhc-dashboard/src/lib/components/ui/drawer/drawer-content.svelte:15:2
Error: 'DrawerPrimitive' cannot be used as a value because it was imported using 'import type'. (ts)

<DrawerPrimitive.Portal {...portalProps}>
	<DrawerOverlay />

/Users/alessandrojcm/repos/dhc-dashboard/src/lib/components/ui/drawer/drawer-content.svelte:16:3
Error: Cannot find name 'DrawerOverlay'. (ts)
<DrawerPrimitive.Portal {...portalProps}>
	<DrawerOverlay />
	<DrawerPrimitive.Content

/Users/alessandrojcm/repos/dhc-dashboard/src/lib/components/ui/drawer/drawer-content.svelte:17:3
Error: 'DrawerPrimitive' cannot be used as a value because it was imported using 'import type'. (ts)
	<DrawerOverlay />
	<DrawerPrimitive.Content
		bind:ref

/Users/alessandrojcm/repos/dhc-dashboard/src/lib/components/ui/drawer/drawer-content.svelte:20:10
Error: Cannot find name 'cn'. (ts)
		data-slot="drawer-content"
		class={cn(
			"group/drawer-content bg-background fixed z-50 flex h-auto flex-col",

/Users/alessandrojcm/repos/dhc-dashboard/src/lib/components/ui/drawer/drawer-content.svelte:34:4
Error: 'DrawerPrimitive' cannot be used as a value because it was imported using 'import type'. (ts)
		{@render children?.()}
	</DrawerPrimitive.Content>
</DrawerPrimitive.Portal>

/Users/alessandrojcm/repos/dhc-dashboard/src/lib/components/ui/drawer/drawer-content.svelte:35:3
Error: 'DrawerPrimitive' cannot be used as a value because it was imported using 'import type'. (ts)
	</DrawerPrimitive.Content>
</DrawerPrimitive.Portal>

/Users/alessandrojcm/repos/dhc-dashboard/src/lib/components/ui/drawer/drawer-description.svelte:12:2
Error: Cannot bind to constant
https://svelte.dev/e/constant_binding (svelte)
<DrawerPrimitive.Description
	bind:ref
	data-slot="drawer-description"

/Users/alessandrojcm/repos/dhc-dashboard/src/lib/components/ui/drawer/drawer-description.svelte:11:2
Error: 'DrawerPrimitive' cannot be used as a value because it was imported using 'import type'. (ts)

<DrawerPrimitive.Description
	bind:ref

/Users/alessandrojcm/repos/dhc-dashboard/src/lib/components/ui/drawer/drawer-description.svelte:14:9
Error: Cannot find name 'cn'. (ts)
	data-slot="drawer-description"
	class={cn("text-muted-foreground text-sm", className)}
	{...restProps}

/Users/alessandrojcm/repos/dhc-dashboard/src/lib/components/ui/drawer/drawer-footer.svelte:14:2
Error: Cannot bind to constant
https://svelte.dev/e/constant_binding (svelte)
<div
	bind:this={ref}
	data-slot="drawer-footer"

/Users/alessandrojcm/repos/dhc-dashboard/src/lib/components/ui/drawer/drawer-footer.svelte:16:9
Error: Cannot find name 'cn'. (ts)
	data-slot="drawer-footer"
	class={cn("mt-auto flex flex-col gap-2 p-4", className)}
	{...restProps}

/Users/alessandrojcm/repos/dhc-dashboard/src/lib/components/ui/drawer/drawer-footer.svelte:14:13
Error: Cannot assign to 'ref' because it is a constant. (ts)
<div
	bind:this={ref}
	data-slot="drawer-footer"

/Users/alessandrojcm/repos/dhc-dashboard/src/lib/components/ui/drawer/drawer-header.svelte:14:2
Error: Cannot bind to constant
https://svelte.dev/e/constant_binding (svelte)
<div
	bind:this={ref}
	data-slot="drawer-header"

/Users/alessandrojcm/repos/dhc-dashboard/src/lib/components/ui/drawer/drawer-header.svelte:16:9
Error: Cannot find name 'cn'. (ts)
	data-slot="drawer-header"
	class={cn("flex flex-col gap-1.5 p-4", className)}
	{...restProps}

/Users/alessandrojcm/repos/dhc-dashboard/src/lib/components/ui/drawer/drawer-header.svelte:14:13
Error: Cannot assign to 'ref' because it is a constant. (ts)
<div
	bind:this={ref}
	data-slot="drawer-header"

/Users/alessandrojcm/repos/dhc-dashboard/src/lib/components/ui/drawer/drawer-nested.svelte:12:53
Error: Cannot bind to constant
https://svelte.dev/e/constant_binding (svelte)

<DrawerPrimitive.NestedRoot {shouldScaleBackground} bind:open bind:activeSnapPoint {...restProps} />

/Users/alessandrojcm/repos/dhc-dashboard/src/lib/components/ui/drawer/drawer-nested.svelte:12:2
Error: 'DrawerPrimitive' cannot be used as a value because it was imported using 'import type'. (ts)

<DrawerPrimitive.NestedRoot {shouldScaleBackground} bind:open bind:activeSnapPoint {...restProps} />

/Users/alessandrojcm/repos/dhc-dashboard/src/lib/components/ui/drawer/drawer-overlay.svelte:12:2
Error: Cannot bind to constant
https://svelte.dev/e/constant_binding (svelte)
<DrawerPrimitive.Overlay
	bind:ref
	data-slot="drawer-overlay"

/Users/alessandrojcm/repos/dhc-dashboard/src/lib/components/ui/drawer/drawer-overlay.svelte:11:2
Error: 'DrawerPrimitive' cannot be used as a value because it was imported using 'import type'. (ts)

<DrawerPrimitive.Overlay
	bind:ref

/Users/alessandrojcm/repos/dhc-dashboard/src/lib/components/ui/drawer/drawer-overlay.svelte:14:9
Error: Cannot find name 'cn'. (ts)
	data-slot="drawer-overlay"
	class={cn(
		"data-[state=open]:animate-in data-[state=closed]:animate-out data-[state=closed]:fade-out-0 data-[state=open]:fade-in-0 fixed inset-0 z-50 bg-black/50",

/Users/alessandrojcm/repos/dhc-dashboard/src/lib/components/ui/drawer/drawer-title.svelte:12:2
Error: Cannot bind to constant
https://svelte.dev/e/constant_binding (svelte)
<DrawerPrimitive.Title
	bind:ref
	data-slot="drawer-title"

/Users/alessandrojcm/repos/dhc-dashboard/src/lib/components/ui/drawer/drawer-title.svelte:11:2
Error: 'DrawerPrimitive' cannot be used as a value because it was imported using 'import type'. (ts)

<DrawerPrimitive.Title
	bind:ref

/Users/alessandrojcm/repos/dhc-dashboard/src/lib/components/ui/drawer/drawer-title.svelte:14:9
Error: Cannot find name 'cn'. (ts)
	data-slot="drawer-title"
	class={cn("text-foreground font-semibold", className)}
	{...restProps}

/Users/alessandrojcm/repos/dhc-dashboard/src/lib/components/ui/drawer/drawer-trigger.svelte:8:26
Error: Cannot bind to constant
https://svelte.dev/e/constant_binding (svelte)

<DrawerPrimitive.Trigger bind:ref data-slot="drawer-trigger" {...restProps} />

/Users/alessandrojcm/repos/dhc-dashboard/src/lib/components/ui/drawer/drawer-trigger.svelte:8:2
Error: 'DrawerPrimitive' cannot be used as a value because it was imported using 'import type'. (ts)

<DrawerPrimitive.Trigger bind:ref data-slot="drawer-trigger" {...restProps} />

/Users/alessandrojcm/repos/dhc-dashboard/src/lib/components/ui/dropdown-menu/dropdown-menu-checkbox-group.svelte:12:2
Error: Cannot bind to constant
https://svelte.dev/e/constant_binding (svelte)
<DropdownMenuPrimitive.CheckboxGroup
	bind:ref
	bind:value

/Users/alessandrojcm/repos/dhc-dashboard/src/lib/components/ui/dropdown-menu/dropdown-menu-checkbox-group.svelte:11:2
Error: 'DropdownMenuPrimitive' cannot be used as a value because it was imported using 'import type'. (ts)

<DropdownMenuPrimitive.CheckboxGroup
	bind:ref

/Users/alessandrojcm/repos/dhc-dashboard/src/lib/components/ui/dropdown-menu/dropdown-menu-checkbox-item.svelte:19:2
Error: Cannot bind to constant
https://svelte.dev/e/constant_binding (svelte)
<DropdownMenuPrimitive.CheckboxItem
	bind:ref
	bind:checked

/Users/alessandrojcm/repos/dhc-dashboard/src/lib/components/ui/dropdown-menu/dropdown-menu-checkbox-item.svelte:18:2
Error: 'DropdownMenuPrimitive' cannot be used as a value because it was imported using 'import type'. (ts)

<DropdownMenuPrimitive.CheckboxItem
	bind:ref

/Users/alessandrojcm/repos/dhc-dashboard/src/lib/components/ui/dropdown-menu/dropdown-menu-checkbox-item.svelte:23:9
Error: Cannot find name 'cn'. (ts)
	data-slot="dropdown-menu-checkbox-item"
	class={cn(
		"focus:bg-accent focus:text-accent-foreground outline-hidden relative flex cursor-default select-none items-center gap-2 rounded-sm py-1.5 pl-8 pr-2 text-sm data-[disabled]:pointer-events-none data-[disabled]:opacity-50 [&_svg:not([class*='size-'])]:size-4 [&_svg]:pointer-events-none [&_svg]:shrink-0",

/Users/alessandrojcm/repos/dhc-dashboard/src/lib/components/ui/dropdown-menu/dropdown-menu-checkbox-item.svelte:32:6
Error: Cannot find name 'MinusIcon'. (ts)
			{#if indeterminate}
				<MinusIcon class="size-4" />
			{:else}

/Users/alessandrojcm/repos/dhc-dashboard/src/lib/components/ui/dropdown-menu/dropdown-menu-checkbox-item.svelte:34:6
Error: Cannot find name 'CheckIcon'. (ts)
			{:else}
				<CheckIcon class={cn("size-4", !checked && "text-transparent")} />
			{/if}

/Users/alessandrojcm/repos/dhc-dashboard/src/lib/components/ui/dropdown-menu/dropdown-menu-checkbox-item.svelte:34:23
Error: Cannot find name 'cn'. (ts)
			{:else}
				<CheckIcon class={cn("size-4", !checked && "text-transparent")} />
			{/if}

/Users/alessandrojcm/repos/dhc-dashboard/src/lib/components/ui/dropdown-menu/dropdown-menu-checkbox-item.svelte:39:3
Error: 'DropdownMenuPrimitive' cannot be used as a value because it was imported using 'import type'. (ts)
	{/snippet}
</DropdownMenuPrimitive.CheckboxItem>

/Users/alessandrojcm/repos/dhc-dashboard/src/lib/components/ui/dropdown-menu/dropdown-menu-content.svelte:17:3
Error: Cannot bind to constant
https://svelte.dev/e/constant_binding (svelte)
	<DropdownMenuPrimitive.Content
		bind:ref
		data-slot="dropdown-menu-content"

/Users/alessandrojcm/repos/dhc-dashboard/src/lib/components/ui/dropdown-menu/dropdown-menu-content.svelte:15:2
Error: 'DropdownMenuPrimitive' cannot be used as a value because it was imported using 'import type'. (ts)

<DropdownMenuPrimitive.Portal {...portalProps}>
	<DropdownMenuPrimitive.Content

/Users/alessandrojcm/repos/dhc-dashboard/src/lib/components/ui/dropdown-menu/dropdown-menu-content.svelte:16:3
Error: 'DropdownMenuPrimitive' cannot be used as a value because it was imported using 'import type'. (ts)
<DropdownMenuPrimitive.Portal {...portalProps}>
	<DropdownMenuPrimitive.Content
		bind:ref

/Users/alessandrojcm/repos/dhc-dashboard/src/lib/components/ui/dropdown-menu/dropdown-menu-content.svelte:20:10
Error: Cannot find name 'cn'. (ts)
		{sideOffset}
		class={cn(
			"bg-popover text-popover-foreground data-[state=open]:animate-in data-[state=closed]:animate-out data-[state=closed]:fade-out-0 data-[state=open]:fade-in-0 data-[state=closed]:zoom-out-95 data-[state=open]:zoom-in-95 data-[side=bottom]:slide-in-from-top-2 data-[side=left]:slide-in-from-right-2 data-[side=right]:slide-in-from-left-2 data-[side=top]:slide-in-from-bottom-2 max-h-(--bits-dropdown-menu-content-available-height) origin-(--bits-dropdown-menu-content-transform-origin) z-50 min-w-[8rem] overflow-y-auto overflow-x-hidden rounded-md border p-1 shadow-md outline-none",

/Users/alessandrojcm/repos/dhc-dashboard/src/lib/components/ui/dropdown-menu/dropdown-menu-content.svelte:26:3
Error: 'DropdownMenuPrimitive' cannot be used as a value because it was imported using 'import type'. (ts)
	/>
</DropdownMenuPrimitive.Portal>

/Users/alessandrojcm/repos/dhc-dashboard/src/lib/components/ui/dropdown-menu/dropdown-menu-group.svelte:10:30
Error: Cannot bind to constant
https://svelte.dev/e/constant_binding (svelte)

<DropdownMenuPrimitive.Group bind:ref data-slot="dropdown-menu-group" {...restProps} />

/Users/alessandrojcm/repos/dhc-dashboard/src/lib/components/ui/dropdown-menu/dropdown-menu-group.svelte:10:2
Error: 'DropdownMenuPrimitive' cannot be used as a value because it was imported using 'import type'. (ts)

<DropdownMenuPrimitive.Group bind:ref data-slot="dropdown-menu-group" {...restProps} />

/Users/alessandrojcm/repos/dhc-dashboard/src/lib/components/ui/dropdown-menu/dropdown-menu-group-heading.svelte:16:2
Error: Cannot bind to constant
https://svelte.dev/e/constant_binding (svelte)
<DropdownMenuPrimitive.GroupHeading
	bind:ref
	data-slot="dropdown-menu-group-heading"

/Users/alessandrojcm/repos/dhc-dashboard/src/lib/components/ui/dropdown-menu/dropdown-menu-group-heading.svelte:15:2
Error: 'DropdownMenuPrimitive' cannot be used as a value because it was imported using 'import type'. (ts)

<DropdownMenuPrimitive.GroupHeading
	bind:ref

/Users/alessandrojcm/repos/dhc-dashboard/src/lib/components/ui/dropdown-menu/dropdown-menu-group-heading.svelte:19:9
Error: Cannot find name 'cn'. (ts)
	data-inset={inset}
	class={cn("px-2 py-1.5 text-sm font-semibold data-[inset]:pl-8", className)}
	{...restProps}

/Users/alessandrojcm/repos/dhc-dashboard/src/lib/components/ui/dropdown-menu/dropdown-menu-item.svelte:17:2
Error: Cannot bind to constant
https://svelte.dev/e/constant_binding (svelte)
<DropdownMenuPrimitive.Item
	bind:ref
	data-slot="dropdown-menu-item"

/Users/alessandrojcm/repos/dhc-dashboard/src/lib/components/ui/dropdown-menu/dropdown-menu-item.svelte:16:2
Error: 'DropdownMenuPrimitive' cannot be used as a value because it was imported using 'import type'. (ts)

<DropdownMenuPrimitive.Item
	bind:ref

/Users/alessandrojcm/repos/dhc-dashboard/src/lib/components/ui/dropdown-menu/dropdown-menu-item.svelte:21:9
Error: Cannot find name 'cn'. (ts)
	data-variant={variant}
	class={cn(
		"data-highlighted:bg-accent data-highlighted:text-accent-foreground data-[variant=destructive]:text-destructive data-[variant=destructive]:data-highlighted:bg-destructive/10 dark:data-[variant=destructive]:data-highlighted:bg-destructive/20 data-[variant=destructive]:data-highlighted:text-destructive data-[variant=destructive]:*:[svg]:!text-destructive [&_svg:not([class*='text-'])]:text-muted-foreground outline-hidden relative flex cursor-default select-none items-center gap-2 rounded-sm px-2 py-1.5 text-sm data-[disabled]:pointer-events-none data-[inset]:pl-8 data-[disabled]:opacity-50 [&_svg:not([class*='size-'])]:size-4 [&_svg]:pointer-events-none [&_svg]:shrink-0",

/Users/alessandrojcm/repos/dhc-dashboard/src/lib/components/ui/dropdown-menu/dropdown-menu-label.svelte:17:2
Error: Cannot bind to constant
https://svelte.dev/e/constant_binding (svelte)
<div
	bind:this={ref}
	data-slot="dropdown-menu-label"

/Users/alessandrojcm/repos/dhc-dashboard/src/lib/components/ui/dropdown-menu/dropdown-menu-label.svelte:20:9
Error: Cannot find name 'cn'. (ts)
	data-inset={inset}
	class={cn("px-2 py-1.5 text-sm font-semibold data-[inset]:pl-8", className)}
	{...restProps}

/Users/alessandrojcm/repos/dhc-dashboard/src/lib/components/ui/dropdown-menu/dropdown-menu-label.svelte:17:13
Error: Cannot assign to 'ref' because it is a constant. (ts)
<div
	bind:this={ref}
	data-slot="dropdown-menu-label"

/Users/alessandrojcm/repos/dhc-dashboard/src/lib/components/ui/dropdown-menu/dropdown-menu-radio-group.svelte:12:2
Error: Cannot bind to constant
https://svelte.dev/e/constant_binding (svelte)
<DropdownMenuPrimitive.RadioGroup
	bind:ref
	bind:value

/Users/alessandrojcm/repos/dhc-dashboard/src/lib/components/ui/dropdown-menu/dropdown-menu-radio-group.svelte:11:2
Error: 'DropdownMenuPrimitive' cannot be used as a value because it was imported using 'import type'. (ts)

<DropdownMenuPrimitive.RadioGroup
	bind:ref

/Users/alessandrojcm/repos/dhc-dashboard/src/lib/components/ui/dropdown-menu/dropdown-menu-radio-item.svelte:14:2
Error: Cannot bind to constant
https://svelte.dev/e/constant_binding (svelte)
<DropdownMenuPrimitive.RadioItem
	bind:ref
	data-slot="dropdown-menu-radio-item"

/Users/alessandrojcm/repos/dhc-dashboard/src/lib/components/ui/dropdown-menu/dropdown-menu-radio-item.svelte:13:2
Error: 'DropdownMenuPrimitive' cannot be used as a value because it was imported using 'import type'. (ts)

<DropdownMenuPrimitive.RadioItem
	bind:ref

/Users/alessandrojcm/repos/dhc-dashboard/src/lib/components/ui/dropdown-menu/dropdown-menu-radio-item.svelte:16:9
Error: Cannot find name 'cn'. (ts)
	data-slot="dropdown-menu-radio-item"
	class={cn(
		"focus:bg-accent focus:text-accent-foreground outline-hidden relative flex cursor-default select-none items-center gap-2 rounded-sm py-1.5 pl-8 pr-2 text-sm data-[disabled]:pointer-events-none data-[disabled]:opacity-50 [&_svg:not([class*='size-'])]:size-4 [&_svg]:pointer-events-none [&_svg]:shrink-0",

/Users/alessandrojcm/repos/dhc-dashboard/src/lib/components/ui/dropdown-menu/dropdown-menu-radio-item.svelte:25:6
Error: Cannot find name 'CircleIcon'. (ts)
			{#if checked}
				<CircleIcon class="size-2 fill-current" />
			{/if}

/Users/alessandrojcm/repos/dhc-dashboard/src/lib/components/ui/dropdown-menu/dropdown-menu-radio-item.svelte:30:3
Error: 'DropdownMenuPrimitive' cannot be used as a value because it was imported using 'import type'. (ts)
	{/snippet}
</DropdownMenuPrimitive.RadioItem>

/Users/alessandrojcm/repos/dhc-dashboard/src/lib/components/ui/dropdown-menu/dropdown-menu-separator.svelte:12:2
Error: Cannot bind to constant
https://svelte.dev/e/constant_binding (svelte)
<DropdownMenuPrimitive.Separator
	bind:ref
	data-slot="dropdown-menu-separator"

/Users/alessandrojcm/repos/dhc-dashboard/src/lib/components/ui/dropdown-menu/dropdown-menu-separator.svelte:11:2
Error: 'DropdownMenuPrimitive' cannot be used as a value because it was imported using 'import type'. (ts)

<DropdownMenuPrimitive.Separator
	bind:ref

/Users/alessandrojcm/repos/dhc-dashboard/src/lib/components/ui/dropdown-menu/dropdown-menu-separator.svelte:14:9
Error: Cannot find name 'cn'. (ts)
	data-slot="dropdown-menu-separator"
	class={cn("bg-border -mx-1 my-1 h-px", className)}
	{...restProps}

/Users/alessandrojcm/repos/dhc-dashboard/src/lib/components/ui/dropdown-menu/dropdown-menu-shortcut.svelte:14:2
Error: Cannot bind to constant
https://svelte.dev/e/constant_binding (svelte)
<span
	bind:this={ref}
	data-slot="dropdown-menu-shortcut"

/Users/alessandrojcm/repos/dhc-dashboard/src/lib/components/ui/dropdown-menu/dropdown-menu-shortcut.svelte:16:9
Error: Cannot find name 'cn'. (ts)
	data-slot="dropdown-menu-shortcut"
	class={cn("text-muted-foreground ml-auto text-xs tracking-widest", className)}
	{...restProps}

/Users/alessandrojcm/repos/dhc-dashboard/src/lib/components/ui/dropdown-menu/dropdown-menu-shortcut.svelte:14:13
Error: Cannot assign to 'ref' because it is a constant. (ts)
<span
	bind:this={ref}
	data-slot="dropdown-menu-shortcut"

/Users/alessandrojcm/repos/dhc-dashboard/src/lib/components/ui/dropdown-menu/dropdown-menu-sub-content.svelte:12:2
Error: Cannot bind to constant
https://svelte.dev/e/constant_binding (svelte)
<DropdownMenuPrimitive.SubContent
	bind:ref
	data-slot="dropdown-menu-sub-content"

/Users/alessandrojcm/repos/dhc-dashboard/src/lib/components/ui/dropdown-menu/dropdown-menu-sub-content.svelte:11:2
Error: 'DropdownMenuPrimitive' cannot be used as a value because it was imported using 'import type'. (ts)

<DropdownMenuPrimitive.SubContent
	bind:ref

/Users/alessandrojcm/repos/dhc-dashboard/src/lib/components/ui/dropdown-menu/dropdown-menu-sub-content.svelte:14:9
Error: Cannot find name 'cn'. (ts)
	data-slot="dropdown-menu-sub-content"
	class={cn(
		"bg-popover text-popover-foreground data-[state=open]:animate-in data-[state=closed]:animate-out data-[state=closed]:fade-out-0 data-[state=open]:fade-in-0 data-[state=closed]:zoom-out-95 data-[state=open]:zoom-in-95 data-[side=bottom]:slide-in-from-top-2 data-[side=left]:slide-in-from-right-2 data-[side=right]:slide-in-from-left-2 data-[side=top]:slide-in-from-bottom-2 origin-(--bits-dropdown-menu-content-transform-origin) z-50 min-w-[8rem] overflow-hidden rounded-md border p-1 shadow-lg",

/Users/alessandrojcm/repos/dhc-dashboard/src/lib/components/ui/dropdown-menu/dropdown-menu-sub-trigger.svelte:16:2
Error: Cannot bind to constant
https://svelte.dev/e/constant_binding (svelte)
<DropdownMenuPrimitive.SubTrigger
	bind:ref
	data-slot="dropdown-menu-sub-trigger"

/Users/alessandrojcm/repos/dhc-dashboard/src/lib/components/ui/dropdown-menu/dropdown-menu-sub-trigger.svelte:15:2
Error: 'DropdownMenuPrimitive' cannot be used as a value because it was imported using 'import type'. (ts)

<DropdownMenuPrimitive.SubTrigger
	bind:ref

/Users/alessandrojcm/repos/dhc-dashboard/src/lib/components/ui/dropdown-menu/dropdown-menu-sub-trigger.svelte:19:9
Error: Cannot find name 'cn'. (ts)
	data-inset={inset}
	class={cn(
		"data-highlighted:bg-accent data-highlighted:text-accent-foreground data-[state=open]:bg-accent data-[state=open]:text-accent-foreground outline-hidden [&_svg:not([class*='text-'])]:text-muted-foreground flex cursor-default select-none items-center gap-2 rounded-sm px-2 py-1.5 text-sm data-[disabled]:pointer-events-none data-[inset]:pl-8 data-[disabled]:opacity-50 [&_svg:not([class*='size-'])]:size-4 [&_svg]:pointer-events-none [&_svg]:shrink-0",

/Users/alessandrojcm/repos/dhc-dashboard/src/lib/components/ui/dropdown-menu/dropdown-menu-sub-trigger.svelte:26:3
Error: Cannot find name 'ChevronRightIcon'. (ts)
	{@render children?.()}
	<ChevronRightIcon class="ml-auto size-4" />
</DropdownMenuPrimitive.SubTrigger>

/Users/alessandrojcm/repos/dhc-dashboard/src/lib/components/ui/dropdown-menu/dropdown-menu-sub-trigger.svelte:27:3
Error: 'DropdownMenuPrimitive' cannot be used as a value because it was imported using 'import type'. (ts)
	<ChevronRightIcon class="ml-auto size-4" />
</DropdownMenuPrimitive.SubTrigger>

/Users/alessandrojcm/repos/dhc-dashboard/src/lib/components/ui/dropdown-menu/dropdown-menu-trigger.svelte:10:32
Error: Cannot bind to constant
https://svelte.dev/e/constant_binding (svelte)

<DropdownMenuPrimitive.Trigger bind:ref data-slot="dropdown-menu-trigger" {...restProps} />

/Users/alessandrojcm/repos/dhc-dashboard/src/lib/components/ui/dropdown-menu/dropdown-menu-trigger.svelte:10:2
Error: 'DropdownMenuPrimitive' cannot be used as a value because it was imported using 'import type'. (ts)

<DropdownMenuPrimitive.Trigger bind:ref data-slot="dropdown-menu-trigger" {...restProps} />

/Users/alessandrojcm/repos/dhc-dashboard/src/lib/components/ui/form/form-button.svelte:7:9
Error: Cannot bind to constant
https://svelte.dev/e/constant_binding (svelte)

<Button bind:ref type="submit" {...restProps} />

/Users/alessandrojcm/repos/dhc-dashboard/src/lib/components/ui/form/form-button.svelte:7:2
Error: Cannot find name 'Button'. (ts)

<Button bind:ref type="submit" {...restProps} />

/Users/alessandrojcm/repos/dhc-dashboard/src/lib/components/ui/form/form-description.svelte:13:2
Error: Cannot bind to constant
https://svelte.dev/e/constant_binding (svelte)
<FormPrimitive.Description
	bind:ref
	data-slot="form-description"

/Users/alessandrojcm/repos/dhc-dashboard/src/lib/components/ui/form/form-description.svelte:12:2
Error: 'FormPrimitive' cannot be used as a value because it was imported using 'import type'. (ts)

<FormPrimitive.Description
	bind:ref

/Users/alessandrojcm/repos/dhc-dashboard/src/lib/components/ui/form/form-description.svelte:15:9
Error: Cannot find name 'cn'. (ts)
	data-slot="form-description"
	class={cn("text-muted-foreground text-sm", className)}
	{...restProps}

/Users/alessandrojcm/repos/dhc-dashboard/src/lib/components/ui/form/form-element-field.svelte:23:31
Error: Cannot find name 'cn'. (ts)
	{#snippet children({ constraints, errors, tainted, value })}
		<div bind:this={ref} class={cn("space-y-2", className)} {...restProps}>
			{@render childrenProp?.({ constraints, errors, tainted, value: value as T[U] })}

/Users/alessandrojcm/repos/dhc-dashboard/src/lib/components/ui/form/form-field.svelte:27:11
Error: Cannot find name 'cn'. (ts)
			data-slot="form-item"
			class={cn("space-y-2", className)}
			{...restProps}

/Users/alessandrojcm/repos/dhc-dashboard/src/lib/components/ui/form/form-field-errors.svelte:17:2
Error: Cannot bind to constant
https://svelte.dev/e/constant_binding (svelte)
<FormPrimitive.FieldErrors
	bind:ref
	class={cn("text-destructive text-sm font-medium", className)}

/Users/alessandrojcm/repos/dhc-dashboard/src/lib/components/ui/form/form-field-errors.svelte:16:2
Error: 'FormPrimitive' cannot be used as a value because it was imported using 'import type'. (ts)

<FormPrimitive.FieldErrors
	bind:ref

/Users/alessandrojcm/repos/dhc-dashboard/src/lib/components/ui/form/form-field-errors.svelte:18:9
Error: Cannot find name 'cn'. (ts)
	bind:ref
	class={cn("text-destructive text-sm font-medium", className)}
	{...restProps}

/Users/alessandrojcm/repos/dhc-dashboard/src/lib/components/ui/form/form-field-errors.svelte:26:33
Error: Cannot find name 'cn'. (ts)
			{#each errors as error (error)}
				<div {...errorProps} class={cn(errorClasses)}>{error}</div>
			{/each}

/Users/alessandrojcm/repos/dhc-dashboard/src/lib/components/ui/form/form-field-errors.svelte:30:3
Error: 'FormPrimitive' cannot be used as a value because it was imported using 'import type'. (ts)
	{/snippet}
</FormPrimitive.FieldErrors>

/Users/alessandrojcm/repos/dhc-dashboard/src/lib/components/ui/form/form-fieldset.svelte:18:55
Error: Cannot find name 'cn'. (ts)

<FormPrimitive.Fieldset bind:ref {form} {name} class={cn("space-y-2", className)} {...restProps} />

/Users/alessandrojcm/repos/dhc-dashboard/src/lib/components/ui/form/form-label.svelte:13:37
Error: Cannot bind to constant
https://svelte.dev/e/constant_binding (svelte)

<FormPrimitive.Label {...restProps} bind:ref>
	{#snippet child({ props })}

/Users/alessandrojcm/repos/dhc-dashboard/src/lib/components/ui/form/form-label.svelte:13:2
Error: 'FormPrimitive' cannot be used as a value because it was imported using 'import type'. (ts)

<FormPrimitive.Label {...restProps} bind:ref>
	{#snippet child({ props })}

/Users/alessandrojcm/repos/dhc-dashboard/src/lib/components/ui/form/form-label.svelte:15:4
Error: Cannot find name 'Label'. (ts)
	{#snippet child({ props })}
		<Label
			{...props}

/Users/alessandrojcm/repos/dhc-dashboard/src/lib/components/ui/form/form-label.svelte:18:11
Error: Cannot find name 'cn'. (ts)
			data-slot="form-label"
			class={cn("data-[fs-error]:text-destructive", className)}
		>

/Users/alessandrojcm/repos/dhc-dashboard/src/lib/components/ui/form/form-label.svelte:21:5
Error: Cannot find name 'Label'. (ts)
			{@render children?.()}
		</Label>
	{/snippet}

/Users/alessandrojcm/repos/dhc-dashboard/src/lib/components/ui/form/form-label.svelte:23:3
Error: 'FormPrimitive' cannot be used as a value because it was imported using 'import type'. (ts)
	{/snippet}
</FormPrimitive.Label>

/Users/alessandrojcm/repos/dhc-dashboard/src/lib/components/ui/form/form-legend.svelte:13:2
Error: Cannot bind to constant
https://svelte.dev/e/constant_binding (svelte)
<FormPrimitive.Legend
	bind:ref
	class={cn("data-[fs-error]:text-destructive text-sm font-medium leading-none", className)}

/Users/alessandrojcm/repos/dhc-dashboard/src/lib/components/ui/form/form-legend.svelte:12:2
Error: 'FormPrimitive' cannot be used as a value because it was imported using 'import type'. (ts)

<FormPrimitive.Legend
	bind:ref

/Users/alessandrojcm/repos/dhc-dashboard/src/lib/components/ui/form/form-legend.svelte:14:9
Error: Cannot find name 'cn'. (ts)
	bind:ref
	class={cn("data-[fs-error]:text-destructive text-sm font-medium leading-none", className)}
	{...restProps}

/Users/alessandrojcm/repos/dhc-dashboard/src/lib/components/ui/hover-card/hover-card-content.svelte:18:3
Error: Cannot bind to constant
https://svelte.dev/e/constant_binding (svelte)
	<HoverCardPrimitive.Content
		bind:ref
		data-slot="hover-card-content"

/Users/alessandrojcm/repos/dhc-dashboard/src/lib/components/ui/hover-card/hover-card-content.svelte:16:2
Error: 'HoverCardPrimitive' cannot be used as a value because it was imported using 'import type'. (ts)

<HoverCardPrimitive.Portal {...portalProps}>
	<HoverCardPrimitive.Content

/Users/alessandrojcm/repos/dhc-dashboard/src/lib/components/ui/hover-card/hover-card-content.svelte:17:3
Error: 'HoverCardPrimitive' cannot be used as a value because it was imported using 'import type'. (ts)
<HoverCardPrimitive.Portal {...portalProps}>
	<HoverCardPrimitive.Content
		bind:ref

/Users/alessandrojcm/repos/dhc-dashboard/src/lib/components/ui/hover-card/hover-card-content.svelte:22:10
Error: Cannot find name 'cn'. (ts)
		{sideOffset}
		class={cn(
			"bg-popover text-popover-foreground data-[state=open]:animate-in data-[state=closed]:animate-out data-[state=closed]:fade-out-0 data-[state=open]:fade-in-0 data-[state=closed]:zoom-out-95 data-[state=open]:zoom-in-95 data-[side=bottom]:slide-in-from-top-2 data-[side=left]:slide-in-from-right-2 data-[side=right]:slide-in-from-left-2 data-[side=top]:slide-in-from-bottom-2 outline-hidden z-50 mt-3 w-64 rounded-md border p-4 shadow-md outline-none",

/Users/alessandrojcm/repos/dhc-dashboard/src/lib/components/ui/hover-card/hover-card-content.svelte:28:3
Error: 'HoverCardPrimitive' cannot be used as a value because it was imported using 'import type'. (ts)
	/>
</HoverCardPrimitive.Portal>

/Users/alessandrojcm/repos/dhc-dashboard/src/lib/components/ui/hover-card/hover-card-trigger.svelte:8:29
Error: Cannot bind to constant
https://svelte.dev/e/constant_binding (svelte)

<HoverCardPrimitive.Trigger bind:ref data-slot="hover-card-trigger" {...restProps} />

/Users/alessandrojcm/repos/dhc-dashboard/src/lib/components/ui/hover-card/hover-card-trigger.svelte:8:2
Error: 'HoverCardPrimitive' cannot be used as a value because it was imported using 'import type'. (ts)

<HoverCardPrimitive.Trigger bind:ref data-slot="hover-card-trigger" {...restProps} />

/Users/alessandrojcm/repos/dhc-dashboard/src/lib/components/ui/input/input.svelte:31:3
Error: Cannot bind to constant
https://svelte.dev/e/constant_binding (svelte)
	<input
		bind:this={ref}
		data-slot={dataSlot}

/Users/alessandrojcm/repos/dhc-dashboard/src/lib/components/ui/input/input.svelte:33:10
Error: Cannot find name 'cn'. (ts)
		data-slot={dataSlot}
		class={cn(
			"selection:bg-primary dark:bg-input/30 selection:text-primary-foreground border-input ring-offset-background placeholder:text-muted-foreground shadow-xs flex h-9 w-full min-w-0 rounded-md border bg-transparent px-3 pt-1.5 text-sm font-medium outline-none transition-[color,box-shadow] disabled:cursor-not-allowed disabled:opacity-50",

/Users/alessandrojcm/repos/dhc-dashboard/src/lib/components/ui/input/input.svelte:31:14
Error: Cannot assign to 'ref' because it is a constant. (ts)
	<input
		bind:this={ref}
		data-slot={dataSlot}

/Users/alessandrojcm/repos/dhc-dashboard/src/lib/components/ui/input/input.svelte:48:10
Error: Cannot find name 'cn'. (ts)
		data-slot={dataSlot}
		class={cn(
			"border-input bg-background selection:bg-primary dark:bg-input/30 selection:text-primary-foreground ring-offset-background placeholder:text-muted-foreground shadow-xs flex h-9 w-full min-w-0 rounded-md border px-3 py-1 text-base outline-none transition-[color,box-shadow] disabled:cursor-not-allowed disabled:opacity-50 md:text-sm",

/Users/alessandrojcm/repos/dhc-dashboard/src/lib/components/ui/input/input.svelte:46:14
Error: Cannot assign to 'ref' because it is a constant. (ts)
	<input
		bind:this={ref}
		data-slot={dataSlot}

/Users/alessandrojcm/repos/dhc-dashboard/src/lib/components/ui/input-otp/input-otp.svelte:13:2
Error: Cannot bind to constant
https://svelte.dev/e/constant_binding (svelte)
<InputOTPPrimitive.Root
	bind:ref
	bind:value

/Users/alessandrojcm/repos/dhc-dashboard/src/lib/components/ui/input-otp/input-otp.svelte:12:2
Error: 'InputOTPPrimitive' cannot be used as a value because it was imported using 'import type'. (ts)

<InputOTPPrimitive.Root
	bind:ref

/Users/alessandrojcm/repos/dhc-dashboard/src/lib/components/ui/input-otp/input-otp.svelte:16:9
Error: Cannot find name 'cn'. (ts)
	data-slot="input-otp"
	class={cn(
		"has-disabled:opacity-50 flex items-center gap-2 [&_input]:disabled:cursor-not-allowed",

/Users/alessandrojcm/repos/dhc-dashboard/src/lib/components/ui/input-otp/input-otp-group.svelte:14:2
Error: Cannot bind to constant
https://svelte.dev/e/constant_binding (svelte)
<div
	bind:this={ref}
	data-slot="input-otp-group"

/Users/alessandrojcm/repos/dhc-dashboard/src/lib/components/ui/input-otp/input-otp-group.svelte:16:9
Error: Cannot find name 'cn'. (ts)
	data-slot="input-otp-group"
	class={cn("flex items-center", className)}
	{...restProps}

/Users/alessandrojcm/repos/dhc-dashboard/src/lib/components/ui/input-otp/input-otp-group.svelte:14:13
Error: Cannot assign to 'ref' because it is a constant. (ts)
<div
	bind:this={ref}
	data-slot="input-otp-group"

/Users/alessandrojcm/repos/dhc-dashboard/src/lib/components/ui/input-otp/input-otp-separator.svelte:12:6
Error: Cannot bind to constant
https://svelte.dev/e/constant_binding (svelte)

<div bind:this={ref} data-slot="input-otp-separator" role="separator" {...restProps}>
	{#if children}

/Users/alessandrojcm/repos/dhc-dashboard/src/lib/components/ui/input-otp/input-otp-separator.svelte:12:17
Error: Cannot assign to 'ref' because it is a constant. (ts)

<div bind:this={ref} data-slot="input-otp-separator" role="separator" {...restProps}>
	{#if children}

/Users/alessandrojcm/repos/dhc-dashboard/src/lib/components/ui/input-otp/input-otp-separator.svelte:16:4
Error: Cannot find name 'DotIcon'. (ts)
	{:else}
		<DotIcon />
	{/if}

/Users/alessandrojcm/repos/dhc-dashboard/src/lib/components/ui/input-otp/input-otp-slot.svelte:14:2
Error: Cannot bind to constant
https://svelte.dev/e/constant_binding (svelte)
	{cell}
	bind:ref
	data-slot="input-otp-slot"

/Users/alessandrojcm/repos/dhc-dashboard/src/lib/components/ui/input-otp/input-otp-slot.svelte:12:2
Error: 'InputOTPPrimitive' cannot be used as a value because it was imported using 'import type'. (ts)

<InputOTPPrimitive.Cell
	{cell}

/Users/alessandrojcm/repos/dhc-dashboard/src/lib/components/ui/input-otp/input-otp-slot.svelte:16:9
Error: Cannot find name 'cn'. (ts)
	data-slot="input-otp-slot"
	class={cn(
		"border-input aria-invalid:border-destructive dark:bg-input/30 relative flex size-9 items-center justify-center border-y border-r text-sm outline-none transition-all first:rounded-l-md first:border-l last:rounded-r-md",

/Users/alessandrojcm/repos/dhc-dashboard/src/lib/components/ui/input-otp/input-otp-slot.svelte:30:3
Error: 'InputOTPPrimitive' cannot be used as a value because it was imported using 'import type'. (ts)
	{/if}
</InputOTPPrimitive.Cell>

/Users/alessandrojcm/repos/dhc-dashboard/src/lib/components/ui/label/label.svelte:12:2
Error: Cannot bind to constant
https://svelte.dev/e/constant_binding (svelte)
<LabelPrimitive.Root
	bind:ref
	data-slot="label"

/Users/alessandrojcm/repos/dhc-dashboard/src/lib/components/ui/label/label.svelte:11:2
Error: 'LabelPrimitive' cannot be used as a value because it was imported using 'import type'. (ts)

<LabelPrimitive.Root
	bind:ref

/Users/alessandrojcm/repos/dhc-dashboard/src/lib/components/ui/label/label.svelte:14:9
Error: Cannot find name 'cn'. (ts)
	data-slot="label"
	class={cn(
		"flex select-none items-center gap-2 text-sm font-medium leading-none peer-disabled:cursor-not-allowed peer-disabled:opacity-50 group-data-[disabled=true]:pointer-events-none group-data-[disabled=true]:opacity-50",

/Users/alessandrojcm/repos/dhc-dashboard/src/lib/components/ui/menubar/menubar.svelte:12:2
Error: Cannot bind to constant
https://svelte.dev/e/constant_binding (svelte)
<MenubarPrimitive.Root
	bind:ref
	data-slot="menubar"

/Users/alessandrojcm/repos/dhc-dashboard/src/lib/components/ui/menubar/menubar.svelte:11:2
Error: 'MenubarPrimitive' cannot be used as a value because it was imported using 'import type'. (ts)

<MenubarPrimitive.Root
	bind:ref

/Users/alessandrojcm/repos/dhc-dashboard/src/lib/components/ui/menubar/menubar.svelte:14:9
Error: Cannot find name 'cn'. (ts)
	data-slot="menubar"
	class={cn(
		"bg-background shadow-xs flex h-9 items-center gap-1 rounded-md border p-1",

/Users/alessandrojcm/repos/dhc-dashboard/src/lib/components/ui/menubar/menubar-checkbox-item.svelte:19:2
Error: Cannot bind to constant
https://svelte.dev/e/constant_binding (svelte)
<MenubarPrimitive.CheckboxItem
	bind:ref
	bind:checked

/Users/alessandrojcm/repos/dhc-dashboard/src/lib/components/ui/menubar/menubar-checkbox-item.svelte:18:2
Error: 'MenubarPrimitive' cannot be used as a value because it was imported using 'import type'. (ts)

<MenubarPrimitive.CheckboxItem
	bind:ref

/Users/alessandrojcm/repos/dhc-dashboard/src/lib/components/ui/menubar/menubar-checkbox-item.svelte:23:9
Error: Cannot find name 'cn'. (ts)
	data-slot="menubar-checkbox-item"
	class={cn(
		"focus:bg-accent focus:text-accent-foreground rounded-xs outline-hidden relative flex cursor-default select-none items-center gap-2 py-1.5 pl-8 pr-2 text-sm data-[disabled]:pointer-events-none data-[disabled]:opacity-50 [&_svg:not([class*='size-'])]:size-4 [&_svg]:pointer-events-none [&_svg]:shrink-0",

/Users/alessandrojcm/repos/dhc-dashboard/src/lib/components/ui/menubar/menubar-checkbox-item.svelte:32:6
Error: Cannot find name 'MinusIcon'. (ts)
			{#if indeterminate}
				<MinusIcon class="size-4" />
			{:else}

/Users/alessandrojcm/repos/dhc-dashboard/src/lib/components/ui/menubar/menubar-checkbox-item.svelte:34:6
Error: Cannot find name 'CheckIcon'. (ts)
			{:else}
				<CheckIcon class={cn("size-4", !checked && "text-transparent")} />
			{/if}

/Users/alessandrojcm/repos/dhc-dashboard/src/lib/components/ui/menubar/menubar-checkbox-item.svelte:34:23
Error: Cannot find name 'cn'. (ts)
			{:else}
				<CheckIcon class={cn("size-4", !checked && "text-transparent")} />
			{/if}

/Users/alessandrojcm/repos/dhc-dashboard/src/lib/components/ui/menubar/menubar-checkbox-item.svelte:39:3
Error: 'MenubarPrimitive' cannot be used as a value because it was imported using 'import type'. (ts)
	{/snippet}
</MenubarPrimitive.CheckboxItem>

/Users/alessandrojcm/repos/dhc-dashboard/src/lib/components/ui/menubar/menubar-content.svelte:20:3
Error: Cannot bind to constant
https://svelte.dev/e/constant_binding (svelte)
	<MenubarPrimitive.Content
		bind:ref
		data-slot="menubar-content"

/Users/alessandrojcm/repos/dhc-dashboard/src/lib/components/ui/menubar/menubar-content.svelte:18:2
Error: 'MenubarPrimitive' cannot be used as a value because it was imported using 'import type'. (ts)

<MenubarPrimitive.Portal {...portalProps}>
	<MenubarPrimitive.Content

/Users/alessandrojcm/repos/dhc-dashboard/src/lib/components/ui/menubar/menubar-content.svelte:19:3
Error: 'MenubarPrimitive' cannot be used as a value because it was imported using 'import type'. (ts)
<MenubarPrimitive.Portal {...portalProps}>
	<MenubarPrimitive.Content
		bind:ref

/Users/alessandrojcm/repos/dhc-dashboard/src/lib/components/ui/menubar/menubar-content.svelte:26:10
Error: Cannot find name 'cn'. (ts)
		{side}
		class={cn(
			"bg-popover text-popover-foreground data-[state=open]:animate-in data-[state=closed]:fade-out-0 data-[state=open]:fade-in-0 data-[state=closed]:zoom-out-95 data-[state=open]:zoom-in-95 data-[side=bottom]:slide-in-from-top-2 data-[side=left]:slide-in-from-right-2 data-[side=right]:slide-in-from-left-2 data-[side=top]:slide-in-from-bottom-2 origin-(--bits-menubar-content-transform-origin) z-50 min-w-[12rem] overflow-hidden rounded-md border p-1 shadow-md",

/Users/alessandrojcm/repos/dhc-dashboard/src/lib/components/ui/menubar/menubar-content.svelte:32:3
Error: 'MenubarPrimitive' cannot be used as a value because it was imported using 'import type'. (ts)
	/>
</MenubarPrimitive.Portal>

/Users/alessandrojcm/repos/dhc-dashboard/src/lib/components/ui/menubar/menubar-group.svelte:12:25
Error: Cannot bind to constant
https://svelte.dev/e/constant_binding (svelte)

<MenubarPrimitive.Group bind:ref data-slot="menubar-group" {...restProps} />

/Users/alessandrojcm/repos/dhc-dashboard/src/lib/components/ui/menubar/menubar-group.svelte:12:2
Error: 'MenubarPrimitive' cannot be used as a value because it was imported using 'import type'. (ts)

<MenubarPrimitive.Group bind:ref data-slot="menubar-group" {...restProps} />

/Users/alessandrojcm/repos/dhc-dashboard/src/lib/components/ui/menubar/menubar-group-heading.svelte:16:2
Error: Cannot bind to constant
https://svelte.dev/e/constant_binding (svelte)
<MenubarPrimitive.GroupHeading
	bind:ref
	data-slot="menubar-group-heading"

/Users/alessandrojcm/repos/dhc-dashboard/src/lib/components/ui/menubar/menubar-group-heading.svelte:15:2
Error: 'MenubarPrimitive' cannot be used as a value because it was imported using 'import type'. (ts)

<MenubarPrimitive.GroupHeading
	bind:ref

/Users/alessandrojcm/repos/dhc-dashboard/src/lib/components/ui/menubar/menubar-group-heading.svelte:19:9
Error: Cannot find name 'cn'. (ts)
	data-inset={inset}
	class={cn("px-2 py-1.5 text-sm font-medium data-[inset]:pl-8", className)}
	{...restProps}

/Users/alessandrojcm/repos/dhc-dashboard/src/lib/components/ui/menubar/menubar-item.svelte:17:2
Error: Cannot bind to constant
https://svelte.dev/e/constant_binding (svelte)
<MenubarPrimitive.Item
	bind:ref
	data-slot="menubar-item"

/Users/alessandrojcm/repos/dhc-dashboard/src/lib/components/ui/menubar/menubar-item.svelte:16:2
Error: 'MenubarPrimitive' cannot be used as a value because it was imported using 'import type'. (ts)

<MenubarPrimitive.Item
	bind:ref

/Users/alessandrojcm/repos/dhc-dashboard/src/lib/components/ui/menubar/menubar-item.svelte:21:9
Error: Cannot find name 'cn'. (ts)
	data-variant={variant}
	class={cn(
		"focus:bg-accent focus:text-accent-foreground data-[variant=destructive]:text-destructive data-[variant=destructive]:focus:bg-destructive/10 dark:data-[variant=destructive]:focus:bg-destructive/20 data-[variant=destructive]:focus:text-destructive data-[variant=destructive]:*:[svg]:!text-destructive [&_svg:not([class*='text-'])]:text-muted-foreground outline-hidden relative flex cursor-default select-none items-center gap-2 rounded-sm px-2 py-1.5 text-sm data-[disabled]:pointer-events-none data-[inset]:pl-8 data-[disabled]:opacity-50 [&_svg:not([class*='size-'])]:size-4 [&_svg]:pointer-events-none [&_svg]:shrink-0",

/Users/alessandrojcm/repos/dhc-dashboard/src/lib/components/ui/menubar/menubar-label.svelte:17:2
Error: Cannot bind to constant
https://svelte.dev/e/constant_binding (svelte)
<div
	bind:this={ref}
	data-slot="menubar-label"

/Users/alessandrojcm/repos/dhc-dashboard/src/lib/components/ui/menubar/menubar-label.svelte:20:9
Error: Cannot find name 'cn'. (ts)
	data-inset={inset}
	class={cn("px-2 py-1.5 text-sm font-medium data-[inset]:pl-8", className)}
	{...restProps}

/Users/alessandrojcm/repos/dhc-dashboard/src/lib/components/ui/menubar/menubar-label.svelte:17:13
Error: Cannot assign to 'ref' because it is a constant. (ts)
<div
	bind:this={ref}
	data-slot="menubar-label"

/Users/alessandrojcm/repos/dhc-dashboard/src/lib/components/ui/menubar/menubar-radio-item.svelte:14:2
Error: Cannot bind to constant
https://svelte.dev/e/constant_binding (svelte)
<MenubarPrimitive.RadioItem
	bind:ref
	data-slot="menubar-radio-item"

/Users/alessandrojcm/repos/dhc-dashboard/src/lib/components/ui/menubar/menubar-radio-item.svelte:13:2
Error: 'MenubarPrimitive' cannot be used as a value because it was imported using 'import type'. (ts)

<MenubarPrimitive.RadioItem
	bind:ref

/Users/alessandrojcm/repos/dhc-dashboard/src/lib/components/ui/menubar/menubar-radio-item.svelte:16:9
Error: Cannot find name 'cn'. (ts)
	data-slot="menubar-radio-item"
	class={cn(
		"focus:bg-accent focus:text-accent-foreground rounded-xs outline-hidden relative flex cursor-default select-none items-center gap-2 py-1.5 pl-8 pr-2 text-sm data-[disabled]:pointer-events-none data-[disabled]:opacity-50 [&_svg:not([class*='size-'])]:size-4 [&_svg]:pointer-events-none [&_svg]:shrink-0",

/Users/alessandrojcm/repos/dhc-dashboard/src/lib/components/ui/menubar/menubar-radio-item.svelte:25:6
Error: Cannot find name 'CircleIcon'. (ts)
			{#if checked}
				<CircleIcon class="size-2 fill-current" />
			{/if}

/Users/alessandrojcm/repos/dhc-dashboard/src/lib/components/ui/menubar/menubar-radio-item.svelte:30:3
Error: 'MenubarPrimitive' cannot be used as a value because it was imported using 'import type'. (ts)
	{/snippet}
</MenubarPrimitive.RadioItem>

/Users/alessandrojcm/repos/dhc-dashboard/src/lib/components/ui/menubar/menubar-separator.svelte:12:2
Error: Cannot bind to constant
https://svelte.dev/e/constant_binding (svelte)
<MenubarPrimitive.Separator
	bind:ref
	data-slot="menubar-separator"

/Users/alessandrojcm/repos/dhc-dashboard/src/lib/components/ui/menubar/menubar-separator.svelte:11:2
Error: 'MenubarPrimitive' cannot be used as a value because it was imported using 'import type'. (ts)

<MenubarPrimitive.Separator
	bind:ref

/Users/alessandrojcm/repos/dhc-dashboard/src/lib/components/ui/menubar/menubar-separator.svelte:14:9
Error: Cannot find name 'cn'. (ts)
	data-slot="menubar-separator"
	class={cn("bg-border -mx-1 my-1 h-px", className)}
	{...restProps}

/Users/alessandrojcm/repos/dhc-dashboard/src/lib/components/ui/menubar/menubar-shortcut.svelte:14:2
Error: Cannot bind to constant
https://svelte.dev/e/constant_binding (svelte)
<span
	bind:this={ref}
	data-slot="menubar-shortcut"

/Users/alessandrojcm/repos/dhc-dashboard/src/lib/components/ui/menubar/menubar-shortcut.svelte:16:9
Error: Cannot find name 'cn'. (ts)
	data-slot="menubar-shortcut"
	class={cn("text-muted-foreground ml-auto text-xs tracking-widest", className)}
	{...restProps}

/Users/alessandrojcm/repos/dhc-dashboard/src/lib/components/ui/menubar/menubar-shortcut.svelte:14:13
Error: Cannot assign to 'ref' because it is a constant. (ts)
<span
	bind:this={ref}
	data-slot="menubar-shortcut"

/Users/alessandrojcm/repos/dhc-dashboard/src/lib/components/ui/menubar/menubar-sub-content.svelte:12:2
Error: Cannot bind to constant
https://svelte.dev/e/constant_binding (svelte)
<MenubarPrimitive.SubContent
	bind:ref
	data-slot="menubar-sub-content"

/Users/alessandrojcm/repos/dhc-dashboard/src/lib/components/ui/menubar/menubar-sub-content.svelte:11:2
Error: 'MenubarPrimitive' cannot be used as a value because it was imported using 'import type'. (ts)

<MenubarPrimitive.SubContent
	bind:ref

/Users/alessandrojcm/repos/dhc-dashboard/src/lib/components/ui/menubar/menubar-sub-content.svelte:14:9
Error: Cannot find name 'cn'. (ts)
	data-slot="menubar-sub-content"
	class={cn(
		"bg-popover text-popover-foreground data-[state=open]:animate-in data-[state=closed]:animate-out data-[state=closed]:fade-out-0 data-[state=open]:fade-in-0 data-[state=closed]:zoom-out-95 data-[state=open]:zoom-in-95 data-[side=bottom]:slide-in-from-top-2 data-[side=left]:slide-in-from-right-2 data-[side=right]:slide-in-from-left-2 data-[side=top]:slide-in-from-bottom-2 origin-(--bits-menubar-content-transform-origin) z-50 min-w-[8rem] overflow-hidden rounded-md border p-1 shadow-lg",

/Users/alessandrojcm/repos/dhc-dashboard/src/lib/components/ui/menubar/menubar-sub-trigger.svelte:17:2
Error: Cannot bind to constant
https://svelte.dev/e/constant_binding (svelte)
<MenubarPrimitive.SubTrigger
	bind:ref
	data-slot="menubar-sub-trigger"

/Users/alessandrojcm/repos/dhc-dashboard/src/lib/components/ui/menubar/menubar-sub-trigger.svelte:16:2
Error: 'MenubarPrimitive' cannot be used as a value because it was imported using 'import type'. (ts)

<MenubarPrimitive.SubTrigger
	bind:ref

/Users/alessandrojcm/repos/dhc-dashboard/src/lib/components/ui/menubar/menubar-sub-trigger.svelte:20:9
Error: Cannot find name 'cn'. (ts)
	data-inset={inset}
	class={cn(
		"focus:bg-accent focus:text-accent-foreground data-[state=open]:bg-accent data-[state=open]:text-accent-foreground flex cursor-default select-none items-center rounded-sm px-2 py-1.5 text-sm outline-none data-[inset]:pl-8",

/Users/alessandrojcm/repos/dhc-dashboard/src/lib/components/ui/menubar/menubar-sub-trigger.svelte:27:3
Error: Cannot find name 'ChevronRightIcon'. (ts)
	{@render children?.()}
	<ChevronRightIcon class="ml-auto size-4" />
</MenubarPrimitive.SubTrigger>

/Users/alessandrojcm/repos/dhc-dashboard/src/lib/components/ui/menubar/menubar-sub-trigger.svelte:28:3
Error: 'MenubarPrimitive' cannot be used as a value because it was imported using 'import type'. (ts)
	<ChevronRightIcon class="ml-auto size-4" />
</MenubarPrimitive.SubTrigger>

/Users/alessandrojcm/repos/dhc-dashboard/src/lib/components/ui/menubar/menubar-trigger.svelte:12:2
Error: Cannot bind to constant
https://svelte.dev/e/constant_binding (svelte)
<MenubarPrimitive.Trigger
	bind:ref
	data-slot="menubar-trigger"

/Users/alessandrojcm/repos/dhc-dashboard/src/lib/components/ui/menubar/menubar-trigger.svelte:11:2
Error: 'MenubarPrimitive' cannot be used as a value because it was imported using 'import type'. (ts)

<MenubarPrimitive.Trigger
	bind:ref

/Users/alessandrojcm/repos/dhc-dashboard/src/lib/components/ui/menubar/menubar-trigger.svelte:14:9
Error: Cannot find name 'cn'. (ts)
	data-slot="menubar-trigger"
	class={cn(
		"focus:bg-accent focus:text-accent-foreground data-[state=open]:bg-accent data-[state=open]:text-accent-foreground outline-hidden flex select-none items-center rounded-sm px-2 py-1 text-sm font-medium",

/Users/alessandrojcm/repos/dhc-dashboard/src/lib/components/ui/pagination/pagination.svelte:16:2
Error: Cannot bind to constant
https://svelte.dev/e/constant_binding (svelte)
<PaginationPrimitive.Root
	bind:ref
	bind:page

/Users/alessandrojcm/repos/dhc-dashboard/src/lib/components/ui/pagination/pagination.svelte:15:2
Error: 'PaginationPrimitive' cannot be used as a value because it was imported using 'import type'. (ts)

<PaginationPrimitive.Root
	bind:ref

/Users/alessandrojcm/repos/dhc-dashboard/src/lib/components/ui/pagination/pagination.svelte:21:9
Error: Cannot find name 'cn'. (ts)
	data-slot="pagination"
	class={cn("mx-auto flex w-full justify-center", className)}
	{count}

/Users/alessandrojcm/repos/dhc-dashboard/src/lib/components/ui/pagination/pagination-content.svelte:14:2
Error: Cannot bind to constant
https://svelte.dev/e/constant_binding (svelte)
<ul
	bind:this={ref}
	data-slot="pagination-content"

/Users/alessandrojcm/repos/dhc-dashboard/src/lib/components/ui/pagination/pagination-content.svelte:16:9
Error: Cannot find name 'cn'. (ts)
	data-slot="pagination-content"
	class={cn("flex flex-row items-center gap-1", className)}
	{...restProps}

/Users/alessandrojcm/repos/dhc-dashboard/src/lib/components/ui/pagination/pagination-content.svelte:14:13
Error: Cannot assign to 'ref' because it is a constant. (ts)
<ul
	bind:this={ref}
	data-slot="pagination-content"

/Users/alessandrojcm/repos/dhc-dashboard/src/lib/components/ui/pagination/pagination-ellipsis.svelte:13:2
Error: Cannot bind to constant
https://svelte.dev/e/constant_binding (svelte)
<span
	bind:this={ref}
	aria-hidden="true"

/Users/alessandrojcm/repos/dhc-dashboard/src/lib/components/ui/pagination/pagination-ellipsis.svelte:16:9
Error: Cannot find name 'cn'. (ts)
	data-slot="pagination-ellipsis"
	class={cn("flex size-9 items-center justify-center", className)}
	{...restProps}

/Users/alessandrojcm/repos/dhc-dashboard/src/lib/components/ui/pagination/pagination-ellipsis.svelte:13:13
Error: Cannot assign to 'ref' because it is a constant. (ts)
<span
	bind:this={ref}
	aria-hidden="true"

/Users/alessandrojcm/repos/dhc-dashboard/src/lib/components/ui/pagination/pagination-ellipsis.svelte:19:3
Error: Cannot find name 'EllipsisIcon'. (ts)
>
	<EllipsisIcon class="size-4" />
	<span class="sr-only">More pages</span>

/Users/alessandrojcm/repos/dhc-dashboard/src/lib/components/ui/pagination/pagination-item.svelte:12:5
Error: Cannot bind to constant
https://svelte.dev/e/constant_binding (svelte)

<li bind:this={ref} data-slot="pagination-item" {...restProps}>
	{@render children?.()}

/Users/alessandrojcm/repos/dhc-dashboard/src/lib/components/ui/pagination/pagination-item.svelte:12:16
Error: Cannot assign to 'ref' because it is a constant. (ts)

<li bind:this={ref} data-slot="pagination-item" {...restProps}>
	{@render children?.()}

/Users/alessandrojcm/repos/dhc-dashboard/src/lib/components/ui/pagination/pagination-link.svelte:24:2
Error: Cannot bind to constant
https://svelte.dev/e/constant_binding (svelte)
<PaginationPrimitive.Page
	bind:ref
	{page}

/Users/alessandrojcm/repos/dhc-dashboard/src/lib/components/ui/pagination/pagination-link.svelte:23:2
Error: 'PaginationPrimitive' cannot be used as a value because it was imported using 'import type'. (ts)

<PaginationPrimitive.Page
	bind:ref

/Users/alessandrojcm/repos/dhc-dashboard/src/lib/components/ui/pagination/pagination-link.svelte:29:9
Error: Cannot find name 'cn'. (ts)
	data-active={isActive}
	class={cn(
		buttonVariants({

/Users/alessandrojcm/repos/dhc-dashboard/src/lib/components/ui/pagination/pagination-link.svelte:30:3
Error: Cannot find name 'buttonVariants'. (ts)
	class={cn(
		buttonVariants({
			variant: isActive ? "outline" : "ghost",

/Users/alessandrojcm/repos/dhc-dashboard/src/lib/components/ui/pagination/pagination-next-button.svelte:18:2
Error: Cannot bind to constant
https://svelte.dev/e/constant_binding (svelte)
<PaginationPrimitive.NextButton
	bind:ref
	aria-label="Go to next page"

/Users/alessandrojcm/repos/dhc-dashboard/src/lib/components/ui/pagination/pagination-next-button.svelte:14:3
Error: Cannot find name 'ChevronRightIcon'. (ts)
	<span>Next</span>
	<ChevronRightIcon class="size-4" />
{/snippet}

/Users/alessandrojcm/repos/dhc-dashboard/src/lib/components/ui/pagination/pagination-next-button.svelte:17:2
Error: 'PaginationPrimitive' cannot be used as a value because it was imported using 'import type'. (ts)

<PaginationPrimitive.NextButton
	bind:ref

/Users/alessandrojcm/repos/dhc-dashboard/src/lib/components/ui/pagination/pagination-next-button.svelte:20:9
Error: Cannot find name 'cn'. (ts)
	aria-label="Go to next page"
	class={cn(
		buttonVariants({

/Users/alessandrojcm/repos/dhc-dashboard/src/lib/components/ui/pagination/pagination-next-button.svelte:21:3
Error: Cannot find name 'buttonVariants'. (ts)
	class={cn(
		buttonVariants({
			size: "default",

/Users/alessandrojcm/repos/dhc-dashboard/src/lib/components/ui/pagination/pagination-prev-button.svelte:18:2
Error: Cannot bind to constant
https://svelte.dev/e/constant_binding (svelte)
<PaginationPrimitive.PrevButton
	bind:ref
	aria-label="Go to previous page"

/Users/alessandrojcm/repos/dhc-dashboard/src/lib/components/ui/pagination/pagination-prev-button.svelte:13:3
Error: Cannot find name 'ChevronLeftIcon'. (ts)
{#snippet Fallback()}
	<ChevronLeftIcon class="size-4" />
	<span>Previous</span>

/Users/alessandrojcm/repos/dhc-dashboard/src/lib/components/ui/pagination/pagination-prev-button.svelte:17:2
Error: 'PaginationPrimitive' cannot be used as a value because it was imported using 'import type'. (ts)

<PaginationPrimitive.PrevButton
	bind:ref

/Users/alessandrojcm/repos/dhc-dashboard/src/lib/components/ui/pagination/pagination-prev-button.svelte:20:9
Error: Cannot find name 'cn'. (ts)
	aria-label="Go to previous page"
	class={cn(
		buttonVariants({

/Users/alessandrojcm/repos/dhc-dashboard/src/lib/components/ui/pagination/pagination-prev-button.svelte:21:3
Error: Cannot find name 'buttonVariants'. (ts)
	class={cn(
		buttonVariants({
			size: "default",

/Users/alessandrojcm/repos/dhc-dashboard/src/lib/components/ui/popover/popover-content.svelte:18:3
Error: Cannot bind to constant
https://svelte.dev/e/constant_binding (svelte)
	<PopoverPrimitive.Content
		bind:ref
		data-slot="popover-content"

/Users/alessandrojcm/repos/dhc-dashboard/src/lib/components/ui/popover/popover-content.svelte:16:2
Error: 'PopoverPrimitive' cannot be used as a value because it was imported using 'import type'. (ts)

<PopoverPrimitive.Portal {...portalProps}>
	<PopoverPrimitive.Content

/Users/alessandrojcm/repos/dhc-dashboard/src/lib/components/ui/popover/popover-content.svelte:17:3
Error: 'PopoverPrimitive' cannot be used as a value because it was imported using 'import type'. (ts)
<PopoverPrimitive.Portal {...portalProps}>
	<PopoverPrimitive.Content
		bind:ref

/Users/alessandrojcm/repos/dhc-dashboard/src/lib/components/ui/popover/popover-content.svelte:22:10
Error: Cannot find name 'cn'. (ts)
		{align}
		class={cn(
			"bg-popover text-popover-foreground data-[state=open]:animate-in data-[state=closed]:animate-out data-[state=closed]:fade-out-0 data-[state=open]:fade-in-0 data-[state=closed]:zoom-out-95 data-[state=open]:zoom-in-95 data-[side=bottom]:slide-in-from-top-2 data-[side=left]:slide-in-from-right-2 data-[side=right]:slide-in-from-left-2 data-[side=top]:slide-in-from-bottom-2 origin-(--bits-popover-content-transform-origin) outline-hidden z-50 w-72 rounded-md border p-4 shadow-md",

/Users/alessandrojcm/repos/dhc-dashboard/src/lib/components/ui/popover/popover-content.svelte:28:3
Error: 'PopoverPrimitive' cannot be used as a value because it was imported using 'import type'. (ts)
	/>
</PopoverPrimitive.Portal>

/Users/alessandrojcm/repos/dhc-dashboard/src/lib/components/ui/popover/popover-trigger.svelte:12:2
Error: Cannot bind to constant
https://svelte.dev/e/constant_binding (svelte)
<PopoverPrimitive.Trigger
	bind:ref
	data-slot="popover-trigger"

/Users/alessandrojcm/repos/dhc-dashboard/src/lib/components/ui/popover/popover-trigger.svelte:11:2
Error: 'PopoverPrimitive' cannot be used as a value because it was imported using 'import type'. (ts)

<PopoverPrimitive.Trigger
	bind:ref

/Users/alessandrojcm/repos/dhc-dashboard/src/lib/components/ui/popover/popover-trigger.svelte:14:9
Error: Cannot find name 'cn'. (ts)
	data-slot="popover-trigger"
	class={cn("", className)}
	{...restProps}

/Users/alessandrojcm/repos/dhc-dashboard/src/lib/components/ui/progress/progress.svelte:15:2
Error: Cannot bind to constant
https://svelte.dev/e/constant_binding (svelte)
<ProgressPrimitive.Root
	bind:ref
	data-slot="progress"

/Users/alessandrojcm/repos/dhc-dashboard/src/lib/components/ui/progress/progress.svelte:14:2
Error: 'ProgressPrimitive' cannot be used as a value because it was imported using 'import type'. (ts)

<ProgressPrimitive.Root
	bind:ref

/Users/alessandrojcm/repos/dhc-dashboard/src/lib/components/ui/progress/progress.svelte:17:9
Error: Cannot find name 'cn'. (ts)
	data-slot="progress"
	class={cn("bg-primary/20 relative h-2 w-full overflow-hidden rounded-full", className)}
	{value}

/Users/alessandrojcm/repos/dhc-dashboard/src/lib/components/ui/progress/progress.svelte:27:3
Error: 'ProgressPrimitive' cannot be used as a value because it was imported using 'import type'. (ts)
	></div>
</ProgressPrimitive.Root>

/Users/alessandrojcm/repos/dhc-dashboard/src/lib/components/ui/radio-group/radio-group.svelte:13:2
Error: Cannot bind to constant
https://svelte.dev/e/constant_binding (svelte)
<RadioGroupPrimitive.Root
	bind:ref
	bind:value

/Users/alessandrojcm/repos/dhc-dashboard/src/lib/components/ui/radio-group/radio-group.svelte:12:2
Error: 'RadioGroupPrimitive' cannot be used as a value because it was imported using 'import type'. (ts)

<RadioGroupPrimitive.Root
	bind:ref

/Users/alessandrojcm/repos/dhc-dashboard/src/lib/components/ui/radio-group/radio-group.svelte:16:9
Error: Cannot find name 'cn'. (ts)
	data-slot="radio-group"
	class={cn("grid gap-3", className)}
	{...restProps}

/Users/alessandrojcm/repos/dhc-dashboard/src/lib/components/ui/radio-group/radio-group-item.svelte:13:2
Error: Cannot bind to constant
https://svelte.dev/e/constant_binding (svelte)
<RadioGroupPrimitive.Item
	bind:ref
	data-slot="radio-group-item"

/Users/alessandrojcm/repos/dhc-dashboard/src/lib/components/ui/radio-group/radio-group-item.svelte:12:2
Error: 'RadioGroupPrimitive' cannot be used as a value because it was imported using 'import type'. (ts)

<RadioGroupPrimitive.Item
	bind:ref

/Users/alessandrojcm/repos/dhc-dashboard/src/lib/components/ui/radio-group/radio-group-item.svelte:15:9
Error: Cannot find name 'cn'. (ts)
	data-slot="radio-group-item"
	class={cn(
		"border-input text-primary focus-visible:border-ring focus-visible:ring-ring/50 aria-invalid:ring-destructive/20 dark:aria-invalid:ring-destructive/40 aria-invalid:border-destructive dark:bg-input/30 shadow-xs aspect-square size-4 shrink-0 rounded-full border outline-none transition-[color,box-shadow] focus-visible:ring-[3px] disabled:cursor-not-allowed disabled:opacity-50",

/Users/alessandrojcm/repos/dhc-dashboard/src/lib/components/ui/radio-group/radio-group-item.svelte:24:6
Error: Cannot find name 'CircleIcon'. (ts)
			{#if checked}
				<CircleIcon
					class="fill-primary absolute left-1/2 top-1/2 size-2 -translate-x-1/2 -translate-y-1/2"

/Users/alessandrojcm/repos/dhc-dashboard/src/lib/components/ui/radio-group/radio-group-item.svelte:30:3
Error: 'RadioGroupPrimitive' cannot be used as a value because it was imported using 'import type'. (ts)
	{/snippet}
</RadioGroupPrimitive.Item>

/Users/alessandrojcm/repos/dhc-dashboard/src/lib/components/ui/range-calendar/range-calendar.svelte:42:2
Error: Cannot bind to constant
https://svelte.dev/e/constant_binding (svelte)
<RangeCalendarPrimitive.Root
	bind:ref
	bind:value

/Users/alessandrojcm/repos/dhc-dashboard/src/lib/components/ui/range-calendar/range-calendar.svelte:41:2
Error: 'RangeCalendarPrimitive' cannot be used as a value because it was imported using 'import type'. (ts)

<RangeCalendarPrimitive.Root
	bind:ref

/Users/alessandrojcm/repos/dhc-dashboard/src/lib/components/ui/range-calendar/range-calendar.svelte:47:9
Error: Cannot find name 'cn'. (ts)
	{disableDaysOutsideMonth}
	class={cn(
		"bg-background group/calendar p-3 [--cell-size:--spacing(8)] [[data-slot=card-content]_&]:bg-transparent [[data-slot=popover-content]_&]:bg-transparent",

/Users/alessandrojcm/repos/dhc-dashboard/src/lib/components/ui/range-calendar/range-calendar.svelte:52:3
Error: No value exists in scope for the shorthand property 'monthFormat'. Either declare one or provide an initializer. (ts)
	{locale}
	{monthFormat}
	{yearFormat}

/Users/alessandrojcm/repos/dhc-dashboard/src/lib/components/ui/range-calendar/range-calendar.svelte:57:4
Error: Cannot find name 'RangeCalendar'. (ts)
	{#snippet children({ months, weekdays })}
		<RangeCalendar.Months>
			<RangeCalendar.Nav>

/Users/alessandrojcm/repos/dhc-dashboard/src/lib/components/ui/range-calendar/range-calendar.svelte:58:5
Error: Cannot find name 'RangeCalendar'. (ts)
		<RangeCalendar.Months>
			<RangeCalendar.Nav>
				<RangeCalendar.PrevButton variant={buttonVariant} />

/Users/alessandrojcm/repos/dhc-dashboard/src/lib/components/ui/range-calendar/range-calendar.svelte:59:6
Error: Cannot find name 'RangeCalendar'. (ts)
			<RangeCalendar.Nav>
				<RangeCalendar.PrevButton variant={buttonVariant} />
				<RangeCalendar.NextButton variant={buttonVariant} />

/Users/alessandrojcm/repos/dhc-dashboard/src/lib/components/ui/range-calendar/range-calendar.svelte:60:6
Error: Cannot find name 'RangeCalendar'. (ts)
				<RangeCalendar.PrevButton variant={buttonVariant} />
				<RangeCalendar.NextButton variant={buttonVariant} />
			</RangeCalendar.Nav>

/Users/alessandrojcm/repos/dhc-dashboard/src/lib/components/ui/range-calendar/range-calendar.svelte:61:6
Error: Cannot find name 'RangeCalendar'. (ts)
				<RangeCalendar.NextButton variant={buttonVariant} />
			</RangeCalendar.Nav>
			{#each months as month, monthIndex (month)}

/Users/alessandrojcm/repos/dhc-dashboard/src/lib/components/ui/range-calendar/range-calendar.svelte:63:6
Error: Cannot find name 'RangeCalendar'. (ts)
			{#each months as month, monthIndex (month)}
				<RangeCalendar.Month>
					<RangeCalendar.Header>

/Users/alessandrojcm/repos/dhc-dashboard/src/lib/components/ui/range-calendar/range-calendar.svelte:64:7
Error: Cannot find name 'RangeCalendar'. (ts)
				<RangeCalendar.Month>
					<RangeCalendar.Header>
						<RangeCalendar.Caption

/Users/alessandrojcm/repos/dhc-dashboard/src/lib/components/ui/range-calendar/range-calendar.svelte:65:8
Error: Cannot find name 'RangeCalendar'. (ts)
					<RangeCalendar.Header>
						<RangeCalendar.Caption
							{captionLayout}

/Users/alessandrojcm/repos/dhc-dashboard/src/lib/components/ui/range-calendar/range-calendar.svelte:68:9
Error: No value exists in scope for the shorthand property 'monthFormat'. Either declare one or provide an initializer. (ts)
							months={monthsProp}
							{monthFormat}
							{years}

/Users/alessandrojcm/repos/dhc-dashboard/src/lib/components/ui/range-calendar/range-calendar.svelte:76:8
Error: Cannot find name 'RangeCalendar'. (ts)
						/>
					</RangeCalendar.Header>

/Users/alessandrojcm/repos/dhc-dashboard/src/lib/components/ui/range-calendar/range-calendar.svelte:78:7
Error: Cannot find name 'RangeCalendar'. (ts)

					<RangeCalendar.Grid>
						<RangeCalendar.GridHead>

/Users/alessandrojcm/repos/dhc-dashboard/src/lib/components/ui/range-calendar/range-calendar.svelte:79:8
Error: Cannot find name 'RangeCalendar'. (ts)
					<RangeCalendar.Grid>
						<RangeCalendar.GridHead>
							<RangeCalendar.GridRow class="select-none">

/Users/alessandrojcm/repos/dhc-dashboard/src/lib/components/ui/range-calendar/range-calendar.svelte:80:9
Error: Cannot find name 'RangeCalendar'. (ts)
						<RangeCalendar.GridHead>
							<RangeCalendar.GridRow class="select-none">
								{#each weekdays as weekday (weekday)}

/Users/alessandrojcm/repos/dhc-dashboard/src/lib/components/ui/range-calendar/range-calendar.svelte:82:11
Error: Cannot find name 'RangeCalendar'. (ts)
								{#each weekdays as weekday (weekday)}
									<RangeCalendar.HeadCell>
										{weekday.slice(0, 2)}

/Users/alessandrojcm/repos/dhc-dashboard/src/lib/components/ui/range-calendar/range-calendar.svelte:84:12
Error: Cannot find name 'RangeCalendar'. (ts)
										{weekday.slice(0, 2)}
									</RangeCalendar.HeadCell>
								{/each}

/Users/alessandrojcm/repos/dhc-dashboard/src/lib/components/ui/range-calendar/range-calendar.svelte:86:10
Error: Cannot find name 'RangeCalendar'. (ts)
								{/each}
							</RangeCalendar.GridRow>
						</RangeCalendar.GridHead>

/Users/alessandrojcm/repos/dhc-dashboard/src/lib/components/ui/range-calendar/range-calendar.svelte:87:9
Error: Cannot find name 'RangeCalendar'. (ts)
							</RangeCalendar.GridRow>
						</RangeCalendar.GridHead>
						<RangeCalendar.GridBody>

/Users/alessandrojcm/repos/dhc-dashboard/src/lib/components/ui/range-calendar/range-calendar.svelte:88:8
Error: Cannot find name 'RangeCalendar'. (ts)
						</RangeCalendar.GridHead>
						<RangeCalendar.GridBody>
							{#each month.weeks as weekDates (weekDates)}

/Users/alessandrojcm/repos/dhc-dashboard/src/lib/components/ui/range-calendar/range-calendar.svelte:90:10
Error: Cannot find name 'RangeCalendar'. (ts)
							{#each month.weeks as weekDates (weekDates)}
								<RangeCalendar.GridRow class="mt-2 w-full">
									{#each weekDates as date (date)}

/Users/alessandrojcm/repos/dhc-dashboard/src/lib/components/ui/range-calendar/range-calendar.svelte:92:12
Error: Cannot find name 'RangeCalendar'. (ts)
									{#each weekDates as date (date)}
										<RangeCalendar.Cell {date} month={month.value}>
											{#if day}

/Users/alessandrojcm/repos/dhc-dashboard/src/lib/components/ui/range-calendar/range-calendar.svelte:96:29
Error: Cannot find name 'isEqualMonth'. (ts)
													day: date,
													outsideMonth: !isEqualMonth(date, month.value),
												})}

/Users/alessandrojcm/repos/dhc-dashboard/src/lib/components/ui/range-calendar/range-calendar.svelte:99:14
Error: Cannot find name 'RangeCalendar'. (ts)
											{:else}
												<RangeCalendar.Day />
											{/if}

/Users/alessandrojcm/repos/dhc-dashboard/src/lib/components/ui/range-calendar/range-calendar.svelte:101:13
Error: Cannot find name 'RangeCalendar'. (ts)
											{/if}
										</RangeCalendar.Cell>
									{/each}

/Users/alessandrojcm/repos/dhc-dashboard/src/lib/components/ui/range-calendar/range-calendar.svelte:103:11
Error: Cannot find name 'RangeCalendar'. (ts)
									{/each}
								</RangeCalendar.GridRow>
							{/each}

/Users/alessandrojcm/repos/dhc-dashboard/src/lib/components/ui/range-calendar/range-calendar.svelte:105:9
Error: Cannot find name 'RangeCalendar'. (ts)
							{/each}
						</RangeCalendar.GridBody>
					</RangeCalendar.Grid>

/Users/alessandrojcm/repos/dhc-dashboard/src/lib/components/ui/range-calendar/range-calendar.svelte:106:8
Error: Cannot find name 'RangeCalendar'. (ts)
						</RangeCalendar.GridBody>
					</RangeCalendar.Grid>
				</RangeCalendar.Month>

/Users/alessandrojcm/repos/dhc-dashboard/src/lib/components/ui/range-calendar/range-calendar.svelte:107:7
Error: Cannot find name 'RangeCalendar'. (ts)
					</RangeCalendar.Grid>
				</RangeCalendar.Month>
			{/each}

/Users/alessandrojcm/repos/dhc-dashboard/src/lib/components/ui/range-calendar/range-calendar.svelte:109:5
Error: Cannot find name 'RangeCalendar'. (ts)
			{/each}
		</RangeCalendar.Months>
	{/snippet}

/Users/alessandrojcm/repos/dhc-dashboard/src/lib/components/ui/range-calendar/range-calendar.svelte:111:3
Error: 'RangeCalendarPrimitive' cannot be used as a value because it was imported using 'import type'. (ts)
	{/snippet}
</RangeCalendarPrimitive.Root>

/Users/alessandrojcm/repos/dhc-dashboard/src/lib/components/ui/range-calendar/range-calendar-month-select.svelte:20:38
Error: Cannot bind to constant
https://svelte.dev/e/constant_binding (svelte)
>
	<RangeCalendarPrimitive.MonthSelect bind:ref class="absolute inset-0 opacity-0" {...restProps}>
		{#snippet child({ props, monthItems, selectedMonthItem })}

/Users/alessandrojcm/repos/dhc-dashboard/src/lib/components/ui/range-calendar/range-calendar-month-select.svelte:15:9
Error: Cannot find name 'cn'. (ts)
<span
	class={cn(
		"has-focus:border-ring border-input shadow-xs has-focus:ring-ring/50 has-focus:ring-[3px] relative flex rounded-md border",

/Users/alessandrojcm/repos/dhc-dashboard/src/lib/components/ui/range-calendar/range-calendar-month-select.svelte:20:3
Error: 'RangeCalendarPrimitive' cannot be used as a value because it was imported using 'import type'. (ts)
>
	<RangeCalendarPrimitive.MonthSelect bind:ref class="absolute inset-0 opacity-0" {...restProps}>
		{#snippet child({ props, monthItems, selectedMonthItem })}

/Users/alessandrojcm/repos/dhc-dashboard/src/lib/components/ui/range-calendar/range-calendar-month-select.svelte:39:6
Error: Cannot find name 'ChevronDownIcon'. (ts)
				{monthItems.find((item) => item.value === value)?.label || selectedMonthItem.label}
				<ChevronDownIcon class="size-4" />
			</span>

/Users/alessandrojcm/repos/dhc-dashboard/src/lib/components/ui/range-calendar/range-calendar-month-select.svelte:42:4
Error: 'RangeCalendarPrimitive' cannot be used as a value because it was imported using 'import type'. (ts)
		{/snippet}
	</RangeCalendarPrimitive.MonthSelect>
</span>

/Users/alessandrojcm/repos/dhc-dashboard/src/lib/components/ui/range-calendar/range-calendar-year-select.svelte:19:37
Error: Cannot bind to constant
https://svelte.dev/e/constant_binding (svelte)
>
	<RangeCalendarPrimitive.YearSelect bind:ref class="absolute inset-0 opacity-0" {...restProps}>
		{#snippet child({ props, yearItems, selectedYearItem })}

/Users/alessandrojcm/repos/dhc-dashboard/src/lib/components/ui/range-calendar/range-calendar-year-select.svelte:14:9
Error: Cannot find name 'cn'. (ts)
<span
	class={cn(
		"has-focus:border-ring border-input shadow-xs has-focus:ring-ring/50 has-focus:ring-[3px] relative flex rounded-md border",

/Users/alessandrojcm/repos/dhc-dashboard/src/lib/components/ui/range-calendar/range-calendar-year-select.svelte:19:3
Error: 'RangeCalendarPrimitive' cannot be used as a value because it was imported using 'import type'. (ts)
>
	<RangeCalendarPrimitive.YearSelect bind:ref class="absolute inset-0 opacity-0" {...restProps}>
		{#snippet child({ props, yearItems, selectedYearItem })}

/Users/alessandrojcm/repos/dhc-dashboard/src/lib/components/ui/range-calendar/range-calendar-year-select.svelte:38:6
Error: Cannot find name 'ChevronDownIcon'. (ts)
				{yearItems.find((item) => item.value === value)?.label || selectedYearItem.label}
				<ChevronDownIcon class="size-4" />
			</span>

/Users/alessandrojcm/repos/dhc-dashboard/src/lib/components/ui/range-calendar/range-calendar-year-select.svelte:41:4
Error: 'RangeCalendarPrimitive' cannot be used as a value because it was imported using 'import type'. (ts)
		{/snippet}
	</RangeCalendarPrimitive.YearSelect>
</span>

/Users/alessandrojcm/repos/dhc-dashboard/src/lib/components/ui/range-calendar/range-calendar-caption.svelte:58:4
Error: Cannot assign to constant
https://svelte.dev/e/constant_assignment (svelte)
			const newPlaceholder = placeholder.set({ month: v });
			placeholder = newPlaceholder.subtract({ months: monthIndex });
		}}

/Users/alessandrojcm/repos/dhc-dashboard/src/lib/components/ui/range-calendar/range-calendar-caption.svelte:50:3
Error: 'RangeCalendarMonthSelect' cannot be used as a value because it was imported using 'import type'. (ts)
{#snippet MonthSelect()}
	<RangeCalendarMonthSelect
		{months}

/Users/alessandrojcm/repos/dhc-dashboard/src/lib/components/ui/range-calendar/range-calendar-caption.svelte:58:4
Error: Cannot assign to 'placeholder' because it is a constant. (ts)
			const newPlaceholder = placeholder.set({ month: v });
			placeholder = newPlaceholder.subtract({ months: monthIndex });
		}}

/Users/alessandrojcm/repos/dhc-dashboard/src/lib/components/ui/range-calendar/range-calendar-caption.svelte:64:3
Error: 'RangeCalendarYearSelect' cannot be used as a value because it was imported using 'import type'. (ts)
{#snippet YearSelect()}
	<RangeCalendarYearSelect {years} {yearFormat} value={month.year} />
{/snippet}

/Users/alessandrojcm/repos/dhc-dashboard/src/lib/components/ui/range-calendar/range-calendar-caption.svelte:73:4
Error: Cannot find name 'formatYear'. (ts)
	{#if placeholder}
		{formatYear(placeholder)}
	{/if}

/Users/alessandrojcm/repos/dhc-dashboard/src/lib/components/ui/range-calendar/range-calendar-caption.svelte:77:4
Error: Cannot find name 'formatMonth'. (ts)
	{#if placeholder}
		{formatMonth(placeholder)}
	{/if}

/Users/alessandrojcm/repos/dhc-dashboard/src/lib/components/ui/range-calendar/range-calendar-caption.svelte:81:3
Error: Cannot find name 'formatMonth'. (ts)
{:else}
	{formatMonth(month)} {formatYear(month)}
{/if}

/Users/alessandrojcm/repos/dhc-dashboard/src/lib/components/ui/range-calendar/range-calendar-caption.svelte:81:24
Error: Cannot find name 'formatYear'. (ts)
{:else}
	{formatMonth(month)} {formatYear(month)}
{/if}

/Users/alessandrojcm/repos/dhc-dashboard/src/lib/components/ui/range-calendar/range-calendar-cell.svelte:12:2
Error: Cannot bind to constant
https://svelte.dev/e/constant_binding (svelte)
<RangeCalendarPrimitive.Cell
	bind:ref
	class={cn(

/Users/alessandrojcm/repos/dhc-dashboard/src/lib/components/ui/range-calendar/range-calendar-cell.svelte:11:2
Error: 'RangeCalendarPrimitive' cannot be used as a value because it was imported using 'import type'. (ts)

<RangeCalendarPrimitive.Cell
	bind:ref

/Users/alessandrojcm/repos/dhc-dashboard/src/lib/components/ui/range-calendar/range-calendar-cell.svelte:13:9
Error: Cannot find name 'cn'. (ts)
	bind:ref
	class={cn(
		"size-(--cell-size) dark:[&:has([data-range-start])]:hover:bg-accent dark:[&:has([data-range-end])]:hover:bg-accent [&:has([data-range-middle])]:bg-accent dark:[&:has([data-range-middle])]:hover:bg-accent/50 [&:has([data-selected])]:bg-accent relative p-0 text-center text-sm focus-within:z-20 data-[range-middle]:rounded-r-md [&:first-child[data-selected]_[data-bits-day]]:rounded-l-md [&:has([data-range-end])]:rounded-r-md [&:has([data-range-middle])]:rounded-none first:[&:has([data-range-middle])]:rounded-l-md last:[&:has([data-range-middle])]:rounded-r-md [&:has([data-range-start])]:rounded-l-md [&:last-child[data-selected]_[data-bits-day]]:rounded-r-md",

/Users/alessandrojcm/repos/dhc-dashboard/src/lib/components/ui/range-calendar/range-calendar-day.svelte:12:2
Error: Cannot bind to constant
https://svelte.dev/e/constant_binding (svelte)
<RangeCalendarPrimitive.Day
	bind:ref
	class={cn(

/Users/alessandrojcm/repos/dhc-dashboard/src/lib/components/ui/range-calendar/range-calendar-day.svelte:11:2
Error: 'RangeCalendarPrimitive' cannot be used as a value because it was imported using 'import type'. (ts)

<RangeCalendarPrimitive.Day
	bind:ref

/Users/alessandrojcm/repos/dhc-dashboard/src/lib/components/ui/range-calendar/range-calendar-day.svelte:13:9
Error: Cannot find name 'cn'. (ts)
	bind:ref
	class={cn(
		buttonVariants({ variant: "ghost" }),

/Users/alessandrojcm/repos/dhc-dashboard/src/lib/components/ui/range-calendar/range-calendar-day.svelte:14:3
Error: Cannot find name 'buttonVariants'. (ts)
	class={cn(
		buttonVariants({ variant: "ghost" }),
		"size-(--cell-size) flex select-none flex-col items-center justify-center gap-1 whitespace-nowrap p-0 font-normal leading-none",

/Users/alessandrojcm/repos/dhc-dashboard/src/lib/components/ui/range-calendar/range-calendar-grid.svelte:12:2
Error: Cannot bind to constant
https://svelte.dev/e/constant_binding (svelte)
<RangeCalendarPrimitive.Grid
	bind:ref
	class={cn("mt-4 flex w-full border-collapse flex-col gap-1", className)}

/Users/alessandrojcm/repos/dhc-dashboard/src/lib/components/ui/range-calendar/range-calendar-grid.svelte:11:2
Error: 'RangeCalendarPrimitive' cannot be used as a value because it was imported using 'import type'. (ts)

<RangeCalendarPrimitive.Grid
	bind:ref

/Users/alessandrojcm/repos/dhc-dashboard/src/lib/components/ui/range-calendar/range-calendar-grid.svelte:13:9
Error: Cannot find name 'cn'. (ts)
	bind:ref
	class={cn("mt-4 flex w-full border-collapse flex-col gap-1", className)}
	{...restProps}

/Users/alessandrojcm/repos/dhc-dashboard/src/lib/components/ui/range-calendar/range-calendar-grid-row.svelte:11:33
Error: Cannot bind to constant
https://svelte.dev/e/constant_binding (svelte)

<RangeCalendarPrimitive.GridRow bind:ref class={cn("flex", className)} {...restProps} />

/Users/alessandrojcm/repos/dhc-dashboard/src/lib/components/ui/range-calendar/range-calendar-grid-row.svelte:11:2
Error: 'RangeCalendarPrimitive' cannot be used as a value because it was imported using 'import type'. (ts)

<RangeCalendarPrimitive.GridRow bind:ref class={cn("flex", className)} {...restProps} />

/Users/alessandrojcm/repos/dhc-dashboard/src/lib/components/ui/range-calendar/range-calendar-grid-row.svelte:11:49
Error: Cannot find name 'cn'. (ts)

<RangeCalendarPrimitive.GridRow bind:ref class={cn("flex", className)} {...restProps} />

/Users/alessandrojcm/repos/dhc-dashboard/src/lib/components/ui/range-calendar/range-calendar-head-cell.svelte:12:2
Error: Cannot bind to constant
https://svelte.dev/e/constant_binding (svelte)
<RangeCalendarPrimitive.HeadCell
	bind:ref
	class={cn(

/Users/alessandrojcm/repos/dhc-dashboard/src/lib/components/ui/range-calendar/range-calendar-head-cell.svelte:11:2
Error: 'RangeCalendarPrimitive' cannot be used as a value because it was imported using 'import type'. (ts)

<RangeCalendarPrimitive.HeadCell
	bind:ref

/Users/alessandrojcm/repos/dhc-dashboard/src/lib/components/ui/range-calendar/range-calendar-head-cell.svelte:13:9
Error: Cannot find name 'cn'. (ts)
	bind:ref
	class={cn(
		"text-muted-foreground w-(--cell-size) rounded-md text-[0.8rem] font-normal",

/Users/alessandrojcm/repos/dhc-dashboard/src/lib/components/ui/range-calendar/range-calendar-header.svelte:12:2
Error: Cannot bind to constant
https://svelte.dev/e/constant_binding (svelte)
<RangeCalendarPrimitive.Header
	bind:ref
	class={cn(

/Users/alessandrojcm/repos/dhc-dashboard/src/lib/components/ui/range-calendar/range-calendar-header.svelte:11:2
Error: 'RangeCalendarPrimitive' cannot be used as a value because it was imported using 'import type'. (ts)

<RangeCalendarPrimitive.Header
	bind:ref

/Users/alessandrojcm/repos/dhc-dashboard/src/lib/components/ui/range-calendar/range-calendar-header.svelte:13:9
Error: Cannot find name 'cn'. (ts)
	bind:ref
	class={cn(
		"h-(--cell-size) flex w-full items-center justify-center gap-1.5 text-sm font-medium",

/Users/alessandrojcm/repos/dhc-dashboard/src/lib/components/ui/range-calendar/range-calendar-heading.svelte:12:2
Error: Cannot bind to constant
https://svelte.dev/e/constant_binding (svelte)
<RangeCalendarPrimitive.Heading
	bind:ref
	class={cn("px-(--cell-size) text-sm font-medium", className)}

/Users/alessandrojcm/repos/dhc-dashboard/src/lib/components/ui/range-calendar/range-calendar-heading.svelte:11:2
Error: 'RangeCalendarPrimitive' cannot be used as a value because it was imported using 'import type'. (ts)

<RangeCalendarPrimitive.Heading
	bind:ref

/Users/alessandrojcm/repos/dhc-dashboard/src/lib/components/ui/range-calendar/range-calendar-heading.svelte:13:9
Error: Cannot find name 'cn'. (ts)
	bind:ref
	class={cn("px-(--cell-size) text-sm font-medium", className)}
	{...restProps}

/Users/alessandrojcm/repos/dhc-dashboard/src/lib/components/ui/range-calendar/range-calendar-month.svelte:13:21
Error: Cannot bind to constant
https://svelte.dev/e/constant_binding (svelte)

<div {...restProps} bind:this={ref} class={cn("flex flex-col", className)}>
	{@render children?.()}

/Users/alessandrojcm/repos/dhc-dashboard/src/lib/components/ui/range-calendar/range-calendar-month.svelte:13:44
Error: Cannot find name 'cn'. (ts)

<div {...restProps} bind:this={ref} class={cn("flex flex-col", className)}>
	{@render children?.()}

/Users/alessandrojcm/repos/dhc-dashboard/src/lib/components/ui/range-calendar/range-calendar-month.svelte:13:32
Error: Cannot assign to 'ref' because it is a constant. (ts)

<div {...restProps} bind:this={ref} class={cn("flex flex-col", className)}>
	{@render children?.()}

/Users/alessandrojcm/repos/dhc-dashboard/src/lib/components/ui/range-calendar/range-calendar-months.svelte:14:2
Error: Cannot bind to constant
https://svelte.dev/e/constant_binding (svelte)
<div
	bind:this={ref}
	class={cn("relative flex flex-col gap-4 md:flex-row", className)}

/Users/alessandrojcm/repos/dhc-dashboard/src/lib/components/ui/range-calendar/range-calendar-months.svelte:15:9
Error: Cannot find name 'cn'. (ts)
	bind:this={ref}
	class={cn("relative flex flex-col gap-4 md:flex-row", className)}
	{...restProps}

/Users/alessandrojcm/repos/dhc-dashboard/src/lib/components/ui/range-calendar/range-calendar-months.svelte:14:13
Error: Cannot assign to 'ref' because it is a constant. (ts)
<div
	bind:this={ref}
	class={cn("relative flex flex-col gap-4 md:flex-row", className)}

/Users/alessandrojcm/repos/dhc-dashboard/src/lib/components/ui/range-calendar/range-calendar-nav.svelte:15:2
Error: Cannot bind to constant
https://svelte.dev/e/constant_binding (svelte)
	{...restProps}
	bind:this={ref}
	class={cn("absolute inset-x-0 top-0 flex w-full items-center justify-between gap-1", className)}

/Users/alessandrojcm/repos/dhc-dashboard/src/lib/components/ui/range-calendar/range-calendar-nav.svelte:16:9
Error: Cannot find name 'cn'. (ts)
	bind:this={ref}
	class={cn("absolute inset-x-0 top-0 flex w-full items-center justify-between gap-1", className)}
>

/Users/alessandrojcm/repos/dhc-dashboard/src/lib/components/ui/range-calendar/range-calendar-nav.svelte:15:13
Error: Cannot assign to 'ref' because it is a constant. (ts)
	{...restProps}
	bind:this={ref}
	class={cn("absolute inset-x-0 top-0 flex w-full items-center justify-between gap-1", className)}

/Users/alessandrojcm/repos/dhc-dashboard/src/lib/components/ui/range-calendar/range-calendar-next-button.svelte:21:2
Error: Cannot bind to constant
https://svelte.dev/e/constant_binding (svelte)
<RangeCalendarPrimitive.NextButton
	bind:ref
	class={cn(

/Users/alessandrojcm/repos/dhc-dashboard/src/lib/components/ui/range-calendar/range-calendar-next-button.svelte:17:3
Error: Cannot find name 'ChevronRightIcon'. (ts)
{#snippet Fallback()}
	<ChevronRightIcon class="size-4" />
{/snippet}

/Users/alessandrojcm/repos/dhc-dashboard/src/lib/components/ui/range-calendar/range-calendar-next-button.svelte:20:2
Error: 'RangeCalendarPrimitive' cannot be used as a value because it was imported using 'import type'. (ts)

<RangeCalendarPrimitive.NextButton
	bind:ref

/Users/alessandrojcm/repos/dhc-dashboard/src/lib/components/ui/range-calendar/range-calendar-next-button.svelte:22:9
Error: Cannot find name 'cn'. (ts)
	bind:ref
	class={cn(
		buttonVariants({ variant }),

/Users/alessandrojcm/repos/dhc-dashboard/src/lib/components/ui/range-calendar/range-calendar-next-button.svelte:23:3
Error: Cannot find name 'buttonVariants'. (ts)
	class={cn(
		buttonVariants({ variant }),
		"size-(--cell-size) select-none bg-transparent p-0 disabled:opacity-50 rtl:rotate-180",

/Users/alessandrojcm/repos/dhc-dashboard/src/lib/components/ui/range-calendar/range-calendar-prev-button.svelte:21:2
Error: Cannot bind to constant
https://svelte.dev/e/constant_binding (svelte)
<RangeCalendarPrimitive.PrevButton
	bind:ref
	class={cn(

/Users/alessandrojcm/repos/dhc-dashboard/src/lib/components/ui/range-calendar/range-calendar-prev-button.svelte:17:3
Error: Cannot find name 'ChevronLeftIcon'. (ts)
{#snippet Fallback()}
	<ChevronLeftIcon class="size-4" />
{/snippet}

/Users/alessandrojcm/repos/dhc-dashboard/src/lib/components/ui/range-calendar/range-calendar-prev-button.svelte:20:2
Error: 'RangeCalendarPrimitive' cannot be used as a value because it was imported using 'import type'. (ts)

<RangeCalendarPrimitive.PrevButton
	bind:ref

/Users/alessandrojcm/repos/dhc-dashboard/src/lib/components/ui/range-calendar/range-calendar-prev-button.svelte:22:9
Error: Cannot find name 'cn'. (ts)
	bind:ref
	class={cn(
		buttonVariants({ variant }),

/Users/alessandrojcm/repos/dhc-dashboard/src/lib/components/ui/range-calendar/range-calendar-prev-button.svelte:23:3
Error: Cannot find name 'buttonVariants'. (ts)
	class={cn(
		buttonVariants({ variant }),
		"size-(--cell-size) select-none bg-transparent p-0 disabled:opacity-50 rtl:rotate-180",

/Users/alessandrojcm/repos/dhc-dashboard/src/lib/components/ui/resizable/resizable-handle.svelte:16:2
Error: Cannot bind to constant
https://svelte.dev/e/constant_binding (svelte)
<ResizablePrimitive.PaneResizer
	bind:ref
	data-slot="resizable-handle"

/Users/alessandrojcm/repos/dhc-dashboard/src/lib/components/ui/resizable/resizable-handle.svelte:15:2
Error: 'ResizablePrimitive' cannot be used as a value because it was imported using 'import type'. (ts)

<ResizablePrimitive.PaneResizer
	bind:ref

/Users/alessandrojcm/repos/dhc-dashboard/src/lib/components/ui/resizable/resizable-handle.svelte:18:9
Error: Cannot find name 'cn'. (ts)
	data-slot="resizable-handle"
	class={cn(
		"bg-border focus-visible:ring-ring focus-visible:outline-hidden relative flex w-px items-center justify-center after:absolute after:inset-y-0 after:left-1/2 after:w-1 after:-translate-x-1/2 focus-visible:ring-1 focus-visible:ring-offset-1 data-[direction=vertical]:h-px data-[direction=vertical]:w-full data-[direction=vertical]:after:left-0 data-[direction=vertical]:after:h-1 data-[direction=vertical]:after:w-full data-[direction=vertical]:after:-translate-y-1/2 data-[direction=vertical]:after:translate-x-0 [&[data-direction=vertical]>div]:rotate-90",

/Users/alessandrojcm/repos/dhc-dashboard/src/lib/components/ui/resizable/resizable-handle.svelte:26:5
Error: Cannot find name 'GripVerticalIcon'. (ts)
		<div class="bg-border rounded-xs z-10 flex h-4 w-3 items-center justify-center border">
			<GripVerticalIcon class="size-2.5" />
		</div>

/Users/alessandrojcm/repos/dhc-dashboard/src/lib/components/ui/resizable/resizable-handle.svelte:29:3
Error: 'ResizablePrimitive' cannot be used as a value because it was imported using 'import type'. (ts)
	{/if}
</ResizablePrimitive.PaneResizer>

/Users/alessandrojcm/repos/dhc-dashboard/src/lib/components/ui/resizable/resizable-pane-group.svelte:15:2
Error: Cannot bind to constant
https://svelte.dev/e/constant_binding (svelte)
<ResizablePrimitive.PaneGroup
	bind:this={paneGroup}
	data-slot="resizable-pane-group"

/Users/alessandrojcm/repos/dhc-dashboard/src/lib/components/ui/resizable/resizable-pane-group.svelte:14:2
Error: 'ResizablePrimitive' cannot be used as a value because it was imported using 'import type'. (ts)

<ResizablePrimitive.PaneGroup
	bind:this={paneGroup}

/Users/alessandrojcm/repos/dhc-dashboard/src/lib/components/ui/resizable/resizable-pane-group.svelte:17:9
Error: Cannot find name 'cn'. (ts)
	data-slot="resizable-pane-group"
	class={cn("flex h-full w-full data-[direction=vertical]:flex-col", className)}
	{...restProps}

/Users/alessandrojcm/repos/dhc-dashboard/src/lib/components/ui/resizable/resizable-pane-group.svelte:15:13
Error: Cannot assign to 'paneGroup' because it is a constant. (ts)
<ResizablePrimitive.PaneGroup
	bind:this={paneGroup}
	data-slot="resizable-pane-group"

/Users/alessandrojcm/repos/dhc-dashboard/src/lib/components/ui/scroll-area/scroll-area.svelte:23:2
Error: Cannot bind to constant
https://svelte.dev/e/constant_binding (svelte)
<ScrollAreaPrimitive.Root
	bind:ref
	data-slot="scroll-area"

/Users/alessandrojcm/repos/dhc-dashboard/src/lib/components/ui/scroll-area/scroll-area.svelte:22:2
Error: 'ScrollAreaPrimitive' cannot be used as a value because it was imported using 'import type'. (ts)

<ScrollAreaPrimitive.Root
	bind:ref

/Users/alessandrojcm/repos/dhc-dashboard/src/lib/components/ui/scroll-area/scroll-area.svelte:25:9
Error: Cannot find name 'cn'. (ts)
	data-slot="scroll-area"
	class={cn("relative", className)}
	{...restProps}

/Users/alessandrojcm/repos/dhc-dashboard/src/lib/components/ui/scroll-area/scroll-area.svelte:28:3
Error: 'ScrollAreaPrimitive' cannot be used as a value because it was imported using 'import type'. (ts)
>
	<ScrollAreaPrimitive.Viewport
		bind:ref={viewportRef}

/Users/alessandrojcm/repos/dhc-dashboard/src/lib/components/ui/scroll-area/scroll-area.svelte:34:4
Error: 'ScrollAreaPrimitive' cannot be used as a value because it was imported using 'import type'. (ts)
		{@render children?.()}
	</ScrollAreaPrimitive.Viewport>
	{#if orientation === "vertical" || orientation === "both"}

/Users/alessandrojcm/repos/dhc-dashboard/src/lib/components/ui/scroll-area/scroll-area.svelte:36:4
Error: Cannot find name 'Scrollbar'. (ts)
	{#if orientation === "vertical" || orientation === "both"}
		<Scrollbar orientation="vertical" class={scrollbarYClasses} />
	{/if}

/Users/alessandrojcm/repos/dhc-dashboard/src/lib/components/ui/scroll-area/scroll-area.svelte:39:4
Error: Cannot find name 'Scrollbar'. (ts)
	{#if orientation === "horizontal" || orientation === "both"}
		<Scrollbar orientation="horizontal" class={scrollbarXClasses} />
	{/if}

/Users/alessandrojcm/repos/dhc-dashboard/src/lib/components/ui/scroll-area/scroll-area.svelte:41:3
Error: 'ScrollAreaPrimitive' cannot be used as a value because it was imported using 'import type'. (ts)
	{/if}
	<ScrollAreaPrimitive.Corner />
</ScrollAreaPrimitive.Root>

/Users/alessandrojcm/repos/dhc-dashboard/src/lib/components/ui/scroll-area/scroll-area.svelte:42:3
Error: 'ScrollAreaPrimitive' cannot be used as a value because it was imported using 'import type'. (ts)
	<ScrollAreaPrimitive.Corner />
</ScrollAreaPrimitive.Root>

/Users/alessandrojcm/repos/dhc-dashboard/src/lib/components/ui/scroll-area/scroll-area-scrollbar.svelte:15:2
Error: Cannot bind to constant
https://svelte.dev/e/constant_binding (svelte)
<ScrollAreaPrimitive.Scrollbar
	bind:ref
	data-slot="scroll-area-scrollbar"

/Users/alessandrojcm/repos/dhc-dashboard/src/lib/components/ui/scroll-area/scroll-area-scrollbar.svelte:14:2
Error: 'ScrollAreaPrimitive' cannot be used as a value because it was imported using 'import type'. (ts)

<ScrollAreaPrimitive.Scrollbar
	bind:ref

/Users/alessandrojcm/repos/dhc-dashboard/src/lib/components/ui/scroll-area/scroll-area-scrollbar.svelte:18:9
Error: Cannot find name 'cn'. (ts)
	{orientation}
	class={cn(
		"flex touch-none select-none p-px transition-colors",

/Users/alessandrojcm/repos/dhc-dashboard/src/lib/components/ui/scroll-area/scroll-area-scrollbar.svelte:27:3
Error: 'ScrollAreaPrimitive' cannot be used as a value because it was imported using 'import type'. (ts)
	{@render children?.()}
	<ScrollAreaPrimitive.Thumb
		data-slot="scroll-area-thumb"

/Users/alessandrojcm/repos/dhc-dashboard/src/lib/components/ui/scroll-area/scroll-area-scrollbar.svelte:31:3
Error: 'ScrollAreaPrimitive' cannot be used as a value because it was imported using 'import type'. (ts)
	/>
</ScrollAreaPrimitive.Scrollbar>

/Users/alessandrojcm/repos/dhc-dashboard/src/lib/components/ui/select/select-content.svelte:19:3
Error: Cannot bind to constant
https://svelte.dev/e/constant_binding (svelte)
	<SelectPrimitive.Content
		bind:ref
		{sideOffset}

/Users/alessandrojcm/repos/dhc-dashboard/src/lib/components/ui/select/select-content.svelte:17:2
Error: 'SelectPrimitive' cannot be used as a value because it was imported using 'import type'. (ts)

<SelectPrimitive.Portal {...portalProps}>
	<SelectPrimitive.Content

/Users/alessandrojcm/repos/dhc-dashboard/src/lib/components/ui/select/select-content.svelte:18:3
Error: 'SelectPrimitive' cannot be used as a value because it was imported using 'import type'. (ts)
<SelectPrimitive.Portal {...portalProps}>
	<SelectPrimitive.Content
		bind:ref

/Users/alessandrojcm/repos/dhc-dashboard/src/lib/components/ui/select/select-content.svelte:22:10
Error: Cannot find name 'cn'. (ts)
		data-slot="select-content"
		class={cn(
			"bg-popover text-popover-foreground data-[state=open]:animate-in data-[state=closed]:animate-out data-[state=closed]:fade-out-0 data-[state=open]:fade-in-0 data-[state=closed]:zoom-out-95 data-[state=open]:zoom-in-95 data-[side=bottom]:slide-in-from-top-2 data-[side=left]:slide-in-from-right-2 data-[side=right]:slide-in-from-left-2 data-[side=top]:slide-in-from-bottom-2 max-h-(--bits-select-content-available-height) origin-(--bits-select-content-transform-origin) relative z-50 min-w-[8rem] overflow-y-auto overflow-x-hidden rounded-md border shadow-md data-[side=bottom]:translate-y-1 data-[side=left]:-translate-x-1 data-[side=right]:translate-x-1 data-[side=top]:-translate-y-1",

/Users/alessandrojcm/repos/dhc-dashboard/src/lib/components/ui/select/select-content.svelte:28:4
Error: Cannot find name 'SelectScrollUpButton'. (ts)
	>
		<SelectScrollUpButton />
		<SelectPrimitive.Viewport

/Users/alessandrojcm/repos/dhc-dashboard/src/lib/components/ui/select/select-content.svelte:29:4
Error: 'SelectPrimitive' cannot be used as a value because it was imported using 'import type'. (ts)
		<SelectScrollUpButton />
		<SelectPrimitive.Viewport
			class={cn(

/Users/alessandrojcm/repos/dhc-dashboard/src/lib/components/ui/select/select-content.svelte:30:11
Error: Cannot find name 'cn'. (ts)
		<SelectPrimitive.Viewport
			class={cn(
				"h-(--bits-select-anchor-height) min-w-(--bits-select-anchor-width) w-full scroll-my-1 p-1"

/Users/alessandrojcm/repos/dhc-dashboard/src/lib/components/ui/select/select-content.svelte:35:5
Error: 'SelectPrimitive' cannot be used as a value because it was imported using 'import type'. (ts)
			{@render children?.()}
		</SelectPrimitive.Viewport>
		<SelectScrollDownButton />

/Users/alessandrojcm/repos/dhc-dashboard/src/lib/components/ui/select/select-content.svelte:36:4
Error: Cannot find name 'SelectScrollDownButton'. (ts)
		</SelectPrimitive.Viewport>
		<SelectScrollDownButton />
	</SelectPrimitive.Content>

/Users/alessandrojcm/repos/dhc-dashboard/src/lib/components/ui/select/select-content.svelte:37:4
Error: 'SelectPrimitive' cannot be used as a value because it was imported using 'import type'. (ts)
		<SelectScrollDownButton />
	</SelectPrimitive.Content>
</SelectPrimitive.Portal>

/Users/alessandrojcm/repos/dhc-dashboard/src/lib/components/ui/select/select-content.svelte:38:3
Error: 'SelectPrimitive' cannot be used as a value because it was imported using 'import type'. (ts)
	</SelectPrimitive.Content>
</SelectPrimitive.Portal>

/Users/alessandrojcm/repos/dhc-dashboard/src/lib/components/ui/select/select-group.svelte:8:2
Error: 'SelectPrimitive' cannot be used as a value because it was imported using 'import type'. (ts)

<SelectPrimitive.Group data-slot="select-group" {...restProps} />

/Users/alessandrojcm/repos/dhc-dashboard/src/lib/components/ui/select/select-group-heading.svelte:14:2
Error: Cannot bind to constant
https://svelte.dev/e/constant_binding (svelte)
<SelectPrimitive.GroupHeading
	bind:ref
	data-slot="select-group-heading"

/Users/alessandrojcm/repos/dhc-dashboard/src/lib/components/ui/select/select-group-heading.svelte:13:2
Error: 'SelectPrimitive' cannot be used as a value because it was imported using 'import type'. (ts)

<SelectPrimitive.GroupHeading
	bind:ref

/Users/alessandrojcm/repos/dhc-dashboard/src/lib/components/ui/select/select-group-heading.svelte:16:9
Error: Cannot find name 'cn'. (ts)
	data-slot="select-group-heading"
	class={cn("text-muted-foreground px-2 py-1.5 text-xs", className)}
	{...restProps}

/Users/alessandrojcm/repos/dhc-dashboard/src/lib/components/ui/select/select-group-heading.svelte:20:3
Error: 'SelectPrimitive' cannot be used as a value because it was imported using 'import type'. (ts)
	{@render children?.()}
</SelectPrimitive.GroupHeading>

/Users/alessandrojcm/repos/dhc-dashboard/src/lib/components/ui/select/select-item.svelte:16:2
Error: Cannot bind to constant
https://svelte.dev/e/constant_binding (svelte)
<SelectPrimitive.Item
	bind:ref
	{value}

/Users/alessandrojcm/repos/dhc-dashboard/src/lib/components/ui/select/select-item.svelte:15:2
Error: 'SelectPrimitive' cannot be used as a value because it was imported using 'import type'. (ts)

<SelectPrimitive.Item
	bind:ref

/Users/alessandrojcm/repos/dhc-dashboard/src/lib/components/ui/select/select-item.svelte:19:9
Error: Cannot find name 'cn'. (ts)
	data-slot="select-item"
	class={cn(
		"data-[highlighted]:bg-accent data-[highlighted]:text-accent-foreground [&_svg:not([class*='text-'])]:text-muted-foreground outline-hidden *:[span]:last:flex *:[span]:last:items-center *:[span]:last:gap-2 relative flex w-full cursor-default select-none items-center gap-2 rounded-sm py-1.5 pl-2 pr-8 text-sm data-[disabled]:pointer-events-none data-[disabled]:opacity-50 [&_svg:not([class*='size-'])]:size-4 [&_svg]:pointer-events-none [&_svg]:shrink-0",

/Users/alessandrojcm/repos/dhc-dashboard/src/lib/components/ui/select/select-item.svelte:28:6
Error: Cannot find name 'CheckIcon'. (ts)
			{#if selected}
				<CheckIcon class="size-4" />
			{/if}

/Users/alessandrojcm/repos/dhc-dashboard/src/lib/components/ui/select/select-item.svelte:37:3
Error: 'SelectPrimitive' cannot be used as a value because it was imported using 'import type'. (ts)
	{/snippet}
</SelectPrimitive.Item>

/Users/alessandrojcm/repos/dhc-dashboard/src/lib/components/ui/select/select-label.svelte:14:2
Error: Cannot bind to constant
https://svelte.dev/e/constant_binding (svelte)
<div
	bind:this={ref}
	data-slot="select-label"

/Users/alessandrojcm/repos/dhc-dashboard/src/lib/components/ui/select/select-label.svelte:16:9
Error: Cannot find name 'cn'. (ts)
	data-slot="select-label"
	class={cn("text-muted-foreground px-2 py-1.5 text-xs", className)}
	{...restProps}

/Users/alessandrojcm/repos/dhc-dashboard/src/lib/components/ui/select/select-label.svelte:14:13
Error: Cannot assign to 'ref' because it is a constant. (ts)
<div
	bind:this={ref}
	data-slot="select-label"

/Users/alessandrojcm/repos/dhc-dashboard/src/lib/components/ui/select/select-scroll-down-button.svelte:13:2
Error: Cannot bind to constant
https://svelte.dev/e/constant_binding (svelte)
<SelectPrimitive.ScrollDownButton
	bind:ref
	data-slot="select-scroll-down-button"

/Users/alessandrojcm/repos/dhc-dashboard/src/lib/components/ui/select/select-scroll-down-button.svelte:12:2
Error: 'SelectPrimitive' cannot be used as a value because it was imported using 'import type'. (ts)

<SelectPrimitive.ScrollDownButton
	bind:ref

/Users/alessandrojcm/repos/dhc-dashboard/src/lib/components/ui/select/select-scroll-down-button.svelte:15:9
Error: Cannot find name 'cn'. (ts)
	data-slot="select-scroll-down-button"
	class={cn("flex cursor-default items-center justify-center py-1", className)}
	{...restProps}

/Users/alessandrojcm/repos/dhc-dashboard/src/lib/components/ui/select/select-scroll-down-button.svelte:18:3
Error: Cannot find name 'ChevronDownIcon'. (ts)
>
	<ChevronDownIcon class="size-4" />
</SelectPrimitive.ScrollDownButton>

/Users/alessandrojcm/repos/dhc-dashboard/src/lib/components/ui/select/select-scroll-down-button.svelte:19:3
Error: 'SelectPrimitive' cannot be used as a value because it was imported using 'import type'. (ts)
	<ChevronDownIcon class="size-4" />
</SelectPrimitive.ScrollDownButton>

/Users/alessandrojcm/repos/dhc-dashboard/src/lib/components/ui/select/select-scroll-up-button.svelte:13:2
Error: Cannot bind to constant
https://svelte.dev/e/constant_binding (svelte)
<SelectPrimitive.ScrollUpButton
	bind:ref
	data-slot="select-scroll-up-button"

/Users/alessandrojcm/repos/dhc-dashboard/src/lib/components/ui/select/select-scroll-up-button.svelte:12:2
Error: 'SelectPrimitive' cannot be used as a value because it was imported using 'import type'. (ts)

<SelectPrimitive.ScrollUpButton
	bind:ref

/Users/alessandrojcm/repos/dhc-dashboard/src/lib/components/ui/select/select-scroll-up-button.svelte:15:9
Error: Cannot find name 'cn'. (ts)
	data-slot="select-scroll-up-button"
	class={cn("flex cursor-default items-center justify-center py-1", className)}
	{...restProps}

/Users/alessandrojcm/repos/dhc-dashboard/src/lib/components/ui/select/select-scroll-up-button.svelte:18:3
Error: Cannot find name 'ChevronUpIcon'. (ts)
>
	<ChevronUpIcon class="size-4" />
</SelectPrimitive.ScrollUpButton>

/Users/alessandrojcm/repos/dhc-dashboard/src/lib/components/ui/select/select-scroll-up-button.svelte:19:3
Error: 'SelectPrimitive' cannot be used as a value because it was imported using 'import type'. (ts)
	<ChevronUpIcon class="size-4" />
</SelectPrimitive.ScrollUpButton>

/Users/alessandrojcm/repos/dhc-dashboard/src/lib/components/ui/select/select-separator.svelte:12:2
Error: Cannot bind to constant
https://svelte.dev/e/constant_binding (svelte)
<Separator
	bind:ref
	data-slot="select-separator"

/Users/alessandrojcm/repos/dhc-dashboard/src/lib/components/ui/select/select-separator.svelte:11:2
Error: Cannot find name 'Separator'. (ts)

<Separator
	bind:ref

/Users/alessandrojcm/repos/dhc-dashboard/src/lib/components/ui/select/select-separator.svelte:14:9
Error: Cannot find name 'cn'. (ts)
	data-slot="select-separator"
	class={cn("bg-border pointer-events-none -mx-1 my-1 h-px", className)}
	{...restProps}

/Users/alessandrojcm/repos/dhc-dashboard/src/lib/components/ui/select/select-trigger.svelte:17:2
Error: Cannot bind to constant
https://svelte.dev/e/constant_binding (svelte)
<SelectPrimitive.Trigger
	bind:ref
	data-slot="select-trigger"

/Users/alessandrojcm/repos/dhc-dashboard/src/lib/components/ui/select/select-trigger.svelte:16:2
Error: 'SelectPrimitive' cannot be used as a value because it was imported using 'import type'. (ts)

<SelectPrimitive.Trigger
	bind:ref

/Users/alessandrojcm/repos/dhc-dashboard/src/lib/components/ui/select/select-trigger.svelte:20:9
Error: Cannot find name 'cn'. (ts)
	data-size={size}
	class={cn(
		"border-input data-[placeholder]:text-muted-foreground [&_svg:not([class*='text-'])]:text-muted-foreground focus-visible:border-ring focus-visible:ring-ring/50 aria-invalid:ring-destructive/20 dark:aria-invalid:ring-destructive/40 aria-invalid:border-destructive dark:bg-input/30 dark:hover:bg-input/50 shadow-xs flex w-fit select-none items-center justify-between gap-2 whitespace-nowrap rounded-md border bg-transparent px-3 py-2 text-sm outline-none transition-[color,box-shadow] focus-visible:ring-[3px] disabled:cursor-not-allowed disabled:opacity-50 data-[size=default]:h-9 data-[size=sm]:h-8 *:data-[slot=select-value]:line-clamp-1 *:data-[slot=select-value]:flex *:data-[slot=select-value]:items-center *:data-[slot=select-value]:gap-2 [&_svg:not([class*='size-'])]:size-4 [&_svg]:pointer-events-none [&_svg]:shrink-0",

/Users/alessandrojcm/repos/dhc-dashboard/src/lib/components/ui/select/select-trigger.svelte:27:3
Error: Cannot find name 'ChevronDownIcon'. (ts)
	{@render children?.()}
	<ChevronDownIcon class="size-4 opacity-50" />
</SelectPrimitive.Trigger>

/Users/alessandrojcm/repos/dhc-dashboard/src/lib/components/ui/select/select-trigger.svelte:28:3
Error: 'SelectPrimitive' cannot be used as a value because it was imported using 'import type'. (ts)
	<ChevronDownIcon class="size-4 opacity-50" />
</SelectPrimitive.Trigger>

/Users/alessandrojcm/repos/dhc-dashboard/src/lib/components/ui/sheet/sheet-close.svelte:8:23
Error: Cannot bind to constant
https://svelte.dev/e/constant_binding (svelte)

<SheetPrimitive.Close bind:ref data-slot="sheet-close" {...restProps} />

/Users/alessandrojcm/repos/dhc-dashboard/src/lib/components/ui/sheet/sheet-close.svelte:8:2
Error: 'SheetPrimitive' cannot be used as a value because it was imported using 'import type'. (ts)

<SheetPrimitive.Close bind:ref data-slot="sheet-close" {...restProps} />

/Users/alessandrojcm/repos/dhc-dashboard/src/lib/components/ui/sheet/sheet-overlay.svelte:12:2
Error: Cannot bind to constant
https://svelte.dev/e/constant_binding (svelte)
<SheetPrimitive.Overlay
	bind:ref
	data-slot="sheet-overlay"

/Users/alessandrojcm/repos/dhc-dashboard/src/lib/components/ui/sheet/sheet-overlay.svelte:11:2
Error: 'SheetPrimitive' cannot be used as a value because it was imported using 'import type'. (ts)

<SheetPrimitive.Overlay
	bind:ref

/Users/alessandrojcm/repos/dhc-dashboard/src/lib/components/ui/sheet/sheet-overlay.svelte:14:9
Error: Cannot find name 'cn'. (ts)
	data-slot="sheet-overlay"
	class={cn(
		"data-[state=open]:animate-in data-[state=closed]:animate-out data-[state=closed]:fade-out-0 data-[state=open]:fade-in-0 fixed inset-0 z-50 bg-black/50",

/Users/alessandrojcm/repos/dhc-dashboard/src/lib/components/ui/sheet/sheet-description.svelte:12:2
Error: Cannot bind to constant
https://svelte.dev/e/constant_binding (svelte)
<SheetPrimitive.Description
	bind:ref
	data-slot="sheet-description"

/Users/alessandrojcm/repos/dhc-dashboard/src/lib/components/ui/sheet/sheet-description.svelte:11:2
Error: 'SheetPrimitive' cannot be used as a value because it was imported using 'import type'. (ts)

<SheetPrimitive.Description
	bind:ref

/Users/alessandrojcm/repos/dhc-dashboard/src/lib/components/ui/sheet/sheet-description.svelte:14:9
Error: Cannot find name 'cn'. (ts)
	data-slot="sheet-description"
	class={cn("text-muted-foreground text-sm", className)}
	{...restProps}

/Users/alessandrojcm/repos/dhc-dashboard/src/lib/components/ui/sheet/sheet-footer.svelte:14:2
Error: Cannot bind to constant
https://svelte.dev/e/constant_binding (svelte)
<div
	bind:this={ref}
	data-slot="sheet-footer"

/Users/alessandrojcm/repos/dhc-dashboard/src/lib/components/ui/sheet/sheet-footer.svelte:16:9
Error: Cannot find name 'cn'. (ts)
	data-slot="sheet-footer"
	class={cn("mt-auto flex flex-col gap-2 p-4", className)}
	{...restProps}

/Users/alessandrojcm/repos/dhc-dashboard/src/lib/components/ui/sheet/sheet-footer.svelte:14:13
Error: Cannot assign to 'ref' because it is a constant. (ts)
<div
	bind:this={ref}
	data-slot="sheet-footer"

/Users/alessandrojcm/repos/dhc-dashboard/src/lib/components/ui/sheet/sheet-header.svelte:14:2
Error: Cannot bind to constant
https://svelte.dev/e/constant_binding (svelte)
<div
	bind:this={ref}
	data-slot="sheet-header"

/Users/alessandrojcm/repos/dhc-dashboard/src/lib/components/ui/sheet/sheet-header.svelte:16:9
Error: Cannot find name 'cn'. (ts)
	data-slot="sheet-header"
	class={cn("flex flex-col gap-1.5 p-4", className)}
	{...restProps}

/Users/alessandrojcm/repos/dhc-dashboard/src/lib/components/ui/sheet/sheet-header.svelte:14:13
Error: Cannot assign to 'ref' because it is a constant. (ts)
<div
	bind:this={ref}
	data-slot="sheet-header"

/Users/alessandrojcm/repos/dhc-dashboard/src/lib/components/ui/sheet/sheet-title.svelte:12:2
Error: Cannot bind to constant
https://svelte.dev/e/constant_binding (svelte)
<SheetPrimitive.Title
	bind:ref
	data-slot="sheet-title"

/Users/alessandrojcm/repos/dhc-dashboard/src/lib/components/ui/sheet/sheet-title.svelte:11:2
Error: 'SheetPrimitive' cannot be used as a value because it was imported using 'import type'. (ts)

<SheetPrimitive.Title
	bind:ref

/Users/alessandrojcm/repos/dhc-dashboard/src/lib/components/ui/sheet/sheet-title.svelte:14:9
Error: Cannot find name 'cn'. (ts)
	data-slot="sheet-title"
	class={cn("text-foreground font-semibold", className)}
	{...restProps}

/Users/alessandrojcm/repos/dhc-dashboard/src/lib/components/ui/sheet/sheet-trigger.svelte:8:25
Error: Cannot bind to constant
https://svelte.dev/e/constant_binding (svelte)

<SheetPrimitive.Trigger bind:ref data-slot="sheet-trigger" {...restProps} />

/Users/alessandrojcm/repos/dhc-dashboard/src/lib/components/ui/sheet/sheet-trigger.svelte:8:2
Error: 'SheetPrimitive' cannot be used as a value because it was imported using 'import type'. (ts)

<SheetPrimitive.Trigger bind:ref data-slot="sheet-trigger" {...restProps} />

/Users/alessandrojcm/repos/dhc-dashboard/src/lib/components/ui/sidebar/sidebar.svelte:29:3
Error: Cannot bind to constant
https://svelte.dev/e/constant_binding (svelte)
		)}
		bind:this={ref}
		{...restProps}

/Users/alessandrojcm/repos/dhc-dashboard/src/lib/components/ui/sidebar/sidebar.svelte:25:10
Error: Cannot find name 'cn'. (ts)
	<div
		class={cn(
			"bg-sidebar text-sidebar-foreground w-(--sidebar-width) flex h-full flex-col",

/Users/alessandrojcm/repos/dhc-dashboard/src/lib/components/ui/sidebar/sidebar.svelte:29:14
Error: Cannot assign to 'ref' because it is a constant. (ts)
		)}
		bind:this={ref}
		{...restProps}

/Users/alessandrojcm/repos/dhc-dashboard/src/lib/components/ui/sidebar/sidebar.svelte:34:11
Error: Cannot find name 'sidebar'. (ts)
	</div>
{:else if sidebar.isMobile}
	<Sheet.Root

/Users/alessandrojcm/repos/dhc-dashboard/src/lib/components/ui/sidebar/sidebar.svelte:35:3
Error: Cannot find name 'Sheet'. (ts)
{:else if sidebar.isMobile}
	<Sheet.Root
		bind:open={() => sidebar.openMobile, (v) => sidebar.setOpenMobile(v)}

/Users/alessandrojcm/repos/dhc-dashboard/src/lib/components/ui/sidebar/sidebar.svelte:36:20
Error: Cannot find name 'sidebar'. (ts)
	<Sheet.Root
		bind:open={() => sidebar.openMobile, (v) => sidebar.setOpenMobile(v)}
		{...restProps}

/Users/alessandrojcm/repos/dhc-dashboard/src/lib/components/ui/sidebar/sidebar.svelte:36:47
Error: Cannot find name 'sidebar'. (ts)
	<Sheet.Root
		bind:open={() => sidebar.openMobile, (v) => sidebar.setOpenMobile(v)}
		{...restProps}

/Users/alessandrojcm/repos/dhc-dashboard/src/lib/components/ui/sidebar/sidebar.svelte:39:4
Error: Cannot find name 'Sheet'. (ts)
	>
		<Sheet.Content
			data-sidebar="sidebar"

/Users/alessandrojcm/repos/dhc-dashboard/src/lib/components/ui/sidebar/sidebar.svelte:44:29
Error: Cannot find name 'SIDEBAR_WIDTH_MOBILE'. (ts)
			class="bg-sidebar text-sidebar-foreground w-(--sidebar-width) p-0 [&>button]:hidden"
			style="--sidebar-width: {SIDEBAR_WIDTH_MOBILE};"
			{side}

/Users/alessandrojcm/repos/dhc-dashboard/src/lib/components/ui/sidebar/sidebar.svelte:47:5
Error: Cannot find name 'Sheet'. (ts)
		>
			<Sheet.Header class="sr-only">
				<Sheet.Title>Sidebar</Sheet.Title>

/Users/alessandrojcm/repos/dhc-dashboard/src/lib/components/ui/sidebar/sidebar.svelte:48:6
Error: Cannot find name 'Sheet'. (ts)
			<Sheet.Header class="sr-only">
				<Sheet.Title>Sidebar</Sheet.Title>
				<Sheet.Description>Displays the mobile sidebar.</Sheet.Description>

/Users/alessandrojcm/repos/dhc-dashboard/src/lib/components/ui/sidebar/sidebar.svelte:48:27
Error: Cannot find name 'Sheet'. (ts)
			<Sheet.Header class="sr-only">
				<Sheet.Title>Sidebar</Sheet.Title>
				<Sheet.Description>Displays the mobile sidebar.</Sheet.Description>

/Users/alessandrojcm/repos/dhc-dashboard/src/lib/components/ui/sidebar/sidebar.svelte:49:6
Error: Cannot find name 'Sheet'. (ts)
				<Sheet.Title>Sidebar</Sheet.Title>
				<Sheet.Description>Displays the mobile sidebar.</Sheet.Description>
			</Sheet.Header>

/Users/alessandrojcm/repos/dhc-dashboard/src/lib/components/ui/sidebar/sidebar.svelte:49:54
Error: Cannot find name 'Sheet'. (ts)
				<Sheet.Title>Sidebar</Sheet.Title>
				<Sheet.Description>Displays the mobile sidebar.</Sheet.Description>
			</Sheet.Header>

/Users/alessandrojcm/repos/dhc-dashboard/src/lib/components/ui/sidebar/sidebar.svelte:50:6
Error: Cannot find name 'Sheet'. (ts)
				<Sheet.Description>Displays the mobile sidebar.</Sheet.Description>
			</Sheet.Header>
			<div class="flex h-full w-full flex-col">

/Users/alessandrojcm/repos/dhc-dashboard/src/lib/components/ui/sidebar/sidebar.svelte:54:5
Error: Cannot find name 'Sheet'. (ts)
			</div>
		</Sheet.Content>
	</Sheet.Root>

/Users/alessandrojcm/repos/dhc-dashboard/src/lib/components/ui/sidebar/sidebar.svelte:55:4
Error: Cannot find name 'Sheet'. (ts)
		</Sheet.Content>
	</Sheet.Root>
{:else}

/Users/alessandrojcm/repos/dhc-dashboard/src/lib/components/ui/sidebar/sidebar.svelte:60:15
Error: Cannot find name 'sidebar'. (ts)
		class="text-sidebar-foreground group peer hidden md:block"
		data-state={sidebar.state}
		data-collapsible={sidebar.state === "collapsed" ? collapsible : ""}

/Users/alessandrojcm/repos/dhc-dashboard/src/lib/components/ui/sidebar/sidebar.svelte:61:21
Error: Cannot find name 'sidebar'. (ts)
		data-state={sidebar.state}
		data-collapsible={sidebar.state === "collapsed" ? collapsible : ""}
		data-variant={variant}

/Users/alessandrojcm/repos/dhc-dashboard/src/lib/components/ui/sidebar/sidebar.svelte:58:14
Error: Cannot assign to 'ref' because it is a constant. (ts)
	<div
		bind:this={ref}
		class="text-sidebar-foreground group peer hidden md:block"

/Users/alessandrojcm/repos/dhc-dashboard/src/lib/components/ui/sidebar/sidebar.svelte:69:11
Error: Cannot find name 'cn'. (ts)
			data-slot="sidebar-gap"
			class={cn(
				"w-(--sidebar-width) relative bg-transparent transition-[width] duration-200 ease-linear",

/Users/alessandrojcm/repos/dhc-dashboard/src/lib/components/ui/sidebar/sidebar.svelte:80:11
Error: Cannot find name 'cn'. (ts)
			data-slot="sidebar-container"
			class={cn(
				"w-(--sidebar-width) fixed inset-y-0 z-10 hidden h-svh transition-[left,right,width] duration-200 ease-linear md:flex",

/Users/alessandrojcm/repos/dhc-dashboard/src/lib/components/ui/sidebar/sidebar-content.svelte:14:2
Error: Cannot bind to constant
https://svelte.dev/e/constant_binding (svelte)
<div
	bind:this={ref}
	data-slot="sidebar-content"

/Users/alessandrojcm/repos/dhc-dashboard/src/lib/components/ui/sidebar/sidebar-content.svelte:17:9
Error: Cannot find name 'cn'. (ts)
	data-sidebar="content"
	class={cn(
		"flex min-h-0 flex-1 flex-col gap-2 overflow-auto group-data-[collapsible=icon]:overflow-hidden",

/Users/alessandrojcm/repos/dhc-dashboard/src/lib/components/ui/sidebar/sidebar-content.svelte:14:13
Error: Cannot assign to 'ref' because it is a constant. (ts)
<div
	bind:this={ref}
	data-slot="sidebar-content"

/Users/alessandrojcm/repos/dhc-dashboard/src/lib/components/ui/sidebar/sidebar-footer.svelte:14:2
Error: Cannot bind to constant
https://svelte.dev/e/constant_binding (svelte)
<div
	bind:this={ref}
	data-slot="sidebar-footer"

/Users/alessandrojcm/repos/dhc-dashboard/src/lib/components/ui/sidebar/sidebar-footer.svelte:17:9
Error: Cannot find name 'cn'. (ts)
	data-sidebar="footer"
	class={cn("flex flex-col gap-2 p-2", className)}
	{...restProps}

/Users/alessandrojcm/repos/dhc-dashboard/src/lib/components/ui/sidebar/sidebar-footer.svelte:14:13
Error: Cannot assign to 'ref' because it is a constant. (ts)
<div
	bind:this={ref}
	data-slot="sidebar-footer"

/Users/alessandrojcm/repos/dhc-dashboard/src/lib/components/ui/sidebar/sidebar-group.svelte:14:2
Error: Cannot bind to constant
https://svelte.dev/e/constant_binding (svelte)
<div
	bind:this={ref}
	data-slot="sidebar-group"

/Users/alessandrojcm/repos/dhc-dashboard/src/lib/components/ui/sidebar/sidebar-group.svelte:17:9
Error: Cannot find name 'cn'. (ts)
	data-sidebar="group"
	class={cn("relative flex w-full min-w-0 flex-col p-2", className)}
	{...restProps}

/Users/alessandrojcm/repos/dhc-dashboard/src/lib/components/ui/sidebar/sidebar-group.svelte:14:13
Error: Cannot assign to 'ref' because it is a constant. (ts)
<div
	bind:this={ref}
	data-slot="sidebar-group"

/Users/alessandrojcm/repos/dhc-dashboard/src/lib/components/ui/sidebar/sidebar-group-action.svelte:33:10
Error: Cannot bind to constant
https://svelte.dev/e/constant_binding (svelte)
{:else}
	<button bind:this={ref} {...mergedProps}>
		{@render children?.()}

/Users/alessandrojcm/repos/dhc-dashboard/src/lib/components/ui/sidebar/sidebar-group-action.svelte:31:26
Error: Cannot find name 'mergedProps'. (ts)
{#if child}
	{@render child({ props: mergedProps })}
{:else}

/Users/alessandrojcm/repos/dhc-dashboard/src/lib/components/ui/sidebar/sidebar-group-action.svelte:33:30
Error: Cannot find name 'mergedProps'. (ts)
{:else}
	<button bind:this={ref} {...mergedProps}>
		{@render children?.()}

/Users/alessandrojcm/repos/dhc-dashboard/src/lib/components/ui/sidebar/sidebar-group-action.svelte:33:21
Error: Cannot assign to 'ref' because it is a constant. (ts)
{:else}
	<button bind:this={ref} {...mergedProps}>
		{@render children?.()}

/Users/alessandrojcm/repos/dhc-dashboard/src/lib/components/ui/sidebar/sidebar-group-content.svelte:14:2
Error: Cannot bind to constant
https://svelte.dev/e/constant_binding (svelte)
<div
	bind:this={ref}
	data-slot="sidebar-group-content"

/Users/alessandrojcm/repos/dhc-dashboard/src/lib/components/ui/sidebar/sidebar-group-content.svelte:17:9
Error: Cannot find name 'cn'. (ts)
	data-sidebar="group-content"
	class={cn("w-full text-sm", className)}
	{...restProps}

/Users/alessandrojcm/repos/dhc-dashboard/src/lib/components/ui/sidebar/sidebar-group-content.svelte:14:13
Error: Cannot assign to 'ref' because it is a constant. (ts)
<div
	bind:this={ref}
	data-slot="sidebar-group-content"

/Users/alessandrojcm/repos/dhc-dashboard/src/lib/components/ui/sidebar/sidebar-group-label.svelte:31:7
Error: Cannot bind to constant
https://svelte.dev/e/constant_binding (svelte)
{:else}
	<div bind:this={ref} {...mergedProps}>
		{@render children?.()}

/Users/alessandrojcm/repos/dhc-dashboard/src/lib/components/ui/sidebar/sidebar-group-label.svelte:29:26
Error: Cannot find name 'mergedProps'. (ts)
{#if child}
	{@render child({ props: mergedProps })}
{:else}

/Users/alessandrojcm/repos/dhc-dashboard/src/lib/components/ui/sidebar/sidebar-group-label.svelte:31:27
Error: Cannot find name 'mergedProps'. (ts)
{:else}
	<div bind:this={ref} {...mergedProps}>
		{@render children?.()}

/Users/alessandrojcm/repos/dhc-dashboard/src/lib/components/ui/sidebar/sidebar-group-label.svelte:31:18
Error: Cannot assign to 'ref' because it is a constant. (ts)
{:else}
	<div bind:this={ref} {...mergedProps}>
		{@render children?.()}

/Users/alessandrojcm/repos/dhc-dashboard/src/lib/components/ui/sidebar/sidebar-header.svelte:14:2
Error: Cannot bind to constant
https://svelte.dev/e/constant_binding (svelte)
<div
	bind:this={ref}
	data-slot="sidebar-header"

/Users/alessandrojcm/repos/dhc-dashboard/src/lib/components/ui/sidebar/sidebar-header.svelte:17:9
Error: Cannot find name 'cn'. (ts)
	data-sidebar="header"
	class={cn("flex flex-col gap-2 p-2", className)}
	{...restProps}

/Users/alessandrojcm/repos/dhc-dashboard/src/lib/components/ui/sidebar/sidebar-header.svelte:14:13
Error: Cannot assign to 'ref' because it is a constant. (ts)
<div
	bind:this={ref}
	data-slot="sidebar-header"

/Users/alessandrojcm/repos/dhc-dashboard/src/lib/components/ui/sidebar/sidebar-input.svelte:14:2
Error: Cannot bind to constant
https://svelte.dev/e/constant_binding (svelte)
<Input
	bind:ref
	bind:value

/Users/alessandrojcm/repos/dhc-dashboard/src/lib/components/ui/sidebar/sidebar-input.svelte:13:2
Error: 'Input' cannot be used as a value because it was imported using 'import type'. (ts)

<Input
	bind:ref

/Users/alessandrojcm/repos/dhc-dashboard/src/lib/components/ui/sidebar/sidebar-input.svelte:18:9
Error: Cannot find name 'cn'. (ts)
	data-sidebar="input"
	class={cn("bg-background h-8 w-full shadow-none", className)}
	{...restProps}

/Users/alessandrojcm/repos/dhc-dashboard/src/lib/components/ui/sidebar/sidebar-inset.svelte:14:2
Error: Cannot bind to constant
https://svelte.dev/e/constant_binding (svelte)
<main
	bind:this={ref}
	data-slot="sidebar-inset"

/Users/alessandrojcm/repos/dhc-dashboard/src/lib/components/ui/sidebar/sidebar-inset.svelte:16:9
Error: Cannot find name 'cn'. (ts)
	data-slot="sidebar-inset"
	class={cn(
		"bg-background relative flex w-full flex-1 flex-col",

/Users/alessandrojcm/repos/dhc-dashboard/src/lib/components/ui/sidebar/sidebar-inset.svelte:14:13
Error: Cannot assign to 'ref' because it is a constant. (ts)
<main
	bind:this={ref}
	data-slot="sidebar-inset"

/Users/alessandrojcm/repos/dhc-dashboard/src/lib/components/ui/sidebar/sidebar-menu.svelte:17:2
Error: Cannot bind to constant
https://svelte.dev/e/constant_binding (svelte)
<ul
	bind:this={ref}
	data-slot="sidebar-menu"

/Users/alessandrojcm/repos/dhc-dashboard/src/lib/components/ui/sidebar/sidebar-menu.svelte:10:4
Error: Generic type 'WithElementRef' requires 1 type argument(s). (ts)
	...restProps
}: WithElementRef<
	HTMLAttributes<HTMLUListElement>,
	HTMLUListElement
> = $props();
</script>

/Users/alessandrojcm/repos/dhc-dashboard/src/lib/components/ui/sidebar/sidebar-menu.svelte:20:9
Error: Cannot find name 'cn'. (ts)
	data-sidebar="menu"
	class={cn("flex w-full min-w-0 flex-col gap-1", className)}
	{...restProps}

/Users/alessandrojcm/repos/dhc-dashboard/src/lib/components/ui/sidebar/sidebar-menu.svelte:17:13
Error: Cannot assign to 'ref' because it is a constant. (ts)
<ul
	bind:this={ref}
	data-slot="sidebar-menu"

/Users/alessandrojcm/repos/dhc-dashboard/src/lib/components/ui/sidebar/sidebar-menu-action.svelte:40:10
Error: Cannot bind to constant
https://svelte.dev/e/constant_binding (svelte)
{:else}
	<button bind:this={ref} {...mergedProps}>
		{@render children?.()}

/Users/alessandrojcm/repos/dhc-dashboard/src/lib/components/ui/sidebar/sidebar-menu-action.svelte:38:26
Error: Cannot find name 'mergedProps'. (ts)
{#if child}
	{@render child({ props: mergedProps })}
{:else}

/Users/alessandrojcm/repos/dhc-dashboard/src/lib/components/ui/sidebar/sidebar-menu-action.svelte:40:30
Error: Cannot find name 'mergedProps'. (ts)
{:else}
	<button bind:this={ref} {...mergedProps}>
		{@render children?.()}

/Users/alessandrojcm/repos/dhc-dashboard/src/lib/components/ui/sidebar/sidebar-menu-action.svelte:40:21
Error: Cannot assign to 'ref' because it is a constant. (ts)
{:else}
	<button bind:this={ref} {...mergedProps}>
		{@render children?.()}

/Users/alessandrojcm/repos/dhc-dashboard/src/lib/components/ui/sidebar/sidebar-menu-badge.svelte:14:2
Error: Cannot bind to constant
https://svelte.dev/e/constant_binding (svelte)
<div
	bind:this={ref}
	data-slot="sidebar-menu-badge"

/Users/alessandrojcm/repos/dhc-dashboard/src/lib/components/ui/sidebar/sidebar-menu-badge.svelte:17:9
Error: Cannot find name 'cn'. (ts)
	data-sidebar="menu-badge"
	class={cn(
		"text-sidebar-foreground pointer-events-none absolute right-1 flex h-5 min-w-5 select-none items-center justify-center rounded-md px-1 text-xs font-medium tabular-nums",

/Users/alessandrojcm/repos/dhc-dashboard/src/lib/components/ui/sidebar/sidebar-menu-badge.svelte:14:13
Error: Cannot assign to 'ref' because it is a constant. (ts)
<div
	bind:this={ref}
	data-slot="sidebar-menu-badge"

/Users/alessandrojcm/repos/dhc-dashboard/src/lib/components/ui/tooltip/tooltip-content.svelte:19:3
Error: Cannot bind to constant
https://svelte.dev/e/constant_binding (svelte)
	<TooltipPrimitive.Content
		bind:ref
		data-slot="tooltip-content"

/Users/alessandrojcm/repos/dhc-dashboard/src/lib/components/ui/tooltip/tooltip-content.svelte:17:2
Error: 'TooltipPrimitive' cannot be used as a value because it was imported using 'import type'. (ts)

<TooltipPrimitive.Portal>
	<TooltipPrimitive.Content

/Users/alessandrojcm/repos/dhc-dashboard/src/lib/components/ui/tooltip/tooltip-content.svelte:18:3
Error: 'TooltipPrimitive' cannot be used as a value because it was imported using 'import type'. (ts)
<TooltipPrimitive.Portal>
	<TooltipPrimitive.Content
		bind:ref

/Users/alessandrojcm/repos/dhc-dashboard/src/lib/components/ui/tooltip/tooltip-content.svelte:23:10
Error: Cannot find name 'cn'. (ts)
		{side}
		class={cn(
			"bg-primary text-primary-foreground animate-in fade-in-0 zoom-in-95 data-[state=closed]:animate-out data-[state=closed]:fade-out-0 data-[state=closed]:zoom-out-95 data-[side=bottom]:slide-in-from-top-2 data-[side=left]:slide-in-from-right-2 data-[side=right]:slide-in-from-left-2 data-[side=top]:slide-in-from-bottom-2 origin-(--bits-tooltip-content-transform-origin) z-50 w-fit text-balance rounded-md px-3 py-1.5 text-xs",

/Users/alessandrojcm/repos/dhc-dashboard/src/lib/components/ui/tooltip/tooltip-content.svelte:30:4
Error: 'TooltipPrimitive' cannot be used as a value because it was imported using 'import type'. (ts)
		{@render children?.()}
		<TooltipPrimitive.Arrow>
			{#snippet child({ props })}

/Users/alessandrojcm/repos/dhc-dashboard/src/lib/components/ui/tooltip/tooltip-content.svelte:33:13
Error: Cannot find name 'cn'. (ts)
				<div
					class={cn(
						"bg-primary z-50 size-2.5 rotate-45 rounded-[2px]",

/Users/alessandrojcm/repos/dhc-dashboard/src/lib/components/ui/tooltip/tooltip-content.svelte:44:5
Error: 'TooltipPrimitive' cannot be used as a value because it was imported using 'import type'. (ts)
			{/snippet}
		</TooltipPrimitive.Arrow>
	</TooltipPrimitive.Content>

/Users/alessandrojcm/repos/dhc-dashboard/src/lib/components/ui/tooltip/tooltip-content.svelte:45:4
Error: 'TooltipPrimitive' cannot be used as a value because it was imported using 'import type'. (ts)
		</TooltipPrimitive.Arrow>
	</TooltipPrimitive.Content>
</TooltipPrimitive.Portal>

/Users/alessandrojcm/repos/dhc-dashboard/src/lib/components/ui/tooltip/tooltip-content.svelte:46:3
Error: 'TooltipPrimitive' cannot be used as a value because it was imported using 'import type'. (ts)
	</TooltipPrimitive.Content>
</TooltipPrimitive.Portal>

/Users/alessandrojcm/repos/dhc-dashboard/src/lib/components/ui/tooltip/tooltip-trigger.svelte:8:27
Error: Cannot bind to constant
https://svelte.dev/e/constant_binding (svelte)

<TooltipPrimitive.Trigger bind:ref data-slot="tooltip-trigger" {...restProps} />

/Users/alessandrojcm/repos/dhc-dashboard/src/lib/components/ui/tooltip/tooltip-trigger.svelte:8:2
Error: 'TooltipPrimitive' cannot be used as a value because it was imported using 'import type'. (ts)

<TooltipPrimitive.Trigger bind:ref data-slot="tooltip-trigger" {...restProps} />

/Users/alessandrojcm/repos/dhc-dashboard/src/lib/components/ui/sidebar/sidebar-menu-item.svelte:14:2
Error: Cannot bind to constant
https://svelte.dev/e/constant_binding (svelte)
<li
	bind:this={ref}
	data-slot="sidebar-menu-item"

/Users/alessandrojcm/repos/dhc-dashboard/src/lib/components/ui/sidebar/sidebar-menu-item.svelte:17:9
Error: Cannot find name 'cn'. (ts)
	data-sidebar="menu-item"
	class={cn("group/menu-item relative", className)}
	{...restProps}

/Users/alessandrojcm/repos/dhc-dashboard/src/lib/components/ui/sidebar/sidebar-menu-item.svelte:14:13
Error: Cannot assign to 'ref' because it is a constant. (ts)
<li
	bind:this={ref}
	data-slot="sidebar-menu-item"

/Users/alessandrojcm/repos/dhc-dashboard/src/lib/components/ui/sidebar/sidebar-menu-skeleton.svelte:20:2
Error: Cannot bind to constant
https://svelte.dev/e/constant_binding (svelte)
<div
	bind:this={ref}
	data-slot="sidebar-menu-skeleton"

/Users/alessandrojcm/repos/dhc-dashboard/src/lib/components/ui/sidebar/sidebar-menu-skeleton.svelte:23:9
Error: Cannot find name 'cn'. (ts)
	data-sidebar="menu-skeleton"
	class={cn("flex h-8 items-center gap-2 rounded-md px-2", className)}
	{...restProps}

/Users/alessandrojcm/repos/dhc-dashboard/src/lib/components/ui/sidebar/sidebar-menu-skeleton.svelte:20:13
Error: Cannot assign to 'ref' because it is a constant. (ts)
<div
	bind:this={ref}
	data-slot="sidebar-menu-skeleton"

/Users/alessandrojcm/repos/dhc-dashboard/src/lib/components/ui/sidebar/sidebar-menu-skeleton.svelte:27:4
Error: Cannot find name 'Skeleton'. (ts)
	{#if showIcon}
		<Skeleton class="size-4 rounded-md" data-sidebar="menu-skeleton-icon" />
	{/if}

/Users/alessandrojcm/repos/dhc-dashboard/src/lib/components/ui/sidebar/sidebar-menu-skeleton.svelte:29:3
Error: Cannot find name 'Skeleton'. (ts)
	{/if}
	<Skeleton
		class="max-w-(--skeleton-width) h-4 flex-1"

/Users/alessandrojcm/repos/dhc-dashboard/src/lib/components/ui/sidebar/sidebar-menu-skeleton.svelte:32:29
Error: Cannot find name 'width'. (ts)
		data-sidebar="menu-skeleton-text"
		style="--skeleton-width: {width};"
	/>

/Users/alessandrojcm/repos/dhc-dashboard/src/lib/components/ui/sidebar/sidebar-menu-sub.svelte:14:2
Error: Cannot bind to constant
https://svelte.dev/e/constant_binding (svelte)
<ul
	bind:this={ref}
	data-slot="sidebar-menu-sub"

/Users/alessandrojcm/repos/dhc-dashboard/src/lib/components/ui/sidebar/sidebar-menu-sub.svelte:17:9
Error: Cannot find name 'cn'. (ts)
	data-sidebar="menu-sub"
	class={cn(
		"border-sidebar-border mx-3.5 flex min-w-0 translate-x-px flex-col gap-1 border-l px-2.5 py-0.5",

/Users/alessandrojcm/repos/dhc-dashboard/src/lib/components/ui/sidebar/sidebar-menu-sub.svelte:14:13
Error: Cannot assign to 'ref' because it is a constant. (ts)
<ul
	bind:this={ref}
	data-slot="sidebar-menu-sub"

/Users/alessandrojcm/repos/dhc-dashboard/src/lib/components/ui/sidebar/sidebar-menu-sub-button.svelte:40:5
Error: Cannot bind to constant
https://svelte.dev/e/constant_binding (svelte)
{:else}
	<a bind:this={ref} {...mergedProps}>
		{@render children?.()}

/Users/alessandrojcm/repos/dhc-dashboard/src/lib/components/ui/sidebar/sidebar-menu-sub-button.svelte:38:26
Error: Cannot find name 'mergedProps'. (ts)
{#if child}
	{@render child({ props: mergedProps })}
{:else}

/Users/alessandrojcm/repos/dhc-dashboard/src/lib/components/ui/sidebar/sidebar-menu-sub-button.svelte:40:25
Error: Cannot find name 'mergedProps'. (ts)
{:else}
	<a bind:this={ref} {...mergedProps}>
		{@render children?.()}

/Users/alessandrojcm/repos/dhc-dashboard/src/lib/components/ui/sidebar/sidebar-menu-sub-button.svelte:40:16
Error: Cannot assign to 'ref' because it is a constant. (ts)
{:else}
	<a bind:this={ref} {...mergedProps}>
		{@render children?.()}

/Users/alessandrojcm/repos/dhc-dashboard/src/lib/components/ui/sidebar/sidebar-menu-sub-item.svelte:14:2
Error: Cannot bind to constant
https://svelte.dev/e/constant_binding (svelte)
<li
	bind:this={ref}
	data-slot="sidebar-menu-sub-item"

/Users/alessandrojcm/repos/dhc-dashboard/src/lib/components/ui/sidebar/sidebar-menu-sub-item.svelte:17:9
Error: Cannot find name 'cn'. (ts)
	data-sidebar="menu-sub-item"
	class={cn("group/menu-sub-item relative", className)}
	{...restProps}

/Users/alessandrojcm/repos/dhc-dashboard/src/lib/components/ui/sidebar/sidebar-menu-sub-item.svelte:14:13
Error: Cannot assign to 'ref' because it is a constant. (ts)
<li
	bind:this={ref}
	data-slot="sidebar-menu-sub-item"

/Users/alessandrojcm/repos/dhc-dashboard/src/lib/components/ui/sidebar/sidebar-provider.svelte:32:27
Error: Cannot find name 'sidebar'. (ts)

<svelte:window onkeydown={sidebar.handleShortcutKeydown} />

/Users/alessandrojcm/repos/dhc-dashboard/src/lib/components/ui/sidebar/sidebar-provider.svelte:34:2
Error: Cannot find name 'Tooltip'. (ts)

<Tooltip.Provider delayDuration={0}>
	<div

/Users/alessandrojcm/repos/dhc-dashboard/src/lib/components/ui/sidebar/sidebar-provider.svelte:37:28
Error: Cannot find name 'SIDEBAR_WIDTH'. (ts)
		data-slot="sidebar-wrapper"
		style="--sidebar-width: {SIDEBAR_WIDTH}; --sidebar-width-icon: {SIDEBAR_WIDTH_ICON}; {style}"
		class={cn(

/Users/alessandrojcm/repos/dhc-dashboard/src/lib/components/ui/sidebar/sidebar-provider.svelte:37:67
Error: Cannot find name 'SIDEBAR_WIDTH_ICON'. (ts)
		data-slot="sidebar-wrapper"
		style="--sidebar-width: {SIDEBAR_WIDTH}; --sidebar-width-icon: {SIDEBAR_WIDTH_ICON}; {style}"
		class={cn(

/Users/alessandrojcm/repos/dhc-dashboard/src/lib/components/ui/sidebar/sidebar-provider.svelte:38:10
Error: Cannot find name 'cn'. (ts)
		style="--sidebar-width: {SIDEBAR_WIDTH}; --sidebar-width-icon: {SIDEBAR_WIDTH_ICON}; {style}"
		class={cn(
			"group/sidebar-wrapper has-data-[variant=inset]:bg-sidebar flex min-h-svh w-full",

/Users/alessandrojcm/repos/dhc-dashboard/src/lib/components/ui/sidebar/sidebar-provider.svelte:47:3
Error: Cannot find name 'Tooltip'. (ts)
	</div>
</Tooltip.Provider>

/Users/alessandrojcm/repos/dhc-dashboard/src/lib/components/ui/sidebar/sidebar-rail.svelte:20:2
Error: Cannot bind to constant
https://svelte.dev/e/constant_binding (svelte)
<button
	bind:this={ref}
	data-sidebar="rail"

/Users/alessandrojcm/repos/dhc-dashboard/src/lib/components/ui/sidebar/sidebar-rail.svelte:11:4
Error: Generic type 'WithElementRef' requires 1 type argument(s). (ts)
	...restProps
}: WithElementRef<
	HTMLAttributes<HTMLButtonElement>,
	HTMLButtonElement
> = $props();

/Users/alessandrojcm/repos/dhc-dashboard/src/lib/components/ui/sidebar/sidebar-rail.svelte:25:11
Error: Cannot find name 'sidebar'. (ts)
	tabIndex={-1}
	onclick={sidebar.toggle}
	title="Toggle Sidebar"

/Users/alessandrojcm/repos/dhc-dashboard/src/lib/components/ui/sidebar/sidebar-rail.svelte:27:9
Error: Cannot find name 'cn'. (ts)
	title="Toggle Sidebar"
	class={cn(
		"hover:after:bg-sidebar-border absolute inset-y-0 z-20 hidden w-4 -translate-x-1/2 transition-all ease-linear after:absolute after:inset-y-0 after:left-[calc(1/2*100%-1px)] after:w-[2px] group-data-[side=left]:-right-4 group-data-[side=right]:left-0 sm:flex",

/Users/alessandrojcm/repos/dhc-dashboard/src/lib/components/ui/sidebar/sidebar-rail.svelte:20:13
Error: Cannot assign to 'ref' because it is a constant. (ts)
<button
	bind:this={ref}
	data-sidebar="rail"

/Users/alessandrojcm/repos/dhc-dashboard/src/lib/components/ui/sidebar/sidebar-separator.svelte:13:2
Error: Cannot bind to constant
https://svelte.dev/e/constant_binding (svelte)
<Separator
	bind:ref
	data-slot="sidebar-separator"

/Users/alessandrojcm/repos/dhc-dashboard/src/lib/components/ui/sidebar/sidebar-separator.svelte:12:2
Error: 'Separator' cannot be used as a value because it was imported using 'import type'. (ts)

<Separator
	bind:ref

/Users/alessandrojcm/repos/dhc-dashboard/src/lib/components/ui/sidebar/sidebar-separator.svelte:16:9
Error: Cannot find name 'cn'. (ts)
	data-sidebar="separator"
	class={cn("bg-sidebar-border", className)}
	{...restProps}

/Users/alessandrojcm/repos/dhc-dashboard/src/lib/components/ui/sidebar/sidebar-trigger.svelte:18:2
Error: 'Button' cannot be used as a value because it was imported using 'import type'. (ts)

<Button
	data-sidebar="trigger"

/Users/alessandrojcm/repos/dhc-dashboard/src/lib/components/ui/sidebar/sidebar-trigger.svelte:23:9
Error: Cannot find name 'cn'. (ts)
	size="icon"
	class={cn("size-7", className)}
	type="button"

/Users/alessandrojcm/repos/dhc-dashboard/src/lib/components/ui/sidebar/sidebar-trigger.svelte:27:3
Error: Cannot find name 'sidebar'. (ts)
		onclick?.(e);
		sidebar.toggle();
	}}

/Users/alessandrojcm/repos/dhc-dashboard/src/lib/components/ui/sidebar/sidebar-trigger.svelte:31:3
Error: Cannot find name 'PanelLeftIcon'. (ts)
>
	<PanelLeftIcon />
	<span class="sr-only">Toggle Sidebar</span>

/Users/alessandrojcm/repos/dhc-dashboard/src/lib/components/ui/sidebar/sidebar-trigger.svelte:33:3
Error: 'Button' cannot be used as a value because it was imported using 'import type'. (ts)
	<span class="sr-only">Toggle Sidebar</span>
</Button>

/Users/alessandrojcm/repos/dhc-dashboard/src/lib/components/ui/skeleton/skeleton.svelte:13:2
Error: Cannot bind to constant
https://svelte.dev/e/constant_binding (svelte)
<div
	bind:this={ref}
	data-slot="skeleton"

/Users/alessandrojcm/repos/dhc-dashboard/src/lib/components/ui/skeleton/skeleton.svelte:15:9
Error: Cannot find name 'cn'. (ts)
	data-slot="skeleton"
	class={cn("bg-accent animate-pulse rounded-md", className)}
	{...restProps}

/Users/alessandrojcm/repos/dhc-dashboard/src/lib/components/ui/skeleton/skeleton.svelte:13:13
Error: Cannot assign to 'ref' because it is a constant. (ts)
<div
	bind:this={ref}
	data-slot="skeleton"

/Users/alessandrojcm/repos/dhc-dashboard/src/lib/components/ui/slider/slider.svelte:19:2
Error: Cannot bind to constant
https://svelte.dev/e/constant_binding (svelte)
<SliderPrimitive.Root
	bind:ref
	bind:value={value as never}

/Users/alessandrojcm/repos/dhc-dashboard/src/lib/components/ui/slider/slider.svelte:18:2
Error: 'SliderPrimitive' cannot be used as a value because it was imported using 'import type'. (ts)
-->
<SliderPrimitive.Root
	bind:ref

/Users/alessandrojcm/repos/dhc-dashboard/src/lib/components/ui/slider/slider.svelte:18:21
Error: Expression produces a union type that is too complex to represent. (ts)
-->
<SliderPrimitive.Root
	bind:ref
	bind:value={value as never}
	data-slot="slider"
	{orientation}
	class={cn(
		"relative flex w-full touch-none select-none items-center data-[orientation=vertical]:h-full data-[orientation=vertical]:min-h-44 data-[orientation=vertical]:w-auto data-[orientation=vertical]:flex-col data-[disabled]:opacity-50",
		className
	)}
	{...restProps}
>
	{#snippet children({ thumbs })}
		<span
			data-orientation={orientation}
			data-slot="slider-track"
			class={cn(
				"bg-muted relative grow overflow-hidden rounded-full data-[orientation=horizontal]:h-1.5 data-[orientation=vertical]:h-full data-[orientation=horizontal]:w-full data-[orientation=vertical]:w-1.5"
			)}
		>
			<SliderPrimitive.Range
				data-slot="slider-range"
				class={cn(
					"bg-primary absolute data-[orientation=horizontal]:h-full data-[orientation=vertical]:w-full"
				)}
			/>
		</span>
		{#each thumbs as thumb (thumb)}
			<SliderPrimitive.Thumb
				data-slot="slider-thumb"
				index={thumb}
				class="border-primary bg-background ring-ring/50 focus-visible:outline-hidden block size-4 shrink-0 rounded-full border shadow-sm transition-[color,box-shadow] hover:ring-4 focus-visible:ring-4 disabled:pointer-events-none disabled:opacity-50"
			/>
		{/each}
	{/snippet}
</SliderPrimitive.Root>

/Users/alessandrojcm/repos/dhc-dashboard/src/lib/components/ui/slider/slider.svelte:18:21
Error: Type '{ children: (this: void, { thumbs }: SliderRootSnippetProps) => any; id?: string | undefined; type: "single" | "multiple"; title?: string | null | undefined; max?: number | undefined; ... 439 more ...; class: any; }' is not assignable to type 'SliderRootProps | undefined'.
  Type '{ children: (this: void, { thumbs }: SliderRootSnippetProps) => any; id?: string | undefined; type: "single" | "multiple"; title?: string | null | undefined; max?: number | undefined; ... 439 more ...; class: any; }' is not assignable to type '(Omit<SliderSingleRootPropsWithoutHTML, "children" | "child"> & { child?: Snippet<[SliderRootSnippetProps & { ...; }]> | undefined; children?: Snippet<...> | undefined; style?: string | ... 2 more ... | undefined; ref?: HTMLElement | ... 1 more ... | undefined; } & Without<...>) | (Omit<...> & ... 1 more ... & Witho...'. (ts)
-->
<SliderPrimitive.Root
	bind:ref

/Users/alessandrojcm/repos/dhc-dashboard/src/lib/components/ui/slider/slider.svelte:23:9
Error: Cannot find name 'cn'. (ts)
	{orientation}
	class={cn(
		"relative flex w-full touch-none select-none items-center data-[orientation=vertical]:h-full data-[orientation=vertical]:min-h-44 data-[orientation=vertical]:w-auto data-[orientation=vertical]:flex-col data-[disabled]:opacity-50",

/Users/alessandrojcm/repos/dhc-dashboard/src/lib/components/ui/slider/slider.svelte:33:11
Error: Cannot find name 'cn'. (ts)
			data-slot="slider-track"
			class={cn(
				"bg-muted relative grow overflow-hidden rounded-full data-[orientation=horizontal]:h-1.5 data-[orientation=vertical]:h-full data-[orientation=horizontal]:w-full data-[orientation=vertical]:w-1.5"

/Users/alessandrojcm/repos/dhc-dashboard/src/lib/components/ui/slider/slider.svelte:37:5
Error: 'SliderPrimitive' cannot be used as a value because it was imported using 'import type'. (ts)
		>
			<SliderPrimitive.Range
				data-slot="slider-range"

/Users/alessandrojcm/repos/dhc-dashboard/src/lib/components/ui/slider/slider.svelte:39:12
Error: Cannot find name 'cn'. (ts)
				data-slot="slider-range"
				class={cn(
					"bg-primary absolute data-[orientation=horizontal]:h-full data-[orientation=vertical]:w-full"

/Users/alessandrojcm/repos/dhc-dashboard/src/lib/components/ui/slider/slider.svelte:45:5
Error: 'SliderPrimitive' cannot be used as a value because it was imported using 'import type'. (ts)
		{#each thumbs as thumb (thumb)}
			<SliderPrimitive.Thumb
				data-slot="slider-thumb"

/Users/alessandrojcm/repos/dhc-dashboard/src/lib/components/ui/slider/slider.svelte:52:3
Error: 'SliderPrimitive' cannot be used as a value because it was imported using 'import type'. (ts)
	{/snippet}
</SliderPrimitive.Root>

/Users/alessandrojcm/repos/dhc-dashboard/src/lib/components/ui/switch/switch.svelte:14:2
Error: Cannot bind to constant
https://svelte.dev/e/constant_binding (svelte)
<SwitchPrimitive.Root
	bind:ref
	bind:checked

/Users/alessandrojcm/repos/dhc-dashboard/src/lib/components/ui/switch/switch.svelte:13:2
Error: 'SwitchPrimitive' cannot be used as a value because it was imported using 'import type'. (ts)

<SwitchPrimitive.Root
	bind:ref

/Users/alessandrojcm/repos/dhc-dashboard/src/lib/components/ui/switch/switch.svelte:17:9
Error: Cannot find name 'cn'. (ts)
	data-slot="switch"
	class={cn(
		"data-[state=checked]:bg-primary data-[state=unchecked]:bg-input focus-visible:border-ring focus-visible:ring-ring/50 dark:data-[state=unchecked]:bg-input/80 shadow-xs peer inline-flex h-[1.15rem] w-8 shrink-0 items-center rounded-full border border-transparent outline-none transition-all focus-visible:ring-[3px] disabled:cursor-not-allowed disabled:opacity-50",

/Users/alessandrojcm/repos/dhc-dashboard/src/lib/components/ui/switch/switch.svelte:23:3
Error: 'SwitchPrimitive' cannot be used as a value because it was imported using 'import type'. (ts)
>
	<SwitchPrimitive.Thumb
		data-slot="switch-thumb"

/Users/alessandrojcm/repos/dhc-dashboard/src/lib/components/ui/switch/switch.svelte:25:10
Error: Cannot find name 'cn'. (ts)
		data-slot="switch-thumb"
		class={cn(
			"bg-background dark:data-[state=unchecked]:bg-foreground dark:data-[state=checked]:bg-primary-foreground pointer-events-none block size-4 rounded-full ring-0 transition-transform data-[state=checked]:translate-x-[calc(100%-2px)] data-[state=unchecked]:translate-x-0"

/Users/alessandrojcm/repos/dhc-dashboard/src/lib/components/ui/switch/switch.svelte:29:3
Error: 'SwitchPrimitive' cannot be used as a value because it was imported using 'import type'. (ts)
	/>
</SwitchPrimitive.Root>

/Users/alessandrojcm/repos/dhc-dashboard/src/lib/components/ui/table/table.svelte:15:3
Error: Cannot bind to constant
https://svelte.dev/e/constant_binding (svelte)
	<table
		bind:this={ref}
		data-slot="table"

/Users/alessandrojcm/repos/dhc-dashboard/src/lib/components/ui/table/table.svelte:17:10
Error: Cannot find name 'cn'. (ts)
		data-slot="table"
		class={cn("w-full caption-bottom text-sm", className)}
		{...restProps}

/Users/alessandrojcm/repos/dhc-dashboard/src/lib/components/ui/table/table.svelte:15:14
Error: Cannot assign to 'ref' because it is a constant. (ts)
	<table
		bind:this={ref}
		data-slot="table"

/Users/alessandrojcm/repos/dhc-dashboard/src/lib/components/ui/table/table-body.svelte:14:2
Error: Cannot bind to constant
https://svelte.dev/e/constant_binding (svelte)
<tbody
	bind:this={ref}
	data-slot="table-body"

/Users/alessandrojcm/repos/dhc-dashboard/src/lib/components/ui/table/table-body.svelte:16:9
Error: Cannot find name 'cn'. (ts)
	data-slot="table-body"
	class={cn("[&_tr:last-child]:border-0", className)}
	{...restProps}

/Users/alessandrojcm/repos/dhc-dashboard/src/lib/components/ui/table/table-body.svelte:14:13
Error: Cannot assign to 'ref' because it is a constant. (ts)
<tbody
	bind:this={ref}
	data-slot="table-body"

/Users/alessandrojcm/repos/dhc-dashboard/src/lib/components/ui/table/table-caption.svelte:14:2
Error: Cannot bind to constant
https://svelte.dev/e/constant_binding (svelte)
<caption
	bind:this={ref}
	data-slot="table-caption"

/Users/alessandrojcm/repos/dhc-dashboard/src/lib/components/ui/table/table-caption.svelte:16:9
Error: Cannot find name 'cn'. (ts)
	data-slot="table-caption"
	class={cn("text-muted-foreground mt-4 text-sm", className)}
	{...restProps}

/Users/alessandrojcm/repos/dhc-dashboard/src/lib/components/ui/table/table-caption.svelte:14:13
Error: Cannot assign to 'ref' because it is a constant. (ts)
<caption
	bind:this={ref}
	data-slot="table-caption"

/Users/alessandrojcm/repos/dhc-dashboard/src/lib/components/ui/table/table-cell.svelte:14:2
Error: Cannot bind to constant
https://svelte.dev/e/constant_binding (svelte)
<td
	bind:this={ref}
	data-slot="table-cell"

/Users/alessandrojcm/repos/dhc-dashboard/src/lib/components/ui/table/table-cell.svelte:16:9
Error: Cannot find name 'cn'. (ts)
	data-slot="table-cell"
	class={cn(
		"whitespace-nowrap bg-clip-padding p-2 align-middle [&:has([role=checkbox])]:pr-0",

/Users/alessandrojcm/repos/dhc-dashboard/src/lib/components/ui/table/table-cell.svelte:14:13
Error: Cannot assign to 'ref' because it is a constant. (ts)
<td
	bind:this={ref}
	data-slot="table-cell"

/Users/alessandrojcm/repos/dhc-dashboard/src/lib/components/ui/table/table-footer.svelte:14:2
Error: Cannot bind to constant
https://svelte.dev/e/constant_binding (svelte)
<tfoot
	bind:this={ref}
	data-slot="table-footer"

/Users/alessandrojcm/repos/dhc-dashboard/src/lib/components/ui/table/table-footer.svelte:16:9
Error: Cannot find name 'cn'. (ts)
	data-slot="table-footer"
	class={cn("bg-muted/50 border-t font-medium [&>tr]:last:border-b-0", className)}
	{...restProps}

/Users/alessandrojcm/repos/dhc-dashboard/src/lib/components/ui/table/table-footer.svelte:14:13
Error: Cannot assign to 'ref' because it is a constant. (ts)
<tfoot
	bind:this={ref}
	data-slot="table-footer"

/Users/alessandrojcm/repos/dhc-dashboard/src/lib/components/ui/table/table-head.svelte:14:2
Error: Cannot bind to constant
https://svelte.dev/e/constant_binding (svelte)
<th
	bind:this={ref}
	data-slot="table-head"

/Users/alessandrojcm/repos/dhc-dashboard/src/lib/components/ui/table/table-head.svelte:16:9
Error: Cannot find name 'cn'. (ts)
	data-slot="table-head"
	class={cn(
		"text-foreground h-10 whitespace-nowrap bg-clip-padding px-2 text-left align-middle font-medium [&:has([role=checkbox])]:pr-0",

/Users/alessandrojcm/repos/dhc-dashboard/src/lib/components/ui/table/table-head.svelte:14:13
Error: Cannot assign to 'ref' because it is a constant. (ts)
<th
	bind:this={ref}
	data-slot="table-head"

/Users/alessandrojcm/repos/dhc-dashboard/src/lib/components/ui/table/table-header.svelte:14:2
Error: Cannot bind to constant
https://svelte.dev/e/constant_binding (svelte)
<thead
	bind:this={ref}
	data-slot="table-header"

/Users/alessandrojcm/repos/dhc-dashboard/src/lib/components/ui/table/table-header.svelte:16:9
Error: Cannot find name 'cn'. (ts)
	data-slot="table-header"
	class={cn("[&_tr]:border-b", className)}
	{...restProps}

/Users/alessandrojcm/repos/dhc-dashboard/src/lib/components/ui/table/table-header.svelte:14:13
Error: Cannot assign to 'ref' because it is a constant. (ts)
<thead
	bind:this={ref}
	data-slot="table-header"

/Users/alessandrojcm/repos/dhc-dashboard/src/lib/components/ui/table/table-row.svelte:14:2
Error: Cannot bind to constant
https://svelte.dev/e/constant_binding (svelte)
<tr
	bind:this={ref}
	data-slot="table-row"

/Users/alessandrojcm/repos/dhc-dashboard/src/lib/components/ui/table/table-row.svelte:16:9
Error: Cannot find name 'cn'. (ts)
	data-slot="table-row"
	class={cn(
		"hover:[&,&>svelte-css-wrapper]:[&>th,td]:bg-muted/50 data-[state=selected]:bg-muted border-b transition-colors",

/Users/alessandrojcm/repos/dhc-dashboard/src/lib/components/ui/table/table-row.svelte:14:13
Error: Cannot assign to 'ref' because it is a constant. (ts)
<tr
	bind:this={ref}
	data-slot="table-row"

/Users/alessandrojcm/repos/dhc-dashboard/src/lib/components/ui/tabs/tabs.svelte:13:2
Error: Cannot bind to constant
https://svelte.dev/e/constant_binding (svelte)
<TabsPrimitive.Root
	bind:ref
	bind:value

/Users/alessandrojcm/repos/dhc-dashboard/src/lib/components/ui/tabs/tabs.svelte:12:2
Error: 'TabsPrimitive' cannot be used as a value because it was imported using 'import type'. (ts)

<TabsPrimitive.Root
	bind:ref

/Users/alessandrojcm/repos/dhc-dashboard/src/lib/components/ui/tabs/tabs.svelte:16:9
Error: Cannot find name 'cn'. (ts)
	data-slot="tabs"
	class={cn("flex flex-col gap-2", className)}
	{...restProps}

/Users/alessandrojcm/repos/dhc-dashboard/src/lib/components/ui/tabs/tabs-content.svelte:12:2
Error: Cannot bind to constant
https://svelte.dev/e/constant_binding (svelte)
<TabsPrimitive.Content
	bind:ref
	data-slot="tabs-content"

/Users/alessandrojcm/repos/dhc-dashboard/src/lib/components/ui/tabs/tabs-content.svelte:11:2
Error: 'TabsPrimitive' cannot be used as a value because it was imported using 'import type'. (ts)

<TabsPrimitive.Content
	bind:ref

/Users/alessandrojcm/repos/dhc-dashboard/src/lib/components/ui/tabs/tabs-content.svelte:14:9
Error: Cannot find name 'cn'. (ts)
	data-slot="tabs-content"
	class={cn("flex-1 outline-none", className)}
	{...restProps}

/Users/alessandrojcm/repos/dhc-dashboard/src/lib/components/ui/tabs/tabs-list.svelte:12:2
Error: Cannot bind to constant
https://svelte.dev/e/constant_binding (svelte)
<TabsPrimitive.List
	bind:ref
	data-slot="tabs-list"

/Users/alessandrojcm/repos/dhc-dashboard/src/lib/components/ui/tabs/tabs-list.svelte:11:2
Error: 'TabsPrimitive' cannot be used as a value because it was imported using 'import type'. (ts)

<TabsPrimitive.List
	bind:ref

/Users/alessandrojcm/repos/dhc-dashboard/src/lib/components/ui/tabs/tabs-list.svelte:14:9
Error: Cannot find name 'cn'. (ts)
	data-slot="tabs-list"
	class={cn(
		"bg-muted text-muted-foreground inline-flex h-9 w-fit items-center justify-center rounded-lg p-[3px]",

/Users/alessandrojcm/repos/dhc-dashboard/src/lib/components/ui/tabs/tabs-trigger.svelte:12:2
Error: Cannot bind to constant
https://svelte.dev/e/constant_binding (svelte)
<TabsPrimitive.Trigger
	bind:ref
	data-slot="tabs-trigger"

/Users/alessandrojcm/repos/dhc-dashboard/src/lib/components/ui/tabs/tabs-trigger.svelte:11:2
Error: 'TabsPrimitive' cannot be used as a value because it was imported using 'import type'. (ts)

<TabsPrimitive.Trigger
	bind:ref

/Users/alessandrojcm/repos/dhc-dashboard/src/lib/components/ui/tabs/tabs-trigger.svelte:14:9
Error: Cannot find name 'cn'. (ts)
	data-slot="tabs-trigger"
	class={cn(
		"data-[state=active]:bg-background dark:data-[state=active]:text-foreground focus-visible:border-ring focus-visible:ring-ring/50 focus-visible:outline-ring dark:data-[state=active]:border-input dark:data-[state=active]:bg-input/30 text-foreground dark:text-muted-foreground inline-flex h-[calc(100%-1px)] flex-1 items-center justify-center gap-1.5 whitespace-nowrap rounded-md border border-transparent px-2 py-1 text-sm font-medium transition-[color,box-shadow] focus-visible:outline-1 focus-visible:ring-[3px] disabled:pointer-events-none disabled:opacity-50 data-[state=active]:shadow-sm [&_svg:not([class*='size-'])]:size-4 [&_svg]:pointer-events-none [&_svg]:shrink-0",

/Users/alessandrojcm/repos/dhc-dashboard/src/lib/components/ui/textarea/textarea.svelte:15:2
Error: Cannot bind to constant
https://svelte.dev/e/constant_binding (svelte)
<textarea
	bind:this={ref}
	data-slot={dataSlot}

/Users/alessandrojcm/repos/dhc-dashboard/src/lib/components/ui/textarea/textarea.svelte:17:9
Error: Cannot find name 'cn'. (ts)
	data-slot={dataSlot}
	class={cn(
		"border-input placeholder:text-muted-foreground focus-visible:border-ring focus-visible:ring-ring/50 aria-invalid:ring-destructive/20 dark:aria-invalid:ring-destructive/40 aria-invalid:border-destructive dark:bg-input/30 field-sizing-content shadow-xs flex min-h-16 w-full rounded-md border bg-transparent px-3 py-2 text-base outline-none transition-[color,box-shadow] focus-visible:ring-[3px] disabled:cursor-not-allowed disabled:opacity-50 md:text-sm",

/Users/alessandrojcm/repos/dhc-dashboard/src/lib/components/ui/textarea/textarea.svelte:15:13
Error: Cannot assign to 'ref' because it is a constant. (ts)
<textarea
	bind:this={ref}
	data-slot={dataSlot}

/Users/alessandrojcm/repos/dhc-dashboard/src/lib/components/ui/toggle-group/toggle-group-item.svelte:19:2
Error: Cannot bind to constant
https://svelte.dev/e/constant_binding (svelte)
<ToggleGroupPrimitive.Item
	bind:ref
	data-slot="toggle-group-item"

/Users/alessandrojcm/repos/dhc-dashboard/src/lib/components/ui/toggle-group/toggle-group-item.svelte:18:2
Error: 'ToggleGroupPrimitive' cannot be used as a value because it was imported using 'import type'. (ts)

<ToggleGroupPrimitive.Item
	bind:ref

/Users/alessandrojcm/repos/dhc-dashboard/src/lib/components/ui/toggle-group/toggle-group-item.svelte:21:16
Error: Cannot find name 'ctx'. (ts)
	data-slot="toggle-group-item"
	data-variant={ctx.variant || variant}
	data-size={ctx.size || size}

/Users/alessandrojcm/repos/dhc-dashboard/src/lib/components/ui/toggle-group/toggle-group-item.svelte:22:13
Error: Cannot find name 'ctx'. (ts)
	data-variant={ctx.variant || variant}
	data-size={ctx.size || size}
	class={cn(

/Users/alessandrojcm/repos/dhc-dashboard/src/lib/components/ui/toggle-group/toggle-group-item.svelte:23:9
Error: Cannot find name 'cn'. (ts)
	data-size={ctx.size || size}
	class={cn(
		toggleVariants({

/Users/alessandrojcm/repos/dhc-dashboard/src/lib/components/ui/toggle-group/toggle-group-item.svelte:24:3
Error: Cannot find name 'toggleVariants'. (ts)
	class={cn(
		toggleVariants({
			variant: ctx.variant || variant,

/Users/alessandrojcm/repos/dhc-dashboard/src/lib/components/ui/toggle-group/toggle-group-item.svelte:25:13
Error: Cannot find name 'ctx'. (ts)
		toggleVariants({
			variant: ctx.variant || variant,
			size: ctx.size || size,

/Users/alessandrojcm/repos/dhc-dashboard/src/lib/components/ui/toggle-group/toggle-group-item.svelte:26:10
Error: Cannot find name 'ctx'. (ts)
			variant: ctx.variant || variant,
			size: ctx.size || size,
		}),

/Users/alessandrojcm/repos/dhc-dashboard/src/routes/(public)/members/signup/[invitationId]/+page.server.ts:35:4
Error: Argument of type 'Session | { user: { id: string; }; access_token: string; refresh_token: string; }' is not assignable to parameter of type 'Session'.
  Type '{ user: { id: string; }; access_token: string; refresh_token: string; }' is missing the following properties from type 'Session': expires_in, token_type 
			platform!,
			session ?? { user: { id: "" }, access_token: "", refresh_token: "" },
		);

/Users/alessandrojcm/repos/dhc-dashboard/src/routes/(public)/members/signup/[invitationId]/+page.server.ts:91:4
Error: Argument of type 'Session | { user: { id: string; }; access_token: string; refresh_token: string; }' is not assignable to parameter of type 'Session'.
  Type '{ user: { id: string; }; access_token: string; refresh_token: string; }' is missing the following properties from type 'Session': expires_in, token_type 
			event.platform!,
			session ?? { user: { id: "" }, access_token: "", refresh_token: "" },
		);

/Users/alessandrojcm/repos/dhc-dashboard/src/routes/dashboard/+layout.server.ts:8:18
Error: Argument of type 'string | undefined' is not assignable to parameter of type 'string'.
  Type 'undefined' is not assignable to type 'string'. 
		.select("role")
		.eq("user_id", await supabase.auth.getUser().then((u) => u.data.user?.id));

/Users/alessandrojcm/repos/dhc-dashboard/src/routes/dashboard/+layout.server.ts:13:38
Error: Argument of type '("admin" | "president" | "treasurer" | "committee_coordinator" | "sparring_coordinator" | "workshop_coordinator" | "beginners_coordinator" | "quartermaster" | "pr_manager" | "volunteer_coordinator" | "research_coordinator" | "coach" | "member")[] | undefined' is not assignable to parameter of type 'string[]'.
  Type 'undefined' is not assignable to type 'string[]'. 
		roles: userRoles,
		navData: filterNavByRoles(navData, userRoles),
	};

/Users/alessandrojcm/repos/dhc-dashboard/src/routes/dashboard/inventory/items/[id]/+page.server.ts:30:39
Error: Property 'getByItemId' does not exist on type 'HistoryService'. Did you mean 'getByItem'? 
	// Get history for the item
	const history = await historyService.getByItemId(params.id, 20);

/Users/alessandrojcm/repos/dhc-dashboard/src/lib/components/age-scatter-chart.svelte:47:3
Error: Cannot find name 'VisXYContainer'. (ts)
<div class="h-[300px]">
	<VisXYContainer data={ageDistribution} height={300}>
		<VisScatter {x} {y} {color} {size} cursor="pointer" sizeRange={[10, 50]} />

/Users/alessandrojcm/repos/dhc-dashboard/src/lib/components/age-scatter-chart.svelte:48:4
Error: Cannot find name 'VisScatter'. (ts)
	<VisXYContainer data={ageDistribution} height={300}>
		<VisScatter {x} {y} {color} {size} cursor="pointer" sizeRange={[10, 50]} />
		<VisAxis type="x" label="Age" gridVisible={true} />

/Users/alessandrojcm/repos/dhc-dashboard/src/lib/components/age-scatter-chart.svelte:48:16
Error: No value exists in scope for the shorthand property 'x'. Either declare one or provide an initializer. (ts)
	<VisXYContainer data={ageDistribution} height={300}>
		<VisScatter {x} {y} {color} {size} cursor="pointer" sizeRange={[10, 50]} />
		<VisAxis type="x" label="Age" gridVisible={true} />

/Users/alessandrojcm/repos/dhc-dashboard/src/lib/components/age-scatter-chart.svelte:48:20
Error: No value exists in scope for the shorthand property 'y'. Either declare one or provide an initializer. (ts)
	<VisXYContainer data={ageDistribution} height={300}>
		<VisScatter {x} {y} {color} {size} cursor="pointer" sizeRange={[10, 50]} />
		<VisAxis type="x" label="Age" gridVisible={true} />

/Users/alessandrojcm/repos/dhc-dashboard/src/lib/components/age-scatter-chart.svelte:48:24
Error: No value exists in scope for the shorthand property 'color'. Either declare one or provide an initializer. (ts)
	<VisXYContainer data={ageDistribution} height={300}>
		<VisScatter {x} {y} {color} {size} cursor="pointer" sizeRange={[10, 50]} />
		<VisAxis type="x" label="Age" gridVisible={true} />

/Users/alessandrojcm/repos/dhc-dashboard/src/lib/components/age-scatter-chart.svelte:48:32
Error: No value exists in scope for the shorthand property 'size'. Either declare one or provide an initializer. (ts)
	<VisXYContainer data={ageDistribution} height={300}>
		<VisScatter {x} {y} {color} {size} cursor="pointer" sizeRange={[10, 50]} />
		<VisAxis type="x" label="Age" gridVisible={true} />

/Users/alessandrojcm/repos/dhc-dashboard/src/lib/components/age-scatter-chart.svelte:49:4
Error: Cannot find name 'VisAxis'. (ts)
		<VisScatter {x} {y} {color} {size} cursor="pointer" sizeRange={[10, 50]} />
		<VisAxis type="x" label="Age" gridVisible={true} />
		<VisAxis type="y" label="Members" gridVisible={true} domain={[0, null]} nice={true} />

/Users/alessandrojcm/repos/dhc-dashboard/src/lib/components/age-scatter-chart.svelte:50:4
Error: Cannot find name 'VisAxis'. (ts)
		<VisAxis type="x" label="Age" gridVisible={true} />
		<VisAxis type="y" label="Members" gridVisible={true} domain={[0, null]} nice={true} />
		<VisTooltip {triggers} />

/Users/alessandrojcm/repos/dhc-dashboard/src/lib/components/age-scatter-chart.svelte:51:4
Error: Cannot find name 'VisTooltip'. (ts)
		<VisAxis type="y" label="Members" gridVisible={true} domain={[0, null]} nice={true} />
		<VisTooltip {triggers} />
	</VisXYContainer>

/Users/alessandrojcm/repos/dhc-dashboard/src/lib/components/age-scatter-chart.svelte:51:16
Error: No value exists in scope for the shorthand property 'triggers'. Either declare one or provide an initializer. (ts)
		<VisAxis type="y" label="Members" gridVisible={true} domain={[0, null]} nice={true} />
		<VisTooltip {triggers} />
	</VisXYContainer>

/Users/alessandrojcm/repos/dhc-dashboard/src/lib/components/age-scatter-chart.svelte:52:4
Error: Cannot find name 'VisXYContainer'. (ts)
		<VisTooltip {triggers} />
	</VisXYContainer>
</div>

/Users/alessandrojcm/repos/dhc-dashboard/src/lib/components/calendar-25.svelte:47:22
Error: Can only bind to state or props
https://svelte.dev/e/bind_invalid_value (svelte)
		<Label for="{id}-date" class="px-1">Date</Label>
		<Popover.Root bind:open>
			<Popover.Trigger id="{id}-date">

/Users/alessandrojcm/repos/dhc-dashboard/src/lib/components/calendar-25.svelte:46:4
Error: Cannot find name 'Label'. (ts)
	<div class="flex flex-col gap-3">
		<Label for="{id}-date" class="px-1">Date</Label>
		<Popover.Root bind:open>

/Users/alessandrojcm/repos/dhc-dashboard/src/lib/components/calendar-25.svelte:46:45
Error: Cannot find name 'Label'. (ts)
	<div class="flex flex-col gap-3">
		<Label for="{id}-date" class="px-1">Date</Label>
		<Popover.Root bind:open>

/Users/alessandrojcm/repos/dhc-dashboard/src/lib/components/calendar-25.svelte:47:4
Error: Cannot find name 'Popover'. (ts)
		<Label for="{id}-date" class="px-1">Date</Label>
		<Popover.Root bind:open>
			<Popover.Trigger id="{id}-date">

/Users/alessandrojcm/repos/dhc-dashboard/src/lib/components/calendar-25.svelte:48:5
Error: Cannot find name 'Popover'. (ts)
		<Popover.Root bind:open>
			<Popover.Trigger id="{id}-date">
				{#snippet child({ props })}

/Users/alessandrojcm/repos/dhc-dashboard/src/lib/components/calendar-25.svelte:49:23
Error: Binding element 'props' implicitly has an 'any' type. (ts)
			<Popover.Trigger id="{id}-date">
				{#snippet child({ props })}
					<Button

/Users/alessandrojcm/repos/dhc-dashboard/src/lib/components/calendar-25.svelte:50:7
Error: Cannot find name 'Button'. (ts)
				{#snippet child({ props })}
					<Button
						{disabled}

/Users/alessandrojcm/repos/dhc-dashboard/src/lib/components/calendar-25.svelte:56:27
Error: Cannot find name 'getLocalTimeZone'. (ts)
					>
						{date ? date.toDate(getLocalTimeZone()).toLocaleDateString() : 'Select date'}
						<ChevronDownIcon />

/Users/alessandrojcm/repos/dhc-dashboard/src/lib/components/calendar-25.svelte:57:8
Error: Cannot find name 'ChevronDownIcon'. (ts)
						{date ? date.toDate(getLocalTimeZone()).toLocaleDateString() : 'Select date'}
						<ChevronDownIcon />
					</Button>

/Users/alessandrojcm/repos/dhc-dashboard/src/lib/components/calendar-25.svelte:58:8
Error: Cannot find name 'Button'. (ts)
						<ChevronDownIcon />
					</Button>
				{/snippet}

/Users/alessandrojcm/repos/dhc-dashboard/src/lib/components/calendar-25.svelte:60:6
Error: Cannot find name 'Popover'. (ts)
				{/snippet}
			</Popover.Trigger>
			<Popover.Content class="w-auto overflow-hidden p-0" align="start">

/Users/alessandrojcm/repos/dhc-dashboard/src/lib/components/calendar-25.svelte:61:5
Error: Cannot find name 'Popover'. (ts)
			</Popover.Trigger>
			<Popover.Content class="w-auto overflow-hidden p-0" align="start">
				<Calendar

/Users/alessandrojcm/repos/dhc-dashboard/src/lib/components/calendar-25.svelte:62:6
Error: Cannot find name 'Calendar'. (ts)
			<Popover.Content class="w-auto overflow-hidden p-0" align="start">
				<Calendar
					type="single"

/Users/alessandrojcm/repos/dhc-dashboard/src/lib/components/calendar-25.svelte:68:7
Error: Cannot find name 'handleDateChange'. (ts)
					onValueChange={(newDate?: CalendarDate) => {
						handleDateChange(newDate);
						open = false;

/Users/alessandrojcm/repos/dhc-dashboard/src/lib/components/calendar-25.svelte:69:7
Error: Cannot assign to 'open' because it is a function. (ts)
						handleDateChange(newDate);
						open = false;
					}}

/Users/alessandrojcm/repos/dhc-dashboard/src/lib/components/calendar-25.svelte:72:6
Error: Cannot find name 'Popover'. (ts)
				/>
			</Popover.Content>
		</Popover.Root>

/Users/alessandrojcm/repos/dhc-dashboard/src/lib/components/calendar-25.svelte:73:5
Error: Cannot find name 'Popover'. (ts)
			</Popover.Content>
		</Popover.Root>
	</div>

/Users/alessandrojcm/repos/dhc-dashboard/src/lib/components/calendar-25.svelte:77:5
Error: Cannot find name 'Label'. (ts)
		<div class="flex flex-col gap-3">
			<Label for="{id}-time-from" class="px-1">From</Label>
			<Input

/Users/alessandrojcm/repos/dhc-dashboard/src/lib/components/calendar-25.svelte:77:51
Error: Cannot find name 'Label'. (ts)
		<div class="flex flex-col gap-3">
			<Label for="{id}-time-from" class="px-1">From</Label>
			<Input

/Users/alessandrojcm/repos/dhc-dashboard/src/lib/components/calendar-25.svelte:78:5
Error: Cannot find name 'Input'. (ts)
			<Label for="{id}-time-from" class="px-1">From</Label>
			<Input
				type="time"

/Users/alessandrojcm/repos/dhc-dashboard/src/lib/components/calendar-25.svelte:85:6
Error: Cannot find name 'handleStartTimeChange'. (ts)
				oninput={(e: Event) => {
					handleStartTimeChange((e.currentTarget as HTMLInputElement).value);
				}}

/Users/alessandrojcm/repos/dhc-dashboard/src/lib/components/calendar-25.svelte:91:5
Error: Cannot find name 'Label'. (ts)
		<div class="flex flex-col gap-3">
			<Label for="{id}-time-to" class="px-1">To</Label>
			<Input

/Users/alessandrojcm/repos/dhc-dashboard/src/lib/components/calendar-25.svelte:91:47
Error: Cannot find name 'Label'. (ts)
		<div class="flex flex-col gap-3">
			<Label for="{id}-time-to" class="px-1">To</Label>
			<Input

/Users/alessandrojcm/repos/dhc-dashboard/src/lib/components/calendar-25.svelte:92:5
Error: Cannot find name 'Input'. (ts)
			<Label for="{id}-time-to" class="px-1">To</Label>
			<Input
				type="time"

/Users/alessandrojcm/repos/dhc-dashboard/src/lib/components/calendar-25.svelte:99:6
Error: Cannot find name 'handleEndTimeChange'. (ts)
				oninput={(e: Event) => {
					handleEndTimeChange((e.currentTarget as HTMLInputElement).value);
				}}

/Users/alessandrojcm/repos/dhc-dashboard/src/lib/components/gender-bar-chart.svelte:44:3
Error: Cannot find name 'VisXYContainer'. (ts)
<div class="h-[300px] mt-4">
	<VisXYContainer data={genderDistributionData} height={300}>
		<VisStackedBar {x} y={[(d: GenderDistribution) => d.value]} {color} cursor="pointer" />

/Users/alessandrojcm/repos/dhc-dashboard/src/lib/components/gender-bar-chart.svelte:45:4
Error: Cannot find name 'VisStackedBar'. (ts)
	<VisXYContainer data={genderDistributionData} height={300}>
		<VisStackedBar {x} y={[(d: GenderDistribution) => d.value]} {color} cursor="pointer" />
		<VisAxis

/Users/alessandrojcm/repos/dhc-dashboard/src/lib/components/gender-bar-chart.svelte:45:19
Error: No value exists in scope for the shorthand property 'x'. Either declare one or provide an initializer. (ts)
	<VisXYContainer data={genderDistributionData} height={300}>
		<VisStackedBar {x} y={[(d: GenderDistribution) => d.value]} {color} cursor="pointer" />
		<VisAxis

/Users/alessandrojcm/repos/dhc-dashboard/src/lib/components/gender-bar-chart.svelte:45:64
Error: No value exists in scope for the shorthand property 'color'. Either declare one or provide an initializer. (ts)
	<VisXYContainer data={genderDistributionData} height={300}>
		<VisStackedBar {x} y={[(d: GenderDistribution) => d.value]} {color} cursor="pointer" />
		<VisAxis

/Users/alessandrojcm/repos/dhc-dashboard/src/lib/components/gender-bar-chart.svelte:46:4
Error: Cannot find name 'VisAxis'. (ts)
		<VisStackedBar {x} y={[(d: GenderDistribution) => d.value]} {color} cursor="pointer" />
		<VisAxis
			type="x"

/Users/alessandrojcm/repos/dhc-dashboard/src/lib/components/gender-bar-chart.svelte:58:4
Error: Cannot find name 'VisAxis'. (ts)
		/>
		<VisAxis type="y" label="Members" gridVisible={true} domain={[0, null]} nice={true} />
		<VisTooltip {triggers} />

/Users/alessandrojcm/repos/dhc-dashboard/src/lib/components/gender-bar-chart.svelte:59:4
Error: Cannot find name 'VisTooltip'. (ts)
		<VisAxis type="y" label="Members" gridVisible={true} domain={[0, null]} nice={true} />
		<VisTooltip {triggers} />
	</VisXYContainer>

/Users/alessandrojcm/repos/dhc-dashboard/src/lib/components/gender-bar-chart.svelte:59:16
Error: No value exists in scope for the shorthand property 'triggers'. Either declare one or provide an initializer. (ts)
		<VisAxis type="y" label="Members" gridVisible={true} domain={[0, null]} nice={true} />
		<VisTooltip {triggers} />
	</VisXYContainer>

/Users/alessandrojcm/repos/dhc-dashboard/src/lib/components/gender-bar-chart.svelte:60:4
Error: Cannot find name 'VisXYContainer'. (ts)
		<VisTooltip {triggers} />
	</VisXYContainer>
</div>

/Users/alessandrojcm/repos/dhc-dashboard/src/lib/components/weapon-pie-chart.svelte:40:3
Error: Cannot find name 'VisBulletLegend'. (ts)
<div class="mt-2">
	<VisBulletLegend items={legendItems} />
</div>

/Users/alessandrojcm/repos/dhc-dashboard/src/lib/components/weapon-pie-chart.svelte:40:26
Error: Cannot find name 'legendItems'. (ts)
<div class="mt-2">
	<VisBulletLegend items={legendItems} />
</div>

/Users/alessandrojcm/repos/dhc-dashboard/src/lib/components/weapon-pie-chart.svelte:43:3
Error: Cannot find name 'VisSingleContainer'. (ts)
<div class="h-[300px] mt-4">
	<VisSingleContainer data={weaponDistributionData} height={250}>
		<VisDonut

/Users/alessandrojcm/repos/dhc-dashboard/src/lib/components/weapon-pie-chart.svelte:44:4
Error: Cannot find name 'VisDonut'. (ts)
	<VisSingleContainer data={weaponDistributionData} height={250}>
		<VisDonut
			value={(d: WeaponDistribution) => d.count}

/Users/alessandrojcm/repos/dhc-dashboard/src/lib/components/weapon-pie-chart.svelte:50:13
Error: Cannot find name 'tooltipConfig'. (ts)
			arcWidth={60}
			tooltip={tooltipConfig}
		/>

/Users/alessandrojcm/repos/dhc-dashboard/src/lib/components/weapon-pie-chart.svelte:52:4
Error: Cannot find name 'VisSingleContainer'. (ts)
		/>
	</VisSingleContainer>
</div>

/Users/alessandrojcm/repos/dhc-dashboard/src/lib/components/workshop-form.svelte:160:4
Error: Cannot find name 'Alert'. (ts)
	{#if $message?.success}
		<Alert variant="default" class="border-green-200 bg-green-50">
			<CheckCircle class="h-4 w-4 text-green-600" />

/Users/alessandrojcm/repos/dhc-dashboard/src/lib/components/workshop-form.svelte:161:5
Error: Cannot find name 'CheckCircle'. (ts)
		<Alert variant="default" class="border-green-200 bg-green-50">
			<CheckCircle class="h-4 w-4 text-green-600" />
			<AlertDescription class="text-green-800">{$message.success}</AlertDescription>

/Users/alessandrojcm/repos/dhc-dashboard/src/lib/components/workshop-form.svelte:162:5
Error: Cannot find name 'AlertDescription'. (ts)
			<CheckCircle class="h-4 w-4 text-green-600" />
			<AlertDescription class="text-green-800">{$message.success}</AlertDescription>
		</Alert>

/Users/alessandrojcm/repos/dhc-dashboard/src/lib/components/workshop-form.svelte:162:65
Error: Cannot find name 'AlertDescription'. (ts)
			<CheckCircle class="h-4 w-4 text-green-600" />
			<AlertDescription class="text-green-800">{$message.success}</AlertDescription>
		</Alert>

/Users/alessandrojcm/repos/dhc-dashboard/src/lib/components/workshop-form.svelte:163:5
Error: Cannot find name 'Alert'. (ts)
			<AlertDescription class="text-green-800">{$message.success}</AlertDescription>
		</Alert>
	{/if}

/Users/alessandrojcm/repos/dhc-dashboard/src/lib/components/workshop-form.svelte:167:4
Error: Cannot find name 'Alert'. (ts)
	{#if $message?.error}
		<Alert variant="destructive">
			<AlertDescription>{$message.error}</AlertDescription>

/Users/alessandrojcm/repos/dhc-dashboard/src/lib/components/workshop-form.svelte:168:5
Error: Cannot find name 'AlertDescription'. (ts)
		<Alert variant="destructive">
			<AlertDescription>{$message.error}</AlertDescription>
		</Alert>

/Users/alessandrojcm/repos/dhc-dashboard/src/lib/components/workshop-form.svelte:168:40
Error: Cannot find name 'AlertDescription'. (ts)
		<Alert variant="destructive">
			<AlertDescription>{$message.error}</AlertDescription>
		</Alert>

/Users/alessandrojcm/repos/dhc-dashboard/src/lib/components/workshop-form.svelte:169:5
Error: Cannot find name 'Alert'. (ts)
			<AlertDescription>{$message.error}</AlertDescription>
		</Alert>
	{/if}

/Users/alessandrojcm/repos/dhc-dashboard/src/lib/components/workshop-form.svelte:172:8
Error: Cannot find name 'isWorkshopEditable'. (ts)

	{#if !isWorkshopEditable}
		<Alert variant="default" class="border-yellow-200 bg-yellow-50">

/Users/alessandrojcm/repos/dhc-dashboard/src/lib/components/workshop-form.svelte:173:4
Error: Cannot find name 'Alert'. (ts)
	{#if !isWorkshopEditable}
		<Alert variant="default" class="border-yellow-200 bg-yellow-50">
			<AlertDescription class="text-yellow-800">

/Users/alessandrojcm/repos/dhc-dashboard/src/lib/components/workshop-form.svelte:174:5
Error: Cannot find name 'AlertDescription'. (ts)
		<Alert variant="default" class="border-yellow-200 bg-yellow-50">
			<AlertDescription class="text-yellow-800">
				{#if workshopStatus === 'published'}

/Users/alessandrojcm/repos/dhc-dashboard/src/lib/components/workshop-form.svelte:184:6
Error: Cannot find name 'AlertDescription'. (ts)
				{/if}
			</AlertDescription>
		</Alert>

/Users/alessandrojcm/repos/dhc-dashboard/src/lib/components/workshop-form.svelte:185:5
Error: Cannot find name 'Alert'. (ts)
			</AlertDescription>
		</Alert>
	{/if}

/Users/alessandrojcm/repos/dhc-dashboard/src/lib/components/workshop-form.svelte:194:6
Error: Cannot find name 'Form'. (ts)
			<div class="grid grid-cols-1 md:grid-cols-2 gap-6">
				<Form.Field {form} name="title">
					<Form.Control>

/Users/alessandrojcm/repos/dhc-dashboard/src/lib/components/workshop-form.svelte:195:7
Error: Cannot find name 'Form'. (ts)
				<Form.Field {form} name="title">
					<Form.Control>
						{#snippet children({ props })}

/Users/alessandrojcm/repos/dhc-dashboard/src/lib/components/workshop-form.svelte:196:28
Error: Binding element 'props' implicitly has an 'any' type. (ts)
					<Form.Control>
						{#snippet children({ props })}
							<Form.Label>Title</Form.Label>

/Users/alessandrojcm/repos/dhc-dashboard/src/lib/components/workshop-form.svelte:197:9
Error: Cannot find name 'Form'. (ts)
						{#snippet children({ props })}
							<Form.Label>Title</Form.Label>
							<Input

/Users/alessandrojcm/repos/dhc-dashboard/src/lib/components/workshop-form.svelte:197:27
Error: Cannot find name 'Form'. (ts)
						{#snippet children({ props })}
							<Form.Label>Title</Form.Label>
							<Input

/Users/alessandrojcm/repos/dhc-dashboard/src/lib/components/workshop-form.svelte:198:9
Error: Cannot find name 'Input'. (ts)
							<Form.Label>Title</Form.Label>
							<Input
								{...props}

/Users/alessandrojcm/repos/dhc-dashboard/src/lib/components/workshop-form.svelte:202:20
Error: Cannot find name 'isWorkshopEditable'. (ts)
								placeholder="Enter workshop title"
								disabled={!isWorkshopEditable}
							/>

/Users/alessandrojcm/repos/dhc-dashboard/src/lib/components/workshop-form.svelte:205:8
Error: Cannot find name 'Form'. (ts)
						{/snippet}
					</Form.Control>
					<Form.FieldErrors />

/Users/alessandrojcm/repos/dhc-dashboard/src/lib/components/workshop-form.svelte:206:7
Error: Cannot find name 'Form'. (ts)
					</Form.Control>
					<Form.FieldErrors />
				</Form.Field>

/Users/alessandrojcm/repos/dhc-dashboard/src/lib/components/workshop-form.svelte:207:7
Error: Cannot find name 'Form'. (ts)
					<Form.FieldErrors />
				</Form.Field>

/Users/alessandrojcm/repos/dhc-dashboard/src/lib/components/workshop-form.svelte:209:6
Error: Cannot find name 'Form'. (ts)

				<Form.Field {form} name="location">
					<Form.Control>

/Users/alessandrojcm/repos/dhc-dashboard/src/lib/components/workshop-form.svelte:210:7
Error: Cannot find name 'Form'. (ts)
				<Form.Field {form} name="location">
					<Form.Control>
						{#snippet children({ props })}

/Users/alessandrojcm/repos/dhc-dashboard/src/lib/components/workshop-form.svelte:211:28
Error: Binding element 'props' implicitly has an 'any' type. (ts)
					<Form.Control>
						{#snippet children({ props })}
							<Form.Label>Location</Form.Label>

/Users/alessandrojcm/repos/dhc-dashboard/src/lib/components/workshop-form.svelte:212:9
Error: Cannot find name 'Form'. (ts)
						{#snippet children({ props })}
							<Form.Label>Location</Form.Label>
							<Input

/Users/alessandrojcm/repos/dhc-dashboard/src/lib/components/workshop-form.svelte:212:30
Error: Cannot find name 'Form'. (ts)
						{#snippet children({ props })}
							<Form.Label>Location</Form.Label>
							<Input

/Users/alessandrojcm/repos/dhc-dashboard/src/lib/components/workshop-form.svelte:213:9
Error: Cannot find name 'Input'. (ts)
							<Form.Label>Location</Form.Label>
							<Input
								{...props}

/Users/alessandrojcm/repos/dhc-dashboard/src/lib/components/workshop-form.svelte:217:20
Error: Cannot find name 'isWorkshopEditable'. (ts)
								placeholder="Enter workshop location"
								disabled={!isWorkshopEditable}
							/>

/Users/alessandrojcm/repos/dhc-dashboard/src/lib/components/workshop-form.svelte:220:8
Error: Cannot find name 'Form'. (ts)
						{/snippet}
					</Form.Control>
					<Form.FieldErrors />

/Users/alessandrojcm/repos/dhc-dashboard/src/lib/components/workshop-form.svelte:221:7
Error: Cannot find name 'Form'. (ts)
					</Form.Control>
					<Form.FieldErrors />
				</Form.Field>

/Users/alessandrojcm/repos/dhc-dashboard/src/lib/components/workshop-form.svelte:222:7
Error: Cannot find name 'Form'. (ts)
					<Form.FieldErrors />
				</Form.Field>
			</div>

/Users/alessandrojcm/repos/dhc-dashboard/src/lib/components/workshop-form.svelte:225:5
Error: Cannot find name 'Form'. (ts)

			<Form.Field {form} name="description">
				<Form.Control>

/Users/alessandrojcm/repos/dhc-dashboard/src/lib/components/workshop-form.svelte:226:6
Error: Cannot find name 'Form'. (ts)
			<Form.Field {form} name="description">
				<Form.Control>
					{#snippet children({ props })}

/Users/alessandrojcm/repos/dhc-dashboard/src/lib/components/workshop-form.svelte:227:27
Error: Binding element 'props' implicitly has an 'any' type. (ts)
				<Form.Control>
					{#snippet children({ props })}
						<Form.Label>Description</Form.Label>

/Users/alessandrojcm/repos/dhc-dashboard/src/lib/components/workshop-form.svelte:228:8
Error: Cannot find name 'Form'. (ts)
					{#snippet children({ props })}
						<Form.Label>Description</Form.Label>
						<Textarea

/Users/alessandrojcm/repos/dhc-dashboard/src/lib/components/workshop-form.svelte:228:32
Error: Cannot find name 'Form'. (ts)
					{#snippet children({ props })}
						<Form.Label>Description</Form.Label>
						<Textarea

/Users/alessandrojcm/repos/dhc-dashboard/src/lib/components/workshop-form.svelte:229:8
Error: Cannot find name 'Textarea'. (ts)
						<Form.Label>Description</Form.Label>
						<Textarea
							{...props}

/Users/alessandrojcm/repos/dhc-dashboard/src/lib/components/workshop-form.svelte:234:19
Error: Cannot find name 'isWorkshopEditable'. (ts)
							rows={4}
							disabled={!isWorkshopEditable}
						/>

/Users/alessandrojcm/repos/dhc-dashboard/src/lib/components/workshop-form.svelte:237:7
Error: Cannot find name 'Form'. (ts)
					{/snippet}
				</Form.Control>
				<Form.FieldErrors />

/Users/alessandrojcm/repos/dhc-dashboard/src/lib/components/workshop-form.svelte:238:6
Error: Cannot find name 'Form'. (ts)
				</Form.Control>
				<Form.FieldErrors />
			</Form.Field>

/Users/alessandrojcm/repos/dhc-dashboard/src/lib/components/workshop-form.svelte:239:6
Error: Cannot find name 'Form'. (ts)
				<Form.FieldErrors />
			</Form.Field>
		</div>

/Users/alessandrojcm/repos/dhc-dashboard/src/lib/components/workshop-form.svelte:246:5
Error: Cannot find name 'Form'. (ts)

			<Form.Field {form} name="workshop_date">
				<Form.Control>

/Users/alessandrojcm/repos/dhc-dashboard/src/lib/components/workshop-form.svelte:247:6
Error: Cannot find name 'Form'. (ts)
			<Form.Field {form} name="workshop_date">
				<Form.Control>
					{#snippet children()}

/Users/alessandrojcm/repos/dhc-dashboard/src/lib/components/workshop-form.svelte:249:8
Error: Cannot find name 'Form'. (ts)
					{#snippet children()}
						<Form.Label>Workshop Date & Time</Form.Label>
						<div class="bg-gray-50 rounded-lg p-4">

/Users/alessandrojcm/repos/dhc-dashboard/src/lib/components/workshop-form.svelte:249:41
Error: Cannot find name 'Form'. (ts)
					{#snippet children()}
						<Form.Label>Workshop Date & Time</Form.Label>
						<div class="bg-gray-50 rounded-lg p-4">

/Users/alessandrojcm/repos/dhc-dashboard/src/lib/components/workshop-form.svelte:251:9
Error: Cannot find name 'Calendar25'. (ts)
						<div class="bg-gray-50 rounded-lg p-4">
							<Calendar25
								id="workshop"

/Users/alessandrojcm/repos/dhc-dashboard/src/lib/components/workshop-form.svelte:253:15
Error: Cannot find name 'workshopDateValue'. (ts)
								id="workshop"
								date={workshopDateValue}
								{startTime}

/Users/alessandrojcm/repos/dhc-dashboard/src/lib/components/workshop-form.svelte:254:10
Error: No value exists in scope for the shorthand property 'startTime'. Either declare one or provide an initializer. (ts)
								date={workshopDateValue}
								{startTime}
								{endTime}

/Users/alessandrojcm/repos/dhc-dashboard/src/lib/components/workshop-form.svelte:255:10
Error: No value exists in scope for the shorthand property 'endTime'. Either declare one or provide an initializer. (ts)
								{startTime}
								{endTime}
								onDateChange={(d) => updateWorkshopDates(d, 'date')}

/Users/alessandrojcm/repos/dhc-dashboard/src/lib/components/workshop-form.svelte:256:24
Error: Parameter 'd' implicitly has an 'any' type. (ts)
								{endTime}
								onDateChange={(d) => updateWorkshopDates(d, 'date')}
								onStartTimeChange={(d) => updateWorkshopDates(d, 'start')}

/Users/alessandrojcm/repos/dhc-dashboard/src/lib/components/workshop-form.svelte:256:30
Error: Cannot find name 'updateWorkshopDates'. (ts)
								{endTime}
								onDateChange={(d) => updateWorkshopDates(d, 'date')}
								onStartTimeChange={(d) => updateWorkshopDates(d, 'start')}

/Users/alessandrojcm/repos/dhc-dashboard/src/lib/components/workshop-form.svelte:257:29
Error: Parameter 'd' implicitly has an 'any' type. (ts)
								onDateChange={(d) => updateWorkshopDates(d, 'date')}
								onStartTimeChange={(d) => updateWorkshopDates(d, 'start')}
								onEndTimeChange={(d) => updateWorkshopDates(d, 'end')}

/Users/alessandrojcm/repos/dhc-dashboard/src/lib/components/workshop-form.svelte:257:35
Error: Cannot find name 'updateWorkshopDates'. (ts)
								onDateChange={(d) => updateWorkshopDates(d, 'date')}
								onStartTimeChange={(d) => updateWorkshopDates(d, 'start')}
								onEndTimeChange={(d) => updateWorkshopDates(d, 'end')}

/Users/alessandrojcm/repos/dhc-dashboard/src/lib/components/workshop-form.svelte:258:27
Error: Parameter 'd' implicitly has an 'any' type. (ts)
								onStartTimeChange={(d) => updateWorkshopDates(d, 'start')}
								onEndTimeChange={(d) => updateWorkshopDates(d, 'end')}
								disabled={!isWorkshopEditable}

/Users/alessandrojcm/repos/dhc-dashboard/src/lib/components/workshop-form.svelte:258:33
Error: Cannot find name 'updateWorkshopDates'. (ts)
								onStartTimeChange={(d) => updateWorkshopDates(d, 'start')}
								onEndTimeChange={(d) => updateWorkshopDates(d, 'end')}
								disabled={!isWorkshopEditable}

/Users/alessandrojcm/repos/dhc-dashboard/src/lib/components/workshop-form.svelte:259:20
Error: Cannot find name 'isWorkshopEditable'. (ts)
								onEndTimeChange={(d) => updateWorkshopDates(d, 'end')}
								disabled={!isWorkshopEditable}
							/>

/Users/alessandrojcm/repos/dhc-dashboard/src/lib/components/workshop-form.svelte:283:7
Error: Cannot find name 'Form'. (ts)
					{/snippet}
				</Form.Control>
				<Form.FieldErrors />

/Users/alessandrojcm/repos/dhc-dashboard/src/lib/components/workshop-form.svelte:284:6
Error: Cannot find name 'Form'. (ts)
				</Form.Control>
				<Form.FieldErrors />
			</Form.Field>

/Users/alessandrojcm/repos/dhc-dashboard/src/lib/components/workshop-form.svelte:285:6
Error: Cannot find name 'Form'. (ts)
				<Form.FieldErrors />
			</Form.Field>

/Users/alessandrojcm/repos/dhc-dashboard/src/lib/components/workshop-form.svelte:288:5
Error: Cannot find name 'Form'. (ts)
			<!-- Hidden field to capture workshop_end_date validation errors -->
			<Form.Field {form} name="workshop_end_date">
				<Form.Control>

/Users/alessandrojcm/repos/dhc-dashboard/src/lib/components/workshop-form.svelte:289:6
Error: Cannot find name 'Form'. (ts)
			<Form.Field {form} name="workshop_end_date">
				<Form.Control>
					{#snippet children()}

/Users/alessandrojcm/repos/dhc-dashboard/src/lib/components/workshop-form.svelte:293:7
Error: Cannot find name 'Form'. (ts)
					{/snippet}
				</Form.Control>
				<Form.FieldErrors />

/Users/alessandrojcm/repos/dhc-dashboard/src/lib/components/workshop-form.svelte:294:6
Error: Cannot find name 'Form'. (ts)
				</Form.Control>
				<Form.FieldErrors />
			</Form.Field>

/Users/alessandrojcm/repos/dhc-dashboard/src/lib/components/workshop-form.svelte:295:6
Error: Cannot find name 'Form'. (ts)
				<Form.FieldErrors />
			</Form.Field>
		</div>

/Users/alessandrojcm/repos/dhc-dashboard/src/lib/components/workshop-form.svelte:303:6
Error: Cannot find name 'Form'. (ts)
			<div class="grid grid-cols-1 md:grid-cols-2 gap-6">
				<Form.Field {form} name="max_capacity">
					<Form.Control>

/Users/alessandrojcm/repos/dhc-dashboard/src/lib/components/workshop-form.svelte:304:7
Error: Cannot find name 'Form'. (ts)
				<Form.Field {form} name="max_capacity">
					<Form.Control>
						{#snippet children({ props })}

/Users/alessandrojcm/repos/dhc-dashboard/src/lib/components/workshop-form.svelte:305:28
Error: Binding element 'props' implicitly has an 'any' type. (ts)
					<Form.Control>
						{#snippet children({ props })}
							<Form.Label>Maximum Capacity</Form.Label>

/Users/alessandrojcm/repos/dhc-dashboard/src/lib/components/workshop-form.svelte:306:9
Error: Cannot find name 'Form'. (ts)
						{#snippet children({ props })}
							<Form.Label>Maximum Capacity</Form.Label>
							<Input

/Users/alessandrojcm/repos/dhc-dashboard/src/lib/components/workshop-form.svelte:306:38
Error: Cannot find name 'Form'. (ts)
						{#snippet children({ props })}
							<Form.Label>Maximum Capacity</Form.Label>
							<Input

/Users/alessandrojcm/repos/dhc-dashboard/src/lib/components/workshop-form.svelte:307:9
Error: Cannot find name 'Input'. (ts)
							<Form.Label>Maximum Capacity</Form.Label>
							<Input
								{...props}

/Users/alessandrojcm/repos/dhc-dashboard/src/lib/components/workshop-form.svelte:313:20
Error: Cannot find name 'isWorkshopEditable'. (ts)
								placeholder="Enter maximum capacity"
								disabled={!isWorkshopEditable}
							/>

/Users/alessandrojcm/repos/dhc-dashboard/src/lib/components/workshop-form.svelte:316:8
Error: Cannot find name 'Form'. (ts)
						{/snippet}
					</Form.Control>
					<Form.FieldErrors />

/Users/alessandrojcm/repos/dhc-dashboard/src/lib/components/workshop-form.svelte:317:7
Error: Cannot find name 'Form'. (ts)
					</Form.Control>
					<Form.FieldErrors />
				</Form.Field>

/Users/alessandrojcm/repos/dhc-dashboard/src/lib/components/workshop-form.svelte:318:7
Error: Cannot find name 'Form'. (ts)
					<Form.FieldErrors />
				</Form.Field>

/Users/alessandrojcm/repos/dhc-dashboard/src/lib/components/workshop-form.svelte:320:6
Error: Cannot find name 'Form'. (ts)

				<Form.Field {form} name="refund_deadline_days">
					<Form.Control>

/Users/alessandrojcm/repos/dhc-dashboard/src/lib/components/workshop-form.svelte:321:7
Error: Cannot find name 'Form'. (ts)
				<Form.Field {form} name="refund_deadline_days">
					<Form.Control>
						{#snippet children({ props })}

/Users/alessandrojcm/repos/dhc-dashboard/src/lib/components/workshop-form.svelte:322:28
Error: Binding element 'props' implicitly has an 'any' type. (ts)
					<Form.Control>
						{#snippet children({ props })}
							<Form.Label>Refund Deadline (days)</Form.Label>

/Users/alessandrojcm/repos/dhc-dashboard/src/lib/components/workshop-form.svelte:323:9
Error: Cannot find name 'Form'. (ts)
						{#snippet children({ props })}
							<Form.Label>Refund Deadline (days)</Form.Label>
							<Input

/Users/alessandrojcm/repos/dhc-dashboard/src/lib/components/workshop-form.svelte:323:44
Error: Cannot find name 'Form'. (ts)
						{#snippet children({ props })}
							<Form.Label>Refund Deadline (days)</Form.Label>
							<Input

/Users/alessandrojcm/repos/dhc-dashboard/src/lib/components/workshop-form.svelte:324:9
Error: Cannot find name 'Input'. (ts)
							<Form.Label>Refund Deadline (days)</Form.Label>
							<Input
								{...props}

/Users/alessandrojcm/repos/dhc-dashboard/src/lib/components/workshop-form.svelte:330:20
Error: Cannot find name 'isWorkshopEditable'. (ts)
								placeholder="3"
								disabled={!isWorkshopEditable}
							/>

/Users/alessandrojcm/repos/dhc-dashboard/src/lib/components/workshop-form.svelte:336:8
Error: Cannot find name 'Form'. (ts)
						{/snippet}
					</Form.Control>
					<Form.FieldErrors />

/Users/alessandrojcm/repos/dhc-dashboard/src/lib/components/workshop-form.svelte:337:7
Error: Cannot find name 'Form'. (ts)
					</Form.Control>
					<Form.FieldErrors />
				</Form.Field>

/Users/alessandrojcm/repos/dhc-dashboard/src/lib/components/workshop-form.svelte:338:7
Error: Cannot find name 'Form'. (ts)
					<Form.FieldErrors />
				</Form.Field>
			</div>

/Users/alessandrojcm/repos/dhc-dashboard/src/lib/components/workshop-form.svelte:353:8
Error: Cannot find name 'Form'. (ts)
					<div class="space-y-4">
						<Form.Field {form} name="announce_discord">
							<Form.Control>

/Users/alessandrojcm/repos/dhc-dashboard/src/lib/components/workshop-form.svelte:354:9
Error: Cannot find name 'Form'. (ts)
						<Form.Field {form} name="announce_discord">
							<Form.Control>
								{#snippet children({ props })}

/Users/alessandrojcm/repos/dhc-dashboard/src/lib/components/workshop-form.svelte:355:30
Error: Binding element 'props' implicitly has an 'any' type. (ts)
							<Form.Control>
								{#snippet children({ props })}
									<div class="flex items-center space-x-3">

/Users/alessandrojcm/repos/dhc-dashboard/src/lib/components/workshop-form.svelte:357:12
Error: Cannot find name 'Switch'. (ts)
									<div class="flex items-center space-x-3">
										<Switch
											{...props}

/Users/alessandrojcm/repos/dhc-dashboard/src/lib/components/workshop-form.svelte:363:13
Error: Cannot find name 'Form'. (ts)
										<div>
											<Form.Label for="announce_discord" class="text-base font-medium"
												>Announce in Discord</Form.Label

/Users/alessandrojcm/repos/dhc-dashboard/src/lib/components/workshop-form.svelte:364:35
Error: Cannot find name 'Form'. (ts)
											<Form.Label for="announce_discord" class="text-base font-medium"
												>Announce in Discord</Form.Label
											>

/Users/alessandrojcm/repos/dhc-dashboard/src/lib/components/workshop-form.svelte:372:10
Error: Cannot find name 'Form'. (ts)
								{/snippet}
							</Form.Control>
							<Form.FieldErrors />

/Users/alessandrojcm/repos/dhc-dashboard/src/lib/components/workshop-form.svelte:373:9
Error: Cannot find name 'Form'. (ts)
							</Form.Control>
							<Form.FieldErrors />
						</Form.Field>

/Users/alessandrojcm/repos/dhc-dashboard/src/lib/components/workshop-form.svelte:374:9
Error: Cannot find name 'Form'. (ts)
							<Form.FieldErrors />
						</Form.Field>

/Users/alessandrojcm/repos/dhc-dashboard/src/lib/components/workshop-form.svelte:376:8
Error: Cannot find name 'Form'. (ts)

						<Form.Field {form} name="announce_email">
							<Form.Control>

/Users/alessandrojcm/repos/dhc-dashboard/src/lib/components/workshop-form.svelte:377:9
Error: Cannot find name 'Form'. (ts)
						<Form.Field {form} name="announce_email">
							<Form.Control>
								{#snippet children({ props })}

/Users/alessandrojcm/repos/dhc-dashboard/src/lib/components/workshop-form.svelte:378:30
Error: Binding element 'props' implicitly has an 'any' type. (ts)
							<Form.Control>
								{#snippet children({ props })}
									<div class="flex items-center space-x-3">

/Users/alessandrojcm/repos/dhc-dashboard/src/lib/components/workshop-form.svelte:380:12
Error: Cannot find name 'Switch'. (ts)
									<div class="flex items-center space-x-3">
										<Switch
											{...props}

/Users/alessandrojcm/repos/dhc-dashboard/src/lib/components/workshop-form.svelte:386:13
Error: Cannot find name 'Form'. (ts)
										<div>
											<Form.Label for="announce_email" class="text-base font-medium"
												>Announce via Email</Form.Label

/Users/alessandrojcm/repos/dhc-dashboard/src/lib/components/workshop-form.svelte:387:34
Error: Cannot find name 'Form'. (ts)
											<Form.Label for="announce_email" class="text-base font-medium"
												>Announce via Email</Form.Label
											>

/Users/alessandrojcm/repos/dhc-dashboard/src/lib/components/workshop-form.svelte:395:10
Error: Cannot find name 'Form'. (ts)
								{/snippet}
							</Form.Control>
							<Form.FieldErrors />

/Users/alessandrojcm/repos/dhc-dashboard/src/lib/components/workshop-form.svelte:396:9
Error: Cannot find name 'Form'. (ts)
							</Form.Control>
							<Form.FieldErrors />
						</Form.Field>

/Users/alessandrojcm/repos/dhc-dashboard/src/lib/components/workshop-form.svelte:397:9
Error: Cannot find name 'Form'. (ts)
							<Form.FieldErrors />
						</Form.Field>
					</div>

/Users/alessandrojcm/repos/dhc-dashboard/src/lib/components/workshop-form.svelte:407:10
Error: Cannot find name 'canEditPricing'. (ts)

			{#if !canEditPricing}
				<Alert variant="default" class="border-orange-200 bg-orange-50">

/Users/alessandrojcm/repos/dhc-dashboard/src/lib/components/workshop-form.svelte:408:6
Error: Cannot find name 'Alert'. (ts)
			{#if !canEditPricing}
				<Alert variant="default" class="border-orange-200 bg-orange-50">
					<AlertDescription class="text-orange-800">

/Users/alessandrojcm/repos/dhc-dashboard/src/lib/components/workshop-form.svelte:409:7
Error: Cannot find name 'AlertDescription'. (ts)
				<Alert variant="default" class="border-orange-200 bg-orange-50">
					<AlertDescription class="text-orange-800">
						Pricing cannot be changed because there are already registered attendees.

/Users/alessandrojcm/repos/dhc-dashboard/src/lib/components/workshop-form.svelte:411:8
Error: Cannot find name 'AlertDescription'. (ts)
						Pricing cannot be changed because there are already registered attendees.
					</AlertDescription>
				</Alert>

/Users/alessandrojcm/repos/dhc-dashboard/src/lib/components/workshop-form.svelte:412:7
Error: Cannot find name 'Alert'. (ts)
					</AlertDescription>
				</Alert>
			{/if}

/Users/alessandrojcm/repos/dhc-dashboard/src/lib/components/workshop-form.svelte:415:5
Error: Cannot find name 'Form'. (ts)

			<Form.Field {form} name="is_public">
				<Form.Control>

/Users/alessandrojcm/repos/dhc-dashboard/src/lib/components/workshop-form.svelte:416:6
Error: Cannot find name 'Form'. (ts)
			<Form.Field {form} name="is_public">
				<Form.Control>
					{#snippet children({ props })}

/Users/alessandrojcm/repos/dhc-dashboard/src/lib/components/workshop-form.svelte:417:27
Error: Binding element 'props' implicitly has an 'any' type. (ts)
				<Form.Control>
					{#snippet children({ props })}
						<div

/Users/alessandrojcm/repos/dhc-dashboard/src/lib/components/workshop-form.svelte:421:9
Error: Cannot find name 'Switch'. (ts)
						>
							<Switch
								{...props}

/Users/alessandrojcm/repos/dhc-dashboard/src/lib/components/workshop-form.svelte:425:20
Error: Cannot find name 'isWorkshopEditable'. (ts)
								bind:checked={$formData.is_public}
								disabled={!isWorkshopEditable}
							/>

/Users/alessandrojcm/repos/dhc-dashboard/src/lib/components/workshop-form.svelte:428:10
Error: Cannot find name 'Form'. (ts)
							<div>
								<Form.Label for="is_public" class="text-base font-medium"
									>Public Workshop</Form.Label

/Users/alessandrojcm/repos/dhc-dashboard/src/lib/components/workshop-form.svelte:429:28
Error: Cannot find name 'Form'. (ts)
								<Form.Label for="is_public" class="text-base font-medium"
									>Public Workshop</Form.Label
								>

/Users/alessandrojcm/repos/dhc-dashboard/src/lib/components/workshop-form.svelte:437:7
Error: Cannot find name 'Form'. (ts)
					{/snippet}
				</Form.Control>
				<Form.FieldErrors />

/Users/alessandrojcm/repos/dhc-dashboard/src/lib/components/workshop-form.svelte:438:6
Error: Cannot find name 'Form'. (ts)
				</Form.Control>
				<Form.FieldErrors />
			</Form.Field>

/Users/alessandrojcm/repos/dhc-dashboard/src/lib/components/workshop-form.svelte:439:6
Error: Cannot find name 'Form'. (ts)
				<Form.FieldErrors />
			</Form.Field>

/Users/alessandrojcm/repos/dhc-dashboard/src/lib/components/workshop-form.svelte:442:6
Error: Cannot find name 'Form'. (ts)
			<div class="grid grid-cols-1 md:grid-cols-2 gap-6">
				<Form.Field {form} name="price_member">
					<Form.Control>

/Users/alessandrojcm/repos/dhc-dashboard/src/lib/components/workshop-form.svelte:443:7
Error: Cannot find name 'Form'. (ts)
				<Form.Field {form} name="price_member">
					<Form.Control>
						{#snippet children({ props })}

/Users/alessandrojcm/repos/dhc-dashboard/src/lib/components/workshop-form.svelte:444:28
Error: Binding element 'props' implicitly has an 'any' type. (ts)
					<Form.Control>
						{#snippet children({ props })}
							<Form.Label>Member Price</Form.Label>

/Users/alessandrojcm/repos/dhc-dashboard/src/lib/components/workshop-form.svelte:445:9
Error: Cannot find name 'Form'. (ts)
						{#snippet children({ props })}
							<Form.Label>Member Price</Form.Label>
							<div class="relative">

/Users/alessandrojcm/repos/dhc-dashboard/src/lib/components/workshop-form.svelte:445:34
Error: Cannot find name 'Form'. (ts)
						{#snippet children({ props })}
							<Form.Label>Member Price</Form.Label>
							<div class="relative">

/Users/alessandrojcm/repos/dhc-dashboard/src/lib/components/workshop-form.svelte:451:10
Error: Cannot find name 'Input'. (ts)
								>
								<Input
									{...props}

/Users/alessandrojcm/repos/dhc-dashboard/src/lib/components/workshop-form.svelte:459:21
Error: Cannot find name 'canEditPricing'. (ts)
									placeholder="10.00"
									disabled={!canEditPricing}
								/>

/Users/alessandrojcm/repos/dhc-dashboard/src/lib/components/workshop-form.svelte:463:8
Error: Cannot find name 'Form'. (ts)
						{/snippet}
					</Form.Control>
					<Form.FieldErrors />

/Users/alessandrojcm/repos/dhc-dashboard/src/lib/components/workshop-form.svelte:464:7
Error: Cannot find name 'Form'. (ts)
					</Form.Control>
					<Form.FieldErrors />
				</Form.Field>

/Users/alessandrojcm/repos/dhc-dashboard/src/lib/components/workshop-form.svelte:465:7
Error: Cannot find name 'Form'. (ts)
					<Form.FieldErrors />
				</Form.Field>

/Users/alessandrojcm/repos/dhc-dashboard/src/lib/components/workshop-form.svelte:468:7
Error: Cannot find name 'Form'. (ts)
				{#if $formData.is_public}
					<Form.Field {form} name="price_non_member">
						<Form.Control>

/Users/alessandrojcm/repos/dhc-dashboard/src/lib/components/workshop-form.svelte:469:8
Error: Cannot find name 'Form'. (ts)
					<Form.Field {form} name="price_non_member">
						<Form.Control>
							{#snippet children({ props })}

/Users/alessandrojcm/repos/dhc-dashboard/src/lib/components/workshop-form.svelte:470:29
Error: Binding element 'props' implicitly has an 'any' type. (ts)
						<Form.Control>
							{#snippet children({ props })}
								<Form.Label>Non-Member Price</Form.Label>

/Users/alessandrojcm/repos/dhc-dashboard/src/lib/components/workshop-form.svelte:471:10
Error: Cannot find name 'Form'. (ts)
							{#snippet children({ props })}
								<Form.Label>Non-Member Price</Form.Label>
								<div class="relative">

/Users/alessandrojcm/repos/dhc-dashboard/src/lib/components/workshop-form.svelte:471:39
Error: Cannot find name 'Form'. (ts)
							{#snippet children({ props })}
								<Form.Label>Non-Member Price</Form.Label>
								<div class="relative">

/Users/alessandrojcm/repos/dhc-dashboard/src/lib/components/workshop-form.svelte:477:11
Error: Cannot find name 'Input'. (ts)
									>
									<Input
										{...props}

/Users/alessandrojcm/repos/dhc-dashboard/src/lib/components/workshop-form.svelte:485:22
Error: Cannot find name 'canEditPricing'. (ts)
										placeholder="20.00"
										disabled={!canEditPricing}
									/>

/Users/alessandrojcm/repos/dhc-dashboard/src/lib/components/workshop-form.svelte:489:9
Error: Cannot find name 'Form'. (ts)
							{/snippet}
						</Form.Control>
						<Form.FieldErrors />

/Users/alessandrojcm/repos/dhc-dashboard/src/lib/components/workshop-form.svelte:490:8
Error: Cannot find name 'Form'. (ts)
						</Form.Control>
						<Form.FieldErrors />
					</Form.Field>

/Users/alessandrojcm/repos/dhc-dashboard/src/lib/components/workshop-form.svelte:491:8
Error: Cannot find name 'Form'. (ts)
						<Form.FieldErrors />
					</Form.Field>
				{:else}

/Users/alessandrojcm/repos/dhc-dashboard/src/lib/components/workshop-form.svelte:507:5
Error: Cannot find name 'Button'. (ts)
		<div class="pt-6 border-t">
			<Button
				type="submit"

/Users/alessandrojcm/repos/dhc-dashboard/src/lib/components/workshop-form.svelte:509:31
Error: Cannot find name 'isWorkshopEditable'. (ts)
				type="submit"
				disabled={$submitting || !isWorkshopEditable}
				class="w-full h-12 text-lg"

/Users/alessandrojcm/repos/dhc-dashboard/src/lib/components/workshop-form.svelte:513:7
Error: Cannot find name 'LoaderCircle'. (ts)
				{#if $submitting}
					<LoaderCircle class="mr-2 h-5 w-5" />
					{mode === 'create' ? 'Creating' : 'Updating'} Workshop...

/Users/alessandrojcm/repos/dhc-dashboard/src/lib/components/workshop-form.svelte:518:6
Error: Cannot find name 'Button'. (ts)
				{/if}
			</Button>
		</div>

/Users/alessandrojcm/repos/dhc-dashboard/src/lib/components/inventory/AttributeBuilder.svelte:45:3
Error: Cannot find name 'Card'. (ts)
	<!-- Add New Attribute -->
	<Card>
		<CardHeader>

/Users/alessandrojcm/repos/dhc-dashboard/src/lib/components/inventory/AttributeBuilder.svelte:46:4
Error: Cannot find name 'CardHeader'. (ts)
	<Card>
		<CardHeader>
			<CardTitle class="flex items-center gap-2">

/Users/alessandrojcm/repos/dhc-dashboard/src/lib/components/inventory/AttributeBuilder.svelte:47:5
Error: Cannot find name 'CardTitle'. (ts)
		<CardHeader>
			<CardTitle class="flex items-center gap-2">
				<Plus class="h-5 w-5" />

/Users/alessandrojcm/repos/dhc-dashboard/src/lib/components/inventory/AttributeBuilder.svelte:48:6
Error: Cannot find name 'Plus'. (ts)
			<CardTitle class="flex items-center gap-2">
				<Plus class="h-5 w-5" />
				Add New Attribute

/Users/alessandrojcm/repos/dhc-dashboard/src/lib/components/inventory/AttributeBuilder.svelte:50:6
Error: Cannot find name 'CardTitle'. (ts)
				Add New Attribute
			</CardTitle>
		</CardHeader>

/Users/alessandrojcm/repos/dhc-dashboard/src/lib/components/inventory/AttributeBuilder.svelte:51:5
Error: Cannot find name 'CardHeader'. (ts)
			</CardTitle>
		</CardHeader>
		<CardContent class="space-y-4">

/Users/alessandrojcm/repos/dhc-dashboard/src/lib/components/inventory/AttributeBuilder.svelte:52:4
Error: Cannot find name 'CardContent'. (ts)
		</CardHeader>
		<CardContent class="space-y-4">
			<div class="space-y-2">

/Users/alessandrojcm/repos/dhc-dashboard/src/lib/components/inventory/AttributeBuilder.svelte:54:6
Error: Cannot find name 'Label'. (ts)
			<div class="space-y-2">
				<Label for="attr-label">Display Label</Label>
				<Input

/Users/alessandrojcm/repos/dhc-dashboard/src/lib/components/inventory/AttributeBuilder.svelte:54:44
Error: Cannot find name 'Label'. (ts)
			<div class="space-y-2">
				<Label for="attr-label">Display Label</Label>
				<Input

/Users/alessandrojcm/repos/dhc-dashboard/src/lib/components/inventory/AttributeBuilder.svelte:55:6
Error: Cannot find name 'Input'. (ts)
				<Label for="attr-label">Display Label</Label>
				<Input
					id="attr-label"

/Users/alessandrojcm/repos/dhc-dashboard/src/lib/components/inventory/AttributeBuilder.svelte:64:7
Error: Cannot find name 'Label'. (ts)
				<div class="space-y-2">
					<Label for="attr-type">Attribute Type</Label>
					<Select type="single" bind:value={newAttribute.type}>

/Users/alessandrojcm/repos/dhc-dashboard/src/lib/components/inventory/AttributeBuilder.svelte:64:45
Error: Cannot find name 'Label'. (ts)
				<div class="space-y-2">
					<Label for="attr-type">Attribute Type</Label>
					<Select type="single" bind:value={newAttribute.type}>

/Users/alessandrojcm/repos/dhc-dashboard/src/lib/components/inventory/AttributeBuilder.svelte:65:7
Error: Cannot find name 'Select'. (ts)
					<Label for="attr-type">Attribute Type</Label>
					<Select type="single" bind:value={newAttribute.type}>
						<SelectTrigger id="attr-type" class="capitalize">

/Users/alessandrojcm/repos/dhc-dashboard/src/lib/components/inventory/AttributeBuilder.svelte:66:8
Error: Cannot find name 'SelectTrigger'. (ts)
					<Select type="single" bind:value={newAttribute.type}>
						<SelectTrigger id="attr-type" class="capitalize">
							{newAttribute.type}

/Users/alessandrojcm/repos/dhc-dashboard/src/lib/components/inventory/AttributeBuilder.svelte:68:9
Error: Cannot find name 'SelectTrigger'. (ts)
							{newAttribute.type}
						</SelectTrigger>
						<SelectContent>

/Users/alessandrojcm/repos/dhc-dashboard/src/lib/components/inventory/AttributeBuilder.svelte:69:8
Error: Cannot find name 'SelectContent'. (ts)
						</SelectTrigger>
						<SelectContent>
							<SelectItem value="text">Text Input</SelectItem>

/Users/alessandrojcm/repos/dhc-dashboard/src/lib/components/inventory/AttributeBuilder.svelte:70:9
Error: Cannot find name 'SelectItem'. (ts)
						<SelectContent>
							<SelectItem value="text">Text Input</SelectItem>
							<SelectItem value="select">Dropdown Select</SelectItem>

/Users/alessandrojcm/repos/dhc-dashboard/src/lib/components/inventory/AttributeBuilder.svelte:70:45
Error: Cannot find name 'SelectItem'. (ts)
						<SelectContent>
							<SelectItem value="text">Text Input</SelectItem>
							<SelectItem value="select">Dropdown Select</SelectItem>

/Users/alessandrojcm/repos/dhc-dashboard/src/lib/components/inventory/AttributeBuilder.svelte:71:9
Error: Cannot find name 'SelectItem'. (ts)
							<SelectItem value="text">Text Input</SelectItem>
							<SelectItem value="select">Dropdown Select</SelectItem>
							<SelectItem value="number">Number Input</SelectItem>

/Users/alessandrojcm/repos/dhc-dashboard/src/lib/components/inventory/AttributeBuilder.svelte:71:52
Error: Cannot find name 'SelectItem'. (ts)
							<SelectItem value="text">Text Input</SelectItem>
							<SelectItem value="select">Dropdown Select</SelectItem>
							<SelectItem value="number">Number Input</SelectItem>

/Users/alessandrojcm/repos/dhc-dashboard/src/lib/components/inventory/AttributeBuilder.svelte:72:9
Error: Cannot find name 'SelectItem'. (ts)
							<SelectItem value="select">Dropdown Select</SelectItem>
							<SelectItem value="number">Number Input</SelectItem>
							<SelectItem value="boolean">Checkbox</SelectItem>

/Users/alessandrojcm/repos/dhc-dashboard/src/lib/components/inventory/AttributeBuilder.svelte:72:49
Error: Cannot find name 'SelectItem'. (ts)
							<SelectItem value="select">Dropdown Select</SelectItem>
							<SelectItem value="number">Number Input</SelectItem>
							<SelectItem value="boolean">Checkbox</SelectItem>

/Users/alessandrojcm/repos/dhc-dashboard/src/lib/components/inventory/AttributeBuilder.svelte:73:9
Error: Cannot find name 'SelectItem'. (ts)
							<SelectItem value="number">Number Input</SelectItem>
							<SelectItem value="boolean">Checkbox</SelectItem>
						</SelectContent>

/Users/alessandrojcm/repos/dhc-dashboard/src/lib/components/inventory/AttributeBuilder.svelte:73:46
Error: Cannot find name 'SelectItem'. (ts)
							<SelectItem value="number">Number Input</SelectItem>
							<SelectItem value="boolean">Checkbox</SelectItem>
						</SelectContent>

/Users/alessandrojcm/repos/dhc-dashboard/src/lib/components/inventory/AttributeBuilder.svelte:74:9
Error: Cannot find name 'SelectContent'. (ts)
							<SelectItem value="boolean">Checkbox</SelectItem>
						</SelectContent>
					</Select>

/Users/alessandrojcm/repos/dhc-dashboard/src/lib/components/inventory/AttributeBuilder.svelte:75:8
Error: Cannot find name 'Select'. (ts)
						</SelectContent>
					</Select>
				</div>

/Users/alessandrojcm/repos/dhc-dashboard/src/lib/components/inventory/AttributeBuilder.svelte:78:7
Error: Cannot find name 'Checkbox'. (ts)
				<div class="flex items-center space-x-2 pt-6">
					<Checkbox bind:checked={newAttribute.required} id="attr-required" />
					<Label for="attr-required">Required field</Label>

/Users/alessandrojcm/repos/dhc-dashboard/src/lib/components/inventory/AttributeBuilder.svelte:79:7
Error: Cannot find name 'Label'. (ts)
					<Checkbox bind:checked={newAttribute.required} id="attr-required" />
					<Label for="attr-required">Required field</Label>
				</div>

/Users/alessandrojcm/repos/dhc-dashboard/src/lib/components/inventory/AttributeBuilder.svelte:79:49
Error: Cannot find name 'Label'. (ts)
					<Checkbox bind:checked={newAttribute.required} id="attr-required" />
					<Label for="attr-required">Required field</Label>
				</div>

/Users/alessandrojcm/repos/dhc-dashboard/src/lib/components/inventory/AttributeBuilder.svelte:83:5
Error: Cannot find name 'Button'. (ts)

			<Button onclick={addAttribute} disabled={!newAttribute.label}>
				<Plus class="mr-2 h-4 w-4" />

/Users/alessandrojcm/repos/dhc-dashboard/src/lib/components/inventory/AttributeBuilder.svelte:83:21
Error: Cannot find name 'addAttribute'. (ts)

			<Button onclick={addAttribute} disabled={!newAttribute.label}>
				<Plus class="mr-2 h-4 w-4" />

/Users/alessandrojcm/repos/dhc-dashboard/src/lib/components/inventory/AttributeBuilder.svelte:84:6
Error: Cannot find name 'Plus'. (ts)
			<Button onclick={addAttribute} disabled={!newAttribute.label}>
				<Plus class="mr-2 h-4 w-4" />
				Add Attribute

/Users/alessandrojcm/repos/dhc-dashboard/src/lib/components/inventory/AttributeBuilder.svelte:86:6
Error: Cannot find name 'Button'. (ts)
				Add Attribute
			</Button>
		</CardContent>

/Users/alessandrojcm/repos/dhc-dashboard/src/lib/components/inventory/AttributeBuilder.svelte:87:5
Error: Cannot find name 'CardContent'. (ts)
			</Button>
		</CardContent>
	</Card>

/Users/alessandrojcm/repos/dhc-dashboard/src/lib/components/inventory/AttributeBuilder.svelte:88:4
Error: Cannot find name 'Card'. (ts)
		</CardContent>
	</Card>

/Users/alessandrojcm/repos/dhc-dashboard/src/lib/components/inventory/AttributeBuilder.svelte:91:7
Error: Cannot find name 'hasAttributes'. (ts)
	<!-- Existing Attributes -->
	{#if hasAttributes}
		<Card>

/Users/alessandrojcm/repos/dhc-dashboard/src/lib/components/inventory/AttributeBuilder.svelte:92:4
Error: Cannot find name 'Card'. (ts)
	{#if hasAttributes}
		<Card>
			<CardHeader>

/Users/alessandrojcm/repos/dhc-dashboard/src/lib/components/inventory/AttributeBuilder.svelte:93:5
Error: Cannot find name 'CardHeader'. (ts)
		<Card>
			<CardHeader>
				<CardTitle class="flex items-center gap-2">

/Users/alessandrojcm/repos/dhc-dashboard/src/lib/components/inventory/AttributeBuilder.svelte:94:6
Error: Cannot find name 'CardTitle'. (ts)
			<CardHeader>
				<CardTitle class="flex items-center gap-2">
					<Settings class="h-5 w-5" />

/Users/alessandrojcm/repos/dhc-dashboard/src/lib/components/inventory/AttributeBuilder.svelte:95:7
Error: Cannot find name 'Settings'. (ts)
				<CardTitle class="flex items-center gap-2">
					<Settings class="h-5 w-5" />
					Category Attributes ({attributeCount})

/Users/alessandrojcm/repos/dhc-dashboard/src/lib/components/inventory/AttributeBuilder.svelte:97:7
Error: Cannot find name 'CardTitle'. (ts)
					Category Attributes ({attributeCount})
				</CardTitle>
			</CardHeader>

/Users/alessandrojcm/repos/dhc-dashboard/src/lib/components/inventory/AttributeBuilder.svelte:98:6
Error: Cannot find name 'CardHeader'. (ts)
				</CardTitle>
			</CardHeader>
			<CardContent class="space-y-4">

/Users/alessandrojcm/repos/dhc-dashboard/src/lib/components/inventory/AttributeBuilder.svelte:99:5
Error: Cannot find name 'CardContent'. (ts)
			</CardHeader>
			<CardContent class="space-y-4">
				{#each $formData.available_attributes as attr, index}

/Users/alessandrojcm/repos/dhc-dashboard/src/lib/components/inventory/AttributeBuilder.svelte:105:10
Error: Cannot find name 'Badge'. (ts)
								<h3 class="font-medium">{attr.label}</h3>
								<Badge variant="secondary" class="text-xs">{attr.type}</Badge>
								{#if attr.required}

/Users/alessandrojcm/repos/dhc-dashboard/src/lib/components/inventory/AttributeBuilder.svelte:105:65
Error: Cannot find name 'Badge'. (ts)
								<h3 class="font-medium">{attr.label}</h3>
								<Badge variant="secondary" class="text-xs">{attr.type}</Badge>
								{#if attr.required}

/Users/alessandrojcm/repos/dhc-dashboard/src/lib/components/inventory/AttributeBuilder.svelte:107:11
Error: Cannot find name 'Badge'. (ts)
								{#if attr.required}
									<Badge variant="destructive" class="text-xs">Required</Badge>
								{/if}

/Users/alessandrojcm/repos/dhc-dashboard/src/lib/components/inventory/AttributeBuilder.svelte:107:65
Error: Cannot find name 'Badge'. (ts)
								{#if attr.required}
									<Badge variant="destructive" class="text-xs">Required</Badge>
								{/if}

/Users/alessandrojcm/repos/dhc-dashboard/src/lib/components/inventory/AttributeBuilder.svelte:110:9
Error: Cannot find name 'Button'. (ts)
							</div>
							<Button
								variant="ghost"

/Users/alessandrojcm/repos/dhc-dashboard/src/lib/components/inventory/AttributeBuilder.svelte:119:10
Error: Cannot find name 'Trash2'. (ts)
							>
								<Trash2 class="h-4 w-4" />
							</Button>

/Users/alessandrojcm/repos/dhc-dashboard/src/lib/components/inventory/AttributeBuilder.svelte:120:10
Error: Cannot find name 'Button'. (ts)
								<Trash2 class="h-4 w-4" />
							</Button>
						</div>

/Users/alessandrojcm/repos/dhc-dashboard/src/lib/components/inventory/AttributeBuilder.svelte:122:8
Error: Cannot find name 'Form'. (ts)
						</div>
						<Form.Field {form} name="available_attributes[{index}].label">
							<Form.Control>

/Users/alessandrojcm/repos/dhc-dashboard/src/lib/components/inventory/AttributeBuilder.svelte:123:9
Error: Cannot find name 'Form'. (ts)
						<Form.Field {form} name="available_attributes[{index}].label">
							<Form.Control>
								{#snippet children({ props })}

/Users/alessandrojcm/repos/dhc-dashboard/src/lib/components/inventory/AttributeBuilder.svelte:124:30
Error: Binding element 'props' implicitly has an 'any' type. (ts)
							<Form.Control>
								{#snippet children({ props })}
									<Form.Label>Display Label</Form.Label>

/Users/alessandrojcm/repos/dhc-dashboard/src/lib/components/inventory/AttributeBuilder.svelte:125:11
Error: Cannot find name 'Form'. (ts)
								{#snippet children({ props })}
									<Form.Label>Display Label</Form.Label>
									<Input {...props} bind:value={$formData.available_attributes[index].label} />

/Users/alessandrojcm/repos/dhc-dashboard/src/lib/components/inventory/AttributeBuilder.svelte:125:37
Error: Cannot find name 'Form'. (ts)
								{#snippet children({ props })}
									<Form.Label>Display Label</Form.Label>
									<Input {...props} bind:value={$formData.available_attributes[index].label} />

/Users/alessandrojcm/repos/dhc-dashboard/src/lib/components/inventory/AttributeBuilder.svelte:126:11
Error: Cannot find name 'Input'. (ts)
									<Form.Label>Display Label</Form.Label>
									<Input {...props} bind:value={$formData.available_attributes[index].label} />
								{/snippet}

/Users/alessandrojcm/repos/dhc-dashboard/src/lib/components/inventory/AttributeBuilder.svelte:128:10
Error: Cannot find name 'Form'. (ts)
								{/snippet}
							</Form.Control>
							<Form.FieldErrors />

/Users/alessandrojcm/repos/dhc-dashboard/src/lib/components/inventory/AttributeBuilder.svelte:129:9
Error: Cannot find name 'Form'. (ts)
							</Form.Control>
							<Form.FieldErrors />
						</Form.Field>

/Users/alessandrojcm/repos/dhc-dashboard/src/lib/components/inventory/AttributeBuilder.svelte:130:9
Error: Cannot find name 'Form'. (ts)
							<Form.FieldErrors />
						</Form.Field>
						<Form.Field {form} name="available_attributes[{index}].required">

/Users/alessandrojcm/repos/dhc-dashboard/src/lib/components/inventory/AttributeBuilder.svelte:131:8
Error: Cannot find name 'Form'. (ts)
						</Form.Field>
						<Form.Field {form} name="available_attributes[{index}].required">
							<Form.Control>

/Users/alessandrojcm/repos/dhc-dashboard/src/lib/components/inventory/AttributeBuilder.svelte:132:9
Error: Cannot find name 'Form'. (ts)
						<Form.Field {form} name="available_attributes[{index}].required">
							<Form.Control>
								{#snippet children({ props })}

/Users/alessandrojcm/repos/dhc-dashboard/src/lib/components/inventory/AttributeBuilder.svelte:133:30
Error: Binding element 'props' implicitly has an 'any' type. (ts)
							<Form.Control>
								{#snippet children({ props })}
									<div class="flex items-center space-x-2 pt-6">

/Users/alessandrojcm/repos/dhc-dashboard/src/lib/components/inventory/AttributeBuilder.svelte:135:12
Error: Cannot find name 'Checkbox'. (ts)
									<div class="flex items-center space-x-2 pt-6">
										<Checkbox
											{...props}

/Users/alessandrojcm/repos/dhc-dashboard/src/lib/components/inventory/AttributeBuilder.svelte:139:12
Error: Cannot find name 'Form'. (ts)
										/>
										<Form.Label>Required field</Form.Label>
									</div>

/Users/alessandrojcm/repos/dhc-dashboard/src/lib/components/inventory/AttributeBuilder.svelte:139:39
Error: Cannot find name 'Form'. (ts)
										/>
										<Form.Label>Required field</Form.Label>
									</div>

/Users/alessandrojcm/repos/dhc-dashboard/src/lib/components/inventory/AttributeBuilder.svelte:142:10
Error: Cannot find name 'Form'. (ts)
								{/snippet}
							</Form.Control>
							<Form.FieldErrors />

/Users/alessandrojcm/repos/dhc-dashboard/src/lib/components/inventory/AttributeBuilder.svelte:143:9
Error: Cannot find name 'Form'. (ts)
							</Form.Control>
							<Form.FieldErrors />
						</Form.Field>

/Users/alessandrojcm/repos/dhc-dashboard/src/lib/components/inventory/AttributeBuilder.svelte:144:9
Error: Cannot find name 'Form'. (ts)
							<Form.FieldErrors />
						</Form.Field>

/Users/alessandrojcm/repos/dhc-dashboard/src/lib/components/inventory/AttributeBuilder.svelte:147:9
Error: Cannot find name 'Form'. (ts)
						{#if attr.type === 'select' && attr.options}
							<Form.Field {form} name="available_attributes[{index}].options">
								<Form.Control>

/Users/alessandrojcm/repos/dhc-dashboard/src/lib/components/inventory/AttributeBuilder.svelte:148:10
Error: Cannot find name 'Form'. (ts)
							<Form.Field {form} name="available_attributes[{index}].options">
								<Form.Control>
									{#snippet children({ props })}

/Users/alessandrojcm/repos/dhc-dashboard/src/lib/components/inventory/AttributeBuilder.svelte:149:31
Error: Binding element 'props' implicitly has an 'any' type. (ts)
								<Form.Control>
									{#snippet children({ props })}
										<input

/Users/alessandrojcm/repos/dhc-dashboard/src/lib/components/inventory/AttributeBuilder.svelte:155:12
Error: Cannot find name 'Form'. (ts)
										/>
										<Form.Label>Options</Form.Label>
										<div class="space-y-2">

/Users/alessandrojcm/repos/dhc-dashboard/src/lib/components/inventory/AttributeBuilder.svelte:155:32
Error: Cannot find name 'Form'. (ts)
										/>
										<Form.Label>Options</Form.Label>
										<div class="space-y-2">

/Users/alessandrojcm/repos/dhc-dashboard/src/lib/components/inventory/AttributeBuilder.svelte:159:15
Error: Cannot find name 'Form'. (ts)
												{#if $formData.available_attributes[index].options}
													<Form.Field {form} name="available_attributes[{index}].options[{i}]">
														<Form.Control>

/Users/alessandrojcm/repos/dhc-dashboard/src/lib/components/inventory/AttributeBuilder.svelte:160:16
Error: Cannot find name 'Form'. (ts)
													<Form.Field {form} name="available_attributes[{index}].options[{i}]">
														<Form.Control>
															{#snippet children({ props })}

/Users/alessandrojcm/repos/dhc-dashboard/src/lib/components/inventory/AttributeBuilder.svelte:161:37
Error: Binding element 'props' implicitly has an 'any' type. (ts)
														<Form.Control>
															{#snippet children({ props })}
																<Form.Label>Option {i + 1}</Form.Label>

/Users/alessandrojcm/repos/dhc-dashboard/src/lib/components/inventory/AttributeBuilder.svelte:162:18
Error: Cannot find name 'Form'. (ts)
															{#snippet children({ props })}
																<Form.Label>Option {i + 1}</Form.Label>
																<Input

/Users/alessandrojcm/repos/dhc-dashboard/src/lib/components/inventory/AttributeBuilder.svelte:162:45
Error: Cannot find name 'Form'. (ts)
															{#snippet children({ props })}
																<Form.Label>Option {i + 1}</Form.Label>
																<Input

/Users/alessandrojcm/repos/dhc-dashboard/src/lib/components/inventory/AttributeBuilder.svelte:163:18
Error: Cannot find name 'Input'. (ts)
																<Form.Label>Option {i + 1}</Form.Label>
																<Input
																	{...props}

/Users/alessandrojcm/repos/dhc-dashboard/src/lib/components/inventory/AttributeBuilder.svelte:168:18
Error: Cannot find name 'Button'. (ts)
																/>
																<Button
																	variant="ghost"

/Users/alessandrojcm/repos/dhc-dashboard/src/lib/components/inventory/AttributeBuilder.svelte:176:19
Error: Cannot find name 'Trash2'. (ts)
																>
																	<Trash2 class="h-4 w-4" />
																</Button>

/Users/alessandrojcm/repos/dhc-dashboard/src/lib/components/inventory/AttributeBuilder.svelte:177:19
Error: Cannot find name 'Button'. (ts)
																	<Trash2 class="h-4 w-4" />
																</Button>
															{/snippet}

/Users/alessandrojcm/repos/dhc-dashboard/src/lib/components/inventory/AttributeBuilder.svelte:179:17
Error: Cannot find name 'Form'. (ts)
															{/snippet}
														</Form.Control>
														<Form.FieldErrors />

/Users/alessandrojcm/repos/dhc-dashboard/src/lib/components/inventory/AttributeBuilder.svelte:180:16
Error: Cannot find name 'Form'. (ts)
														</Form.Control>
														<Form.FieldErrors />
													</Form.Field>

/Users/alessandrojcm/repos/dhc-dashboard/src/lib/components/inventory/AttributeBuilder.svelte:181:16
Error: Cannot find name 'Form'. (ts)
														<Form.FieldErrors />
													</Form.Field>
												{/if}

/Users/alessandrojcm/repos/dhc-dashboard/src/lib/components/inventory/AttributeBuilder.svelte:184:13
Error: Cannot find name 'Button'. (ts)
											{/each}
											<Button
												variant="outline"

/Users/alessandrojcm/repos/dhc-dashboard/src/lib/components/inventory/AttributeBuilder.svelte:193:14
Error: Cannot find name 'Plus'. (ts)
											>
												<Plus class="mr-2 h-4 w-4" />
												Add Option

/Users/alessandrojcm/repos/dhc-dashboard/src/lib/components/inventory/AttributeBuilder.svelte:195:14
Error: Cannot find name 'Button'. (ts)
												Add Option
											</Button>
										</div>

/Users/alessandrojcm/repos/dhc-dashboard/src/lib/components/inventory/AttributeBuilder.svelte:198:11
Error: Cannot find name 'Form'. (ts)
									{/snippet}
								</Form.Control>
								<Form.FieldErrors />

/Users/alessandrojcm/repos/dhc-dashboard/src/lib/components/inventory/AttributeBuilder.svelte:199:10
Error: Cannot find name 'Form'. (ts)
								</Form.Control>
								<Form.FieldErrors />
							</Form.Field>

/Users/alessandrojcm/repos/dhc-dashboard/src/lib/components/inventory/AttributeBuilder.svelte:200:10
Error: Cannot find name 'Form'. (ts)
								<Form.FieldErrors />
							</Form.Field>
						{/if}

/Users/alessandrojcm/repos/dhc-dashboard/src/lib/components/inventory/AttributeBuilder.svelte:204:6
Error: Cannot find name 'CardContent'. (ts)
				{/each}
			</CardContent>
		</Card>

/Users/alessandrojcm/repos/dhc-dashboard/src/lib/components/inventory/AttributeBuilder.svelte:205:5
Error: Cannot find name 'Card'. (ts)
			</CardContent>
		</Card>
	{/if}

/Users/alessandrojcm/repos/dhc-dashboard/src/lib/components/notifications/NotificationCenter.svelte:133:19
Error: Argument of type 'string | undefined' is not assignable to parameter of type 'string'.
  Type 'undefined' is not assignable to type 'string'. (ts)
			.update({ read_at: new Date().toISOString() })
			.eq("user_id", (await supabase.auth.getUser())?.data.user?.id)
			.throwOnError();

/Users/alessandrojcm/repos/dhc-dashboard/src/lib/components/notifications/NotificationCenter.svelte:261:2
Error: Cannot find name 'DropdownMenu'. (ts)

<DropdownMenu.Root>
	<DropdownMenu.Trigger

/Users/alessandrojcm/repos/dhc-dashboard/src/lib/components/notifications/NotificationCenter.svelte:262:3
Error: Cannot find name 'DropdownMenu'. (ts)
<DropdownMenu.Root>
	<DropdownMenu.Trigger
		class="relative flex items-center py-2 rounded hover:bg-muted min-h-[40px] w-full"

/Users/alessandrojcm/repos/dhc-dashboard/src/lib/components/notifications/NotificationCenter.svelte:266:5
Error: Cannot find name 'Bell'. (ts)
		<div class="flex items-center w-full px-5">
			<Bell
				size={20}

/Users/alessandrojcm/repos/dhc-dashboard/src/lib/components/notifications/NotificationCenter.svelte:287:4
Error: Cannot find name 'DropdownMenu'. (ts)
		</div>
	</DropdownMenu.Trigger>

/Users/alessandrojcm/repos/dhc-dashboard/src/lib/components/notifications/NotificationCenter.svelte:289:3
Error: Cannot find name 'DropdownMenu'. (ts)

	<DropdownMenu.Content class="w-[380px] max-h-[500px] overflow-hidden p-0">
		<DropdownMenu.Group>

/Users/alessandrojcm/repos/dhc-dashboard/src/lib/components/notifications/NotificationCenter.svelte:290:4
Error: Cannot find name 'DropdownMenu'. (ts)
	<DropdownMenu.Content class="w-[380px] max-h-[500px] overflow-hidden p-0">
		<DropdownMenu.Group>
			<div class="flex justify-between items-center px-4 py-3">

/Users/alessandrojcm/repos/dhc-dashboard/src/lib/components/notifications/NotificationCenter.svelte:292:6
Error: Cannot find name 'DropdownMenu'. (ts)
			<div class="flex justify-between items-center px-4 py-3">
				<DropdownMenu.GroupHeading>Notifications</DropdownMenu.GroupHeading>
				{#if notificationsQuery?.data?.pages?.[0]?.data?.some((n) => !n.read_at)}

/Users/alessandrojcm/repos/dhc-dashboard/src/lib/components/notifications/NotificationCenter.svelte:292:47
Error: Cannot find name 'DropdownMenu'. (ts)
			<div class="flex justify-between items-center px-4 py-3">
				<DropdownMenu.GroupHeading>Notifications</DropdownMenu.GroupHeading>
				{#if notificationsQuery?.data?.pages?.[0]?.data?.some((n) => !n.read_at)}

/Users/alessandrojcm/repos/dhc-dashboard/src/lib/components/notifications/NotificationCenter.svelte:296:22
Error: Cannot find name 'markAllAsRead'. (ts)
						class="text-xs text-primary bg-transparent border-none cursor-pointer"
						onclick={() => markAllAsRead.mutate()}
					>

/Users/alessandrojcm/repos/dhc-dashboard/src/lib/components/notifications/NotificationCenter.svelte:303:5
Error: Cannot find name 'DropdownMenu'. (ts)

			<DropdownMenu.Separator />

/Users/alessandrojcm/repos/dhc-dashboard/src/lib/components/notifications/NotificationCenter.svelte:327:12
Error: Cannot find name 'formatTime'. (ts)
								<span class="text-xs text-muted-foreground block"
									>{formatTime(notification.created_at)}</span
								>

/Users/alessandrojcm/repos/dhc-dashboard/src/lib/components/notifications/NotificationCenter.svelte:333:25
Error: Cannot find name 'markAsRead'. (ts)
									class="p-1 rounded-full text-primary hover:bg-primary-foreground flex-shrink-0 flex items-center justify-center"
									onclick={() => markAsRead.mutate(notification.id)}
								>

/Users/alessandrojcm/repos/dhc-dashboard/src/lib/components/notifications/NotificationCenter.svelte:366:5
Error: Cannot find name 'DropdownMenu'. (ts)
			</div>
		</DropdownMenu.Group>
	</DropdownMenu.Content>

/Users/alessandrojcm/repos/dhc-dashboard/src/lib/components/notifications/NotificationCenter.svelte:367:4
Error: Cannot find name 'DropdownMenu'. (ts)
		</DropdownMenu.Group>
	</DropdownMenu.Content>
</DropdownMenu.Root>

/Users/alessandrojcm/repos/dhc-dashboard/src/lib/components/notifications/NotificationCenter.svelte:368:3
Error: Cannot find name 'DropdownMenu'. (ts)
	</DropdownMenu.Content>
</DropdownMenu.Root>

/Users/alessandrojcm/repos/dhc-dashboard/src/lib/components/ui/DashboardSidebar.svelte:49:15
Error: Cannot bind to constant
https://svelte.dev/e/constant_binding (svelte)

<Sidebar.Root bind:ref {collapsible} {...restProps} class="h-[100vh] border-r-1 md:block">
	<Sidebar.Header class="flex flex-row items-center">

/Users/alessandrojcm/repos/dhc-dashboard/src/lib/components/ui/DashboardSidebar.svelte:44:3
Error: Cannot find name 'Button'. (ts)
<div class="md:hidden fixed top-4 left-4 z-50">
	<Button variant="outline" size="icon" aria-label="Toggle menu" onclick={toggleSidebar}>
		<Menu class="h-4 w-4" />

/Users/alessandrojcm/repos/dhc-dashboard/src/lib/components/ui/DashboardSidebar.svelte:44:74
Error: Cannot find name 'toggleSidebar'. (ts)
<div class="md:hidden fixed top-4 left-4 z-50">
	<Button variant="outline" size="icon" aria-label="Toggle menu" onclick={toggleSidebar}>
		<Menu class="h-4 w-4" />

/Users/alessandrojcm/repos/dhc-dashboard/src/lib/components/ui/DashboardSidebar.svelte:45:4
Error: Cannot find name 'Menu'. (ts)
	<Button variant="outline" size="icon" aria-label="Toggle menu" onclick={toggleSidebar}>
		<Menu class="h-4 w-4" />
	</Button>

/Users/alessandrojcm/repos/dhc-dashboard/src/lib/components/ui/DashboardSidebar.svelte:46:4
Error: Cannot find name 'Button'. (ts)
		<Menu class="h-4 w-4" />
	</Button>
</div>

/Users/alessandrojcm/repos/dhc-dashboard/src/lib/components/ui/DashboardSidebar.svelte:49:2
Error: 'Sidebar' cannot be used as a value because it was imported using 'import type'. (ts)

<Sidebar.Root bind:ref {collapsible} {...restProps} class="h-[100vh] border-r-1 md:block">
	<Sidebar.Header class="flex flex-row items-center">

/Users/alessandrojcm/repos/dhc-dashboard/src/lib/components/ui/DashboardSidebar.svelte:50:3
Error: 'Sidebar' cannot be used as a value because it was imported using 'import type'. (ts)
<Sidebar.Root bind:ref {collapsible} {...restProps} class="h-[100vh] border-r-1 md:block">
	<Sidebar.Header class="flex flex-row items-center">
		<div class="h-12 w-12">

/Users/alessandrojcm/repos/dhc-dashboard/src/lib/components/ui/DashboardSidebar.svelte:52:23
Error: Cannot find name 'DHCLogo'. (ts)
		<div class="h-12 w-12">
			<enhanced:img src={DHCLogo} alt="Dublin Hema Club Logo" />
		</div>

/Users/alessandrojcm/repos/dhc-dashboard/src/lib/components/ui/DashboardSidebar.svelte:55:4
Error: 'Sidebar' cannot be used as a value because it was imported using 'import type'. (ts)
		<h2 class="text-lg mt-2 text-black font-medium">Dublin Hema Club</h2>
	</Sidebar.Header>
	<Sidebar.Content data-testid="sidebar">

/Users/alessandrojcm/repos/dhc-dashboard/src/lib/components/ui/DashboardSidebar.svelte:56:3
Error: 'Sidebar' cannot be used as a value because it was imported using 'import type'. (ts)
	</Sidebar.Header>
	<Sidebar.Content data-testid="sidebar">
		<!-- We create a Sidebar.Group for each parent. -->

/Users/alessandrojcm/repos/dhc-dashboard/src/lib/components/ui/DashboardSidebar.svelte:60:6
Error: 'Sidebar' cannot be used as a value because it was imported using 'import type'. (ts)
			{#if group.role.intersection(roles).size > 0}
				<Sidebar.Group>
					{#if group?.items}

/Users/alessandrojcm/repos/dhc-dashboard/src/lib/components/ui/DashboardSidebar.svelte:62:8
Error: 'Sidebar' cannot be used as a value because it was imported using 'import type'. (ts)
					{#if group?.items}
						<Sidebar.GroupLabel>{group.title}</Sidebar.GroupLabel>
						<Sidebar.GroupContent>

/Users/alessandrojcm/repos/dhc-dashboard/src/lib/components/ui/DashboardSidebar.svelte:62:42
Error: 'Sidebar' cannot be used as a value because it was imported using 'import type'. (ts)
					{#if group?.items}
						<Sidebar.GroupLabel>{group.title}</Sidebar.GroupLabel>
						<Sidebar.GroupContent>

/Users/alessandrojcm/repos/dhc-dashboard/src/lib/components/ui/DashboardSidebar.svelte:63:8
Error: 'Sidebar' cannot be used as a value because it was imported using 'import type'. (ts)
						<Sidebar.GroupLabel>{group.title}</Sidebar.GroupLabel>
						<Sidebar.GroupContent>
							<Sidebar.Menu>

/Users/alessandrojcm/repos/dhc-dashboard/src/lib/components/ui/DashboardSidebar.svelte:64:9
Error: 'Sidebar' cannot be used as a value because it was imported using 'import type'. (ts)
						<Sidebar.GroupContent>
							<Sidebar.Menu>
								{#each group.items as item (item.title)}

/Users/alessandrojcm/repos/dhc-dashboard/src/lib/components/ui/DashboardSidebar.svelte:67:12
Error: 'Sidebar' cannot be used as a value because it was imported using 'import type'. (ts)
									{#if item.role.intersection(roles).size > 0}
										<Sidebar.MenuItem>
											<Sidebar.MenuButton

/Users/alessandrojcm/repos/dhc-dashboard/src/lib/components/ui/DashboardSidebar.svelte:68:13
Error: 'Sidebar' cannot be used as a value because it was imported using 'import type'. (ts)
										<Sidebar.MenuItem>
											<Sidebar.MenuButton
												onclick={toggleSidebar}

/Users/alessandrojcm/repos/dhc-dashboard/src/lib/components/ui/DashboardSidebar.svelte:69:22
Error: Cannot find name 'toggleSidebar'. (ts)
											<Sidebar.MenuButton
												onclick={toggleSidebar}
												class="data-[state=open]:bg-sidebar-accent data-[state=open]:text-sidebar-accent-foreground"

/Users/alessandrojcm/repos/dhc-dashboard/src/lib/components/ui/DashboardSidebar.svelte:73:14
Error: 'Sidebar' cannot be used as a value because it was imported using 'import type'. (ts)
												<a href={`/dashboard/${item.url}`}>{item.title}</a>
											</Sidebar.MenuButton>
										</Sidebar.MenuItem>

/Users/alessandrojcm/repos/dhc-dashboard/src/lib/components/ui/DashboardSidebar.svelte:74:13
Error: 'Sidebar' cannot be used as a value because it was imported using 'import type'. (ts)
											</Sidebar.MenuButton>
										</Sidebar.MenuItem>
									{/if}

/Users/alessandrojcm/repos/dhc-dashboard/src/lib/components/ui/DashboardSidebar.svelte:77:10
Error: 'Sidebar' cannot be used as a value because it was imported using 'import type'. (ts)
								{/each}
							</Sidebar.Menu>
						</Sidebar.GroupContent>

/Users/alessandrojcm/repos/dhc-dashboard/src/lib/components/ui/DashboardSidebar.svelte:78:9
Error: 'Sidebar' cannot be used as a value because it was imported using 'import type'. (ts)
							</Sidebar.Menu>
						</Sidebar.GroupContent>
					{:else}

/Users/alessandrojcm/repos/dhc-dashboard/src/lib/components/ui/DashboardSidebar.svelte:80:8
Error: 'Sidebar' cannot be used as a value because it was imported using 'import type'. (ts)
					{:else}
						<Sidebar.MenuButton
							onclick={toggleSidebar}

/Users/alessandrojcm/repos/dhc-dashboard/src/lib/components/ui/DashboardSidebar.svelte:81:17
Error: Cannot find name 'toggleSidebar'. (ts)
						<Sidebar.MenuButton
							onclick={toggleSidebar}
							class="data-[state=open]:bg-sidebar-accent data-[state=open]:text-sidebar-accent-foreground"

/Users/alessandrojcm/repos/dhc-dashboard/src/lib/components/ui/DashboardSidebar.svelte:85:9
Error: 'Sidebar' cannot be used as a value because it was imported using 'import type'. (ts)
							<a href={`/dashboard/${group.url}`}>{group.title}</a>
						</Sidebar.MenuButton>
					{/if}

/Users/alessandrojcm/repos/dhc-dashboard/src/lib/components/ui/DashboardSidebar.svelte:87:7
Error: 'Sidebar' cannot be used as a value because it was imported using 'import type'. (ts)
					{/if}
				</Sidebar.Group>
			{/if}

/Users/alessandrojcm/repos/dhc-dashboard/src/lib/components/ui/DashboardSidebar.svelte:90:4
Error: 'Sidebar' cannot be used as a value because it was imported using 'import type'. (ts)
		{/each}
	</Sidebar.Content>
	<Sidebar.Footer class="m-2 mb-4">

/Users/alessandrojcm/repos/dhc-dashboard/src/lib/components/ui/DashboardSidebar.svelte:91:3
Error: 'Sidebar' cannot be used as a value because it was imported using 'import type'. (ts)
	</Sidebar.Content>
	<Sidebar.Footer class="m-2 mb-4">
		<Sidebar.Menu>

/Users/alessandrojcm/repos/dhc-dashboard/src/lib/components/ui/DashboardSidebar.svelte:92:4
Error: 'Sidebar' cannot be used as a value because it was imported using 'import type'. (ts)
	<Sidebar.Footer class="m-2 mb-4">
		<Sidebar.Menu>
			<!-- Notifications Item -->

/Users/alessandrojcm/repos/dhc-dashboard/src/lib/components/ui/DashboardSidebar.svelte:94:5
Error: 'Sidebar' cannot be used as a value because it was imported using 'import type'. (ts)
			<!-- Notifications Item -->
			<Sidebar.MenuItem>
				<NotificationCenter {supabase} />

/Users/alessandrojcm/repos/dhc-dashboard/src/lib/components/ui/DashboardSidebar.svelte:95:6
Error: Cannot find name 'NotificationCenter'. (ts)
			<Sidebar.MenuItem>
				<NotificationCenter {supabase} />
			</Sidebar.MenuItem>

/Users/alessandrojcm/repos/dhc-dashboard/src/lib/components/ui/DashboardSidebar.svelte:96:6
Error: 'Sidebar' cannot be used as a value because it was imported using 'import type'. (ts)
				<NotificationCenter {supabase} />
			</Sidebar.MenuItem>

/Users/alessandrojcm/repos/dhc-dashboard/src/lib/components/ui/DashboardSidebar.svelte:99:5
Error: 'Sidebar' cannot be used as a value because it was imported using 'import type'. (ts)
			<!-- User Profile Item -->
			<Sidebar.MenuItem>
				<div bind:this={customAnchor}></div>

/Users/alessandrojcm/repos/dhc-dashboard/src/lib/components/ui/DashboardSidebar.svelte:100:21
Error: Cannot find name 'customAnchor'. (ts)
			<Sidebar.MenuItem>
				<div bind:this={customAnchor}></div>
				<DropdownMenu.Root>

/Users/alessandrojcm/repos/dhc-dashboard/src/lib/components/ui/DashboardSidebar.svelte:101:6
Error: Cannot find name 'DropdownMenu'. (ts)
				<div bind:this={customAnchor}></div>
				<DropdownMenu.Root>
					{#await userData}

/Users/alessandrojcm/repos/dhc-dashboard/src/lib/components/ui/DashboardSidebar.svelte:103:8
Error: Cannot find name 'Skeleton'. (ts)
					{#await userData}
						<Skeleton class="h-[50px]" />
					{:then user}

/Users/alessandrojcm/repos/dhc-dashboard/src/lib/components/ui/DashboardSidebar.svelte:105:8
Error: Cannot find name 'DropdownMenu'. (ts)
					{:then user}
						<DropdownMenu.Trigger>
							<Sidebar.MenuButton

/Users/alessandrojcm/repos/dhc-dashboard/src/lib/components/ui/DashboardSidebar.svelte:106:9
Error: 'Sidebar' cannot be used as a value because it was imported using 'import type'. (ts)
						<DropdownMenu.Trigger>
							<Sidebar.MenuButton
								size="lg"

/Users/alessandrojcm/repos/dhc-dashboard/src/lib/components/ui/DashboardSidebar.svelte:110:10
Error: Cannot find name 'Avatar'. (ts)
							>
								<Avatar.Root class="h-8 w-8">
									<Avatar.Fallback

/Users/alessandrojcm/repos/dhc-dashboard/src/lib/components/ui/DashboardSidebar.svelte:111:11
Error: Cannot find name 'Avatar'. (ts)
								<Avatar.Root class="h-8 w-8">
									<Avatar.Fallback
										>{user?.firstName?.charAt(0)}{user?.lastName?.charAt(0)}</Avatar.Fallback

/Users/alessandrojcm/repos/dhc-dashboard/src/lib/components/ui/DashboardSidebar.svelte:112:69
Error: Cannot find name 'Avatar'. (ts)
									<Avatar.Fallback
										>{user?.firstName?.charAt(0)}{user?.lastName?.charAt(0)}</Avatar.Fallback
									>

/Users/alessandrojcm/repos/dhc-dashboard/src/lib/components/ui/DashboardSidebar.svelte:114:11
Error: Cannot find name 'Avatar'. (ts)
									>
								</Avatar.Root>
								<div class="flex flex-col space-y-1">

/Users/alessandrojcm/repos/dhc-dashboard/src/lib/components/ui/DashboardSidebar.svelte:119:10
Error: 'Sidebar' cannot be used as a value because it was imported using 'import type'. (ts)
								</div>
							</Sidebar.MenuButton>
						</DropdownMenu.Trigger>

/Users/alessandrojcm/repos/dhc-dashboard/src/lib/components/ui/DashboardSidebar.svelte:120:9
Error: Cannot find name 'DropdownMenu'. (ts)
							</Sidebar.MenuButton>
						</DropdownMenu.Trigger>

/Users/alessandrojcm/repos/dhc-dashboard/src/lib/components/ui/DashboardSidebar.svelte:122:8
Error: Cannot find name 'DropdownMenu'. (ts)

						<DropdownMenu.Content strategy="fixed" {customAnchor} class="w-56">
							<DropdownMenu.Item>

/Users/alessandrojcm/repos/dhc-dashboard/src/lib/components/ui/DashboardSidebar.svelte:122:47
Error: No value exists in scope for the shorthand property 'customAnchor'. Either declare one or provide an initializer. (ts)

						<DropdownMenu.Content strategy="fixed" {customAnchor} class="w-56">
							<DropdownMenu.Item>

/Users/alessandrojcm/repos/dhc-dashboard/src/lib/components/ui/DashboardSidebar.svelte:123:9
Error: Cannot find name 'DropdownMenu'. (ts)
						<DropdownMenu.Content strategy="fixed" {customAnchor} class="w-56">
							<DropdownMenu.Item>
								<a href={`/dashboard/members/${user?.id}`}>My Profile</a>

/Users/alessandrojcm/repos/dhc-dashboard/src/lib/components/ui/DashboardSidebar.svelte:125:10
Error: Cannot find name 'DropdownMenu'. (ts)
								<a href={`/dashboard/members/${user?.id}`}>My Profile</a>
							</DropdownMenu.Item>
							{#if roles.size > 1}

/Users/alessandrojcm/repos/dhc-dashboard/src/lib/components/ui/DashboardSidebar.svelte:127:10
Error: Cannot find name 'DropdownMenu'. (ts)
							{#if roles.size > 1}
								<DropdownMenu.Item>
									<a href={`/dashboard/members/${user?.id}`}>My Profile</a>

/Users/alessandrojcm/repos/dhc-dashboard/src/lib/components/ui/DashboardSidebar.svelte:129:11
Error: Cannot find name 'DropdownMenu'. (ts)
									<a href={`/dashboard/members/${user?.id}`}>My Profile</a>
								</DropdownMenu.Item>
							{/if}

/Users/alessandrojcm/repos/dhc-dashboard/src/lib/components/ui/DashboardSidebar.svelte:131:9
Error: Cannot find name 'DropdownMenu'. (ts)
							{/if}
							<DropdownMenu.Item onclick={logout}>Log out</DropdownMenu.Item>
						</DropdownMenu.Content>

/Users/alessandrojcm/repos/dhc-dashboard/src/lib/components/ui/DashboardSidebar.svelte:131:53
Error: Cannot find name 'DropdownMenu'. (ts)
							{/if}
							<DropdownMenu.Item onclick={logout}>Log out</DropdownMenu.Item>
						</DropdownMenu.Content>

/Users/alessandrojcm/repos/dhc-dashboard/src/lib/components/ui/DashboardSidebar.svelte:132:9
Error: Cannot find name 'DropdownMenu'. (ts)
							<DropdownMenu.Item onclick={logout}>Log out</DropdownMenu.Item>
						</DropdownMenu.Content>
					{/await}

/Users/alessandrojcm/repos/dhc-dashboard/src/lib/components/ui/DashboardSidebar.svelte:134:7
Error: Cannot find name 'DropdownMenu'. (ts)
					{/await}
				</DropdownMenu.Root>
			</Sidebar.MenuItem>

/Users/alessandrojcm/repos/dhc-dashboard/src/lib/components/ui/DashboardSidebar.svelte:135:6
Error: 'Sidebar' cannot be used as a value because it was imported using 'import type'. (ts)
				</DropdownMenu.Root>
			</Sidebar.MenuItem>
		</Sidebar.Menu>

/Users/alessandrojcm/repos/dhc-dashboard/src/lib/components/ui/DashboardSidebar.svelte:136:5
Error: 'Sidebar' cannot be used as a value because it was imported using 'import type'. (ts)
			</Sidebar.MenuItem>
		</Sidebar.Menu>
	</Sidebar.Footer>

/Users/alessandrojcm/repos/dhc-dashboard/src/lib/components/ui/DashboardSidebar.svelte:137:4
Error: 'Sidebar' cannot be used as a value because it was imported using 'import type'. (ts)
		</Sidebar.Menu>
	</Sidebar.Footer>
</Sidebar.Root>

/Users/alessandrojcm/repos/dhc-dashboard/src/lib/components/ui/DashboardSidebar.svelte:138:3
Error: 'Sidebar' cannot be used as a value because it was imported using 'import type'. (ts)
	</Sidebar.Footer>
</Sidebar.Root>

/Users/alessandrojcm/repos/dhc-dashboard/src/lib/components/ui/copy-button.svelte:42:2
Error: Cannot find name 'Tooltip'. (ts)

<Tooltip.Tooltip>
	<Tooltip.Trigger>

/Users/alessandrojcm/repos/dhc-dashboard/src/lib/components/ui/copy-button.svelte:43:3
Error: Cannot find name 'Tooltip'. (ts)
<Tooltip.Tooltip>
	<Tooltip.Trigger>
		<Button

/Users/alessandrojcm/repos/dhc-dashboard/src/lib/components/ui/copy-button.svelte:44:4
Error: Cannot find name 'Button'. (ts)
	<Tooltip.Trigger>
		<Button
			type="button"

/Users/alessandrojcm/repos/dhc-dashboard/src/lib/components/ui/copy-button.svelte:48:13
Error: Cannot find name 'copyToClipboard'. (ts)
			{variant}
			onclick={copyToClipboard}
			class="relative"

/Users/alessandrojcm/repos/dhc-dashboard/src/lib/components/ui/copy-button.svelte:52:9
Error: Cannot find name 'isCopied'. (ts)
		>
			{#if isCopied === 'copied'}
				<span in:fade={{ duration: 150 }} class="flex items-center gap-2">

/Users/alessandrojcm/repos/dhc-dashboard/src/lib/components/ui/copy-button.svelte:53:14
Error: Cannot find name 'fade'. (ts)
			{#if isCopied === 'copied'}
				<span in:fade={{ duration: 150 }} class="flex items-center gap-2">
					<Check class="h-4 w-4 text-green-500" />

/Users/alessandrojcm/repos/dhc-dashboard/src/lib/components/ui/copy-button.svelte:54:7
Error: Cannot find name 'Check'. (ts)
				<span in:fade={{ duration: 150 }} class="flex items-center gap-2">
					<Check class="h-4 w-4 text-green-500" />
					<span class="sr-only">Copied!</span>

/Users/alessandrojcm/repos/dhc-dashboard/src/lib/components/ui/copy-button.svelte:57:14
Error: Cannot find name 'isCopied'. (ts)
				</span>
			{:else if isCopied === 'error'}
				<span in:fade={{ duration: 150 }} class="flex items-center gap-2">

/Users/alessandrojcm/repos/dhc-dashboard/src/lib/components/ui/copy-button.svelte:58:14
Error: Cannot find name 'fade'. (ts)
			{:else if isCopied === 'error'}
				<span in:fade={{ duration: 150 }} class="flex items-center gap-2">
					<X class="h-4 w-4 text-red-500" />

/Users/alessandrojcm/repos/dhc-dashboard/src/lib/components/ui/copy-button.svelte:59:7
Error: Cannot find name 'X'. (ts)
				<span in:fade={{ duration: 150 }} class="flex items-center gap-2">
					<X class="h-4 w-4 text-red-500" />
					<span class="sr-only">Failed to copy</span>

/Users/alessandrojcm/repos/dhc-dashboard/src/lib/components/ui/copy-button.svelte:63:14
Error: Cannot find name 'fade'. (ts)
			{:else}
				<span in:fade={{ duration: 150 }} class="flex items-center gap-2">
					<Copy class="h-4 w-4" />

/Users/alessandrojcm/repos/dhc-dashboard/src/lib/components/ui/copy-button.svelte:64:7
Error: Cannot find name 'Copy'. (ts)
				<span in:fade={{ duration: 150 }} class="flex items-center gap-2">
					<Copy class="h-4 w-4" />
					<span class="sr-only">{label}</span>

/Users/alessandrojcm/repos/dhc-dashboard/src/lib/components/ui/copy-button.svelte:71:6
Error: Cannot find name 'Tooltip'. (ts)

				<Tooltip.Content side="top">
					{label}

/Users/alessandrojcm/repos/dhc-dashboard/src/lib/components/ui/copy-button.svelte:73:7
Error: Cannot find name 'Tooltip'. (ts)
					{label}
				</Tooltip.Content>
			{/if}

/Users/alessandrojcm/repos/dhc-dashboard/src/lib/components/ui/copy-button.svelte:75:5
Error: Cannot find name 'Button'. (ts)
			{/if}
		</Button>
	</Tooltip.Trigger>

/Users/alessandrojcm/repos/dhc-dashboard/src/lib/components/ui/copy-button.svelte:76:4
Error: Cannot find name 'Tooltip'. (ts)
		</Button>
	</Tooltip.Trigger>
</Tooltip.Tooltip>

/Users/alessandrojcm/repos/dhc-dashboard/src/lib/components/ui/copy-button.svelte:77:3
Error: Cannot find name 'Tooltip'. (ts)
	</Tooltip.Trigger>
</Tooltip.Tooltip>

/Users/alessandrojcm/repos/dhc-dashboard/src/lib/components/ui/date-picker.svelte:26:20
Error: Can only bind to state or props
https://svelte.dev/e/bind_invalid_value (svelte)

<Popover.Root bind:open>
	<Popover.Trigger {...rest}>

/Users/alessandrojcm/repos/dhc-dashboard/src/lib/components/ui/date-picker.svelte:26:2
Error: Cannot find name 'Popover'. (ts)

<Popover.Root bind:open>
	<Popover.Trigger {...rest}>

/Users/alessandrojcm/repos/dhc-dashboard/src/lib/components/ui/date-picker.svelte:27:3
Error: Cannot find name 'Popover'. (ts)
<Popover.Root bind:open>
	<Popover.Trigger {...rest}>
		{#snippet child({ props })}

/Users/alessandrojcm/repos/dhc-dashboard/src/lib/components/ui/date-picker.svelte:28:21
Error: Binding element 'props' implicitly has an 'any' type. (ts)
	<Popover.Trigger {...rest}>
		{#snippet child({ props })}
			<Button

/Users/alessandrojcm/repos/dhc-dashboard/src/lib/components/ui/date-picker.svelte:29:5
Error: Cannot find name 'Button'. (ts)
		{#snippet child({ props })}
			<Button
				variant="outline"

/Users/alessandrojcm/repos/dhc-dashboard/src/lib/components/ui/date-picker.svelte:31:12
Error: Cannot find name 'cn'. (ts)
				variant="outline"
				class={cn('w-full justify-start text-left font-normal', !value && 'text-muted-foreground')}
				{...props}

/Users/alessandrojcm/repos/dhc-dashboard/src/lib/components/ui/date-picker.svelte:34:6
Error: Cannot find name 'CalendarIcon'. (ts)
			>
				<CalendarIcon class="mr-2 size-4" />
				{value ? df.format(value.toDate(getLocalTimeZone())) : 'Select a date'}

/Users/alessandrojcm/repos/dhc-dashboard/src/lib/components/ui/date-picker.svelte:35:14
Error: Cannot find name 'df'. (ts)
				<CalendarIcon class="mr-2 size-4" />
				{value ? df.format(value.toDate(getLocalTimeZone())) : 'Select a date'}
			</Button>

/Users/alessandrojcm/repos/dhc-dashboard/src/lib/components/ui/date-picker.svelte:35:37
Error: Cannot find name 'getLocalTimeZone'. (ts)
				<CalendarIcon class="mr-2 size-4" />
				{value ? df.format(value.toDate(getLocalTimeZone())) : 'Select a date'}
			</Button>

/Users/alessandrojcm/repos/dhc-dashboard/src/lib/components/ui/date-picker.svelte:36:6
Error: Cannot find name 'Button'. (ts)
				{value ? df.format(value.toDate(getLocalTimeZone())) : 'Select a date'}
			</Button>
		{/snippet}

/Users/alessandrojcm/repos/dhc-dashboard/src/lib/components/ui/date-picker.svelte:38:4
Error: Cannot find name 'Popover'. (ts)
		{/snippet}
	</Popover.Trigger>
	<Popover.Content class="w-auto p-0">

/Users/alessandrojcm/repos/dhc-dashboard/src/lib/components/ui/date-picker.svelte:39:3
Error: Cannot find name 'Popover'. (ts)
	</Popover.Trigger>
	<Popover.Content class="w-auto p-0">
		<Calendar

/Users/alessandrojcm/repos/dhc-dashboard/src/lib/components/ui/date-picker.svelte:40:4
Error: Cannot find name 'Calendar'. (ts)
	<Popover.Content class="w-auto p-0">
		<Calendar
			bind:value

/Users/alessandrojcm/repos/dhc-dashboard/src/lib/components/ui/date-picker.svelte:47:38
Error: Cannot find name 'getLocalTimeZone'. (ts)
			onValueChange={(date: DateValue | undefined) => {
				date && onDateChange(date.toDate(getLocalTimeZone()));
				open = false;

/Users/alessandrojcm/repos/dhc-dashboard/src/lib/components/ui/date-picker.svelte:48:5
Error: Cannot assign to 'open' because it is a function. (ts)
				date && onDateChange(date.toDate(getLocalTimeZone()));
				open = false;
			}}

/Users/alessandrojcm/repos/dhc-dashboard/src/lib/components/ui/date-picker.svelte:51:4
Error: Cannot find name 'Popover'. (ts)
		/>
	</Popover.Content>
</Popover.Root>

/Users/alessandrojcm/repos/dhc-dashboard/src/lib/components/ui/date-picker.svelte:52:3
Error: Cannot find name 'Popover'. (ts)
	</Popover.Content>
</Popover.Root>

/Users/alessandrojcm/repos/dhc-dashboard/src/lib/components/ui/loader-circle.svelte:5:2
Error: Cannot find name 'LoaderCircle'. (ts)

<LoaderCircle class="animate-spin text:currentColor {className}" />

/Users/alessandrojcm/repos/dhc-dashboard/src/lib/components/ui/pause-subscription-modal.svelte:47:14
Error: Cannot bind to constant
https://svelte.dev/e/constant_binding (svelte)

<Dialog.Root bind:open>
	<Dialog.Content>

/Users/alessandrojcm/repos/dhc-dashboard/src/lib/components/ui/pause-subscription-modal.svelte:47:2
Error: Cannot find name 'Dialog'. (ts)

<Dialog.Root bind:open>
	<Dialog.Content>

/Users/alessandrojcm/repos/dhc-dashboard/src/lib/components/ui/pause-subscription-modal.svelte:48:3
Error: Cannot find name 'Dialog'. (ts)
<Dialog.Root bind:open>
	<Dialog.Content>
		<Dialog.Header>

/Users/alessandrojcm/repos/dhc-dashboard/src/lib/components/ui/pause-subscription-modal.svelte:49:4
Error: Cannot find name 'Dialog'. (ts)
	<Dialog.Content>
		<Dialog.Header>
			<Dialog.Title>Pause Subscription</Dialog.Title>

/Users/alessandrojcm/repos/dhc-dashboard/src/lib/components/ui/pause-subscription-modal.svelte:50:5
Error: Cannot find name 'Dialog'. (ts)
		<Dialog.Header>
			<Dialog.Title>Pause Subscription</Dialog.Title>
			<Dialog.Description>

/Users/alessandrojcm/repos/dhc-dashboard/src/lib/components/ui/pause-subscription-modal.svelte:50:38
Error: Cannot find name 'Dialog'. (ts)
		<Dialog.Header>
			<Dialog.Title>Pause Subscription</Dialog.Title>
			<Dialog.Description>

/Users/alessandrojcm/repos/dhc-dashboard/src/lib/components/ui/pause-subscription-modal.svelte:51:5
Error: Cannot find name 'Dialog'. (ts)
			<Dialog.Title>Pause Subscription</Dialog.Title>
			<Dialog.Description>
				Choose when you'd like your subscription to resume. You can pause for up to 6 months.

/Users/alessandrojcm/repos/dhc-dashboard/src/lib/components/ui/pause-subscription-modal.svelte:53:6
Error: Cannot find name 'Dialog'. (ts)
				Choose when you'd like your subscription to resume. You can pause for up to 6 months.
			</Dialog.Description>
		</Dialog.Header>

/Users/alessandrojcm/repos/dhc-dashboard/src/lib/components/ui/pause-subscription-modal.svelte:54:5
Error: Cannot find name 'Dialog'. (ts)
			</Dialog.Description>
		</Dialog.Header>

/Users/alessandrojcm/repos/dhc-dashboard/src/lib/components/ui/pause-subscription-modal.svelte:57:5
Error: Cannot find name 'Label'. (ts)
		<div class="space-y-4">
			<Label for="pauseUntil">Resume Date</Label>
			<DatePicker

/Users/alessandrojcm/repos/dhc-dashboard/src/lib/components/ui/pause-subscription-modal.svelte:57:41
Error: Cannot find name 'Label'. (ts)
		<div class="space-y-4">
			<Label for="pauseUntil">Resume Date</Label>
			<DatePicker

/Users/alessandrojcm/repos/dhc-dashboard/src/lib/components/ui/pause-subscription-modal.svelte:58:5
Error: Cannot find name 'DatePicker'. (ts)
			<Label for="pauseUntil">Resume Date</Label>
			<DatePicker
				value={selectedDate ?? fromDate(new Date(), getLocalTimeZone())}

/Users/alessandrojcm/repos/dhc-dashboard/src/lib/components/ui/pause-subscription-modal.svelte:61:15
Error: Cannot find name 'maxDate'. (ts)
				minValue={minDate}
				maxValue={maxDate}
				onDateChange={(date) => {

/Users/alessandrojcm/repos/dhc-dashboard/src/lib/components/ui/pause-subscription-modal.svelte:62:20
Error: Parameter 'date' implicitly has an 'any' type. (ts)
				maxValue={maxDate}
				onDateChange={(date) => {
					selectedDate = fromDate(date, getLocalTimeZone());

/Users/alessandrojcm/repos/dhc-dashboard/src/lib/components/ui/pause-subscription-modal.svelte:75:4
Error: Cannot find name 'Dialog'. (ts)

		<Dialog.Footer>
			<Button type="button" variant="outline" onclick={() => (open = false)}>Cancel</Button>

/Users/alessandrojcm/repos/dhc-dashboard/src/lib/components/ui/pause-subscription-modal.svelte:76:5
Error: Cannot find name 'Button'. (ts)
		<Dialog.Footer>
			<Button type="button" variant="outline" onclick={() => (open = false)}>Cancel</Button>
			<Button type="button" onclick={handleConfirm} disabled={!selectedDate || isPending}>

/Users/alessandrojcm/repos/dhc-dashboard/src/lib/components/ui/pause-subscription-modal.svelte:76:60
Error: Cannot assign to 'open' because it is a constant. (ts)
		<Dialog.Footer>
			<Button type="button" variant="outline" onclick={() => (open = false)}>Cancel</Button>
			<Button type="button" onclick={handleConfirm} disabled={!selectedDate || isPending}>

/Users/alessandrojcm/repos/dhc-dashboard/src/lib/components/ui/pause-subscription-modal.svelte:76:83
Error: Cannot find name 'Button'. (ts)
		<Dialog.Footer>
			<Button type="button" variant="outline" onclick={() => (open = false)}>Cancel</Button>
			<Button type="button" onclick={handleConfirm} disabled={!selectedDate || isPending}>

/Users/alessandrojcm/repos/dhc-dashboard/src/lib/components/ui/pause-subscription-modal.svelte:77:5
Error: Cannot find name 'Button'. (ts)
			<Button type="button" variant="outline" onclick={() => (open = false)}>Cancel</Button>
			<Button type="button" onclick={handleConfirm} disabled={!selectedDate || isPending}>
				{#if extend}

/Users/alessandrojcm/repos/dhc-dashboard/src/lib/components/ui/pause-subscription-modal.svelte:77:35
Error: Cannot find name 'handleConfirm'. (ts)
			<Button type="button" variant="outline" onclick={() => (open = false)}>Cancel</Button>
			<Button type="button" onclick={handleConfirm} disabled={!selectedDate || isPending}>
				{#if extend}

/Users/alessandrojcm/repos/dhc-dashboard/src/lib/components/ui/pause-subscription-modal.svelte:83:6
Error: Cannot find name 'Button'. (ts)
				{/if}
			</Button>
		</Dialog.Footer>

/Users/alessandrojcm/repos/dhc-dashboard/src/lib/components/ui/pause-subscription-modal.svelte:84:5
Error: Cannot find name 'Dialog'. (ts)
			</Button>
		</Dialog.Footer>
	</Dialog.Content>

/Users/alessandrojcm/repos/dhc-dashboard/src/lib/components/ui/pause-subscription-modal.svelte:85:4
Error: Cannot find name 'Dialog'. (ts)
		</Dialog.Footer>
	</Dialog.Content>
</Dialog.Root>

/Users/alessandrojcm/repos/dhc-dashboard/src/lib/components/ui/pause-subscription-modal.svelte:86:3
Error: Cannot find name 'Dialog'. (ts)
	</Dialog.Content>
</Dialog.Root>

/Users/alessandrojcm/repos/dhc-dashboard/src/lib/components/ui/phone-input.svelte:120:21
Error: Can only bind to state or props
https://svelte.dev/e/bind_invalid_value (svelte)
<div class="flex gap-2">
	<Popover.Root bind:open>
		<Popover.Trigger bind:ref={triggerRef}>

/Users/alessandrojcm/repos/dhc-dashboard/src/lib/components/ui/phone-input.svelte:120:3
Error: Cannot find name 'Popover'. (ts)
<div class="flex gap-2">
	<Popover.Root bind:open>
		<Popover.Trigger bind:ref={triggerRef}>

/Users/alessandrojcm/repos/dhc-dashboard/src/lib/components/ui/phone-input.svelte:121:4
Error: Cannot find name 'Popover'. (ts)
	<Popover.Root bind:open>
		<Popover.Trigger bind:ref={triggerRef}>
			{#snippet child({ props })}

/Users/alessandrojcm/repos/dhc-dashboard/src/lib/components/ui/phone-input.svelte:122:22
Error: Binding element 'props' implicitly has an 'any' type. (ts)
		<Popover.Trigger bind:ref={triggerRef}>
			{#snippet child({ props })}
				<Button

/Users/alessandrojcm/repos/dhc-dashboard/src/lib/components/ui/phone-input.svelte:123:6
Error: Cannot find name 'Button'. (ts)
			{#snippet child({ props })}
				<Button
					aria-label="Country code"

/Users/alessandrojcm/repos/dhc-dashboard/src/lib/components/ui/phone-input.svelte:131:11
Error: This condition will always return true since this function is always defined. Did you mean to call it instead? (ts)
				>
					{#if open}
						<ChevronUp class="h-4 w-4" />

/Users/alessandrojcm/repos/dhc-dashboard/src/lib/components/ui/phone-input.svelte:132:8
Error: Cannot find name 'ChevronUp'. (ts)
					{#if open}
						<ChevronUp class="h-4 w-4" />
					{:else}

/Users/alessandrojcm/repos/dhc-dashboard/src/lib/components/ui/phone-input.svelte:134:8
Error: Cannot find name 'ChevronDown'. (ts)
					{:else}
						<ChevronDown class="h-4 w-4" />
					{/if}

/Users/alessandrojcm/repos/dhc-dashboard/src/lib/components/ui/phone-input.svelte:137:11
Error: Cannot find name 'getUnicodeFlagIcon'. (ts)
					{#if selectedValue}
						{`${getUnicodeFlagIcon(value)} +${selectedValue}`}
					{:else}

/Users/alessandrojcm/repos/dhc-dashboard/src/lib/components/ui/phone-input.svelte:141:7
Error: Cannot find name 'Button'. (ts)
					{/if}
				</Button>
			{/snippet}

/Users/alessandrojcm/repos/dhc-dashboard/src/lib/components/ui/phone-input.svelte:143:5
Error: Cannot find name 'Popover'. (ts)
			{/snippet}
		</Popover.Trigger>
		<Popover.Content class="w-[200px] p-0">

/Users/alessandrojcm/repos/dhc-dashboard/src/lib/components/ui/phone-input.svelte:144:4
Error: Cannot find name 'Popover'. (ts)
		</Popover.Trigger>
		<Popover.Content class="w-[200px] p-0">
			<Command.Root>

/Users/alessandrojcm/repos/dhc-dashboard/src/lib/components/ui/phone-input.svelte:145:5
Error: Cannot find name 'Command'. (ts)
		<Popover.Content class="w-[200px] p-0">
			<Command.Root>
				<Command.Input placeholder="Search country..." />

/Users/alessandrojcm/repos/dhc-dashboard/src/lib/components/ui/phone-input.svelte:146:6
Error: Cannot find name 'Command'. (ts)
			<Command.Root>
				<Command.Input placeholder="Search country..." />
				<Command.List>

/Users/alessandrojcm/repos/dhc-dashboard/src/lib/components/ui/phone-input.svelte:147:6
Error: Cannot find name 'Command'. (ts)
				<Command.Input placeholder="Search country..." />
				<Command.List>
					<Command.Empty>No country found.</Command.Empty>

/Users/alessandrojcm/repos/dhc-dashboard/src/lib/components/ui/phone-input.svelte:148:7
Error: Cannot find name 'Command'. (ts)
				<Command.List>
					<Command.Empty>No country found.</Command.Empty>
					<Command.Group>

/Users/alessandrojcm/repos/dhc-dashboard/src/lib/components/ui/phone-input.svelte:148:40
Error: Cannot find name 'Command'. (ts)
				<Command.List>
					<Command.Empty>No country found.</Command.Empty>
					<Command.Group>

/Users/alessandrojcm/repos/dhc-dashboard/src/lib/components/ui/phone-input.svelte:149:7
Error: Cannot find name 'Command'. (ts)
					<Command.Empty>No country found.</Command.Empty>
					<Command.Group>
						{#each countryCodes as country}

/Users/alessandrojcm/repos/dhc-dashboard/src/lib/components/ui/phone-input.svelte:150:14
Error: Cannot find name 'countryCodes'. (ts)
					<Command.Group>
						{#each countryCodes as country}
							<Command.Item

/Users/alessandrojcm/repos/dhc-dashboard/src/lib/components/ui/phone-input.svelte:151:9
Error: Cannot find name 'Command'. (ts)
						{#each countryCodes as country}
							<Command.Item
								value={country.countryNameEn}

/Users/alessandrojcm/repos/dhc-dashboard/src/lib/components/ui/phone-input.svelte:154:24
Error: Cannot find name 'formatIncompletePhoneNumber'. (ts)
								onSelect={() => {
									phoneNumber = formatIncompletePhoneNumber(
										`+${country.countryCallingCode}${nationalNumber}`

/Users/alessandrojcm/repos/dhc-dashboard/src/lib/components/ui/phone-input.svelte:157:10
Error: Cannot find name 'closeAndFocusTrigger'. (ts)
									);
									closeAndFocusTrigger();
								}}

/Users/alessandrojcm/repos/dhc-dashboard/src/lib/components/ui/phone-input.svelte:160:10
Error: Cannot find name 'getUnicodeFlagIcon'. (ts)
							>
								{getUnicodeFlagIcon(country.countryCode)}
								&nbsp;+{country.countryCallingCode}

/Users/alessandrojcm/repos/dhc-dashboard/src/lib/components/ui/phone-input.svelte:162:10
Error: Cannot find name 'Command'. (ts)
								&nbsp;+{country.countryCallingCode}
							</Command.Item>
						{/each}

/Users/alessandrojcm/repos/dhc-dashboard/src/lib/components/ui/phone-input.svelte:164:8
Error: Cannot find name 'Command'. (ts)
						{/each}
					</Command.Group>
				</Command.List>

/Users/alessandrojcm/repos/dhc-dashboard/src/lib/components/ui/phone-input.svelte:165:7
Error: Cannot find name 'Command'. (ts)
					</Command.Group>
				</Command.List>
			</Command.Root>

/Users/alessandrojcm/repos/dhc-dashboard/src/lib/components/ui/phone-input.svelte:166:6
Error: Cannot find name 'Command'. (ts)
				</Command.List>
			</Command.Root>
		</Popover.Content>

/Users/alessandrojcm/repos/dhc-dashboard/src/lib/components/ui/phone-input.svelte:167:5
Error: Cannot find name 'Popover'. (ts)
			</Command.Root>
		</Popover.Content>
	</Popover.Root>

/Users/alessandrojcm/repos/dhc-dashboard/src/lib/components/ui/phone-input.svelte:168:4
Error: Cannot find name 'Popover'. (ts)
		</Popover.Content>
	</Popover.Root>
	<Input

/Users/alessandrojcm/repos/dhc-dashboard/src/lib/components/ui/phone-input.svelte:169:3
Error: Cannot find name 'Input'. (ts)
	</Popover.Root>
	<Input
		type="tel"

/Users/alessandrojcm/repos/dhc-dashboard/src/lib/components/ui/phone-input.svelte:171:10
Error: Cannot find name 'formatedPhone'. (ts)
		type="tel"
		value={formatedPhone}
		onchange={(event: Event) => {

/Users/alessandrojcm/repos/dhc-dashboard/src/lib/components/ui/phone-input.svelte:174:4
Error: Cannot find name 'updatePhoneNumber'. (ts)
			if (!event.target) return;
			updatePhoneNumber((event.target as HTMLInputElement).value);
		}}

/Users/alessandrojcm/repos/dhc-dashboard/src/lib/components/ui/why-this-field.svelte:6:3
Error: Cannot find name 'Tooltip'. (ts)
{#snippet whyThisField(message: string)}
	<Tooltip.Provider>
		<Tooltip.Root>

/Users/alessandrojcm/repos/dhc-dashboard/src/lib/components/ui/why-this-field.svelte:7:4
Error: Cannot find name 'Tooltip'. (ts)
	<Tooltip.Provider>
		<Tooltip.Root>
			<Tooltip.Trigger>

/Users/alessandrojcm/repos/dhc-dashboard/src/lib/components/ui/why-this-field.svelte:8:5
Error: Cannot find name 'Tooltip'. (ts)
		<Tooltip.Root>
			<Tooltip.Trigger>
				<HelpCircle class="h-4 w-4 text-muted-foreground" />

/Users/alessandrojcm/repos/dhc-dashboard/src/lib/components/ui/why-this-field.svelte:9:6
Error: Cannot find name 'HelpCircle'. (ts)
			<Tooltip.Trigger>
				<HelpCircle class="h-4 w-4 text-muted-foreground" />
			</Tooltip.Trigger>

/Users/alessandrojcm/repos/dhc-dashboard/src/lib/components/ui/why-this-field.svelte:10:6
Error: Cannot find name 'Tooltip'. (ts)
				<HelpCircle class="h-4 w-4 text-muted-foreground" />
			</Tooltip.Trigger>
			<Tooltip.Content>

/Users/alessandrojcm/repos/dhc-dashboard/src/lib/components/ui/why-this-field.svelte:11:5
Error: Cannot find name 'Tooltip'. (ts)
			</Tooltip.Trigger>
			<Tooltip.Content>
				{message}

/Users/alessandrojcm/repos/dhc-dashboard/src/lib/components/ui/why-this-field.svelte:13:6
Error: Cannot find name 'Tooltip'. (ts)
				{message}
			</Tooltip.Content>
		</Tooltip.Root>

/Users/alessandrojcm/repos/dhc-dashboard/src/lib/components/ui/why-this-field.svelte:14:5
Error: Cannot find name 'Tooltip'. (ts)
			</Tooltip.Content>
		</Tooltip.Root>
	</Tooltip.Provider>

/Users/alessandrojcm/repos/dhc-dashboard/src/lib/components/ui/why-this-field.svelte:15:4
Error: Cannot find name 'Tooltip'. (ts)
		</Tooltip.Root>
	</Tooltip.Provider>
{/snippet}

/Users/alessandrojcm/repos/dhc-dashboard/src/lib/components/ui/accordion/accordion-root.svelte:12:2
Error: Cannot bind to constant
https://svelte.dev/e/constant_binding (svelte)
<AccordionPrimitive.Root
	bind:ref
	bind:value={value as never}

/Users/alessandrojcm/repos/dhc-dashboard/src/lib/components/ui/accordion/accordion-root.svelte:11:2
Error: 'AccordionPrimitive' cannot be used as a value because it was imported using 'import type'. (ts)

<AccordionPrimitive.Root
	bind:ref

/Users/alessandrojcm/repos/dhc-dashboard/src/lib/components/ui/chart/chart-style.svelte:35:6
Error: Cannot find name 'themeContents'. (ts)

{#if themeContents}
	{#key id}

/Users/alessandrojcm/repos/dhc-dashboard/src/lib/components/ui/chart/chart-style.svelte:38:5
Error: Cannot find name 'themeContents'. (ts)
		<svelte:element this={"style"}>
			{themeContents}
		</svelte:element>

/Users/alessandrojcm/repos/dhc-dashboard/src/lib/components/ui/range-calendar/range-calendar-grid-body.svelte:11:34
Error: Cannot bind to constant
https://svelte.dev/e/constant_binding (svelte)

<RangeCalendarPrimitive.GridBody bind:ref class={cn(className)} {...restProps} />

/Users/alessandrojcm/repos/dhc-dashboard/src/lib/components/ui/range-calendar/range-calendar-grid-body.svelte:11:2
Error: 'RangeCalendarPrimitive' cannot be used as a value because it was imported using 'import type'. (ts)

<RangeCalendarPrimitive.GridBody bind:ref class={cn(className)} {...restProps} />

/Users/alessandrojcm/repos/dhc-dashboard/src/lib/components/ui/range-calendar/range-calendar-grid-body.svelte:11:50
Error: Cannot find name 'cn'. (ts)

<RangeCalendarPrimitive.GridBody bind:ref class={cn(className)} {...restProps} />

/Users/alessandrojcm/repos/dhc-dashboard/src/lib/components/ui/range-calendar/range-calendar-grid-head.svelte:11:34
Error: Cannot bind to constant
https://svelte.dev/e/constant_binding (svelte)

<RangeCalendarPrimitive.GridHead bind:ref class={cn(className)} {...restProps} />

/Users/alessandrojcm/repos/dhc-dashboard/src/lib/components/ui/range-calendar/range-calendar-grid-head.svelte:11:2
Error: 'RangeCalendarPrimitive' cannot be used as a value because it was imported using 'import type'. (ts)

<RangeCalendarPrimitive.GridHead bind:ref class={cn(className)} {...restProps} />

/Users/alessandrojcm/repos/dhc-dashboard/src/lib/components/ui/range-calendar/range-calendar-grid-head.svelte:11:50
Error: Cannot find name 'cn'. (ts)

<RangeCalendarPrimitive.GridHead bind:ref class={cn(className)} {...restProps} />

/Users/alessandrojcm/repos/dhc-dashboard/src/lib/components/ui/table/sort-header.svelte:19:3
Error: 'Button' cannot be used as a value because it was imported using 'import type'. (ts)
	{header}
	<Button {variant} {...restProps}>
		{#if sortDirection === 'asc'}

/Users/alessandrojcm/repos/dhc-dashboard/src/lib/components/ui/table/sort-header.svelte:21:5
Error: Cannot find name 'ArrowUp'. (ts)
		{#if sortDirection === 'asc'}
			<ArrowUp class="size-4" />
		{:else if sortDirection === 'desc'}

/Users/alessandrojcm/repos/dhc-dashboard/src/lib/components/ui/table/sort-header.svelte:23:5
Error: Cannot find name 'ArrowDown'. (ts)
		{:else if sortDirection === 'desc'}
			<ArrowDown class="size-4" />
		{:else}

/Users/alessandrojcm/repos/dhc-dashboard/src/lib/components/ui/table/sort-header.svelte:25:5
Error: Cannot find name 'ArrowUpDown'. (ts)
		{:else}
			<ArrowUpDown class="size-4" />
		{/if}

/Users/alessandrojcm/repos/dhc-dashboard/src/lib/components/ui/table/sort-header.svelte:27:4
Error: 'Button' cannot be used as a value because it was imported using 'import type'. (ts)
		{/if}
	</Button>
</span>

/Users/alessandrojcm/repos/dhc-dashboard/src/lib/components/workshops/attendee-manager.svelte:175:5
Error: Cannot find name 'ButtonGroup'. (ts)
			</span>
			<ButtonGroup.Root>
				<Button

/Users/alessandrojcm/repos/dhc-dashboard/src/lib/components/workshops/attendee-manager.svelte:176:6
Error: Cannot find name 'Button'. (ts)
			<ButtonGroup.Root>
				<Button
					size="sm"

/Users/alessandrojcm/repos/dhc-dashboard/src/lib/components/workshops/attendee-manager.svelte:179:7
Error: Cannot find name 'toggleSelectAll'. (ts)
					onclick={() => {
						toggleSelectAll();
						markAttendedMutation.mutate([...selectedAttendees]);

/Users/alessandrojcm/repos/dhc-dashboard/src/lib/components/workshops/attendee-manager.svelte:180:7
Error: Cannot find name 'markAttendedMutation'. (ts)
						toggleSelectAll();
						markAttendedMutation.mutate([...selectedAttendees]);
					}}

/Users/alessandrojcm/repos/dhc-dashboard/src/lib/components/workshops/attendee-manager.svelte:182:16
Error: Cannot find name 'markAttendedMutation'. (ts)
					}}
					disabled={markAttendedMutation.isPending || allSelected}
				>

/Users/alessandrojcm/repos/dhc-dashboard/src/lib/components/workshops/attendee-manager.svelte:184:7
Error: Cannot find name 'CheckCheck'. (ts)
				>
					<CheckCheck class="w-4 h-4" />
					Mark all as Attended

/Users/alessandrojcm/repos/dhc-dashboard/src/lib/components/workshops/attendee-manager.svelte:186:7
Error: Cannot find name 'Button'. (ts)
					Mark all as Attended
				</Button>

/Users/alessandrojcm/repos/dhc-dashboard/src/lib/components/workshops/attendee-manager.svelte:188:6
Error: Cannot find name 'Button'. (ts)

				<Button
					size="sm"

/Users/alessandrojcm/repos/dhc-dashboard/src/lib/components/workshops/attendee-manager.svelte:190:21
Error: Cannot find name 'markAttendedMutation'. (ts)
					size="sm"
					onclick={() => markAttendedMutation.mutate([...selectedAttendees])}
					disabled={markAttendedMutation.isPending || selectedAttendees.size === 0}

/Users/alessandrojcm/repos/dhc-dashboard/src/lib/components/workshops/attendee-manager.svelte:191:16
Error: Cannot find name 'markAttendedMutation'. (ts)
					onclick={() => markAttendedMutation.mutate([...selectedAttendees])}
					disabled={markAttendedMutation.isPending || selectedAttendees.size === 0}
				>

/Users/alessandrojcm/repos/dhc-dashboard/src/lib/components/workshops/attendee-manager.svelte:193:7
Error: Cannot find name 'Check'. (ts)
				>
					<Check class="w-4 h-4" />
					Mark as Attended

/Users/alessandrojcm/repos/dhc-dashboard/src/lib/components/workshops/attendee-manager.svelte:195:7
Error: Cannot find name 'Button'. (ts)
					Mark as Attended
				</Button>
			</ButtonGroup.Root>

/Users/alessandrojcm/repos/dhc-dashboard/src/lib/components/workshops/attendee-manager.svelte:196:6
Error: Cannot find name 'ButtonGroup'. (ts)
				</Button>
			</ButtonGroup.Root>
		</div>

/Users/alessandrojcm/repos/dhc-dashboard/src/lib/components/workshops/attendee-manager.svelte:201:20
Error: Cannot find name 'getRefund'. (ts)
	{#each attendees as attendee (attendee.id)}
		{@const refund = getRefund(attendee.id)}
		<div

/Users/alessandrojcm/repos/dhc-dashboard/src/lib/components/workshops/attendee-manager.svelte:206:6
Error: Cannot find name 'Checkbox'. (ts)
			{#if attendee.attendance_status !== 'attended'}
				<Checkbox
					checked={selectedAttendees.has(attendee.id)}

/Users/alessandrojcm/repos/dhc-dashboard/src/lib/components/workshops/attendee-manager.svelte:208:29
Error: Cannot find name 'toggleAttendee'. (ts)
					checked={selectedAttendees.has(attendee.id)}
					onCheckedChange={() => toggleAttendee(attendee.id)}
				/>

/Users/alessandrojcm/repos/dhc-dashboard/src/lib/components/workshops/attendee-manager.svelte:216:7
Error: Cannot find name 'User'. (ts)
				<div class="w-10 h-10 rounded-full bg-muted flex items-center justify-center">
					<User class="w-5 h-5 text-muted-foreground" />
				</div>

/Users/alessandrojcm/repos/dhc-dashboard/src/lib/components/workshops/attendee-manager.svelte:221:39
Error: Cannot find name 'getAttendeeDisplayName'. (ts)
			<div class="flex-1 min-w-0">
				<div class="font-medium text-sm">{getAttendeeDisplayName(attendee)}</div>
				<div class="text-xs text-muted-foreground truncate">

/Users/alessandrojcm/repos/dhc-dashboard/src/lib/components/workshops/attendee-manager.svelte:223:7
Error: Cannot find name 'getAttendeeEmail'. (ts)
				<div class="text-xs text-muted-foreground truncate">
					{getAttendeeEmail(attendee)}
				</div>

/Users/alessandrojcm/repos/dhc-dashboard/src/lib/components/workshops/attendee-manager.svelte:228:6
Error: Cannot find name 'Badge'. (ts)
			<div class="flex items-center gap-2">
				<Badge
					variant={getStatusBadgeVariant(attendee.attendance_status)}

/Users/alessandrojcm/repos/dhc-dashboard/src/lib/components/workshops/attendee-manager.svelte:229:15
Error: Cannot find name 'getStatusBadgeVariant'. (ts)
				<Badge
					variant={getStatusBadgeVariant(attendee.attendance_status)}
					class="text-xs capitalize"

/Users/alessandrojcm/repos/dhc-dashboard/src/lib/components/workshops/attendee-manager.svelte:233:7
Error: Cannot find name 'Badge'. (ts)
					{attendee.attendance_status || 'pending'}
				</Badge>
				{#if refund}

/Users/alessandrojcm/repos/dhc-dashboard/src/lib/components/workshops/attendee-manager.svelte:235:7
Error: Cannot find name 'Badge'. (ts)
				{#if refund}
					<Badge variant="secondary" class="text-xs">
						Refunded {formatCurrency(refund.refund_amount / 100)}

/Users/alessandrojcm/repos/dhc-dashboard/src/lib/components/workshops/attendee-manager.svelte:236:17
Error: Cannot find name 'formatCurrency'. (ts)
					<Badge variant="secondary" class="text-xs">
						Refunded {formatCurrency(refund.refund_amount / 100)}
					</Badge>

/Users/alessandrojcm/repos/dhc-dashboard/src/lib/components/workshops/attendee-manager.svelte:237:8
Error: Cannot find name 'Badge'. (ts)
						Refunded {formatCurrency(refund.refund_amount / 100)}
					</Badge>
				{/if}

/Users/alessandrojcm/repos/dhc-dashboard/src/lib/components/workshops/attendee-manager.svelte:243:7
Error: Cannot find name 'Button'. (ts)
				{#if attendee.attendance_status !== 'attended'}
					<Button
						size="sm"

/Users/alessandrojcm/repos/dhc-dashboard/src/lib/components/workshops/attendee-manager.svelte:246:22
Error: Cannot find name 'markAttendedMutation'. (ts)
						variant="outline"
						onclick={() => markAttendedMutation.mutate([attendee.id])}
						disabled={markAttendedMutation.isPending}

/Users/alessandrojcm/repos/dhc-dashboard/src/lib/components/workshops/attendee-manager.svelte:247:17
Error: Cannot find name 'markAttendedMutation'. (ts)
						onclick={() => markAttendedMutation.mutate([attendee.id])}
						disabled={markAttendedMutation.isPending}
						class="gap-1"

/Users/alessandrojcm/repos/dhc-dashboard/src/lib/components/workshops/attendee-manager.svelte:250:8
Error: Cannot find name 'Check'. (ts)
					>
						<Check class="w-4 h-4" />
						Mark Attended

/Users/alessandrojcm/repos/dhc-dashboard/src/lib/components/workshops/attendee-manager.svelte:252:8
Error: Cannot find name 'Button'. (ts)
						Mark Attended
					</Button>
				{/if}

/Users/alessandrojcm/repos/dhc-dashboard/src/lib/components/workshops/attendee-manager.svelte:256:7
Error: Cannot find name 'Popover'. (ts)
				{#if !refund}
					<Popover.Root open={refundPopoverOpen}>
						<Popover.Trigger>

/Users/alessandrojcm/repos/dhc-dashboard/src/lib/components/workshops/attendee-manager.svelte:256:26
Error: Cannot find name 'refundPopoverOpen'. (ts)
				{#if !refund}
					<Popover.Root open={refundPopoverOpen}>
						<Popover.Trigger>

/Users/alessandrojcm/repos/dhc-dashboard/src/lib/components/workshops/attendee-manager.svelte:257:8
Error: Cannot find name 'Popover'. (ts)
					<Popover.Root open={refundPopoverOpen}>
						<Popover.Trigger>
							<Button

/Users/alessandrojcm/repos/dhc-dashboard/src/lib/components/workshops/attendee-manager.svelte:258:9
Error: Cannot find name 'Button'. (ts)
						<Popover.Trigger>
							<Button
								size="sm"

/Users/alessandrojcm/repos/dhc-dashboard/src/lib/components/workshops/attendee-manager.svelte:262:10
Error: Cannot find name 'refundPopoverOpen'. (ts)
								onclick={() => {
									refundPopoverOpen = true;
									attendeeIdForRefund = attendee.id;

/Users/alessandrojcm/repos/dhc-dashboard/src/lib/components/workshops/attendee-manager.svelte:268:10
Error: Cannot find name 'DollarSign'. (ts)
							>
								<DollarSign class="w-4 h-4" />
								Refund

/Users/alessandrojcm/repos/dhc-dashboard/src/lib/components/workshops/attendee-manager.svelte:270:10
Error: Cannot find name 'Button'. (ts)
								Refund
							</Button>
						</Popover.Trigger>

/Users/alessandrojcm/repos/dhc-dashboard/src/lib/components/workshops/attendee-manager.svelte:271:9
Error: Cannot find name 'Popover'. (ts)
							</Button>
						</Popover.Trigger>
						<Popover.Content class="w-80">

/Users/alessandrojcm/repos/dhc-dashboard/src/lib/components/workshops/attendee-manager.svelte:272:8
Error: Cannot find name 'Popover'. (ts)
						</Popover.Trigger>
						<Popover.Content class="w-80">
							{@const eligibility = getRefundEligibility(attendee)}

/Users/alessandrojcm/repos/dhc-dashboard/src/lib/components/workshops/attendee-manager.svelte:273:30
Error: Cannot find name 'getRefundEligibility'. (ts)
						<Popover.Content class="w-80">
							{@const eligibility = getRefundEligibility(attendee)}
							<div class="space-y-3">

/Users/alessandrojcm/repos/dhc-dashboard/src/lib/components/workshops/attendee-manager.svelte:277:11
Error: Cannot find name 'getAttendeeDisplayName'. (ts)
								<p class="text-sm text-muted-foreground">
									{getAttendeeDisplayName(attendee)}
								</p>

/Users/alessandrojcm/repos/dhc-dashboard/src/lib/components/workshops/attendee-manager.svelte:298:11
Error: Cannot find name 'Button'. (ts)
								<div class="flex justify-end gap-2">
									<Button
										size="sm"

/Users/alessandrojcm/repos/dhc-dashboard/src/lib/components/workshops/attendee-manager.svelte:302:12
Error: Cannot find name 'refundPopoverOpen'. (ts)
										onclick={() => {
											refundPopoverOpen = false;
											attendeeIdForRefund = '';

/Users/alessandrojcm/repos/dhc-dashboard/src/lib/components/workshops/attendee-manager.svelte:307:12
Error: Cannot find name 'Button'. (ts)
										Cancel
									</Button>
									<Button

/Users/alessandrojcm/repos/dhc-dashboard/src/lib/components/workshops/attendee-manager.svelte:308:11
Error: Cannot find name 'Button'. (ts)
									</Button>
									<Button
										size="sm"

/Users/alessandrojcm/repos/dhc-dashboard/src/lib/components/workshops/attendee-manager.svelte:310:20
Error: Cannot find name 'confirmRefund'. (ts)
										size="sm"
										onclick={confirmRefund}
										disabled={processRefundMutation.isPending}

/Users/alessandrojcm/repos/dhc-dashboard/src/lib/components/workshops/attendee-manager.svelte:318:12
Error: Cannot find name 'Button'. (ts)
										{/if}
									</Button>
								</div>

/Users/alessandrojcm/repos/dhc-dashboard/src/lib/components/workshops/attendee-manager.svelte:321:9
Error: Cannot find name 'Popover'. (ts)
							</div>
						</Popover.Content>
					</Popover.Root>

/Users/alessandrojcm/repos/dhc-dashboard/src/lib/components/workshops/attendee-manager.svelte:322:8
Error: Cannot find name 'Popover'. (ts)
						</Popover.Content>
					</Popover.Root>
				{/if}

/Users/alessandrojcm/repos/dhc-dashboard/src/lib/components/workshops/quick-create-workshop.svelte:60:15
Error: Can only bind to state or props
https://svelte.dev/e/bind_invalid_value (svelte)

<Popover bind:open>
	<PopoverTrigger>

/Users/alessandrojcm/repos/dhc-dashboard/src/lib/components/workshops/quick-create-workshop.svelte:60:2
Error: Cannot find name 'Popover'. (ts)

<Popover bind:open>
	<PopoverTrigger>

/Users/alessandrojcm/repos/dhc-dashboard/src/lib/components/workshops/quick-create-workshop.svelte:61:3
Error: Cannot find name 'PopoverTrigger'. (ts)
<Popover bind:open>
	<PopoverTrigger>
		<Button variant="outline" class="gap-2">

/Users/alessandrojcm/repos/dhc-dashboard/src/lib/components/workshops/quick-create-workshop.svelte:62:4
Error: Cannot find name 'Button'. (ts)
	<PopoverTrigger>
		<Button variant="outline" class="gap-2">
			<Sparkles class="h-4 w-4" />

/Users/alessandrojcm/repos/dhc-dashboard/src/lib/components/workshops/quick-create-workshop.svelte:63:5
Error: Cannot find name 'Sparkles'. (ts)
		<Button variant="outline" class="gap-2">
			<Sparkles class="h-4 w-4" />
			Quick Create

/Users/alessandrojcm/repos/dhc-dashboard/src/lib/components/workshops/quick-create-workshop.svelte:65:5
Error: Cannot find name 'Button'. (ts)
			Quick Create
		</Button>
	</PopoverTrigger>

/Users/alessandrojcm/repos/dhc-dashboard/src/lib/components/workshops/quick-create-workshop.svelte:66:4
Error: Cannot find name 'PopoverTrigger'. (ts)
		</Button>
	</PopoverTrigger>
	<PopoverContent class="w-96 p-4" align="end">

/Users/alessandrojcm/repos/dhc-dashboard/src/lib/components/workshops/quick-create-workshop.svelte:67:3
Error: Cannot find name 'PopoverContent'. (ts)
	</PopoverTrigger>
	<PopoverContent class="w-96 p-4" align="end">
		<div class="space-y-4">

/Users/alessandrojcm/repos/dhc-dashboard/src/lib/components/workshops/quick-create-workshop.svelte:77:6
Error: Cannot find name 'Textarea'. (ts)
			<div class="space-y-3">
				<Textarea
					bind:value={prompt}

/Users/alessandrojcm/repos/dhc-dashboard/src/lib/components/workshops/quick-create-workshop.svelte:81:17
Error: Cannot find name 'handleKeydown'. (ts)
					class="min-h-[100px] resize-none"
					onkeydown={handleKeydown}
					disabled={generateWorkshopMutation.isPending}

/Users/alessandrojcm/repos/dhc-dashboard/src/lib/components/workshops/quick-create-workshop.svelte:88:8
Error: Cannot find name 'Button'. (ts)
					<div class="flex gap-2">
						<Button
							variant="outline"

/Users/alessandrojcm/repos/dhc-dashboard/src/lib/components/workshops/quick-create-workshop.svelte:92:9
Error: Cannot assign to 'open' because it is a function. (ts)
							onclick={() => {
								open = false;
								prompt = '';

/Users/alessandrojcm/repos/dhc-dashboard/src/lib/components/workshops/quick-create-workshop.svelte:98:9
Error: Cannot find name 'Button'. (ts)
							Cancel
						</Button>
						<Button

/Users/alessandrojcm/repos/dhc-dashboard/src/lib/components/workshops/quick-create-workshop.svelte:99:8
Error: Cannot find name 'Button'. (ts)
						</Button>
						<Button
							size="sm"

/Users/alessandrojcm/repos/dhc-dashboard/src/lib/components/workshops/quick-create-workshop.svelte:106:10
Error: Cannot find name 'Loader2'. (ts)
							{#if generateWorkshopMutation.isPending}
								<Loader2 class="h-3 w-3 animate-spin" />
								Generating...

/Users/alessandrojcm/repos/dhc-dashboard/src/lib/components/workshops/quick-create-workshop.svelte:109:10
Error: Cannot find name 'Sparkles'. (ts)
							{:else}
								<Sparkles class="h-3 w-3" />
								Generate

/Users/alessandrojcm/repos/dhc-dashboard/src/lib/components/workshops/quick-create-workshop.svelte:112:9
Error: Cannot find name 'Button'. (ts)
							{/if}
						</Button>
					</div>

/Users/alessandrojcm/repos/dhc-dashboard/src/lib/components/workshops/quick-create-workshop.svelte:117:4
Error: Cannot find name 'PopoverContent'. (ts)
		</div>
	</PopoverContent>
</Popover>

/Users/alessandrojcm/repos/dhc-dashboard/src/lib/components/workshops/quick-create-workshop.svelte:118:3
Error: Cannot find name 'Popover'. (ts)
	</PopoverContent>
</Popover>

/Users/alessandrojcm/repos/dhc-dashboard/src/lib/components/workshops/workshop-calendar.svelte:213:25
Error: Can only bind to state or props
https://svelte.dev/e/bind_invalid_value (svelte)
<!-- Workshop Event Dialog -->
<Dialog.Root bind:open={dialogOpen}>
	<Dialog.Content class="max-w-lg p-0 gap-0">

/Users/alessandrojcm/repos/dhc-dashboard/src/lib/components/workshops/workshop-calendar.svelte:192:4
Error: Cannot find name 'Calendar'. (ts)
	<div>
		<Calendar plugins={[DayGrid, TimeGrid, Interaction]} {options} />
	</div>

/Users/alessandrojcm/repos/dhc-dashboard/src/lib/components/workshops/workshop-calendar.svelte:192:23
Error: Cannot find name 'DayGrid'. (ts)
	<div>
		<Calendar plugins={[DayGrid, TimeGrid, Interaction]} {options} />
	</div>

/Users/alessandrojcm/repos/dhc-dashboard/src/lib/components/workshops/workshop-calendar.svelte:192:32
Error: Cannot find name 'TimeGrid'. (ts)
	<div>
		<Calendar plugins={[DayGrid, TimeGrid, Interaction]} {options} />
	</div>

/Users/alessandrojcm/repos/dhc-dashboard/src/lib/components/workshops/workshop-calendar.svelte:192:42
Error: Cannot find name 'Interaction'. (ts)
	<div>
		<Calendar plugins={[DayGrid, TimeGrid, Interaction]} {options} />
	</div>

/Users/alessandrojcm/repos/dhc-dashboard/src/lib/components/workshops/workshop-calendar.svelte:192:57
Error: No value exists in scope for the shorthand property 'options'. Either declare one or provide an initializer. (ts)
	<div>
		<Calendar plugins={[DayGrid, TimeGrid, Interaction]} {options} />
	</div>

/Users/alessandrojcm/repos/dhc-dashboard/src/lib/components/workshops/workshop-calendar.svelte:213:2
Error: Cannot find name 'Dialog'. (ts)
<!-- Workshop Event Dialog -->
<Dialog.Root bind:open={dialogOpen}>
	<Dialog.Content class="max-w-lg p-0 gap-0">

/Users/alessandrojcm/repos/dhc-dashboard/src/lib/components/workshops/workshop-calendar.svelte:213:25
Error: Cannot find name 'dialogOpen'. (ts)
<!-- Workshop Event Dialog -->
<Dialog.Root bind:open={dialogOpen}>
	<Dialog.Content class="max-w-lg p-0 gap-0">

/Users/alessandrojcm/repos/dhc-dashboard/src/lib/components/workshops/workshop-calendar.svelte:214:3
Error: Cannot find name 'Dialog'. (ts)
<Dialog.Root bind:open={dialogOpen}>
	<Dialog.Content class="max-w-lg p-0 gap-0">
		{#if selectedEvent}

/Users/alessandrojcm/repos/dhc-dashboard/src/lib/components/workshops/workshop-calendar.svelte:215:8
Error: Cannot find name 'selectedEvent'. (ts)
	<Dialog.Content class="max-w-lg p-0 gap-0">
		{#if selectedEvent}
			<WorkshopEventModal

/Users/alessandrojcm/repos/dhc-dashboard/src/lib/components/workshops/workshop-calendar.svelte:216:5
Error: Cannot find name 'WorkshopEventModal'. (ts)
		{#if selectedEvent}
			<WorkshopEventModal
				calendarEvent={selectedEvent}

/Users/alessandrojcm/repos/dhc-dashboard/src/lib/components/workshops/workshop-calendar.svelte:217:20
Error: Cannot find name 'selectedEvent'. (ts)
			<WorkshopEventModal
				calendarEvent={selectedEvent}
				{onInterestToggle}

/Users/alessandrojcm/repos/dhc-dashboard/src/lib/components/workshops/workshop-calendar.svelte:219:21
Error: Cannot find name 'dialogOpen'. (ts)
				{onInterestToggle}
				onClose={() => (dialogOpen = false)}
			/>

/Users/alessandrojcm/repos/dhc-dashboard/src/lib/components/workshops/workshop-calendar.svelte:222:4
Error: Cannot find name 'Dialog'. (ts)
		{/if}
	</Dialog.Content>
</Dialog.Root>

/Users/alessandrojcm/repos/dhc-dashboard/src/lib/components/workshops/workshop-calendar.svelte:223:3
Error: Cannot find name 'Dialog'. (ts)
	</Dialog.Content>
</Dialog.Root>

/Users/alessandrojcm/repos/dhc-dashboard/src/lib/components/workshops/workshop-cancellation-dialog.svelte:105:2
Error: Cannot find name 'AlertDialog'. (ts)

<AlertDialog.Root {open} {onOpenChange}>
	<AlertDialog.Content>

/Users/alessandrojcm/repos/dhc-dashboard/src/lib/components/workshops/workshop-cancellation-dialog.svelte:106:3
Error: Cannot find name 'AlertDialog'. (ts)
<AlertDialog.Root {open} {onOpenChange}>
	<AlertDialog.Content>
		<AlertDialog.Header>

/Users/alessandrojcm/repos/dhc-dashboard/src/lib/components/workshops/workshop-cancellation-dialog.svelte:107:4
Error: Cannot find name 'AlertDialog'. (ts)
	<AlertDialog.Content>
		<AlertDialog.Header>
			<AlertDialog.Title>Cancel Registration</AlertDialog.Title>

/Users/alessandrojcm/repos/dhc-dashboard/src/lib/components/workshops/workshop-cancellation-dialog.svelte:108:5
Error: Cannot find name 'AlertDialog'. (ts)
		<AlertDialog.Header>
			<AlertDialog.Title>Cancel Registration</AlertDialog.Title>
			<AlertDialog.Description>

/Users/alessandrojcm/repos/dhc-dashboard/src/lib/components/workshops/workshop-cancellation-dialog.svelte:108:44
Error: Cannot find name 'AlertDialog'. (ts)
		<AlertDialog.Header>
			<AlertDialog.Title>Cancel Registration</AlertDialog.Title>
			<AlertDialog.Description>

/Users/alessandrojcm/repos/dhc-dashboard/src/lib/components/workshops/workshop-cancellation-dialog.svelte:109:5
Error: Cannot find name 'AlertDialog'. (ts)
			<AlertDialog.Title>Cancel Registration</AlertDialog.Title>
			<AlertDialog.Description>
				Are you sure you want to cancel your registration for "{workshop.title}"?

/Users/alessandrojcm/repos/dhc-dashboard/src/lib/components/workshops/workshop-cancellation-dialog.svelte:111:6
Error: Cannot find name 'AlertDialog'. (ts)
				Are you sure you want to cancel your registration for "{workshop.title}"?
			</AlertDialog.Description>
		</AlertDialog.Header>

/Users/alessandrojcm/repos/dhc-dashboard/src/lib/components/workshops/workshop-cancellation-dialog.svelte:112:5
Error: Cannot find name 'AlertDialog'. (ts)
			</AlertDialog.Description>
		</AlertDialog.Header>

/Users/alessandrojcm/repos/dhc-dashboard/src/lib/components/workshops/workshop-cancellation-dialog.svelte:152:4
Error: Cannot find name 'AlertDialog'. (ts)

		<AlertDialog.Footer>
			<AlertDialog.Cancel disabled={isLoading}>Keep Registration</AlertDialog.Cancel>

/Users/alessandrojcm/repos/dhc-dashboard/src/lib/components/workshops/workshop-cancellation-dialog.svelte:153:5
Error: Cannot find name 'AlertDialog'. (ts)
		<AlertDialog.Footer>
			<AlertDialog.Cancel disabled={isLoading}>Keep Registration</AlertDialog.Cancel>
			<AlertDialog.Action

/Users/alessandrojcm/repos/dhc-dashboard/src/lib/components/workshops/workshop-cancellation-dialog.svelte:153:34
Error: Cannot find name 'isLoading'. (ts)
		<AlertDialog.Footer>
			<AlertDialog.Cancel disabled={isLoading}>Keep Registration</AlertDialog.Cancel>
			<AlertDialog.Action

/Users/alessandrojcm/repos/dhc-dashboard/src/lib/components/workshops/workshop-cancellation-dialog.svelte:153:64
Error: Cannot find name 'AlertDialog'. (ts)
		<AlertDialog.Footer>
			<AlertDialog.Cancel disabled={isLoading}>Keep Registration</AlertDialog.Cancel>
			<AlertDialog.Action

/Users/alessandrojcm/repos/dhc-dashboard/src/lib/components/workshops/workshop-cancellation-dialog.svelte:154:5
Error: Cannot find name 'AlertDialog'. (ts)
			<AlertDialog.Cancel disabled={isLoading}>Keep Registration</AlertDialog.Cancel>
			<AlertDialog.Action
				onclick={handleConfirm}

/Users/alessandrojcm/repos/dhc-dashboard/src/lib/components/workshops/workshop-cancellation-dialog.svelte:155:14
Error: Cannot find name 'handleConfirm'. (ts)
			<AlertDialog.Action
				onclick={handleConfirm}
				disabled={isLoading}

/Users/alessandrojcm/repos/dhc-dashboard/src/lib/components/workshops/workshop-cancellation-dialog.svelte:156:15
Error: Cannot find name 'isLoading'. (ts)
				onclick={handleConfirm}
				disabled={isLoading}
				class="bg-destructive text-destructive-foreground hover:bg-destructive/90"

/Users/alessandrojcm/repos/dhc-dashboard/src/lib/components/workshops/workshop-cancellation-dialog.svelte:159:10
Error: Cannot find name 'isLoading'. (ts)
			>
				{#if isLoading}
					Processing...

/Users/alessandrojcm/repos/dhc-dashboard/src/lib/components/workshops/workshop-cancellation-dialog.svelte:166:6
Error: Cannot find name 'AlertDialog'. (ts)
				{/if}
			</AlertDialog.Action>
		</AlertDialog.Footer>

/Users/alessandrojcm/repos/dhc-dashboard/src/lib/components/workshops/workshop-cancellation-dialog.svelte:167:5
Error: Cannot find name 'AlertDialog'. (ts)
			</AlertDialog.Action>
		</AlertDialog.Footer>
	</AlertDialog.Content>

/Users/alessandrojcm/repos/dhc-dashboard/src/lib/components/workshops/workshop-cancellation-dialog.svelte:168:4
Error: Cannot find name 'AlertDialog'. (ts)
		</AlertDialog.Footer>
	</AlertDialog.Content>
</AlertDialog.Root>

/Users/alessandrojcm/repos/dhc-dashboard/src/lib/components/workshops/workshop-cancellation-dialog.svelte:169:3
Error: Cannot find name 'AlertDialog'. (ts)
	</AlertDialog.Content>
</AlertDialog.Root>

/Users/alessandrojcm/repos/dhc-dashboard/src/lib/components/workshops/workshop-event-modal.svelte:239:31
Error: Can only bind to state or props
https://svelte.dev/e/bind_invalid_value (svelte)
				{#if workshop.status === 'planned' || workshop.status === 'published'}
					<Popover.Root bind:open={cancelPopoverOpen}>
						<Popover.Trigger

/Users/alessandrojcm/repos/dhc-dashboard/src/lib/components/workshops/workshop-event-modal.svelte:122:7
Error: Cannot find name 'Badge'. (ts)
				<div class="flex items-center gap-2">
					<Badge
						variant={workshop.status === 'planned'

/Users/alessandrojcm/repos/dhc-dashboard/src/lib/components/workshops/workshop-event-modal.svelte:135:8
Error: Cannot find name 'Badge'. (ts)
								: 'Cancelled'}
					</Badge>
					{#if workshop.is_public}

/Users/alessandrojcm/repos/dhc-dashboard/src/lib/components/workshops/workshop-event-modal.svelte:137:8
Error: Cannot find name 'Badge'. (ts)
					{#if workshop.is_public}
						<Badge variant="outline" class="text-xs">Public</Badge>
					{/if}

/Users/alessandrojcm/repos/dhc-dashboard/src/lib/components/workshops/workshop-event-modal.svelte:137:56
Error: Cannot find name 'Badge'. (ts)
					{#if workshop.is_public}
						<Badge variant="outline" class="text-xs">Public</Badge>
					{/if}

/Users/alessandrojcm/repos/dhc-dashboard/src/lib/components/workshops/workshop-event-modal.svelte:148:6
Error: Cannot find name 'Calendar'. (ts)
			<div class="mt-0.5">
				<Calendar class="w-5 h-5 text-muted-foreground" />
			</div>

/Users/alessandrojcm/repos/dhc-dashboard/src/lib/components/workshops/workshop-event-modal.svelte:152:7
Error: Cannot find name 'dayjs'. (ts)
				<div class="font-medium text-foreground">
					{dayjs(workshop?.start_date || event?.start).format('dddd, MMM DD, YYYY')}
				</div>

/Users/alessandrojcm/repos/dhc-dashboard/src/lib/components/workshops/workshop-event-modal.svelte:155:7
Error: Cannot find name 'dayjs'. (ts)
				<div class="text-sm text-muted-foreground">
					{dayjs(workshop?.start_date || event?.start).format('h:mm A')}
					- {dayjs(workshop?.end_date || event?.end).format('h:mm A')}

/Users/alessandrojcm/repos/dhc-dashboard/src/lib/components/workshops/workshop-event-modal.svelte:156:9
Error: Cannot find name 'dayjs'. (ts)
					{dayjs(workshop?.start_date || event?.start).format('h:mm A')}
					- {dayjs(workshop?.end_date || event?.end).format('h:mm A')}
				</div>

/Users/alessandrojcm/repos/dhc-dashboard/src/lib/components/workshops/workshop-event-modal.svelte:164:6
Error: Cannot find name 'MapPin'. (ts)
			<div class="flex items-center gap-3">
				<MapPin class="w-5 h-5 text-muted-foreground" />
				<span class="text-sm text-foreground">{workshop.location}</span>

/Users/alessandrojcm/repos/dhc-dashboard/src/lib/components/workshops/workshop-event-modal.svelte:171:5
Error: Cannot find name 'Users'. (ts)
		<div class="flex items-center gap-3">
			<Users class="w-5 h-5 text-muted-foreground" />
			<span class="text-sm text-foreground"

/Users/alessandrojcm/repos/dhc-dashboard/src/lib/components/workshops/workshop-event-modal.svelte:173:7
Error: Cannot find name 'interestCount'. (ts)
			<span class="text-sm text-foreground"
				>{interestCount}
				{interestCount === 1 ? 'person' : 'people'}

/Users/alessandrojcm/repos/dhc-dashboard/src/lib/components/workshops/workshop-event-modal.svelte:174:6
Error: Cannot find name 'interestCount'. (ts)
				>{interestCount}
				{interestCount === 1 ? 'person' : 'people'}
				{workshop.status === 'planned' ? 'interested' : 'registered'}</span

/Users/alessandrojcm/repos/dhc-dashboard/src/lib/components/workshops/workshop-event-modal.svelte:190:54
Error: Cannot find name 'formatPrice'. (ts)
				<span class="text-sm font-medium text-foreground">Member Price:</span>
				<span class="text-lg font-bold text-foreground">{formatPrice(workshop.price_member)}</span>
			</div>

/Users/alessandrojcm/repos/dhc-dashboard/src/lib/components/workshops/workshop-event-modal.svelte:196:9
Error: Cannot find name 'formatPrice'. (ts)
					<span class="text-lg font-bold text-foreground"
						>{formatPrice(workshop.price_non_member)}</span
					>

/Users/alessandrojcm/repos/dhc-dashboard/src/lib/components/workshops/workshop-event-modal.svelte:205:10
Error: Cannot find name 'hasEditAction'. (ts)
			<div class="flex flex-wrap gap-3">
				{#if hasEditAction}
					<Button

/Users/alessandrojcm/repos/dhc-dashboard/src/lib/components/workshops/workshop-event-modal.svelte:206:7
Error: Cannot find name 'Button'. (ts)
				{#if hasEditAction}
					<Button
						variant="outline"

/Users/alessandrojcm/repos/dhc-dashboard/src/lib/components/workshops/workshop-event-modal.svelte:209:16
Error: Cannot find name 'handleEdit'. (ts)
						size="sm"
						onclick={handleEdit}
						data-testid="edit-workshop-button"

/Users/alessandrojcm/repos/dhc-dashboard/src/lib/components/workshops/workshop-event-modal.svelte:213:8
Error: Cannot find name 'Button'. (ts)
						Edit Workshop
					</Button>
				{/if}

/Users/alessandrojcm/repos/dhc-dashboard/src/lib/components/workshops/workshop-event-modal.svelte:217:7
Error: Cannot find name 'Button'. (ts)
				{#if workshop.status === 'published'}
					<Button variant="default" size="sm" href={`workshops/${workshop.id}/attendees`}>
						Manage attendees

/Users/alessandrojcm/repos/dhc-dashboard/src/lib/components/workshops/workshop-event-modal.svelte:219:8
Error: Cannot find name 'Button'. (ts)
						Manage attendees
					</Button>
				{/if}

/Users/alessandrojcm/repos/dhc-dashboard/src/lib/components/workshops/workshop-event-modal.svelte:223:7
Error: Cannot find name 'Button'. (ts)
				{#if workshop.status === 'planned'}
					<Button
						variant="default"

/Users/alessandrojcm/repos/dhc-dashboard/src/lib/components/workshops/workshop-event-modal.svelte:226:16
Error: Cannot find name 'handlePublish'. (ts)
						size="sm"
						onclick={handlePublish}
						disabled={publishMutation.isPending}

/Users/alessandrojcm/repos/dhc-dashboard/src/lib/components/workshops/workshop-event-modal.svelte:230:9
Error: Cannot find name 'Loader2'. (ts)
						{#if publishMutation.isPending}
							<Loader2 class="w-4 h-4 mr-2 animate-spin" />
						{:else}

/Users/alessandrojcm/repos/dhc-dashboard/src/lib/components/workshops/workshop-event-modal.svelte:232:9
Error: Cannot find name 'CheckCircle'. (ts)
						{:else}
							<CheckCircle class="w-4 h-4 mr-2" />
						{/if}

/Users/alessandrojcm/repos/dhc-dashboard/src/lib/components/workshops/workshop-event-modal.svelte:235:8
Error: Cannot find name 'Button'. (ts)
						Publish
					</Button>
				{/if}

/Users/alessandrojcm/repos/dhc-dashboard/src/lib/components/workshops/workshop-event-modal.svelte:239:7
Error: Cannot find name 'Popover'. (ts)
				{#if workshop.status === 'planned' || workshop.status === 'published'}
					<Popover.Root bind:open={cancelPopoverOpen}>
						<Popover.Trigger

/Users/alessandrojcm/repos/dhc-dashboard/src/lib/components/workshops/workshop-event-modal.svelte:239:31
Error: Cannot find name 'cancelPopoverOpen'. (ts)
				{#if workshop.status === 'planned' || workshop.status === 'published'}
					<Popover.Root bind:open={cancelPopoverOpen}>
						<Popover.Trigger

/Users/alessandrojcm/repos/dhc-dashboard/src/lib/components/workshops/workshop-event-modal.svelte:240:8
Error: Cannot find name 'Popover'. (ts)
					<Popover.Root bind:open={cancelPopoverOpen}>
						<Popover.Trigger
							class={buttonVariants({ variant: 'destructive', size: 'sm' })}

/Users/alessandrojcm/repos/dhc-dashboard/src/lib/components/workshops/workshop-event-modal.svelte:241:15
Error: Cannot find name 'buttonVariants'. (ts)
						<Popover.Trigger
							class={buttonVariants({ variant: 'destructive', size: 'sm' })}
							disabled={cancelMutation.isPending}

/Users/alessandrojcm/repos/dhc-dashboard/src/lib/components/workshops/workshop-event-modal.svelte:245:10
Error: Cannot find name 'Loader2'. (ts)
							{#if cancelMutation.isPending}
								<Loader2 class="w-4 h-4 mr-2 animate-spin" />
							{:else}

/Users/alessandrojcm/repos/dhc-dashboard/src/lib/components/workshops/workshop-event-modal.svelte:247:10
Error: Cannot find name 'AlertTriangle'. (ts)
							{:else}
								<AlertTriangle class="w-4 h-4 mr-2" />
							{/if}

/Users/alessandrojcm/repos/dhc-dashboard/src/lib/components/workshops/workshop-event-modal.svelte:250:9
Error: Cannot find name 'Popover'. (ts)
							Cancel
						</Popover.Trigger>
						<Popover.Content class="w-80">

/Users/alessandrojcm/repos/dhc-dashboard/src/lib/components/workshops/workshop-event-modal.svelte:251:8
Error: Cannot find name 'Popover'. (ts)
						</Popover.Trigger>
						<Popover.Content class="w-80">
							<div class="space-y-3">

/Users/alessandrojcm/repos/dhc-dashboard/src/lib/components/workshops/workshop-event-modal.svelte:261:11
Error: Cannot find name 'Button'. (ts)
								<div class="flex justify-end gap-2">
									<Button variant="outline" size="sm" onclick={() => (cancelPopoverOpen = false)}>
										Keep Workshop

/Users/alessandrojcm/repos/dhc-dashboard/src/lib/components/workshops/workshop-event-modal.svelte:261:62
Error: Cannot find name 'cancelPopoverOpen'. (ts)
								<div class="flex justify-end gap-2">
									<Button variant="outline" size="sm" onclick={() => (cancelPopoverOpen = false)}>
										Keep Workshop

/Users/alessandrojcm/repos/dhc-dashboard/src/lib/components/workshops/workshop-event-modal.svelte:263:12
Error: Cannot find name 'Button'. (ts)
										Keep Workshop
									</Button>
									<Button

/Users/alessandrojcm/repos/dhc-dashboard/src/lib/components/workshops/workshop-event-modal.svelte:264:11
Error: Cannot find name 'Button'. (ts)
									</Button>
									<Button
										variant="destructive"

/Users/alessandrojcm/repos/dhc-dashboard/src/lib/components/workshops/workshop-event-modal.svelte:268:12
Error: Cannot find name 'handleCancel'. (ts)
										onclick={() => {
											handleCancel();
											cancelPopoverOpen = false;

/Users/alessandrojcm/repos/dhc-dashboard/src/lib/components/workshops/workshop-event-modal.svelte:269:12
Error: Cannot find name 'cancelPopoverOpen'. (ts)
											handleCancel();
											cancelPopoverOpen = false;
										}}

/Users/alessandrojcm/repos/dhc-dashboard/src/lib/components/workshops/workshop-event-modal.svelte:274:13
Error: Cannot find name 'Loader2'. (ts)
										{#if cancelMutation.isPending}
											<Loader2 class="w-4 h-4 mr-2 animate-spin" />
										{/if}

/Users/alessandrojcm/repos/dhc-dashboard/src/lib/components/workshops/workshop-event-modal.svelte:277:12
Error: Cannot find name 'Button'. (ts)
										Cancel Workshop
									</Button>
								</div>

/Users/alessandrojcm/repos/dhc-dashboard/src/lib/components/workshops/workshop-event-modal.svelte:280:9
Error: Cannot find name 'Popover'. (ts)
							</div>
						</Popover.Content>
					</Popover.Root>

/Users/alessandrojcm/repos/dhc-dashboard/src/lib/components/workshops/workshop-event-modal.svelte:281:8
Error: Cannot find name 'Popover'. (ts)
						</Popover.Content>
					</Popover.Root>
				{/if}

/Users/alessandrojcm/repos/dhc-dashboard/src/lib/components/workshops/workshop-event-modal.svelte:285:7
Error: Cannot find name 'Popover'. (ts)
				{#if workshop.status === 'planned'}
					<Popover.Root bind:open={deletePopoverOpen}>
						<Popover.Trigger

/Users/alessandrojcm/repos/dhc-dashboard/src/lib/components/workshops/workshop-event-modal.svelte:285:31
Error: Cannot find name 'deletePopoverOpen'. (ts)
				{#if workshop.status === 'planned'}
					<Popover.Root bind:open={deletePopoverOpen}>
						<Popover.Trigger

/Users/alessandrojcm/repos/dhc-dashboard/src/lib/components/workshops/workshop-event-modal.svelte:286:8
Error: Cannot find name 'Popover'. (ts)
					<Popover.Root bind:open={deletePopoverOpen}>
						<Popover.Trigger
							class={buttonVariants({ variant: 'destructive', size: 'sm' })}

/Users/alessandrojcm/repos/dhc-dashboard/src/lib/components/workshops/workshop-event-modal.svelte:287:15
Error: Cannot find name 'buttonVariants'. (ts)
						<Popover.Trigger
							class={buttonVariants({ variant: 'destructive', size: 'sm' })}
							disabled={deleteMutation.isPending}

/Users/alessandrojcm/repos/dhc-dashboard/src/lib/components/workshops/workshop-event-modal.svelte:291:10
Error: Cannot find name 'Loader2'. (ts)
							{#if deleteMutation.isPending}
								<Loader2 class="w-4 h-4 mr-2 animate-spin" />
							{:else}

/Users/alessandrojcm/repos/dhc-dashboard/src/lib/components/workshops/workshop-event-modal.svelte:293:10
Error: Cannot find name 'AlertTriangle'. (ts)
							{:else}
								<AlertTriangle class="w-4 h-4 mr-2" />
							{/if}

/Users/alessandrojcm/repos/dhc-dashboard/src/lib/components/workshops/workshop-event-modal.svelte:296:9
Error: Cannot find name 'Popover'. (ts)
							Delete
						</Popover.Trigger>
						<Popover.Content class="w-80 bg-white">

/Users/alessandrojcm/repos/dhc-dashboard/src/lib/components/workshops/workshop-event-modal.svelte:297:8
Error: Cannot find name 'Popover'. (ts)
						</Popover.Trigger>
						<Popover.Content class="w-80 bg-white">
							<div class="space-y-3">

/Users/alessandrojcm/repos/dhc-dashboard/src/lib/components/workshops/workshop-event-modal.svelte:307:11
Error: Cannot find name 'Button'. (ts)
								<div class="flex justify-end gap-2">
									<Button variant="outline" size="sm" onclick={() => (deletePopoverOpen = false)}>
										Keep Workshop

/Users/alessandrojcm/repos/dhc-dashboard/src/lib/components/workshops/workshop-event-modal.svelte:307:62
Error: Cannot find name 'deletePopoverOpen'. (ts)
								<div class="flex justify-end gap-2">
									<Button variant="outline" size="sm" onclick={() => (deletePopoverOpen = false)}>
										Keep Workshop

/Users/alessandrojcm/repos/dhc-dashboard/src/lib/components/workshops/workshop-event-modal.svelte:309:12
Error: Cannot find name 'Button'. (ts)
										Keep Workshop
									</Button>
									<Button

/Users/alessandrojcm/repos/dhc-dashboard/src/lib/components/workshops/workshop-event-modal.svelte:310:11
Error: Cannot find name 'Button'. (ts)
									</Button>
									<Button
										variant="destructive"

/Users/alessandrojcm/repos/dhc-dashboard/src/lib/components/workshops/workshop-event-modal.svelte:314:12
Error: Cannot find name 'handleDelete'. (ts)
										onclick={() => {
											handleDelete();
											deletePopoverOpen = false;

/Users/alessandrojcm/repos/dhc-dashboard/src/lib/components/workshops/workshop-event-modal.svelte:315:12
Error: Cannot find name 'deletePopoverOpen'. (ts)
											handleDelete();
											deletePopoverOpen = false;
										}}

/Users/alessandrojcm/repos/dhc-dashboard/src/lib/components/workshops/workshop-event-modal.svelte:320:13
Error: Cannot find name 'Loader2'. (ts)
										{#if deleteMutation.isPending}
											<Loader2 class="w-4 h-4 mr-2 animate-spin" />
										{/if}

/Users/alessandrojcm/repos/dhc-dashboard/src/lib/components/workshops/workshop-event-modal.svelte:323:12
Error: Cannot find name 'Button'. (ts)
										Delete Workshop
									</Button>
								</div>

/Users/alessandrojcm/repos/dhc-dashboard/src/lib/components/workshops/workshop-event-modal.svelte:326:9
Error: Cannot find name 'Popover'. (ts)
							</div>
						</Popover.Content>
					</Popover.Root>

/Users/alessandrojcm/repos/dhc-dashboard/src/lib/components/workshops/workshop-event-modal.svelte:327:8
Error: Cannot find name 'Popover'. (ts)
						</Popover.Content>
					</Popover.Root>
				{/if}

/Users/alessandrojcm/repos/dhc-dashboard/src/lib/components/workshops/workshop-express-checkout.svelte:272:11
Error: Cannot bind to constant
https://svelte.dev/e/constant_binding (svelte)
					<!-- Regular Payment Element (Card, Revolut Pay) -->
					<div bind:this={paymentElementContainer} class="min-h-[200px]"></div>
					<Button

/Users/alessandrojcm/repos/dhc-dashboard/src/lib/components/workshops/workshop-express-checkout.svelte:139:11
Error: Property 'error' does not exist on type 'PaymentIntentResult | undefined'. (ts)
		_isLoading = true;
		const { error: confirmError } = await stripe?.confirmPayment({
			elements: elements!,

/Users/alessandrojcm/repos/dhc-dashboard/src/lib/components/workshops/workshop-express-checkout.svelte:219:6
Error: Cannot find name 'success'. (ts)

{#if success}
	<Alert.Root variant="success" class="w-full">

/Users/alessandrojcm/repos/dhc-dashboard/src/lib/components/workshops/workshop-express-checkout.svelte:220:3
Error: Cannot find name 'Alert'. (ts)
{#if success}
	<Alert.Root variant="success" class="w-full">
		<Alert.Title>Registration Successful!</Alert.Title>

/Users/alessandrojcm/repos/dhc-dashboard/src/lib/components/workshops/workshop-express-checkout.svelte:221:4
Error: Cannot find name 'Alert'. (ts)
	<Alert.Root variant="success" class="w-full">
		<Alert.Title>Registration Successful!</Alert.Title>
		<Alert.Description>

/Users/alessandrojcm/repos/dhc-dashboard/src/lib/components/workshops/workshop-express-checkout.svelte:221:42
Error: Cannot find name 'Alert'. (ts)
	<Alert.Root variant="success" class="w-full">
		<Alert.Title>Registration Successful!</Alert.Title>
		<Alert.Description>

/Users/alessandrojcm/repos/dhc-dashboard/src/lib/components/workshops/workshop-express-checkout.svelte:222:4
Error: Cannot find name 'Alert'. (ts)
		<Alert.Title>Registration Successful!</Alert.Title>
		<Alert.Description>
			You have successfully registered for {workshopTitle}. You will receive a confirmation email

/Users/alessandrojcm/repos/dhc-dashboard/src/lib/components/workshops/workshop-express-checkout.svelte:225:5
Error: Cannot find name 'Alert'. (ts)
			shortly.
		</Alert.Description>
	</Alert.Root>

/Users/alessandrojcm/repos/dhc-dashboard/src/lib/components/workshops/workshop-express-checkout.svelte:226:4
Error: Cannot find name 'Alert'. (ts)
		</Alert.Description>
	</Alert.Root>
{:else if error}

/Users/alessandrojcm/repos/dhc-dashboard/src/lib/components/workshops/workshop-express-checkout.svelte:227:11
Error: Cannot find name 'error'. (ts)
	</Alert.Root>
{:else if error}
	<Alert.Root variant="destructive" class="w-full mb-4">

/Users/alessandrojcm/repos/dhc-dashboard/src/lib/components/workshops/workshop-express-checkout.svelte:228:3
Error: Cannot find name 'Alert'. (ts)
{:else if error}
	<Alert.Root variant="destructive" class="w-full mb-4">
		<Alert.Title>Registration Failed</Alert.Title>

/Users/alessandrojcm/repos/dhc-dashboard/src/lib/components/workshops/workshop-express-checkout.svelte:229:4
Error: Cannot find name 'Alert'. (ts)
	<Alert.Root variant="destructive" class="w-full mb-4">
		<Alert.Title>Registration Failed</Alert.Title>
		<Alert.Description>{error}</Alert.Description>

/Users/alessandrojcm/repos/dhc-dashboard/src/lib/components/workshops/workshop-express-checkout.svelte:229:37
Error: Cannot find name 'Alert'. (ts)
	<Alert.Root variant="destructive" class="w-full mb-4">
		<Alert.Title>Registration Failed</Alert.Title>
		<Alert.Description>{error}</Alert.Description>

/Users/alessandrojcm/repos/dhc-dashboard/src/lib/components/workshops/workshop-express-checkout.svelte:230:4
Error: Cannot find name 'Alert'. (ts)
		<Alert.Title>Registration Failed</Alert.Title>
		<Alert.Description>{error}</Alert.Description>
		<div class="mt-2 flex gap-2">

/Users/alessandrojcm/repos/dhc-dashboard/src/lib/components/workshops/workshop-express-checkout.svelte:230:23
Error: Cannot find name 'error'. (ts)
		<Alert.Title>Registration Failed</Alert.Title>
		<Alert.Description>{error}</Alert.Description>
		<div class="mt-2 flex gap-2">

/Users/alessandrojcm/repos/dhc-dashboard/src/lib/components/workshops/workshop-express-checkout.svelte:230:31
Error: Cannot find name 'Alert'. (ts)
		<Alert.Title>Registration Failed</Alert.Title>
		<Alert.Description>{error}</Alert.Description>
		<div class="mt-2 flex gap-2">

/Users/alessandrojcm/repos/dhc-dashboard/src/lib/components/workshops/workshop-express-checkout.svelte:232:5
Error: Cannot find name 'Button'. (ts)
		<div class="mt-2 flex gap-2">
			<Button
				variant="outline"

/Users/alessandrojcm/repos/dhc-dashboard/src/lib/components/workshops/workshop-express-checkout.svelte:236:6
Error: Cannot find name 'error'. (ts)
				onclick={() => {
					error = null;
					createPaymentIntent.mutate();

/Users/alessandrojcm/repos/dhc-dashboard/src/lib/components/workshops/workshop-express-checkout.svelte:241:6
Error: Cannot find name 'Button'. (ts)
				Try Again
			</Button>
			{#if onCancel}

/Users/alessandrojcm/repos/dhc-dashboard/src/lib/components/workshops/workshop-express-checkout.svelte:243:6
Error: Cannot find name 'Button'. (ts)
			{#if onCancel}
				<Button variant="ghost" size="sm" onclick={onCancel}>Cancel</Button>
			{/if}

/Users/alessandrojcm/repos/dhc-dashboard/src/lib/components/workshops/workshop-express-checkout.svelte:243:66
Error: Cannot find name 'Button'. (ts)
			{#if onCancel}
				<Button variant="ghost" size="sm" onclick={onCancel}>Cancel</Button>
			{/if}

/Users/alessandrojcm/repos/dhc-dashboard/src/lib/components/workshops/workshop-express-checkout.svelte:246:4
Error: Cannot find name 'Alert'. (ts)
		</div>
	</Alert.Root>
{:else}

/Users/alessandrojcm/repos/dhc-dashboard/src/lib/components/workshops/workshop-express-checkout.svelte:259:7
Error: Cannot find name 'LoaderCircle'. (ts)
				<div class="flex items-center justify-center py-8">
					<LoaderCircle />
					<span class="ml-2">Initializing payment...</span>

/Users/alessandrojcm/repos/dhc-dashboard/src/lib/components/workshops/workshop-express-checkout.svelte:264:11
Error: Cannot find name 'isLoading'. (ts)
				<div class="space-y-4">
					{#if isLoading}
						<div class="flex items-center justify-center py-4">

/Users/alessandrojcm/repos/dhc-dashboard/src/lib/components/workshops/workshop-express-checkout.svelte:266:9
Error: Cannot find name 'LoaderCircle'. (ts)
						<div class="flex items-center justify-center py-4">
							<LoaderCircle />
							<span class="ml-2">Processing payment...</span>

/Users/alessandrojcm/repos/dhc-dashboard/src/lib/components/workshops/workshop-express-checkout.svelte:272:22
Error: Cannot assign to 'paymentElementContainer' because it is a constant. (ts)
					<!-- Regular Payment Element (Card, Revolut Pay) -->
					<div bind:this={paymentElementContainer} class="min-h-[200px]"></div>
					<Button

/Users/alessandrojcm/repos/dhc-dashboard/src/lib/components/workshops/workshop-express-checkout.svelte:273:7
Error: Cannot find name 'Button'. (ts)
					<div bind:this={paymentElementContainer} class="min-h-[200px]"></div>
					<Button
						onclick={() => handlePaymentConfirmation(currentPaymentIntentId!)}

/Users/alessandrojcm/repos/dhc-dashboard/src/lib/components/workshops/workshop-express-checkout.svelte:274:22
Error: Cannot find name 'handlePaymentConfirmation'. (ts)
					<Button
						onclick={() => handlePaymentConfirmation(currentPaymentIntentId!)}
						disabled={isLoading || !currentPaymentIntentId}

/Users/alessandrojcm/repos/dhc-dashboard/src/lib/components/workshops/workshop-express-checkout.svelte:274:48
Error: Cannot find name 'currentPaymentIntentId'. (ts)
					<Button
						onclick={() => handlePaymentConfirmation(currentPaymentIntentId!)}
						disabled={isLoading || !currentPaymentIntentId}

/Users/alessandrojcm/repos/dhc-dashboard/src/lib/components/workshops/workshop-express-checkout.svelte:275:17
Error: Cannot find name 'isLoading'. (ts)
						onclick={() => handlePaymentConfirmation(currentPaymentIntentId!)}
						disabled={isLoading || !currentPaymentIntentId}
						class="w-full"

/Users/alessandrojcm/repos/dhc-dashboard/src/lib/components/workshops/workshop-express-checkout.svelte:275:31
Error: Cannot find name 'currentPaymentIntentId'. (ts)
						onclick={() => handlePaymentConfirmation(currentPaymentIntentId!)}
						disabled={isLoading || !currentPaymentIntentId}
						class="w-full"

/Users/alessandrojcm/repos/dhc-dashboard/src/lib/components/workshops/workshop-express-checkout.svelte:278:12
Error: Cannot find name 'isLoading'. (ts)
					>
						{#if isLoading}
							<LoaderCircle class="mr-2 h-4 w-4" />

/Users/alessandrojcm/repos/dhc-dashboard/src/lib/components/workshops/workshop-express-checkout.svelte:279:9
Error: Cannot find name 'LoaderCircle'. (ts)
						{#if isLoading}
							<LoaderCircle class="mr-2 h-4 w-4" />
						{/if}

/Users/alessandrojcm/repos/dhc-dashboard/src/lib/components/workshops/workshop-express-checkout.svelte:282:8
Error: Cannot find name 'Button'. (ts)
						Complete Payment
					</Button>

/Users/alessandrojcm/repos/dhc-dashboard/src/lib/components/workshops/workshop-list.svelte:114:4
Error: Cannot find name 'Card'. (ts)
	{#if workshops.length === 0}
		<Card>
			<CardContent class="pt-6">

/Users/alessandrojcm/repos/dhc-dashboard/src/lib/components/workshops/workshop-list.svelte:115:5
Error: Cannot find name 'CardContent'. (ts)
		<Card>
			<CardContent class="pt-6">
				<div class="text-center text-muted-foreground">

/Users/alessandrojcm/repos/dhc-dashboard/src/lib/components/workshops/workshop-list.svelte:119:6
Error: Cannot find name 'CardContent'. (ts)
				</div>
			</CardContent>
		</Card>

/Users/alessandrojcm/repos/dhc-dashboard/src/lib/components/workshops/workshop-list.svelte:120:5
Error: Cannot find name 'Card'. (ts)
			</CardContent>
		</Card>
	{:else}

/Users/alessandrojcm/repos/dhc-dashboard/src/lib/components/workshops/workshop-list.svelte:123:5
Error: Cannot find name 'Card'. (ts)
		{#each workshops as workshop}
			<Card>
				<CardHeader>

/Users/alessandrojcm/repos/dhc-dashboard/src/lib/components/workshops/workshop-list.svelte:124:6
Error: Cannot find name 'CardHeader'. (ts)
			<Card>
				<CardHeader>
					<div class="flex justify-between items-start">

/Users/alessandrojcm/repos/dhc-dashboard/src/lib/components/workshops/workshop-list.svelte:126:8
Error: Cannot find name 'CardTitle'. (ts)
					<div class="flex justify-between items-start">
						<CardTitle>{workshop.title}</CardTitle>
						{#if isRefunded(workshop)}

/Users/alessandrojcm/repos/dhc-dashboard/src/lib/components/workshops/workshop-list.svelte:126:36
Error: Cannot find name 'CardTitle'. (ts)
					<div class="flex justify-between items-start">
						<CardTitle>{workshop.title}</CardTitle>
						{#if isRefunded(workshop)}

/Users/alessandrojcm/repos/dhc-dashboard/src/lib/components/workshops/workshop-list.svelte:127:12
Error: Cannot find name 'isRefunded'. (ts)
						<CardTitle>{workshop.title}</CardTitle>
						{#if isRefunded(workshop)}
							<Badge class={`${getStatusColor('cancelled')} capitalize`}>Refunded</Badge>

/Users/alessandrojcm/repos/dhc-dashboard/src/lib/components/workshops/workshop-list.svelte:128:9
Error: Cannot find name 'Badge'. (ts)
						{#if isRefunded(workshop)}
							<Badge class={`${getStatusColor('cancelled')} capitalize`}>Refunded</Badge>
						{:else}

/Users/alessandrojcm/repos/dhc-dashboard/src/lib/components/workshops/workshop-list.svelte:128:25
Error: Cannot find name 'getStatusColor'. (ts)
						{#if isRefunded(workshop)}
							<Badge class={`${getStatusColor('cancelled')} capitalize`}>Refunded</Badge>
						{:else}

/Users/alessandrojcm/repos/dhc-dashboard/src/lib/components/workshops/workshop-list.svelte:128:77
Error: Cannot find name 'Badge'. (ts)
						{#if isRefunded(workshop)}
							<Badge class={`${getStatusColor('cancelled')} capitalize`}>Refunded</Badge>
						{:else}

/Users/alessandrojcm/repos/dhc-dashboard/src/lib/components/workshops/workshop-list.svelte:130:9
Error: Cannot find name 'Badge'. (ts)
						{:else}
							<Badge class={`${getStatusColor(workshop.status ?? 'planned')} capitalize`}>
								{workshop?.status}

/Users/alessandrojcm/repos/dhc-dashboard/src/lib/components/workshops/workshop-list.svelte:130:25
Error: Cannot find name 'getStatusColor'. (ts)
						{:else}
							<Badge class={`${getStatusColor(workshop.status ?? 'planned')} capitalize`}>
								{workshop?.status}

/Users/alessandrojcm/repos/dhc-dashboard/src/lib/components/workshops/workshop-list.svelte:132:10
Error: Cannot find name 'Badge'. (ts)
								{workshop?.status}
							</Badge>
						{/if}

/Users/alessandrojcm/repos/dhc-dashboard/src/lib/components/workshops/workshop-list.svelte:135:7
Error: Cannot find name 'CardHeader'. (ts)
					</div>
				</CardHeader>
				<CardContent>

/Users/alessandrojcm/repos/dhc-dashboard/src/lib/components/workshops/workshop-list.svelte:136:6
Error: Cannot find name 'CardContent'. (ts)
				</CardHeader>
				<CardContent>
					<div class="space-y-2">

/Users/alessandrojcm/repos/dhc-dashboard/src/lib/components/workshops/workshop-list.svelte:144:10
Error: Cannot find name 'formatDateTime'. (ts)
								<strong>Start:</strong>
								{formatDateTime(workshop.start_date)}
							</div>

/Users/alessandrojcm/repos/dhc-dashboard/src/lib/components/workshops/workshop-list.svelte:148:10
Error: Cannot find name 'formatDateTime'. (ts)
								<strong>End:</strong>
								{formatDateTime(workshop.end_date)}
							</div>

/Users/alessandrojcm/repos/dhc-dashboard/src/lib/components/workshops/workshop-list.svelte:160:10
Error: Cannot find name 'formatPrice'. (ts)
								<strong>Member Price:</strong>
								{formatPrice(workshop.price_member)}
							</div>

/Users/alessandrojcm/repos/dhc-dashboard/src/lib/components/workshops/workshop-list.svelte:165:11
Error: Cannot find name 'formatPrice'. (ts)
									<strong>Non-Member Price:</strong>
									{formatPrice(workshop.price_non_member)}
								</div>

/Users/alessandrojcm/repos/dhc-dashboard/src/lib/components/workshops/workshop-list.svelte:171:11
Error: Cannot find name 'getInterestCount'. (ts)
									<strong>Interest:</strong>
									{getInterestCount(workshop)} people interested
								</div>

/Users/alessandrojcm/repos/dhc-dashboard/src/lib/components/workshops/workshop-list.svelte:177:11
Error: Cannot find name 'getInterestCount'. (ts)
									<strong>Attendees:</strong>
									{getInterestCount(workshop)} people attending
								</div>

/Users/alessandrojcm/repos/dhc-dashboard/src/lib/components/workshops/workshop-list.svelte:183:15
Error: Cannot find name 'hasUserInterest'. (ts)
							<div class="flex justify-end pt-4">
								{#if !hasUserInterest(workshop)}
									<Dialog.Root>

/Users/alessandrojcm/repos/dhc-dashboard/src/lib/components/workshops/workshop-list.svelte:184:11
Error: Cannot find name 'Dialog'. (ts)
								{#if !hasUserInterest(workshop)}
									<Dialog.Root>
										<Dialog.Trigger

/Users/alessandrojcm/repos/dhc-dashboard/src/lib/components/workshops/workshop-list.svelte:185:12
Error: Cannot find name 'Dialog'. (ts)
									<Dialog.Root>
										<Dialog.Trigger
											onclick={() => (selectedWorkshop = workshop)}

/Users/alessandrojcm/repos/dhc-dashboard/src/lib/components/workshops/workshop-list.svelte:186:28
Error: Cannot find name 'selectedWorkshop'. (ts)
										<Dialog.Trigger
											onclick={() => (selectedWorkshop = workshop)}
											class={buttonVariants({ variant: 'default' })}

/Users/alessandrojcm/repos/dhc-dashboard/src/lib/components/workshops/workshop-list.svelte:187:19
Error: Cannot find name 'buttonVariants'. (ts)
											onclick={() => (selectedWorkshop = workshop)}
											class={buttonVariants({ variant: 'default' })}
										>

/Users/alessandrojcm/repos/dhc-dashboard/src/lib/components/workshops/workshop-list.svelte:190:13
Error: Cannot find name 'Dialog'. (ts)
											Register
										</Dialog.Trigger>
										<Dialog.Content>

/Users/alessandrojcm/repos/dhc-dashboard/src/lib/components/workshops/workshop-list.svelte:191:12
Error: Cannot find name 'Dialog'. (ts)
										</Dialog.Trigger>
										<Dialog.Content>
											{#if selectedWorkshop !== null}

/Users/alessandrojcm/repos/dhc-dashboard/src/lib/components/workshops/workshop-list.svelte:192:17
Error: Cannot find name 'selectedWorkshop'. (ts)
										<Dialog.Content>
											{#if selectedWorkshop !== null}
												<Dialog.Header>

/Users/alessandrojcm/repos/dhc-dashboard/src/lib/components/workshops/workshop-list.svelte:193:14
Error: Cannot find name 'Dialog'. (ts)
											{#if selectedWorkshop !== null}
												<Dialog.Header>
													<Dialog.Title>Workshop Registration</Dialog.Title>

/Users/alessandrojcm/repos/dhc-dashboard/src/lib/components/workshops/workshop-list.svelte:194:15
Error: Cannot find name 'Dialog'. (ts)
												<Dialog.Header>
													<Dialog.Title>Workshop Registration</Dialog.Title>
													<Dialog.Description>

/Users/alessandrojcm/repos/dhc-dashboard/src/lib/components/workshops/workshop-list.svelte:194:51
Error: Cannot find name 'Dialog'. (ts)
												<Dialog.Header>
													<Dialog.Title>Workshop Registration</Dialog.Title>
													<Dialog.Description>

/Users/alessandrojcm/repos/dhc-dashboard/src/lib/components/workshops/workshop-list.svelte:195:15
Error: Cannot find name 'Dialog'. (ts)
													<Dialog.Title>Workshop Registration</Dialog.Title>
													<Dialog.Description>
														Complete your registration for {selectedWorkshop.title}

/Users/alessandrojcm/repos/dhc-dashboard/src/lib/components/workshops/workshop-list.svelte:196:47
Error: Cannot find name 'selectedWorkshop'. (ts)
													<Dialog.Description>
														Complete your registration for {selectedWorkshop.title}
													</Dialog.Description>

/Users/alessandrojcm/repos/dhc-dashboard/src/lib/components/workshops/workshop-list.svelte:197:16
Error: Cannot find name 'Dialog'. (ts)
														Complete your registration for {selectedWorkshop.title}
													</Dialog.Description>
												</Dialog.Header>

/Users/alessandrojcm/repos/dhc-dashboard/src/lib/components/workshops/workshop-list.svelte:198:15
Error: Cannot find name 'Dialog'. (ts)
													</Dialog.Description>
												</Dialog.Header>

/Users/alessandrojcm/repos/dhc-dashboard/src/lib/components/workshops/workshop-list.svelte:200:14
Error: Cannot find name 'WorkshopExpressCheckout'. (ts)

												<WorkshopExpressCheckout
													workshopId={selectedWorkshop.id}

/Users/alessandrojcm/repos/dhc-dashboard/src/lib/components/workshops/workshop-list.svelte:201:26
Error: Cannot find name 'selectedWorkshop'. (ts)
												<WorkshopExpressCheckout
													workshopId={selectedWorkshop.id}
													workshopTitle={selectedWorkshop.title}

/Users/alessandrojcm/repos/dhc-dashboard/src/lib/components/workshops/workshop-list.svelte:202:29
Error: Cannot find name 'selectedWorkshop'. (ts)
													workshopId={selectedWorkshop.id}
													workshopTitle={selectedWorkshop.title}
													amount={getWorkshopPrice(selectedWorkshop)}

/Users/alessandrojcm/repos/dhc-dashboard/src/lib/components/workshops/workshop-list.svelte:203:22
Error: Cannot find name 'getWorkshopPrice'. (ts)
													workshopTitle={selectedWorkshop.title}
													amount={getWorkshopPrice(selectedWorkshop)}
													customerId={userData?.customerId}

/Users/alessandrojcm/repos/dhc-dashboard/src/lib/components/workshops/workshop-list.svelte:203:39
Error: Cannot find name 'selectedWorkshop'. (ts)
													workshopTitle={selectedWorkshop.title}
													amount={getWorkshopPrice(selectedWorkshop)}
													customerId={userData?.customerId}

/Users/alessandrojcm/repos/dhc-dashboard/src/lib/components/workshops/workshop-list.svelte:204:26
Error: Cannot find name 'userData'. (ts)
													amount={getWorkshopPrice(selectedWorkshop)}
													customerId={userData?.customerId}
													onSuccess={() => {

/Users/alessandrojcm/repos/dhc-dashboard/src/lib/components/workshops/workshop-list.svelte:206:15
Error: Cannot find name 'selectedWorkshop'. (ts)
													onSuccess={() => {
														selectedWorkshop = null;
														handleRegistrationSuccess();

/Users/alessandrojcm/repos/dhc-dashboard/src/lib/components/workshops/workshop-list.svelte:207:15
Error: Cannot find name 'handleRegistrationSuccess'. (ts)
														selectedWorkshop = null;
														handleRegistrationSuccess();
													}}

/Users/alessandrojcm/repos/dhc-dashboard/src/lib/components/workshops/workshop-list.svelte:209:31
Error: Cannot find name 'selectedWorkshop'. (ts)
													}}
													onCancel={() => (selectedWorkshop = null)}
												/>

/Users/alessandrojcm/repos/dhc-dashboard/src/lib/components/workshops/workshop-list.svelte:212:13
Error: Cannot find name 'Dialog'. (ts)
											{/if}
										</Dialog.Content>
									</Dialog.Root>

/Users/alessandrojcm/repos/dhc-dashboard/src/lib/components/workshops/workshop-list.svelte:213:12
Error: Cannot find name 'Dialog'. (ts)
										</Dialog.Content>
									</Dialog.Root>
								{:else if !isRefunded(workshop)}

/Users/alessandrojcm/repos/dhc-dashboard/src/lib/components/workshops/workshop-list.svelte:214:20
Error: Cannot find name 'isRefunded'. (ts)
									</Dialog.Root>
								{:else if !isRefunded(workshop)}
									<Button variant="destructive" onclick={() => handleCancelRegistration(workshop)}>

/Users/alessandrojcm/repos/dhc-dashboard/src/lib/components/workshops/workshop-list.svelte:215:11
Error: Cannot find name 'Button'. (ts)
								{:else if !isRefunded(workshop)}
									<Button variant="destructive" onclick={() => handleCancelRegistration(workshop)}>
										Cancel Registration

/Users/alessandrojcm/repos/dhc-dashboard/src/lib/components/workshops/workshop-list.svelte:215:55
Error: Cannot find name 'handleCancelRegistration'. (ts)
								{:else if !isRefunded(workshop)}
									<Button variant="destructive" onclick={() => handleCancelRegistration(workshop)}>
										Cancel Registration

/Users/alessandrojcm/repos/dhc-dashboard/src/lib/components/workshops/workshop-list.svelte:217:12
Error: Cannot find name 'Button'. (ts)
										Cancel Registration
									</Button>
								{/if}

/Users/alessandrojcm/repos/dhc-dashboard/src/lib/components/workshops/workshop-list.svelte:223:10
Error: Cannot find name 'Button'. (ts)
							<div class="flex justify-end pt-4">
								<Button
									variant={hasUserInterest(workshop) ? 'default' : 'outline'}

/Users/alessandrojcm/repos/dhc-dashboard/src/lib/components/workshops/workshop-list.svelte:224:19
Error: Cannot find name 'hasUserInterest'. (ts)
								<Button
									variant={hasUserInterest(workshop) ? 'default' : 'outline'}
									onclick={() => onInterestToggle(workshop.id)}

/Users/alessandrojcm/repos/dhc-dashboard/src/lib/components/workshops/workshop-list.svelte:228:11
Error: Cannot find name 'hasUserInterest'. (ts)
								>
									{hasUserInterest(workshop) ? 'Withdraw Interest' : 'Express Interest'}
								</Button>

/Users/alessandrojcm/repos/dhc-dashboard/src/lib/components/workshops/workshop-list.svelte:229:11
Error: Cannot find name 'Button'. (ts)
									{hasUserInterest(workshop) ? 'Withdraw Interest' : 'Express Interest'}
								</Button>
							</div>

/Users/alessandrojcm/repos/dhc-dashboard/src/lib/components/workshops/workshop-list.svelte:233:7
Error: Cannot find name 'CardContent'. (ts)
					</div>
				</CardContent>
			</Card>

/Users/alessandrojcm/repos/dhc-dashboard/src/lib/components/workshops/workshop-list.svelte:234:6
Error: Cannot find name 'Card'. (ts)
				</CardContent>
			</Card>
		{/each}

/Users/alessandrojcm/repos/dhc-dashboard/src/lib/components/workshops/workshop-list.svelte:239:6
Error: Cannot find name 'selectedWorkshop'. (ts)

{#if selectedWorkshop && selectedRegistration}
	<WorkshopCancellationDialog

/Users/alessandrojcm/repos/dhc-dashboard/src/lib/components/workshops/workshop-list.svelte:239:26
Error: Cannot find name 'selectedRegistration'. (ts)

{#if selectedWorkshop && selectedRegistration}
	<WorkshopCancellationDialog

/Users/alessandrojcm/repos/dhc-dashboard/src/lib/components/workshops/workshop-list.svelte:240:3
Error: Cannot find name 'WorkshopCancellationDialog'. (ts)
{#if selectedWorkshop && selectedRegistration}
	<WorkshopCancellationDialog
		workshop={selectedWorkshop}

/Users/alessandrojcm/repos/dhc-dashboard/src/lib/components/workshops/workshop-list.svelte:241:13
Error: Cannot find name 'selectedWorkshop'. (ts)
	<WorkshopCancellationDialog
		workshop={selectedWorkshop}
		registrationId={selectedRegistration.id}

/Users/alessandrojcm/repos/dhc-dashboard/src/lib/components/workshops/workshop-list.svelte:242:19
Error: Cannot find name 'selectedRegistration'. (ts)
		workshop={selectedWorkshop}
		registrationId={selectedRegistration.id}
		registrationStatus={selectedRegistration.status}

/Users/alessandrojcm/repos/dhc-dashboard/src/lib/components/workshops/workshop-list.svelte:243:23
Error: Cannot find name 'selectedRegistration'. (ts)
		registrationId={selectedRegistration.id}
		registrationStatus={selectedRegistration.status}
		open={showCancellationDialog}

/Users/alessandrojcm/repos/dhc-dashboard/src/lib/components/workshops/workshop-list.svelte:244:9
Error: Cannot find name 'showCancellationDialog'. (ts)
		registrationStatus={selectedRegistration.status}
		open={showCancellationDialog}
		onOpenChange={(open) => {

/Users/alessandrojcm/repos/dhc-dashboard/src/lib/components/workshops/workshop-list.svelte:245:18
Error: Parameter 'open' implicitly has an 'any' type. (ts)
		open={showCancellationDialog}
		onOpenChange={(open) => {
			showCancellationDialog = open;

/Users/alessandrojcm/repos/dhc-dashboard/src/lib/components/workshops/workshop-list.svelte:246:4
Error: Cannot find name 'showCancellationDialog'. (ts)
		onOpenChange={(open) => {
			showCancellationDialog = open;
			if (!open) {

/Users/alessandrojcm/repos/dhc-dashboard/src/lib/components/workshops/workshop-list.svelte:248:5
Error: Cannot find name 'selectedWorkshop'. (ts)
			if (!open) {
				selectedWorkshop = null;
				selectedRegistration = null;

/Users/alessandrojcm/repos/dhc-dashboard/src/lib/components/workshops/workshop-list.svelte:249:5
Error: Cannot find name 'selectedRegistration'. (ts)
				selectedWorkshop = null;
				selectedRegistration = null;
			}

/Users/alessandrojcm/repos/dhc-dashboard/src/lib/components/workshops/workshop-list.svelte:252:14
Error: Cannot find name 'handleRegistrationSuccess'. (ts)
		}}
		onSuccess={handleRegistrationSuccess}
	/>

/Users/alessandrojcm/repos/dhc-dashboard/src/routes/(public)/+error.svelte:13:3
Error: Cannot find name 'Alert'. (ts)
<div class="flex items-center justify-center h-[100vh] w-2/3">
	<Alert.Root variant="destructive" class="max-w-md h-fit">
		<Alert.Title>Error</Alert.Title>

/Users/alessandrojcm/repos/dhc-dashboard/src/routes/(public)/+error.svelte:14:4
Error: Cannot find name 'Alert'. (ts)
	<Alert.Root variant="destructive" class="max-w-md h-fit">
		<Alert.Title>Error</Alert.Title>
		<Alert.Description>

/Users/alessandrojcm/repos/dhc-dashboard/src/routes/(public)/+error.svelte:14:23
Error: Cannot find name 'Alert'. (ts)
	<Alert.Root variant="destructive" class="max-w-md h-fit">
		<Alert.Title>Error</Alert.Title>
		<Alert.Description>

/Users/alessandrojcm/repos/dhc-dashboard/src/routes/(public)/+error.svelte:15:4
Error: Cannot find name 'Alert'. (ts)
		<Alert.Title>Error</Alert.Title>
		<Alert.Description>
			{$page.error?.message || 'An unexpected error occurred.'}

/Users/alessandrojcm/repos/dhc-dashboard/src/routes/(public)/+error.svelte:17:5
Error: Cannot find name 'Alert'. (ts)
			{$page.error?.message || 'An unexpected error occurred.'}
		</Alert.Description>
	</Alert.Root>

/Users/alessandrojcm/repos/dhc-dashboard/src/routes/(public)/+error.svelte:18:4
Error: Cannot find name 'Alert'. (ts)
		</Alert.Description>
	</Alert.Root>
</div>

/Users/alessandrojcm/repos/dhc-dashboard/src/routes/(public)/+layout.svelte:11:22
Error: Cannot find name 'DHCLogo'. (ts)
	<div class="hidden md:flex flex-1 md:basis-1/4 bg-blue-500 px-2 items-center justify-center">
		<enhanced:img src={DHCLogo} alt="Dublin Hema Club Logo" class="max-w-full h-auto" />
	</div>

/Users/alessandrojcm/repos/dhc-dashboard/src/routes/(public)/members/signup/+error.svelte:16:3
Error: Cannot find name 'Alert'. (ts)
<div class="flex items-center justify-center w-2/3">
	<Alert.Root variant="destructive" class="max-w-md h-fit">
		<Alert.Title>Something has gone wrong, please try again</Alert.Title>

/Users/alessandrojcm/repos/dhc-dashboard/src/routes/(public)/members/signup/+error.svelte:17:4
Error: Cannot find name 'Alert'. (ts)
	<Alert.Root variant="destructive" class="max-w-md h-fit">
		<Alert.Title>Something has gone wrong, please try again</Alert.Title>
		<Alert.Description>

/Users/alessandrojcm/repos/dhc-dashboard/src/routes/(public)/members/signup/+error.svelte:17:60
Error: Cannot find name 'Alert'. (ts)
	<Alert.Root variant="destructive" class="max-w-md h-fit">
		<Alert.Title>Something has gone wrong, please try again</Alert.Title>
		<Alert.Description>

/Users/alessandrojcm/repos/dhc-dashboard/src/routes/(public)/members/signup/+error.svelte:18:4
Error: Cannot find name 'Alert'. (ts)
		<Alert.Title>Something has gone wrong, please try again</Alert.Title>
		<Alert.Description>
			{$page.error?.message}

/Users/alessandrojcm/repos/dhc-dashboard/src/routes/(public)/members/signup/+error.svelte:20:5
Error: Cannot find name 'Alert'. (ts)
			{$page.error?.message}
		</Alert.Description>
		<Button onclick={() => document.location.reload()}>Try again</Button>

/Users/alessandrojcm/repos/dhc-dashboard/src/routes/(public)/members/signup/+error.svelte:21:4
Error: Cannot find name 'Button'. (ts)
		</Alert.Description>
		<Button onclick={() => document.location.reload()}>Try again</Button>
	</Alert.Root>

/Users/alessandrojcm/repos/dhc-dashboard/src/routes/(public)/members/signup/+error.svelte:21:65
Error: Cannot find name 'Button'. (ts)
		</Alert.Description>
		<Button onclick={() => document.location.reload()}>Try again</Button>
	</Alert.Root>

/Users/alessandrojcm/repos/dhc-dashboard/src/routes/(public)/members/signup/+error.svelte:22:4
Error: Cannot find name 'Alert'. (ts)
		<Button onclick={() => document.location.reload()}>Try again</Button>
	</Alert.Root>
</div>

/Users/alessandrojcm/repos/dhc-dashboard/src/routes/(public)/members/signup/[invitationId]/+error.svelte:16:3
Error: Cannot find name 'Alert'. (ts)
<div class="flex items-center justify-center w-2/3">
	<Alert.Root variant="destructive" class="max-w-md h-fit">
		<Alert.Title>Something has gone wrong, please try again</Alert.Title>

/Users/alessandrojcm/repos/dhc-dashboard/src/routes/(public)/members/signup/[invitationId]/+error.svelte:17:4
Error: Cannot find name 'Alert'. (ts)
	<Alert.Root variant="destructive" class="max-w-md h-fit">
		<Alert.Title>Something has gone wrong, please try again</Alert.Title>
		<Alert.Description>

/Users/alessandrojcm/repos/dhc-dashboard/src/routes/(public)/members/signup/[invitationId]/+error.svelte:17:60
Error: Cannot find name 'Alert'. (ts)
	<Alert.Root variant="destructive" class="max-w-md h-fit">
		<Alert.Title>Something has gone wrong, please try again</Alert.Title>
		<Alert.Description>

/Users/alessandrojcm/repos/dhc-dashboard/src/routes/(public)/members/signup/[invitationId]/+error.svelte:18:4
Error: Cannot find name 'Alert'. (ts)
		<Alert.Title>Something has gone wrong, please try again</Alert.Title>
		<Alert.Description>
			{page.error?.message}

/Users/alessandrojcm/repos/dhc-dashboard/src/routes/(public)/members/signup/[invitationId]/+error.svelte:20:5
Error: Cannot find name 'Alert'. (ts)
			{page.error?.message}
		</Alert.Description>
		<Button class="w-fit" onclick={() => document.location.reload()}>Try again</Button>

/Users/alessandrojcm/repos/dhc-dashboard/src/routes/(public)/members/signup/[invitationId]/+error.svelte:21:4
Error: Cannot find name 'Button'. (ts)
		</Alert.Description>
		<Button class="w-fit" onclick={() => document.location.reload()}>Try again</Button>
	</Alert.Root>

/Users/alessandrojcm/repos/dhc-dashboard/src/routes/(public)/members/signup/[invitationId]/+error.svelte:21:79
Error: Cannot find name 'Button'. (ts)
		</Alert.Description>
		<Button class="w-fit" onclick={() => document.location.reload()}>Try again</Button>
	</Alert.Root>

/Users/alessandrojcm/repos/dhc-dashboard/src/routes/(public)/members/signup/[invitationId]/+error.svelte:22:4
Error: Cannot find name 'Alert'. (ts)
		<Button class="w-fit" onclick={() => document.location.reload()}>Try again</Button>
	</Alert.Root>
</div>

/Users/alessandrojcm/repos/dhc-dashboard/src/routes/(public)/members/signup/[invitationId]/+layout.svelte:9:2
Error: Cannot find name 'Card'. (ts)

<Card.Root class="w-full max-w-2xl max-h-[90vh]">
	<Card.Header>

/Users/alessandrojcm/repos/dhc-dashboard/src/routes/(public)/members/signup/[invitationId]/+layout.svelte:10:3
Error: Cannot find name 'Card'. (ts)
<Card.Root class="w-full max-w-2xl max-h-[90vh]">
	<Card.Header>
		<div class="md:hidden flex justify-center mb-4">

/Users/alessandrojcm/repos/dhc-dashboard/src/routes/(public)/members/signup/[invitationId]/+layout.svelte:12:23
Error: Cannot find name 'DHCLogo'. (ts)
		<div class="md:hidden flex justify-center mb-4">
			<enhanced:img src={DHCLogo} alt="Dublin Hema Club Logo" class="w-24 h-24" />
		</div>

/Users/alessandrojcm/repos/dhc-dashboard/src/routes/(public)/members/signup/[invitationId]/+layout.svelte:14:4
Error: Cannot find name 'Card'. (ts)
		</div>
		<Card.Title>Join Dublin Hema Club</Card.Title>
		<Card.Description

/Users/alessandrojcm/repos/dhc-dashboard/src/routes/(public)/members/signup/[invitationId]/+layout.svelte:14:38
Error: Cannot find name 'Card'. (ts)
		</div>
		<Card.Title>Join Dublin Hema Club</Card.Title>
		<Card.Description

/Users/alessandrojcm/repos/dhc-dashboard/src/routes/(public)/members/signup/[invitationId]/+layout.svelte:15:4
Error: Cannot find name 'Card'. (ts)
		<Card.Title>Join Dublin Hema Club</Card.Title>
		<Card.Description
			>We are glad you decided to join us! These are the personal details we have from you, if

/Users/alessandrojcm/repos/dhc-dashboard/src/routes/(public)/members/signup/[invitationId]/+layout.svelte:19:5
Error: Cannot find name 'Card'. (ts)
			data and the payment info below.
		</Card.Description>
	</Card.Header>

/Users/alessandrojcm/repos/dhc-dashboard/src/routes/(public)/members/signup/[invitationId]/+layout.svelte:20:4
Error: Cannot find name 'Card'. (ts)
		</Card.Description>
	</Card.Header>
	<Card.Content class="h-auto md:max-h-[72svh] max-h-[60svh] overflow-y-auto">

/Users/alessandrojcm/repos/dhc-dashboard/src/routes/(public)/members/signup/[invitationId]/+layout.svelte:21:3
Error: Cannot find name 'Card'. (ts)
	</Card.Header>
	<Card.Content class="h-auto md:max-h-[72svh] max-h-[60svh] overflow-y-auto">
		{@render children()}

/Users/alessandrojcm/repos/dhc-dashboard/src/routes/(public)/members/signup/[invitationId]/+layout.svelte:23:4
Error: Cannot find name 'Card'. (ts)
		{@render children()}
	</Card.Content>
</Card.Root>

/Users/alessandrojcm/repos/dhc-dashboard/src/routes/(public)/members/signup/[invitationId]/+layout.svelte:24:3
Error: Cannot find name 'Card'. (ts)
	</Card.Content>
</Card.Root>

/Users/alessandrojcm/repos/dhc-dashboard/src/routes/(public)/members/signup/[invitationId]/+page.svelte:7:3
Error: Cannot find name 'ConfirmInvitation'. (ts)
{#if !isVerified}
	<ConfirmInvitation bind:isVerified />
{:else}

/Users/alessandrojcm/repos/dhc-dashboard/src/routes/(public)/members/signup/[invitationId]/+page.svelte:9:3
Error: Cannot find name 'PaymentForm'. (ts)
{:else}
	<PaymentForm {...data} />
{/if}

/Users/alessandrojcm/repos/dhc-dashboard/src/routes/(public)/members/signup/[invitationId]/confirm-invitation.svelte:119:54
Error: `$dobProxy` is an illegal variable name. To reference a global variable called `$dobProxy`, use `globalThis.$dobProxy`
https://svelte.dev/e/global_reference_invalid (svelte)
						/>
						<input id="dobInput" type="date" hidden value={$dobProxy} name={props.name} />
					{/snippet}

/Users/alessandrojcm/repos/dhc-dashboard/src/routes/(public)/members/signup/[invitationId]/confirm-invitation.svelte:74:4
Error: Cannot find name 'Alert'. (ts)
	<div class="space-y-6">
		<Alert.Root variant="success" class="w-full mb-6">
			<Alert.Title>Invitation Verified!</Alert.Title>

/Users/alessandrojcm/repos/dhc-dashboard/src/routes/(public)/members/signup/[invitationId]/confirm-invitation.svelte:75:5
Error: Cannot find name 'Alert'. (ts)
		<Alert.Root variant="success" class="w-full mb-6">
			<Alert.Title>Invitation Verified!</Alert.Title>
			<Alert.Description>

/Users/alessandrojcm/repos/dhc-dashboard/src/routes/(public)/members/signup/[invitationId]/confirm-invitation.svelte:75:39
Error: Cannot find name 'Alert'. (ts)
		<Alert.Root variant="success" class="w-full mb-6">
			<Alert.Title>Invitation Verified!</Alert.Title>
			<Alert.Description>

/Users/alessandrojcm/repos/dhc-dashboard/src/routes/(public)/members/signup/[invitationId]/confirm-invitation.svelte:76:5
Error: Cannot find name 'Alert'. (ts)
			<Alert.Title>Invitation Verified!</Alert.Title>
			<Alert.Description>
				Your invitation has been successfully verified. Please complete your membership signup

/Users/alessandrojcm/repos/dhc-dashboard/src/routes/(public)/members/signup/[invitationId]/confirm-invitation.svelte:79:6
Error: Cannot find name 'Alert'. (ts)
				below.
			</Alert.Description>
		</Alert.Root>

/Users/alessandrojcm/repos/dhc-dashboard/src/routes/(public)/members/signup/[invitationId]/confirm-invitation.svelte:80:5
Error: Cannot find name 'Alert'. (ts)
			</Alert.Description>
		</Alert.Root>
	</div>

/Users/alessandrojcm/repos/dhc-dashboard/src/routes/(public)/members/signup/[invitationId]/confirm-invitation.svelte:90:5
Error: Cannot find name 'Form'. (ts)
		<form method="POST" class="space-y-6" use:enhance>
			<Form.Field {form} name="email">
				<Form.Control>

/Users/alessandrojcm/repos/dhc-dashboard/src/routes/(public)/members/signup/[invitationId]/confirm-invitation.svelte:91:6
Error: Cannot find name 'Form'. (ts)
			<Form.Field {form} name="email">
				<Form.Control>
					{#snippet children({ props })}

/Users/alessandrojcm/repos/dhc-dashboard/src/routes/(public)/members/signup/[invitationId]/confirm-invitation.svelte:92:27
Error: Binding element 'props' implicitly has an 'any' type. (ts)
				<Form.Control>
					{#snippet children({ props })}
						<Form.Label>Email</Form.Label>

/Users/alessandrojcm/repos/dhc-dashboard/src/routes/(public)/members/signup/[invitationId]/confirm-invitation.svelte:93:8
Error: Cannot find name 'Form'. (ts)
					{#snippet children({ props })}
						<Form.Label>Email</Form.Label>
						<Input

/Users/alessandrojcm/repos/dhc-dashboard/src/routes/(public)/members/signup/[invitationId]/confirm-invitation.svelte:93:26
Error: Cannot find name 'Form'. (ts)
					{#snippet children({ props })}
						<Form.Label>Email</Form.Label>
						<Input

/Users/alessandrojcm/repos/dhc-dashboard/src/routes/(public)/members/signup/[invitationId]/confirm-invitation.svelte:94:8
Error: Cannot find name 'Input'. (ts)
						<Form.Label>Email</Form.Label>
						<Input
							{...props}

/Users/alessandrojcm/repos/dhc-dashboard/src/routes/(public)/members/signup/[invitationId]/confirm-invitation.svelte:101:7
Error: Cannot find name 'Form'. (ts)
					{/snippet}
				</Form.Control>
				<Form.FieldErrors />

/Users/alessandrojcm/repos/dhc-dashboard/src/routes/(public)/members/signup/[invitationId]/confirm-invitation.svelte:102:6
Error: Cannot find name 'Form'. (ts)
				</Form.Control>
				<Form.FieldErrors />
			</Form.Field>

/Users/alessandrojcm/repos/dhc-dashboard/src/routes/(public)/members/signup/[invitationId]/confirm-invitation.svelte:103:6
Error: Cannot find name 'Form'. (ts)
				<Form.FieldErrors />
			</Form.Field>

/Users/alessandrojcm/repos/dhc-dashboard/src/routes/(public)/members/signup/[invitationId]/confirm-invitation.svelte:105:5
Error: Cannot find name 'Form'. (ts)

			<Form.Field {form} name="dateOfBirth">
				<Form.Control>

/Users/alessandrojcm/repos/dhc-dashboard/src/routes/(public)/members/signup/[invitationId]/confirm-invitation.svelte:106:6
Error: Cannot find name 'Form'. (ts)
			<Form.Field {form} name="dateOfBirth">
				<Form.Control>
					{#snippet children({ props })}

/Users/alessandrojcm/repos/dhc-dashboard/src/routes/(public)/members/signup/[invitationId]/confirm-invitation.svelte:107:27
Error: Binding element 'props' implicitly has an 'any' type. (ts)
				<Form.Control>
					{#snippet children({ props })}
						<Form.Label>Date of birth</Form.Label>

/Users/alessandrojcm/repos/dhc-dashboard/src/routes/(public)/members/signup/[invitationId]/confirm-invitation.svelte:108:8
Error: Cannot find name 'Form'. (ts)
					{#snippet children({ props })}
						<Form.Label>Date of birth</Form.Label>
						<DatePicker

/Users/alessandrojcm/repos/dhc-dashboard/src/routes/(public)/members/signup/[invitationId]/confirm-invitation.svelte:108:34
Error: Cannot find name 'Form'. (ts)
					{#snippet children({ props })}
						<Form.Label>Date of birth</Form.Label>
						<DatePicker

/Users/alessandrojcm/repos/dhc-dashboard/src/routes/(public)/members/signup/[invitationId]/confirm-invitation.svelte:109:8
Error: Cannot find name 'DatePicker'. (ts)
						<Form.Label>Date of birth</Form.Label>
						<DatePicker
							{...props}

/Users/alessandrojcm/repos/dhc-dashboard/src/routes/(public)/members/signup/[invitationId]/confirm-invitation.svelte:111:15
Error: Cannot find name 'dobValue'. (ts)
							{...props}
							value={dobValue}
							onDateChange={(date) => {

/Users/alessandrojcm/repos/dhc-dashboard/src/routes/(public)/members/signup/[invitationId]/confirm-invitation.svelte:112:23
Error: Parameter 'date' implicitly has an 'any' type. (ts)
							value={dobValue}
							onDateChange={(date) => {
								if (!date) {

/Users/alessandrojcm/repos/dhc-dashboard/src/routes/(public)/members/signup/[invitationId]/confirm-invitation.svelte:119:54
Error: Cannot find name '$dobProxy'. (ts)
						/>
						<input id="dobInput" type="date" hidden value={$dobProxy} name={props.name} />
					{/snippet}

/Users/alessandrojcm/repos/dhc-dashboard/src/routes/(public)/members/signup/[invitationId]/confirm-invitation.svelte:121:7
Error: Cannot find name 'Form'. (ts)
					{/snippet}
				</Form.Control>
				<Form.FieldErrors />

/Users/alessandrojcm/repos/dhc-dashboard/src/routes/(public)/members/signup/[invitationId]/confirm-invitation.svelte:122:6
Error: Cannot find name 'Form'. (ts)
				</Form.Control>
				<Form.FieldErrors />
			</Form.Field>

/Users/alessandrojcm/repos/dhc-dashboard/src/routes/(public)/members/signup/[invitationId]/confirm-invitation.svelte:123:6
Error: Cannot find name 'Form'. (ts)
				<Form.FieldErrors />
			</Form.Field>

/Users/alessandrojcm/repos/dhc-dashboard/src/routes/(public)/members/signup/[invitationId]/confirm-invitation.svelte:125:5
Error: Cannot find name 'Button'. (ts)

			<Button type="submit" class="w-full" disabled={$submitting}>
				{#if $submitting}

/Users/alessandrojcm/repos/dhc-dashboard/src/routes/(public)/members/signup/[invitationId]/confirm-invitation.svelte:127:7
Error: Cannot find name 'LoaderCircle'. (ts)
				{#if $submitting}
					<LoaderCircle />
				{:else}

/Users/alessandrojcm/repos/dhc-dashboard/src/routes/(public)/members/signup/[invitationId]/confirm-invitation.svelte:130:7
Error: Cannot find name 'ArrowRightIcon'. (ts)
					Verify Invitation
					<ArrowRightIcon class="ml-2 h-4 w-4" />
				{/if}

/Users/alessandrojcm/repos/dhc-dashboard/src/routes/(public)/members/signup/[invitationId]/confirm-invitation.svelte:132:6
Error: Cannot find name 'Button'. (ts)
				{/if}
			</Button>
		</form>

/Users/alessandrojcm/repos/dhc-dashboard/src/routes/(public)/members/signup/[invitationId]/payment-form.svelte:209:3
Error: Cannot find name 'Alert'. (ts)
{#snippet thanksAlert()}
	<Alert.Root variant="success" class="w-full">
		<Alert.Title>Thank You for Joining!</Alert.Title>

/Users/alessandrojcm/repos/dhc-dashboard/src/routes/(public)/members/signup/[invitationId]/payment-form.svelte:210:4
Error: Cannot find name 'Alert'. (ts)
	<Alert.Root variant="success" class="w-full">
		<Alert.Title>Thank You for Joining!</Alert.Title>
		<Alert.Description>

/Users/alessandrojcm/repos/dhc-dashboard/src/routes/(public)/members/signup/[invitationId]/payment-form.svelte:210:40
Error: Cannot find name 'Alert'. (ts)
	<Alert.Root variant="success" class="w-full">
		<Alert.Title>Thank You for Joining!</Alert.Title>
		<Alert.Description>

/Users/alessandrojcm/repos/dhc-dashboard/src/routes/(public)/members/signup/[invitationId]/payment-form.svelte:211:4
Error: Cannot find name 'Alert'. (ts)
		<Alert.Title>Thank You for Joining!</Alert.Title>
		<Alert.Description>
			Your membership has been successfully processed. Welcome to Dublin Hema Club! You will receive

/Users/alessandrojcm/repos/dhc-dashboard/src/routes/(public)/members/signup/[invitationId]/payment-form.svelte:214:5
Error: Cannot find name 'Alert'. (ts)
			a Discord invite by email shortly.
		</Alert.Description>
		<Button onclick={() => goto('/dashboard')} class="mt-2 w-fit">Go to Dashboard</Button>

/Users/alessandrojcm/repos/dhc-dashboard/src/routes/(public)/members/signup/[invitationId]/payment-form.svelte:215:4
Error: Cannot find name 'Button'. (ts)
		</Alert.Description>
		<Button onclick={() => goto('/dashboard')} class="mt-2 w-fit">Go to Dashboard</Button>
	</Alert.Root>

/Users/alessandrojcm/repos/dhc-dashboard/src/routes/(public)/members/signup/[invitationId]/payment-form.svelte:215:26
Error: Cannot find name 'goto'. (ts)
		</Alert.Description>
		<Button onclick={() => goto('/dashboard')} class="mt-2 w-fit">Go to Dashboard</Button>
	</Alert.Root>

/Users/alessandrojcm/repos/dhc-dashboard/src/routes/(public)/members/signup/[invitationId]/payment-form.svelte:215:82
Error: Cannot find name 'Button'. (ts)
		</Alert.Description>
		<Button onclick={() => goto('/dashboard')} class="mt-2 w-fit">Go to Dashboard</Button>
	</Alert.Root>

/Users/alessandrojcm/repos/dhc-dashboard/src/routes/(public)/members/signup/[invitationId]/payment-form.svelte:216:4
Error: Cannot find name 'Alert'. (ts)
		<Button onclick={() => goto('/dashboard')} class="mt-2 w-fit">Go to Dashboard</Button>
	</Alert.Root>
{/snippet}

/Users/alessandrojcm/repos/dhc-dashboard/src/routes/(public)/members/signup/[invitationId]/payment-form.svelte:218:6
Error: Cannot find name 'showThanks'. (ts)
{/snippet}
{#if showThanks}
	{@render thanksAlert()}

/Users/alessandrojcm/repos/dhc-dashboard/src/routes/(public)/members/signup/[invitationId]/payment-form.svelte:238:7
Error: Cannot find name 'dayjs'. (ts)
				<p class="text-sm text-gray-600">
					{dayjs(props.userData.dateOfBirth).format('DD/MM/YYYY')}
				</p>

/Users/alessandrojcm/repos/dhc-dashboard/src/routes/(public)/members/signup/[invitationId]/payment-form.svelte:251:39
Error: Cannot find name 'formatedPhone'. (ts)
				<p>Phone Number</p>
				<p class="text-sm text-gray-600">{formatedPhone?.formatInternational()}</p>
			</div>

/Users/alessandrojcm/repos/dhc-dashboard/src/routes/(public)/members/signup/[invitationId]/payment-form.svelte:261:5
Error: Cannot find name 'Form'. (ts)
		<div class="space-y-4">
			<Form.Field {form} name="nextOfKin">
				<Form.Control>

/Users/alessandrojcm/repos/dhc-dashboard/src/routes/(public)/members/signup/[invitationId]/payment-form.svelte:262:6
Error: Cannot find name 'Form'. (ts)
			<Form.Field {form} name="nextOfKin">
				<Form.Control>
					{#snippet children({ props })}

/Users/alessandrojcm/repos/dhc-dashboard/src/routes/(public)/members/signup/[invitationId]/payment-form.svelte:263:27
Error: Binding element 'props' implicitly has an 'any' type. (ts)
				<Form.Control>
					{#snippet children({ props })}
						<Form.Label>Next of Kin</Form.Label>

/Users/alessandrojcm/repos/dhc-dashboard/src/routes/(public)/members/signup/[invitationId]/payment-form.svelte:264:8
Error: Cannot find name 'Form'. (ts)
					{#snippet children({ props })}
						<Form.Label>Next of Kin</Form.Label>
						<Input

/Users/alessandrojcm/repos/dhc-dashboard/src/routes/(public)/members/signup/[invitationId]/payment-form.svelte:264:32
Error: Cannot find name 'Form'. (ts)
					{#snippet children({ props })}
						<Form.Label>Next of Kin</Form.Label>
						<Input

/Users/alessandrojcm/repos/dhc-dashboard/src/routes/(public)/members/signup/[invitationId]/payment-form.svelte:265:8
Error: Cannot find name 'Input'. (ts)
						<Form.Label>Next of Kin</Form.Label>
						<Input
							{...props}

/Users/alessandrojcm/repos/dhc-dashboard/src/routes/(public)/members/signup/[invitationId]/payment-form.svelte:271:7
Error: Cannot find name 'Form'. (ts)
					{/snippet}
				</Form.Control>
				<Form.FieldErrors />

/Users/alessandrojcm/repos/dhc-dashboard/src/routes/(public)/members/signup/[invitationId]/payment-form.svelte:272:6
Error: Cannot find name 'Form'. (ts)
				</Form.Control>
				<Form.FieldErrors />
			</Form.Field>

/Users/alessandrojcm/repos/dhc-dashboard/src/routes/(public)/members/signup/[invitationId]/payment-form.svelte:273:6
Error: Cannot find name 'Form'. (ts)
				<Form.FieldErrors />
			</Form.Field>
			<Form.Field {form} name="nextOfKinNumber">

/Users/alessandrojcm/repos/dhc-dashboard/src/routes/(public)/members/signup/[invitationId]/payment-form.svelte:274:5
Error: Cannot find name 'Form'. (ts)
			</Form.Field>
			<Form.Field {form} name="nextOfKinNumber">
				<Form.Control>

/Users/alessandrojcm/repos/dhc-dashboard/src/routes/(public)/members/signup/[invitationId]/payment-form.svelte:275:6
Error: Cannot find name 'Form'. (ts)
			<Form.Field {form} name="nextOfKinNumber">
				<Form.Control>
					{#snippet children({ props })}

/Users/alessandrojcm/repos/dhc-dashboard/src/routes/(public)/members/signup/[invitationId]/payment-form.svelte:276:27
Error: Binding element 'props' implicitly has an 'any' type. (ts)
				<Form.Control>
					{#snippet children({ props })}
						<Form.Label>Next of Kin Phone Number</Form.Label>

/Users/alessandrojcm/repos/dhc-dashboard/src/routes/(public)/members/signup/[invitationId]/payment-form.svelte:277:8
Error: Cannot find name 'Form'. (ts)
					{#snippet children({ props })}
						<Form.Label>Next of Kin Phone Number</Form.Label>
						<PhoneInput

/Users/alessandrojcm/repos/dhc-dashboard/src/routes/(public)/members/signup/[invitationId]/payment-form.svelte:277:45
Error: Cannot find name 'Form'. (ts)
					{#snippet children({ props })}
						<Form.Label>Next of Kin Phone Number</Form.Label>
						<PhoneInput

/Users/alessandrojcm/repos/dhc-dashboard/src/routes/(public)/members/signup/[invitationId]/payment-form.svelte:278:8
Error: Cannot find name 'PhoneInput'. (ts)
						<Form.Label>Next of Kin Phone Number</Form.Label>
						<PhoneInput
							placeholder="Enter your next of kin's phone number"

/Users/alessandrojcm/repos/dhc-dashboard/src/routes/(public)/members/signup/[invitationId]/payment-form.svelte:284:7
Error: Cannot find name 'Form'. (ts)
					{/snippet}
				</Form.Control>
				<Form.FieldErrors />

/Users/alessandrojcm/repos/dhc-dashboard/src/routes/(public)/members/signup/[invitationId]/payment-form.svelte:285:6
Error: Cannot find name 'Form'. (ts)
				</Form.Control>
				<Form.FieldErrors />
			</Form.Field>

/Users/alessandrojcm/repos/dhc-dashboard/src/routes/(public)/members/signup/[invitationId]/payment-form.svelte:286:6
Error: Cannot find name 'Form'. (ts)
				<Form.FieldErrors />
			</Form.Field>
			<p class="prose text-lg text-black">Payment details</p>

/Users/alessandrojcm/repos/dhc-dashboard/src/routes/(public)/members/signup/[invitationId]/payment-form.svelte:288:5
Error: Cannot find name 'PricingDisplay'. (ts)
			<p class="prose text-lg text-black">Payment details</p>
			<PricingDisplay
				planPricingData={planData}

/Users/alessandrojcm/repos/dhc-dashboard/src/routes/(public)/members/signup/[invitationId]/payment-form.svelte:289:22
Error: Cannot find name 'planData'. (ts)
			<PricingDisplay
				planPricingData={planData}
				{couponCode}

/Users/alessandrojcm/repos/dhc-dashboard/src/routes/(public)/members/signup/[invitationId]/payment-form.svelte:290:6
Error: No value exists in scope for the shorthand property 'couponCode'. Either declare one or provide an initializer. (ts)
				planPricingData={planData}
				{couponCode}
				{applyCoupon}

/Users/alessandrojcm/repos/dhc-dashboard/src/routes/(public)/members/signup/[invitationId]/payment-form.svelte:291:6
Error: No value exists in scope for the shorthand property 'applyCoupon'. Either declare one or provide an initializer. (ts)
				{couponCode}
				{applyCoupon}
				{currentCoupon}

/Users/alessandrojcm/repos/dhc-dashboard/src/routes/(public)/members/signup/[invitationId]/payment-form.svelte:298:5
Error: Cannot find name 'Button'. (ts)
		<div class="flex justify-between">
			<Button type="submit" class="ml-auto" disabled={$submitting}>
				{#if $submitting}

/Users/alessandrojcm/repos/dhc-dashboard/src/routes/(public)/members/signup/[invitationId]/payment-form.svelte:300:7
Error: Cannot find name 'LoaderCircle'. (ts)
				{#if $submitting}
					<LoaderCircle />
				{:else}

/Users/alessandrojcm/repos/dhc-dashboard/src/routes/(public)/members/signup/[invitationId]/payment-form.svelte:303:7
Error: Cannot find name 'ArrowRightIcon'. (ts)
					Sign up
					<ArrowRightIcon class="ml-2 h-4 w-4" />
				{/if}

/Users/alessandrojcm/repos/dhc-dashboard/src/routes/(public)/members/signup/[invitationId]/payment-form.svelte:305:6
Error: Cannot find name 'Button'. (ts)
				{/if}
			</Button>
		</div>

/Users/alessandrojcm/repos/dhc-dashboard/src/routes/(public)/members/signup/[invitationId]/pricing-display.svelte:177:10
Error: Cannot bind to constant
https://svelte.dev/e/constant_binding (svelte)
										: 'w-full bg-white'}
									bind:value={couponCode}
								/>

/Users/alessandrojcm/repos/dhc-dashboard/src/routes/(public)/members/signup/[invitationId]/pricing-display.svelte:35:3
Error: Cannot find name 'Card'. (ts)
	<!-- Loading state -->
	<Card.Root class="bg-muted">
		<Card.Content class="pt-6">

/Users/alessandrojcm/repos/dhc-dashboard/src/routes/(public)/members/signup/[invitationId]/pricing-display.svelte:36:4
Error: Cannot find name 'Card'. (ts)
	<Card.Root class="bg-muted">
		<Card.Content class="pt-6">
			<div class="flex items-center justify-center h-48">

/Users/alessandrojcm/repos/dhc-dashboard/src/routes/(public)/members/signup/[invitationId]/pricing-display.svelte:38:6
Error: Cannot find name 'LoaderCircle'. (ts)
			<div class="flex items-center justify-center h-48">
				<LoaderCircle class="text-primary animate-spin" />
				<span class="ml-2">Loading pricing information...</span>

/Users/alessandrojcm/repos/dhc-dashboard/src/routes/(public)/members/signup/[invitationId]/pricing-display.svelte:41:5
Error: Cannot find name 'Card'. (ts)
			</div>
		</Card.Content>
	</Card.Root>

/Users/alessandrojcm/repos/dhc-dashboard/src/routes/(public)/members/signup/[invitationId]/pricing-display.svelte:42:4
Error: Cannot find name 'Card'. (ts)
		</Card.Content>
	</Card.Root>
{:else if !(planPricingData as CreateQueryResult<PlanPricing, Error>).isError}

/Users/alessandrojcm/repos/dhc-dashboard/src/routes/(public)/members/signup/[invitationId]/pricing-display.svelte:46:32
Error: 'Dinero' refers to a UMD global, but the current file is a module. Consider adding an import instead. (ts)
	{@const planPricing = (planPricingData as CreateQueryResult<PlanPricing, Error>).data!}
	{@const proratedPriceDinero = Dinero(planPricing.proratedPrice)}
	{@const monthlyFeeDinero = Dinero(planPricing.monthlyFee)}

/Users/alessandrojcm/repos/dhc-dashboard/src/routes/(public)/members/signup/[invitationId]/pricing-display.svelte:47:29
Error: 'Dinero' refers to a UMD global, but the current file is a module. Consider adding an import instead. (ts)
	{@const proratedPriceDinero = Dinero(planPricing.proratedPrice)}
	{@const monthlyFeeDinero = Dinero(planPricing.monthlyFee)}
	{@const annualFeeDinero = Dinero(planPricing.annualFee)}

/Users/alessandrojcm/repos/dhc-dashboard/src/routes/(public)/members/signup/[invitationId]/pricing-display.svelte:48:28
Error: 'Dinero' refers to a UMD global, but the current file is a module. Consider adding an import instead. (ts)
	{@const monthlyFeeDinero = Dinero(planPricing.monthlyFee)}
	{@const annualFeeDinero = Dinero(planPricing.annualFee)}
	{@const discountedMonthlyFeeDinero = planPricing.discountedMonthlyFee

/Users/alessandrojcm/repos/dhc-dashboard/src/routes/(public)/members/signup/[invitationId]/pricing-display.svelte:50:5
Error: 'Dinero' refers to a UMD global, but the current file is a module. Consider adding an import instead. (ts)
	{@const discountedMonthlyFeeDinero = planPricing.discountedMonthlyFee
		? Dinero(planPricing.discountedMonthlyFee)
		: null}

/Users/alessandrojcm/repos/dhc-dashboard/src/routes/(public)/members/signup/[invitationId]/pricing-display.svelte:53:5
Error: 'Dinero' refers to a UMD global, but the current file is a module. Consider adding an import instead. (ts)
	{@const discountedAnnualFeeDinero = planPricing.discountedAnnualFee
		? Dinero(planPricing.discountedAnnualFee)
		: null}

/Users/alessandrojcm/repos/dhc-dashboard/src/routes/(public)/members/signup/[invitationId]/pricing-display.svelte:56:33
Error: 'Dinero' refers to a UMD global, but the current file is a module. Consider adding an import instead. (ts)
	{@const discountPercentage = planPricing.discountPercentage}
	{@const proratedMonthlyPrice = Dinero(planPricing.proratedMonthlyPrice)}
	{@const proratedAnnualPrice = Dinero(planPricing.proratedAnnualPrice)}

/Users/alessandrojcm/repos/dhc-dashboard/src/routes/(public)/members/signup/[invitationId]/pricing-display.svelte:57:32
Error: 'Dinero' refers to a UMD global, but the current file is a module. Consider adding an import instead. (ts)
	{@const proratedMonthlyPrice = Dinero(planPricing.proratedMonthlyPrice)}
	{@const proratedAnnualPrice = Dinero(planPricing.proratedAnnualPrice)}

/Users/alessandrojcm/repos/dhc-dashboard/src/routes/(public)/members/signup/[invitationId]/pricing-display.svelte:64:6
Error: 'Dinero' refers to a UMD global, but the current file is a module. Consider adding an import instead. (ts)
		discountedAnnualFeeDinero === null
			? Dinero({
					amount: Math.round(

/Users/alessandrojcm/repos/dhc-dashboard/src/routes/(public)/members/signup/[invitationId]/pricing-display.svelte:72:3
Error: Cannot find name 'Card'. (ts)

	<Card.Root class="bg-muted">
		<Card.Content class="pt-6">

/Users/alessandrojcm/repos/dhc-dashboard/src/routes/(public)/members/signup/[invitationId]/pricing-display.svelte:73:4
Error: Cannot find name 'Card'. (ts)
	<Card.Root class="bg-muted">
		<Card.Content class="pt-6">
			<div class="space-y-4">

/Users/alessandrojcm/repos/dhc-dashboard/src/routes/(public)/members/signup/[invitationId]/pricing-display.svelte:166:6
Error: Cannot find name 'Accordion'. (ts)

				<Accordion.Root class="mt-2" type="single">
					<Accordion.Item value="promo-code">

/Users/alessandrojcm/repos/dhc-dashboard/src/routes/(public)/members/signup/[invitationId]/pricing-display.svelte:167:7
Error: Cannot find name 'Accordion'. (ts)
				<Accordion.Root class="mt-2" type="single">
					<Accordion.Item value="promo-code">
						<Accordion.Trigger>Have a promotional code?</Accordion.Trigger>

/Users/alessandrojcm/repos/dhc-dashboard/src/routes/(public)/members/signup/[invitationId]/pricing-display.svelte:168:8
Error: Cannot find name 'Accordion'. (ts)
					<Accordion.Item value="promo-code">
						<Accordion.Trigger>Have a promotional code?</Accordion.Trigger>
						<Accordion.Content>

/Users/alessandrojcm/repos/dhc-dashboard/src/routes/(public)/members/signup/[invitationId]/pricing-display.svelte:168:52
Error: Cannot find name 'Accordion'. (ts)
					<Accordion.Item value="promo-code">
						<Accordion.Trigger>Have a promotional code?</Accordion.Trigger>
						<Accordion.Content>

/Users/alessandrojcm/repos/dhc-dashboard/src/routes/(public)/members/signup/[invitationId]/pricing-display.svelte:169:8
Error: Cannot find name 'Accordion'. (ts)
						<Accordion.Trigger>Have a promotional code?</Accordion.Trigger>
						<Accordion.Content>
							<div class="pt-2 px-2">

/Users/alessandrojcm/repos/dhc-dashboard/src/routes/(public)/members/signup/[invitationId]/pricing-display.svelte:171:10
Error: Cannot find name 'Input'. (ts)
							<div class="pt-2 px-2">
								<Input
									type="text"

/Users/alessandrojcm/repos/dhc-dashboard/src/routes/(public)/members/signup/[invitationId]/pricing-display.svelte:182:10
Error: Cannot find name 'Button'. (ts)
								{/if}
								<Button
									disabled={couponCode === '' || applyCoupon.isPending}

/Users/alessandrojcm/repos/dhc-dashboard/src/routes/(public)/members/signup/[invitationId]/pricing-display.svelte:190:12
Error: Cannot find name 'LoaderCircle'. (ts)
									{#if applyCoupon.isPending}
										<LoaderCircle class="animate-spin ml-2 h-4 w-4" />
									{/if}

/Users/alessandrojcm/repos/dhc-dashboard/src/routes/(public)/members/signup/[invitationId]/pricing-display.svelte:192:11
Error: Cannot find name 'Button'. (ts)
									{/if}
								</Button>
							</div>

/Users/alessandrojcm/repos/dhc-dashboard/src/routes/(public)/members/signup/[invitationId]/pricing-display.svelte:194:9
Error: Cannot find name 'Accordion'. (ts)
							</div>
						</Accordion.Content>
					</Accordion.Item>

/Users/alessandrojcm/repos/dhc-dashboard/src/routes/(public)/members/signup/[invitationId]/pricing-display.svelte:195:8
Error: Cannot find name 'Accordion'. (ts)
						</Accordion.Content>
					</Accordion.Item>
				</Accordion.Root>

/Users/alessandrojcm/repos/dhc-dashboard/src/routes/(public)/members/signup/[invitationId]/pricing-display.svelte:196:7
Error: Cannot find name 'Accordion'. (ts)
					</Accordion.Item>
				</Accordion.Root>
			</div>

/Users/alessandrojcm/repos/dhc-dashboard/src/routes/(public)/members/signup/[invitationId]/pricing-display.svelte:198:5
Error: Cannot find name 'Card'. (ts)
			</div>
		</Card.Content>
	</Card.Root>

/Users/alessandrojcm/repos/dhc-dashboard/src/routes/(public)/members/signup/[invitationId]/pricing-display.svelte:199:4
Error: Cannot find name 'Card'. (ts)
		</Card.Content>
	</Card.Root>
{:else if (planPricingData as CreateQueryResult<PlanPricing, Error>).isLoading}

/Users/alessandrojcm/repos/dhc-dashboard/src/routes/(public)/members/signup/[invitationId]/pricing-display.svelte:202:3
Error: Cannot find name 'Card'. (ts)
	<!-- Loading state for QueryResult -->
	<Card.Root class="bg-muted">
		<Card.Content class="pt-6">

/Users/alessandrojcm/repos/dhc-dashboard/src/routes/(public)/members/signup/[invitationId]/pricing-display.svelte:203:4
Error: Cannot find name 'Card'. (ts)
	<Card.Root class="bg-muted">
		<Card.Content class="pt-6">
			<div class="flex items-center justify-center h-48">

/Users/alessandrojcm/repos/dhc-dashboard/src/routes/(public)/members/signup/[invitationId]/pricing-display.svelte:205:6
Error: Cannot find name 'LoaderCircle'. (ts)
			<div class="flex items-center justify-center h-48">
				<LoaderCircle class="text-primary animate-spin" />
				<span class="ml-2">Loading pricing information...</span>

/Users/alessandrojcm/repos/dhc-dashboard/src/routes/(public)/members/signup/[invitationId]/pricing-display.svelte:208:5
Error: Cannot find name 'Card'. (ts)
			</div>
		</Card.Content>
	</Card.Root>

/Users/alessandrojcm/repos/dhc-dashboard/src/routes/(public)/members/signup/[invitationId]/pricing-display.svelte:209:4
Error: Cannot find name 'Card'. (ts)
		</Card.Content>
	</Card.Root>
{:else if (planPricingData as CreateQueryResult<PlanPricing, Error>).isError}

/Users/alessandrojcm/repos/dhc-dashboard/src/routes/(public)/members/signup/[invitationId]/pricing-display.svelte:212:3
Error: Cannot find name 'Card'. (ts)
	<!-- Error state for QueryResult -->
	<Card.Root class="bg-destructive/10 border-destructive">
		<Card.Content class="pt-6">

/Users/alessandrojcm/repos/dhc-dashboard/src/routes/(public)/members/signup/[invitationId]/pricing-display.svelte:213:4
Error: Cannot find name 'Card'. (ts)
	<Card.Root class="bg-destructive/10 border-destructive">
		<Card.Content class="pt-6">
			<div class="flex flex-col items-center justify-center h-48 text-destructive">

/Users/alessandrojcm/repos/dhc-dashboard/src/routes/(public)/members/signup/[invitationId]/pricing-display.svelte:215:6
Error: Cannot find name 'AlertTriangle'. (ts)
			<div class="flex flex-col items-center justify-center h-48 text-destructive">
				<AlertTriangle class="h-8 w-8 mb-2" />
				<span class="font-semibold">Error loading pricing information</span>

/Users/alessandrojcm/repos/dhc-dashboard/src/routes/(public)/members/signup/[invitationId]/pricing-display.svelte:220:5
Error: Cannot find name 'Card'. (ts)
			</div>
		</Card.Content>
	</Card.Root>

/Users/alessandrojcm/repos/dhc-dashboard/src/routes/(public)/members/signup/[invitationId]/pricing-display.svelte:221:4
Error: Cannot find name 'Card'. (ts)
		</Card.Content>
	</Card.Root>
{:else}

/Users/alessandrojcm/repos/dhc-dashboard/src/routes/(public)/members/signup/[invitationId]/pricing-display.svelte:224:3
Error: Cannot find name 'Card'. (ts)
	<!-- Fallback for other cases -->
	<Card.Root class="bg-muted">
		<Card.Content class="pt-6">

/Users/alessandrojcm/repos/dhc-dashboard/src/routes/(public)/members/signup/[invitationId]/pricing-display.svelte:225:4
Error: Cannot find name 'Card'. (ts)
	<Card.Root class="bg-muted">
		<Card.Content class="pt-6">
			<div class="flex items-center justify-center h-48">

/Users/alessandrojcm/repos/dhc-dashboard/src/routes/(public)/members/signup/[invitationId]/pricing-display.svelte:229:5
Error: Cannot find name 'Card'. (ts)
			</div>
		</Card.Content>
	</Card.Root>

/Users/alessandrojcm/repos/dhc-dashboard/src/routes/(public)/members/signup/[invitationId]/pricing-display.svelte:230:4
Error: Cannot find name 'Card'. (ts)
		</Card.Content>
	</Card.Root>
{/if}

/Users/alessandrojcm/repos/dhc-dashboard/src/routes/(public)/members/signup/[invitationId]/pricing-display.svelte:232:13
Error: Cannot find name 'stripeClass'. (ts)
{/if}
<div class={stripeClass} id="payment-element"></div>

/Users/alessandrojcm/repos/dhc-dashboard/src/routes/(public)/waitlist/+page.svelte:189:55
Error: `$dobProxy` is an illegal variable name. To reference a global variable called `$dobProxy`, use `globalThis.$dobProxy`
https://svelte.dev/e/global_reference_invalid (svelte)
							/>
							<input id="dobInput" type="date" hidden value={$dobProxy} name={props.name} />
						{/snippet}

/Users/alessandrojcm/repos/dhc-dashboard/src/routes/(public)/waitlist/+page.svelte:57:2
Error: Cannot find name 'Card'. (ts)

<Card.Root class="self-center">
	<Card.Header>

/Users/alessandrojcm/repos/dhc-dashboard/src/routes/(public)/waitlist/+page.svelte:58:3
Error: Cannot find name 'Card'. (ts)
<Card.Root class="self-center">
	<Card.Header>
		<Card.Title class="prose prose-h1 text-xl">Waitlist Form</Card.Title>

/Users/alessandrojcm/repos/dhc-dashboard/src/routes/(public)/waitlist/+page.svelte:59:4
Error: Cannot find name 'Card'. (ts)
	<Card.Header>
		<Card.Title class="prose prose-h1 text-xl">Waitlist Form</Card.Title>
		<Card.Description class="prose">

/Users/alessandrojcm/repos/dhc-dashboard/src/routes/(public)/waitlist/+page.svelte:59:61
Error: Cannot find name 'Card'. (ts)
	<Card.Header>
		<Card.Title class="prose prose-h1 text-xl">Waitlist Form</Card.Title>
		<Card.Description class="prose">

/Users/alessandrojcm/repos/dhc-dashboard/src/routes/(public)/waitlist/+page.svelte:60:4
Error: Cannot find name 'Card'. (ts)
		<Card.Title class="prose prose-h1 text-xl">Waitlist Form</Card.Title>
		<Card.Description class="prose">
			Thanks for your interest in Dublin Hema Club! Please sign up for our waitlist, we will contact

/Users/alessandrojcm/repos/dhc-dashboard/src/routes/(public)/waitlist/+page.svelte:63:5
Error: Cannot find name 'Card'. (ts)
			you once a spot for our beginners workshop opens
		</Card.Description>
	</Card.Header>

/Users/alessandrojcm/repos/dhc-dashboard/src/routes/(public)/waitlist/+page.svelte:64:4
Error: Cannot find name 'Card'. (ts)
		</Card.Description>
	</Card.Header>
	<Card.Content class="overflow-auto max-h-[85svh]">

/Users/alessandrojcm/repos/dhc-dashboard/src/routes/(public)/waitlist/+page.svelte:65:3
Error: Cannot find name 'Card'. (ts)
	</Card.Header>
	<Card.Content class="overflow-auto max-h-[85svh]">
		{#if $message?.success}

/Users/alessandrojcm/repos/dhc-dashboard/src/routes/(public)/waitlist/+page.svelte:67:5
Error: Cannot find name 'Alert'. (ts)
		{#if $message?.success}
			<Alert.Root variant="success">
				<CheckCircled class="h-4 w-4" />

/Users/alessandrojcm/repos/dhc-dashboard/src/routes/(public)/waitlist/+page.svelte:68:6
Error: Cannot find name 'CheckCircled'. (ts)
			<Alert.Root variant="success">
				<CheckCircled class="h-4 w-4" />
				<Alert.Description>{$message.success}</Alert.Description>

/Users/alessandrojcm/repos/dhc-dashboard/src/routes/(public)/waitlist/+page.svelte:69:6
Error: Cannot find name 'Alert'. (ts)
				<CheckCircled class="h-4 w-4" />
				<Alert.Description>{$message.success}</Alert.Description>
			</Alert.Root>

/Users/alessandrojcm/repos/dhc-dashboard/src/routes/(public)/waitlist/+page.svelte:69:44
Error: Cannot find name 'Alert'. (ts)
				<CheckCircled class="h-4 w-4" />
				<Alert.Description>{$message.success}</Alert.Description>
			</Alert.Root>

/Users/alessandrojcm/repos/dhc-dashboard/src/routes/(public)/waitlist/+page.svelte:70:6
Error: Cannot find name 'Alert'. (ts)
				<Alert.Description>{$message.success}</Alert.Description>
			</Alert.Root>
		{:else}

/Users/alessandrojcm/repos/dhc-dashboard/src/routes/(public)/waitlist/+page.svelte:74:7
Error: Cannot find name 'Form'. (ts)
				<div class="flex gap-4 w-full justify-stretch">
					<Form.Field {form} name="firstName" class="flex-1">
						<Form.Control>

/Users/alessandrojcm/repos/dhc-dashboard/src/routes/(public)/waitlist/+page.svelte:75:8
Error: Cannot find name 'Form'. (ts)
					<Form.Field {form} name="firstName" class="flex-1">
						<Form.Control>
							{#snippet children({ props })}

/Users/alessandrojcm/repos/dhc-dashboard/src/routes/(public)/waitlist/+page.svelte:76:29
Error: Binding element 'props' implicitly has an 'any' type. (ts)
						<Form.Control>
							{#snippet children({ props })}
								<Form.Label>First name</Form.Label>

/Users/alessandrojcm/repos/dhc-dashboard/src/routes/(public)/waitlist/+page.svelte:77:10
Error: Cannot find name 'Form'. (ts)
							{#snippet children({ props })}
								<Form.Label>First name</Form.Label>
								<Input

/Users/alessandrojcm/repos/dhc-dashboard/src/routes/(public)/waitlist/+page.svelte:77:33
Error: Cannot find name 'Form'. (ts)
							{#snippet children({ props })}
								<Form.Label>First name</Form.Label>
								<Input

/Users/alessandrojcm/repos/dhc-dashboard/src/routes/(public)/waitlist/+page.svelte:78:10
Error: Cannot find name 'Input'. (ts)
								<Form.Label>First name</Form.Label>
								<Input
									{...props}

/Users/alessandrojcm/repos/dhc-dashboard/src/routes/(public)/waitlist/+page.svelte:84:9
Error: Cannot find name 'Form'. (ts)
							{/snippet}
						</Form.Control>
						<Form.FieldErrors />

/Users/alessandrojcm/repos/dhc-dashboard/src/routes/(public)/waitlist/+page.svelte:85:8
Error: Cannot find name 'Form'. (ts)
						</Form.Control>
						<Form.FieldErrors />
					</Form.Field>

/Users/alessandrojcm/repos/dhc-dashboard/src/routes/(public)/waitlist/+page.svelte:86:8
Error: Cannot find name 'Form'. (ts)
						<Form.FieldErrors />
					</Form.Field>

/Users/alessandrojcm/repos/dhc-dashboard/src/routes/(public)/waitlist/+page.svelte:88:7
Error: Cannot find name 'Form'. (ts)

					<Form.Field {form} name="lastName" class="flex-1">
						<Form.Control>

/Users/alessandrojcm/repos/dhc-dashboard/src/routes/(public)/waitlist/+page.svelte:89:8
Error: Cannot find name 'Form'. (ts)
					<Form.Field {form} name="lastName" class="flex-1">
						<Form.Control>
							{#snippet children({ props })}

/Users/alessandrojcm/repos/dhc-dashboard/src/routes/(public)/waitlist/+page.svelte:90:29
Error: Binding element 'props' implicitly has an 'any' type. (ts)
						<Form.Control>
							{#snippet children({ props })}
								<Form.Label>Last name</Form.Label>

/Users/alessandrojcm/repos/dhc-dashboard/src/routes/(public)/waitlist/+page.svelte:91:10
Error: Cannot find name 'Form'. (ts)
							{#snippet children({ props })}
								<Form.Label>Last name</Form.Label>
								<Input

/Users/alessandrojcm/repos/dhc-dashboard/src/routes/(public)/waitlist/+page.svelte:91:32
Error: Cannot find name 'Form'. (ts)
							{#snippet children({ props })}
								<Form.Label>Last name</Form.Label>
								<Input

/Users/alessandrojcm/repos/dhc-dashboard/src/routes/(public)/waitlist/+page.svelte:92:10
Error: Cannot find name 'Input'. (ts)
								<Form.Label>Last name</Form.Label>
								<Input
									{...props}

/Users/alessandrojcm/repos/dhc-dashboard/src/routes/(public)/waitlist/+page.svelte:98:9
Error: Cannot find name 'Form'. (ts)
							{/snippet}
						</Form.Control>
						<Form.FieldErrors />

/Users/alessandrojcm/repos/dhc-dashboard/src/routes/(public)/waitlist/+page.svelte:99:8
Error: Cannot find name 'Form'. (ts)
						</Form.Control>
						<Form.FieldErrors />
					</Form.Field>

/Users/alessandrojcm/repos/dhc-dashboard/src/routes/(public)/waitlist/+page.svelte:100:8
Error: Cannot find name 'Form'. (ts)
						<Form.FieldErrors />
					</Form.Field>
				</div>

/Users/alessandrojcm/repos/dhc-dashboard/src/routes/(public)/waitlist/+page.svelte:103:6
Error: Cannot find name 'Form'. (ts)

				<Form.Field {form} name="email">
					<Form.Control>

/Users/alessandrojcm/repos/dhc-dashboard/src/routes/(public)/waitlist/+page.svelte:104:7
Error: Cannot find name 'Form'. (ts)
				<Form.Field {form} name="email">
					<Form.Control>
						{#snippet children({ props })}

/Users/alessandrojcm/repos/dhc-dashboard/src/routes/(public)/waitlist/+page.svelte:105:28
Error: Binding element 'props' implicitly has an 'any' type. (ts)
					<Form.Control>
						{#snippet children({ props })}
							<Form.Label>Email</Form.Label>

/Users/alessandrojcm/repos/dhc-dashboard/src/routes/(public)/waitlist/+page.svelte:106:9
Error: Cannot find name 'Form'. (ts)
						{#snippet children({ props })}
							<Form.Label>Email</Form.Label>
							<Input

/Users/alessandrojcm/repos/dhc-dashboard/src/routes/(public)/waitlist/+page.svelte:106:27
Error: Cannot find name 'Form'. (ts)
						{#snippet children({ props })}
							<Form.Label>Email</Form.Label>
							<Input

/Users/alessandrojcm/repos/dhc-dashboard/src/routes/(public)/waitlist/+page.svelte:107:9
Error: Cannot find name 'Input'. (ts)
							<Form.Label>Email</Form.Label>
							<Input
								type="email"

/Users/alessandrojcm/repos/dhc-dashboard/src/routes/(public)/waitlist/+page.svelte:114:8
Error: Cannot find name 'Form'. (ts)
						{/snippet}
					</Form.Control>
					<Form.FieldErrors />

/Users/alessandrojcm/repos/dhc-dashboard/src/routes/(public)/waitlist/+page.svelte:115:7
Error: Cannot find name 'Form'. (ts)
					</Form.Control>
					<Form.FieldErrors />
				</Form.Field>

/Users/alessandrojcm/repos/dhc-dashboard/src/routes/(public)/waitlist/+page.svelte:116:7
Error: Cannot find name 'Form'. (ts)
					<Form.FieldErrors />
				</Form.Field>

/Users/alessandrojcm/repos/dhc-dashboard/src/routes/(public)/waitlist/+page.svelte:118:6
Error: Cannot find name 'Form'. (ts)

				<Form.Field {form} name="phoneNumber">
					<Form.Control>

/Users/alessandrojcm/repos/dhc-dashboard/src/routes/(public)/waitlist/+page.svelte:119:7
Error: Cannot find name 'Form'. (ts)
				<Form.Field {form} name="phoneNumber">
					<Form.Control>
						{#snippet children({ props })}

/Users/alessandrojcm/repos/dhc-dashboard/src/routes/(public)/waitlist/+page.svelte:120:28
Error: Binding element 'props' implicitly has an 'any' type. (ts)
					<Form.Control>
						{#snippet children({ props })}
							<Form.Label>Phone number</Form.Label>

/Users/alessandrojcm/repos/dhc-dashboard/src/routes/(public)/waitlist/+page.svelte:121:9
Error: Cannot find name 'Form'. (ts)
						{#snippet children({ props })}
							<Form.Label>Phone number</Form.Label>
							<PhoneInput

/Users/alessandrojcm/repos/dhc-dashboard/src/routes/(public)/waitlist/+page.svelte:121:34
Error: Cannot find name 'Form'. (ts)
						{#snippet children({ props })}
							<Form.Label>Phone number</Form.Label>
							<PhoneInput

/Users/alessandrojcm/repos/dhc-dashboard/src/routes/(public)/waitlist/+page.svelte:122:9
Error: Cannot find name 'PhoneInput'. (ts)
							<Form.Label>Phone number</Form.Label>
							<PhoneInput
								placeholder="Enter your phone number"

/Users/alessandrojcm/repos/dhc-dashboard/src/routes/(public)/waitlist/+page.svelte:128:8
Error: Cannot find name 'Form'. (ts)
						{/snippet}
					</Form.Control>
					<Form.FieldErrors />

/Users/alessandrojcm/repos/dhc-dashboard/src/routes/(public)/waitlist/+page.svelte:129:7
Error: Cannot find name 'Form'. (ts)
					</Form.Control>
					<Form.FieldErrors />
				</Form.Field>

/Users/alessandrojcm/repos/dhc-dashboard/src/routes/(public)/waitlist/+page.svelte:130:7
Error: Cannot find name 'Form'. (ts)
					<Form.FieldErrors />
				</Form.Field>

/Users/alessandrojcm/repos/dhc-dashboard/src/routes/(public)/waitlist/+page.svelte:132:6
Error: Cannot find name 'Form'. (ts)

				<Form.Field {form} name="gender">
					<Form.Control>

/Users/alessandrojcm/repos/dhc-dashboard/src/routes/(public)/waitlist/+page.svelte:133:7
Error: Cannot find name 'Form'. (ts)
				<Form.Field {form} name="gender">
					<Form.Control>
						{#snippet children({ props })}

/Users/alessandrojcm/repos/dhc-dashboard/src/routes/(public)/waitlist/+page.svelte:134:28
Error: Binding element 'props' implicitly has an 'any' type. (ts)
					<Form.Control>
						{#snippet children({ props })}
							<Form.Label>Gender</Form.Label>

/Users/alessandrojcm/repos/dhc-dashboard/src/routes/(public)/waitlist/+page.svelte:135:9
Error: Cannot find name 'Form'. (ts)
						{#snippet children({ props })}
							<Form.Label>Gender</Form.Label>
							{@render whyThisField(

/Users/alessandrojcm/repos/dhc-dashboard/src/routes/(public)/waitlist/+page.svelte:135:28
Error: Cannot find name 'Form'. (ts)
						{#snippet children({ props })}
							<Form.Label>Gender</Form.Label>
							{@render whyThisField(

/Users/alessandrojcm/repos/dhc-dashboard/src/routes/(public)/waitlist/+page.svelte:136:17
Error: Cannot find name 'whyThisField'. (ts)
							<Form.Label>Gender</Form.Label>
							{@render whyThisField(
								'This helps us maintain a balanced and inclusive training environment'

/Users/alessandrojcm/repos/dhc-dashboard/src/routes/(public)/waitlist/+page.svelte:139:9
Error: Cannot find name 'Select'. (ts)
							)}
							<Select.Root type="single" bind:value={$formData.gender} name={props.name}>
								<Select.Trigger {...props}>

/Users/alessandrojcm/repos/dhc-dashboard/src/routes/(public)/waitlist/+page.svelte:140:10
Error: Cannot find name 'Select'. (ts)
							<Select.Root type="single" bind:value={$formData.gender} name={props.name}>
								<Select.Trigger {...props}>
									{#if $formData.gender}

/Users/alessandrojcm/repos/dhc-dashboard/src/routes/(public)/waitlist/+page.svelte:146:11
Error: Cannot find name 'Select'. (ts)
									{/if}
								</Select.Trigger>
								<Select.Content>

/Users/alessandrojcm/repos/dhc-dashboard/src/routes/(public)/waitlist/+page.svelte:147:10
Error: Cannot find name 'Select'. (ts)
								</Select.Trigger>
								<Select.Content>
									{#each data.genders as gender}

/Users/alessandrojcm/repos/dhc-dashboard/src/routes/(public)/waitlist/+page.svelte:149:12
Error: Cannot find name 'Select'. (ts)
									{#each data.genders as gender}
										<Select.Item class="capitalize" value={gender} label={gender} />
									{/each}

/Users/alessandrojcm/repos/dhc-dashboard/src/routes/(public)/waitlist/+page.svelte:151:11
Error: Cannot find name 'Select'. (ts)
									{/each}
								</Select.Content>
							</Select.Root>

/Users/alessandrojcm/repos/dhc-dashboard/src/routes/(public)/waitlist/+page.svelte:152:10
Error: Cannot find name 'Select'. (ts)
								</Select.Content>
							</Select.Root>
						{/snippet}

/Users/alessandrojcm/repos/dhc-dashboard/src/routes/(public)/waitlist/+page.svelte:154:8
Error: Cannot find name 'Form'. (ts)
						{/snippet}
					</Form.Control>
					<Form.FieldErrors />

/Users/alessandrojcm/repos/dhc-dashboard/src/routes/(public)/waitlist/+page.svelte:155:7
Error: Cannot find name 'Form'. (ts)
					</Form.Control>
					<Form.FieldErrors />
				</Form.Field>

/Users/alessandrojcm/repos/dhc-dashboard/src/routes/(public)/waitlist/+page.svelte:156:7
Error: Cannot find name 'Form'. (ts)
					<Form.FieldErrors />
				</Form.Field>
				<Form.Field {form} name="pronouns">

/Users/alessandrojcm/repos/dhc-dashboard/src/routes/(public)/waitlist/+page.svelte:157:6
Error: Cannot find name 'Form'. (ts)
				</Form.Field>
				<Form.Field {form} name="pronouns">
					<Form.Control>

/Users/alessandrojcm/repos/dhc-dashboard/src/routes/(public)/waitlist/+page.svelte:158:7
Error: Cannot find name 'Form'. (ts)
				<Form.Field {form} name="pronouns">
					<Form.Control>
						{#snippet children({ props })}

/Users/alessandrojcm/repos/dhc-dashboard/src/routes/(public)/waitlist/+page.svelte:159:28
Error: Binding element 'props' implicitly has an 'any' type. (ts)
					<Form.Control>
						{#snippet children({ props })}
							<Form.Label>Pronouns</Form.Label>

/Users/alessandrojcm/repos/dhc-dashboard/src/routes/(public)/waitlist/+page.svelte:160:9
Error: Cannot find name 'Form'. (ts)
						{#snippet children({ props })}
							<Form.Label>Pronouns</Form.Label>
							{@render whyThisField(

/Users/alessandrojcm/repos/dhc-dashboard/src/routes/(public)/waitlist/+page.svelte:160:30
Error: Cannot find name 'Form'. (ts)
						{#snippet children({ props })}
							<Form.Label>Pronouns</Form.Label>
							{@render whyThisField(

/Users/alessandrojcm/repos/dhc-dashboard/src/routes/(public)/waitlist/+page.svelte:161:17
Error: Cannot find name 'whyThisField'. (ts)
							<Form.Label>Pronouns</Form.Label>
							{@render whyThisField(
								'This helps us maintain a balanced and inclusive training environment'

/Users/alessandrojcm/repos/dhc-dashboard/src/routes/(public)/waitlist/+page.svelte:164:9
Error: Cannot find name 'Input'. (ts)
							)}
							<Input {...props} bind:value={$formData.pronouns} placeholder="Enter your pronouns" />
						{/snippet}

/Users/alessandrojcm/repos/dhc-dashboard/src/routes/(public)/waitlist/+page.svelte:166:8
Error: Cannot find name 'Form'. (ts)
						{/snippet}
					</Form.Control>
					<Form.Description class={$errors?.pronouns ? 'text-red-500' : ''}

/Users/alessandrojcm/repos/dhc-dashboard/src/routes/(public)/waitlist/+page.svelte:167:7
Error: Cannot find name 'Form'. (ts)
					</Form.Control>
					<Form.Description class={$errors?.pronouns ? 'text-red-500' : ''}
						>Please separate with slashes (e.g. they/them).

/Users/alessandrojcm/repos/dhc-dashboard/src/routes/(public)/waitlist/+page.svelte:169:8
Error: Cannot find name 'Form'. (ts)
						>Please separate with slashes (e.g. they/them).
					</Form.Description>
				</Form.Field>

/Users/alessandrojcm/repos/dhc-dashboard/src/routes/(public)/waitlist/+page.svelte:170:7
Error: Cannot find name 'Form'. (ts)
					</Form.Description>
				</Form.Field>

/Users/alessandrojcm/repos/dhc-dashboard/src/routes/(public)/waitlist/+page.svelte:172:6
Error: Cannot find name 'Form'. (ts)

				<Form.Field {form} name="dateOfBirth">
					<Form.Control>

/Users/alessandrojcm/repos/dhc-dashboard/src/routes/(public)/waitlist/+page.svelte:173:7
Error: Cannot find name 'Form'. (ts)
				<Form.Field {form} name="dateOfBirth">
					<Form.Control>
						{#snippet children({ props })}

/Users/alessandrojcm/repos/dhc-dashboard/src/routes/(public)/waitlist/+page.svelte:174:28
Error: Binding element 'props' implicitly has an 'any' type. (ts)
					<Form.Control>
						{#snippet children({ props })}
							<Form.Label>Date of birth</Form.Label>

/Users/alessandrojcm/repos/dhc-dashboard/src/routes/(public)/waitlist/+page.svelte:175:9
Error: Cannot find name 'Form'. (ts)
						{#snippet children({ props })}
							<Form.Label>Date of birth</Form.Label>
							{@render whyThisField(

/Users/alessandrojcm/repos/dhc-dashboard/src/routes/(public)/waitlist/+page.svelte:175:35
Error: Cannot find name 'Form'. (ts)
						{#snippet children({ props })}
							<Form.Label>Date of birth</Form.Label>
							{@render whyThisField(

/Users/alessandrojcm/repos/dhc-dashboard/src/routes/(public)/waitlist/+page.svelte:176:17
Error: Cannot find name 'whyThisField'. (ts)
							<Form.Label>Date of birth</Form.Label>
							{@render whyThisField(
								'For insurance reasons, HEMA practitioners need to be at least 16 years old'

/Users/alessandrojcm/repos/dhc-dashboard/src/routes/(public)/waitlist/+page.svelte:179:9
Error: Cannot find name 'DatePicker'. (ts)
							)}
							<DatePicker
								{...props}

/Users/alessandrojcm/repos/dhc-dashboard/src/routes/(public)/waitlist/+page.svelte:181:16
Error: Cannot find name 'dobValue'. (ts)
								{...props}
								value={dobValue}
								onDateChange={(date) => {

/Users/alessandrojcm/repos/dhc-dashboard/src/routes/(public)/waitlist/+page.svelte:182:24
Error: Parameter 'date' implicitly has an 'any' type. (ts)
								value={dobValue}
								onDateChange={(date) => {
									if (!date) {

/Users/alessandrojcm/repos/dhc-dashboard/src/routes/(public)/waitlist/+page.svelte:189:55
Error: Cannot find name '$dobProxy'. (ts)
							/>
							<input id="dobInput" type="date" hidden value={$dobProxy} name={props.name} />
						{/snippet}

/Users/alessandrojcm/repos/dhc-dashboard/src/routes/(public)/waitlist/+page.svelte:191:8
Error: Cannot find name 'Form'. (ts)
						{/snippet}
					</Form.Control>
					<Form.FieldErrors />

/Users/alessandrojcm/repos/dhc-dashboard/src/routes/(public)/waitlist/+page.svelte:192:7
Error: Cannot find name 'Form'. (ts)
					</Form.Control>
					<Form.FieldErrors />
				</Form.Field>

/Users/alessandrojcm/repos/dhc-dashboard/src/routes/(public)/waitlist/+page.svelte:193:7
Error: Cannot find name 'Form'. (ts)
					<Form.FieldErrors />
				</Form.Field>
				<Form.Fieldset {form} name="socialMediaConsent">

/Users/alessandrojcm/repos/dhc-dashboard/src/routes/(public)/waitlist/+page.svelte:194:6
Error: Cannot find name 'Form'. (ts)
				</Form.Field>
				<Form.Fieldset {form} name="socialMediaConsent">
					<span class="flex items-center gap-2">

/Users/alessandrojcm/repos/dhc-dashboard/src/routes/(public)/waitlist/+page.svelte:197:16
Error: Cannot find name 'whyThisField'. (ts)
						<p class="text-sm font-medium">Social media consent</p>
						{@render whyThisField(
							'We sometimes take pictures for our social media, please indicate if you are comfortable with this'

/Users/alessandrojcm/repos/dhc-dashboard/src/routes/(public)/waitlist/+page.svelte:201:7
Error: Cannot find name 'RadioGroup'. (ts)
					</span>
					<RadioGroup.Root
						name="socialMediaConsent"

/Users/alessandrojcm/repos/dhc-dashboard/src/routes/(public)/waitlist/+page.svelte:207:9
Error: Cannot find name 'Form'. (ts)
						<div class="flex items-center space-x-3 space-y-0">
							<Form.Control>
								{#snippet children({ props })}

/Users/alessandrojcm/repos/dhc-dashboard/src/routes/(public)/waitlist/+page.svelte:208:30
Error: Binding element 'props' implicitly has an 'any' type. (ts)
							<Form.Control>
								{#snippet children({ props })}
									<RadioGroup.Item value="no" {...props} />

/Users/alessandrojcm/repos/dhc-dashboard/src/routes/(public)/waitlist/+page.svelte:209:11
Error: Cannot find name 'RadioGroup'. (ts)
								{#snippet children({ props })}
									<RadioGroup.Item value="no" {...props} />
									<Form.Label class="font-normal">No</Form.Label>

/Users/alessandrojcm/repos/dhc-dashboard/src/routes/(public)/waitlist/+page.svelte:210:11
Error: Cannot find name 'Form'. (ts)
									<RadioGroup.Item value="no" {...props} />
									<Form.Label class="font-normal">No</Form.Label>
								{/snippet}

/Users/alessandrojcm/repos/dhc-dashboard/src/routes/(public)/waitlist/+page.svelte:210:46
Error: Cannot find name 'Form'. (ts)
									<RadioGroup.Item value="no" {...props} />
									<Form.Label class="font-normal">No</Form.Label>
								{/snippet}

/Users/alessandrojcm/repos/dhc-dashboard/src/routes/(public)/waitlist/+page.svelte:212:10
Error: Cannot find name 'Form'. (ts)
								{/snippet}
							</Form.Control>
						</div>

/Users/alessandrojcm/repos/dhc-dashboard/src/routes/(public)/waitlist/+page.svelte:215:9
Error: Cannot find name 'Form'. (ts)
						<div class="flex items-center space-x-3 space-y-0">
							<Form.Control>
								{#snippet children({ props })}

/Users/alessandrojcm/repos/dhc-dashboard/src/routes/(public)/waitlist/+page.svelte:216:30
Error: Binding element 'props' implicitly has an 'any' type. (ts)
							<Form.Control>
								{#snippet children({ props })}
									<RadioGroup.Item value="yes_unrecognizable" {...props} />

/Users/alessandrojcm/repos/dhc-dashboard/src/routes/(public)/waitlist/+page.svelte:217:11
Error: Cannot find name 'RadioGroup'. (ts)
								{#snippet children({ props })}
									<RadioGroup.Item value="yes_unrecognizable" {...props} />
									<Form.Label class="font-normal">If not recognizable (wearing a mask)</Form.Label>

/Users/alessandrojcm/repos/dhc-dashboard/src/routes/(public)/waitlist/+page.svelte:218:11
Error: Cannot find name 'Form'. (ts)
									<RadioGroup.Item value="yes_unrecognizable" {...props} />
									<Form.Label class="font-normal">If not recognizable (wearing a mask)</Form.Label>
								{/snippet}

/Users/alessandrojcm/repos/dhc-dashboard/src/routes/(public)/waitlist/+page.svelte:218:80
Error: Cannot find name 'Form'. (ts)
									<RadioGroup.Item value="yes_unrecognizable" {...props} />
									<Form.Label class="font-normal">If not recognizable (wearing a mask)</Form.Label>
								{/snippet}

/Users/alessandrojcm/repos/dhc-dashboard/src/routes/(public)/waitlist/+page.svelte:220:10
Error: Cannot find name 'Form'. (ts)
								{/snippet}
							</Form.Control>
						</div>

/Users/alessandrojcm/repos/dhc-dashboard/src/routes/(public)/waitlist/+page.svelte:223:9
Error: Cannot find name 'Form'. (ts)
						<div class="flex items-center space-x-3 space-y-0">
							<Form.Control>
								{#snippet children({ props })}

/Users/alessandrojcm/repos/dhc-dashboard/src/routes/(public)/waitlist/+page.svelte:224:30
Error: Binding element 'props' implicitly has an 'any' type. (ts)
							<Form.Control>
								{#snippet children({ props })}
									<RadioGroup.Item value="yes_recognizable" {...props} />

/Users/alessandrojcm/repos/dhc-dashboard/src/routes/(public)/waitlist/+page.svelte:225:11
Error: Cannot find name 'RadioGroup'. (ts)
								{#snippet children({ props })}
									<RadioGroup.Item value="yes_recognizable" {...props} />
									<Form.Label class="font-normal">Yes</Form.Label>

/Users/alessandrojcm/repos/dhc-dashboard/src/routes/(public)/waitlist/+page.svelte:226:11
Error: Cannot find name 'Form'. (ts)
									<RadioGroup.Item value="yes_recognizable" {...props} />
									<Form.Label class="font-normal">Yes</Form.Label>
								{/snippet}

/Users/alessandrojcm/repos/dhc-dashboard/src/routes/(public)/waitlist/+page.svelte:226:47
Error: Cannot find name 'Form'. (ts)
									<RadioGroup.Item value="yes_recognizable" {...props} />
									<Form.Label class="font-normal">Yes</Form.Label>
								{/snippet}

/Users/alessandrojcm/repos/dhc-dashboard/src/routes/(public)/waitlist/+page.svelte:228:10
Error: Cannot find name 'Form'. (ts)
								{/snippet}
							</Form.Control>
						</div>

/Users/alessandrojcm/repos/dhc-dashboard/src/routes/(public)/waitlist/+page.svelte:230:8
Error: Cannot find name 'RadioGroup'. (ts)
						</div>
					</RadioGroup.Root>
					<Form.FieldErrors />

/Users/alessandrojcm/repos/dhc-dashboard/src/routes/(public)/waitlist/+page.svelte:231:7
Error: Cannot find name 'Form'. (ts)
					</RadioGroup.Root>
					<Form.FieldErrors />
				</Form.Fieldset>

/Users/alessandrojcm/repos/dhc-dashboard/src/routes/(public)/waitlist/+page.svelte:232:7
Error: Cannot find name 'Form'. (ts)
					<Form.FieldErrors />
				</Form.Fieldset>

/Users/alessandrojcm/repos/dhc-dashboard/src/routes/(public)/waitlist/+page.svelte:234:6
Error: Cannot find name 'Form'. (ts)

				<Form.Field {form} name="medicalConditions">
					<Form.Control>

/Users/alessandrojcm/repos/dhc-dashboard/src/routes/(public)/waitlist/+page.svelte:235:7
Error: Cannot find name 'Form'. (ts)
				<Form.Field {form} name="medicalConditions">
					<Form.Control>
						{#snippet children({ props })}

/Users/alessandrojcm/repos/dhc-dashboard/src/routes/(public)/waitlist/+page.svelte:236:28
Error: Binding element 'props' implicitly has an 'any' type. (ts)
					<Form.Control>
						{#snippet children({ props })}
							<Form.Label>Any medical condition?</Form.Label>

/Users/alessandrojcm/repos/dhc-dashboard/src/routes/(public)/waitlist/+page.svelte:237:9
Error: Cannot find name 'Form'. (ts)
						{#snippet children({ props })}
							<Form.Label>Any medical condition?</Form.Label>
							<Textarea

/Users/alessandrojcm/repos/dhc-dashboard/src/routes/(public)/waitlist/+page.svelte:237:44
Error: Cannot find name 'Form'. (ts)
						{#snippet children({ props })}
							<Form.Label>Any medical condition?</Form.Label>
							<Textarea

/Users/alessandrojcm/repos/dhc-dashboard/src/routes/(public)/waitlist/+page.svelte:238:9
Error: Cannot find name 'Textarea'. (ts)
							<Form.Label>Any medical condition?</Form.Label>
							<Textarea
								{...props}

/Users/alessandrojcm/repos/dhc-dashboard/src/routes/(public)/waitlist/+page.svelte:244:8
Error: Cannot find name 'Form'. (ts)
						{/snippet}
					</Form.Control>
					<Form.FieldErrors />

/Users/alessandrojcm/repos/dhc-dashboard/src/routes/(public)/waitlist/+page.svelte:245:7
Error: Cannot find name 'Form'. (ts)
					</Form.Control>
					<Form.FieldErrors />
				</Form.Field>

/Users/alessandrojcm/repos/dhc-dashboard/src/routes/(public)/waitlist/+page.svelte:246:7
Error: Cannot find name 'Form'. (ts)
					<Form.FieldErrors />
				</Form.Field>

/Users/alessandrojcm/repos/dhc-dashboard/src/routes/(public)/waitlist/+page.svelte:248:10
Error: Cannot find name 'isUnderAge'. (ts)

				{#if isUnderAge}
					<div class="mt-4 p-4 bg-gray-50 rounded-md border border-gray-200">

/Users/alessandrojcm/repos/dhc-dashboard/src/routes/(public)/waitlist/+page.svelte:253:9
Error: Cannot find name 'Form'. (ts)
						<div class="flex gap-4 w-full justify-stretch">
							<Form.Field {form} name="guardianFirstName" class="flex-1">
								<Form.Control>

/Users/alessandrojcm/repos/dhc-dashboard/src/routes/(public)/waitlist/+page.svelte:254:10
Error: Cannot find name 'Form'. (ts)
							<Form.Field {form} name="guardianFirstName" class="flex-1">
								<Form.Control>
									{#snippet children({ props })}

/Users/alessandrojcm/repos/dhc-dashboard/src/routes/(public)/waitlist/+page.svelte:255:31
Error: Binding element 'props' implicitly has an 'any' type. (ts)
								<Form.Control>
									{#snippet children({ props })}
										<Form.Label>Guardian First Name</Form.Label>

/Users/alessandrojcm/repos/dhc-dashboard/src/routes/(public)/waitlist/+page.svelte:256:12
Error: Cannot find name 'Form'. (ts)
									{#snippet children({ props })}
										<Form.Label>Guardian First Name</Form.Label>
										<Input

/Users/alessandrojcm/repos/dhc-dashboard/src/routes/(public)/waitlist/+page.svelte:256:44
Error: Cannot find name 'Form'. (ts)
									{#snippet children({ props })}
										<Form.Label>Guardian First Name</Form.Label>
										<Input

/Users/alessandrojcm/repos/dhc-dashboard/src/routes/(public)/waitlist/+page.svelte:257:12
Error: Cannot find name 'Input'. (ts)
										<Form.Label>Guardian First Name</Form.Label>
										<Input
											{...props}

/Users/alessandrojcm/repos/dhc-dashboard/src/routes/(public)/waitlist/+page.svelte:263:11
Error: Cannot find name 'Form'. (ts)
									{/snippet}
								</Form.Control>
								<Form.FieldErrors />

/Users/alessandrojcm/repos/dhc-dashboard/src/routes/(public)/waitlist/+page.svelte:264:10
Error: Cannot find name 'Form'. (ts)
								</Form.Control>
								<Form.FieldErrors />
							</Form.Field>

/Users/alessandrojcm/repos/dhc-dashboard/src/routes/(public)/waitlist/+page.svelte:265:10
Error: Cannot find name 'Form'. (ts)
								<Form.FieldErrors />
							</Form.Field>

/Users/alessandrojcm/repos/dhc-dashboard/src/routes/(public)/waitlist/+page.svelte:267:9
Error: Cannot find name 'Form'. (ts)

							<Form.Field {form} name="guardianLastName" class="flex-1">
								<Form.Control>

/Users/alessandrojcm/repos/dhc-dashboard/src/routes/(public)/waitlist/+page.svelte:268:10
Error: Cannot find name 'Form'. (ts)
							<Form.Field {form} name="guardianLastName" class="flex-1">
								<Form.Control>
									{#snippet children({ props })}

/Users/alessandrojcm/repos/dhc-dashboard/src/routes/(public)/waitlist/+page.svelte:269:31
Error: Binding element 'props' implicitly has an 'any' type. (ts)
								<Form.Control>
									{#snippet children({ props })}
										<Form.Label>Guardian Last Name</Form.Label>

/Users/alessandrojcm/repos/dhc-dashboard/src/routes/(public)/waitlist/+page.svelte:270:12
Error: Cannot find name 'Form'. (ts)
									{#snippet children({ props })}
										<Form.Label>Guardian Last Name</Form.Label>
										<Input

/Users/alessandrojcm/repos/dhc-dashboard/src/routes/(public)/waitlist/+page.svelte:270:43
Error: Cannot find name 'Form'. (ts)
									{#snippet children({ props })}
										<Form.Label>Guardian Last Name</Form.Label>
										<Input

/Users/alessandrojcm/repos/dhc-dashboard/src/routes/(public)/waitlist/+page.svelte:271:12
Error: Cannot find name 'Input'. (ts)
										<Form.Label>Guardian Last Name</Form.Label>
										<Input
											{...props}

/Users/alessandrojcm/repos/dhc-dashboard/src/routes/(public)/waitlist/+page.svelte:277:11
Error: Cannot find name 'Form'. (ts)
									{/snippet}
								</Form.Control>
								<Form.FieldErrors />

/Users/alessandrojcm/repos/dhc-dashboard/src/routes/(public)/waitlist/+page.svelte:278:10
Error: Cannot find name 'Form'. (ts)
								</Form.Control>
								<Form.FieldErrors />
							</Form.Field>

/Users/alessandrojcm/repos/dhc-dashboard/src/routes/(public)/waitlist/+page.svelte:279:10
Error: Cannot find name 'Form'. (ts)
								<Form.FieldErrors />
							</Form.Field>
						</div>

/Users/alessandrojcm/repos/dhc-dashboard/src/routes/(public)/waitlist/+page.svelte:282:8
Error: Cannot find name 'Form'. (ts)

						<Form.Field {form} name="guardianPhoneNumber">
							<Form.Control>

/Users/alessandrojcm/repos/dhc-dashboard/src/routes/(public)/waitlist/+page.svelte:283:9
Error: Cannot find name 'Form'. (ts)
						<Form.Field {form} name="guardianPhoneNumber">
							<Form.Control>
								{#snippet children({ props })}

/Users/alessandrojcm/repos/dhc-dashboard/src/routes/(public)/waitlist/+page.svelte:284:30
Error: Binding element 'props' implicitly has an 'any' type. (ts)
							<Form.Control>
								{#snippet children({ props })}
									<Form.Label>Guardian Phone Number</Form.Label>

/Users/alessandrojcm/repos/dhc-dashboard/src/routes/(public)/waitlist/+page.svelte:285:11
Error: Cannot find name 'Form'. (ts)
								{#snippet children({ props })}
									<Form.Label>Guardian Phone Number</Form.Label>
									<PhoneInput

/Users/alessandrojcm/repos/dhc-dashboard/src/routes/(public)/waitlist/+page.svelte:285:45
Error: Cannot find name 'Form'. (ts)
								{#snippet children({ props })}
									<Form.Label>Guardian Phone Number</Form.Label>
									<PhoneInput

/Users/alessandrojcm/repos/dhc-dashboard/src/routes/(public)/waitlist/+page.svelte:286:11
Error: Cannot find name 'PhoneInput'. (ts)
									<Form.Label>Guardian Phone Number</Form.Label>
									<PhoneInput
										placeholder="Enter guardian's phone number"

/Users/alessandrojcm/repos/dhc-dashboard/src/routes/(public)/waitlist/+page.svelte:308:10
Error: Cannot find name 'Form'. (ts)
								{/snippet}
							</Form.Control>
							<Form.FieldErrors />

/Users/alessandrojcm/repos/dhc-dashboard/src/routes/(public)/waitlist/+page.svelte:309:9
Error: Cannot find name 'Form'. (ts)
							</Form.Control>
							<Form.FieldErrors />
						</Form.Field>

/Users/alessandrojcm/repos/dhc-dashboard/src/routes/(public)/waitlist/+page.svelte:310:9
Error: Cannot find name 'Form'. (ts)
							<Form.FieldErrors />
						</Form.Field>
					</div>

/Users/alessandrojcm/repos/dhc-dashboard/src/routes/(public)/waitlist/+page.svelte:314:6
Error: Cannot find name 'Button'. (ts)

				<Button type="submit" disabled={!form.submitting}>
					{#if $submitting}

/Users/alessandrojcm/repos/dhc-dashboard/src/routes/(public)/waitlist/+page.svelte:316:8
Error: Cannot find name 'LoaderCircle'. (ts)
					{#if $submitting}
						<LoaderCircle class="animate-spin" />
					{:else}

/Users/alessandrojcm/repos/dhc-dashboard/src/routes/(public)/waitlist/+page.svelte:320:7
Error: Cannot find name 'Button'. (ts)
					{/if}
				</Button>
			</form>

/Users/alessandrojcm/repos/dhc-dashboard/src/routes/(public)/waitlist/+page.svelte:323:4
Error: Cannot find name 'Card'. (ts)
		{/if}
	</Card.Content>
</Card.Root>

/Users/alessandrojcm/repos/dhc-dashboard/src/routes/(public)/waitlist/+page.svelte:324:3
Error: Cannot find name 'Card'. (ts)
	</Card.Content>
</Card.Root>

/Users/alessandrojcm/repos/dhc-dashboard/src/routes/(public)/workshops/[id]/confirmation/+page.svelte:2:20
Error: `$page` is an illegal variable name. To reference a global variable called `$page`, use `globalThis.$page`
https://svelte.dev/e/global_reference_invalid (svelte)
<script lang="ts">
const _sessionId = $page.url.searchParams.get("session_id");
</script>

/Users/alessandrojcm/repos/dhc-dashboard/src/routes/(public)/workshops/[id]/confirmation/+page.svelte:2:20
Error: Cannot find name '$page'. (ts)
<script lang="ts">
const _sessionId = $page.url.searchParams.get("session_id");
</script>

/Users/alessandrojcm/repos/dhc-dashboard/src/routes/(public)/workshops/[id]/confirmation/+page.svelte:7:4
Error: Cannot find name 'Alert'. (ts)
	<div class="max-w-md mx-auto">
		<Alert class="border-green-200 bg-green-50">
			<CheckCircle class="h-4 w-4 text-green-600" />

/Users/alessandrojcm/repos/dhc-dashboard/src/routes/(public)/workshops/[id]/confirmation/+page.svelte:8:5
Error: Cannot find name 'CheckCircle'. (ts)
		<Alert class="border-green-200 bg-green-50">
			<CheckCircle class="h-4 w-4 text-green-600" />
			<AlertTitle class="text-green-800">Registration Successful!</AlertTitle>

/Users/alessandrojcm/repos/dhc-dashboard/src/routes/(public)/workshops/[id]/confirmation/+page.svelte:9:5
Error: Cannot find name 'AlertTitle'. (ts)
			<CheckCircle class="h-4 w-4 text-green-600" />
			<AlertTitle class="text-green-800">Registration Successful!</AlertTitle>
			<AlertDescription class="text-green-700">

/Users/alessandrojcm/repos/dhc-dashboard/src/routes/(public)/workshops/[id]/confirmation/+page.svelte:9:65
Error: Cannot find name 'AlertTitle'. (ts)
			<CheckCircle class="h-4 w-4 text-green-600" />
			<AlertTitle class="text-green-800">Registration Successful!</AlertTitle>
			<AlertDescription class="text-green-700">

/Users/alessandrojcm/repos/dhc-dashboard/src/routes/(public)/workshops/[id]/confirmation/+page.svelte:10:5
Error: Cannot find name 'AlertDescription'. (ts)
			<AlertTitle class="text-green-800">Registration Successful!</AlertTitle>
			<AlertDescription class="text-green-700">
				Thank you for registering for the workshop. You will receive a confirmation email shortly

/Users/alessandrojcm/repos/dhc-dashboard/src/routes/(public)/workshops/[id]/confirmation/+page.svelte:13:6
Error: Cannot find name 'AlertDescription'. (ts)
				with all the details.
			</AlertDescription>
		</Alert>

/Users/alessandrojcm/repos/dhc-dashboard/src/routes/(public)/workshops/[id]/confirmation/+page.svelte:14:5
Error: Cannot find name 'Alert'. (ts)
			</AlertDescription>
		</Alert>

/Users/alessandrojcm/repos/dhc-dashboard/src/routes/(public)/workshops/[id]/confirmation/+page.svelte:17:5
Error: Cannot find name 'Button'. (ts)
		<div class="mt-6 text-center">
			<Button onclick={() => (window.location.href = '/')}>Return to Home</Button>
		</div>

/Users/alessandrojcm/repos/dhc-dashboard/src/routes/(public)/workshops/[id]/confirmation/+page.svelte:17:73
Error: Cannot find name 'Button'. (ts)
		<div class="mt-6 text-center">
			<Button onclick={() => (window.location.href = '/')}>Return to Home</Button>
		</div>

/Users/alessandrojcm/repos/dhc-dashboard/src/routes/(public)/workshops/[id]/confirmation/+page.svelte:20:8
Error: Cannot find name 'sessionId'. (ts)

		{#if sessionId}
			<p class="text-sm text-gray-500 mt-4 text-center">

/Users/alessandrojcm/repos/dhc-dashboard/src/routes/(public)/workshops/[id]/confirmation/+page.svelte:22:17
Error: Cannot find name 'sessionId'. (ts)
			<p class="text-sm text-gray-500 mt-4 text-center">
				Reference: {sessionId}
			</p>

/Users/alessandrojcm/repos/dhc-dashboard/src/routes/auth/+layout.svelte:11:22
Error: Cannot find name 'DHCLogo'. (ts)
	<div class="hidden md:flex flex-1 md:basis-1/4 bg-blue-500 px-2 items-center justify-center">
		<enhanced:img src={DHCLogo} alt="Dublin Hema Club Logo" class="max-w-full h-auto" />
	</div>

/Users/alessandrojcm/repos/dhc-dashboard/src/routes/auth/+page.svelte:28:2
Error: Cannot find name 'Card'. (ts)

<Card
	class="flex flex-col self-center w-[90%] sm:w-[80%] md:w-[70%] lg:w-[50%] max-w-md p-6 h-auto min-h-[24rem] justify-around items-center"

/Users/alessandrojcm/repos/dhc-dashboard/src/routes/auth/+page.svelte:32:22
Error: Cannot find name 'DHCLogo'. (ts)
	<div class="md:hidden flex justify-center mb-4">
		<enhanced:img src={DHCLogo} alt="Dublin Hema Club Logo" class="w-24 h-24" />
	</div>

/Users/alessandrojcm/repos/dhc-dashboard/src/routes/auth/+page.svelte:36:4
Error: Cannot find name 'Alert'. (ts)
	{#if $message}
		<Alert.Root variant="success" class="max-w-md mt-4">
			<Alert.Title>Success</Alert.Title>

/Users/alessandrojcm/repos/dhc-dashboard/src/routes/auth/+page.svelte:37:5
Error: Cannot find name 'Alert'. (ts)
		<Alert.Root variant="success" class="max-w-md mt-4">
			<Alert.Title>Success</Alert.Title>
			<Alert.Description>{$message.success}</Alert.Description>

/Users/alessandrojcm/repos/dhc-dashboard/src/routes/auth/+page.svelte:37:26
Error: Cannot find name 'Alert'. (ts)
		<Alert.Root variant="success" class="max-w-md mt-4">
			<Alert.Title>Success</Alert.Title>
			<Alert.Description>{$message.success}</Alert.Description>

/Users/alessandrojcm/repos/dhc-dashboard/src/routes/auth/+page.svelte:38:5
Error: Cannot find name 'Alert'. (ts)
			<Alert.Title>Success</Alert.Title>
			<Alert.Description>{$message.success}</Alert.Description>
		</Alert.Root>

/Users/alessandrojcm/repos/dhc-dashboard/src/routes/auth/+page.svelte:38:43
Error: Cannot find name 'Alert'. (ts)
			<Alert.Title>Success</Alert.Title>
			<Alert.Description>{$message.success}</Alert.Description>
		</Alert.Root>

/Users/alessandrojcm/repos/dhc-dashboard/src/routes/auth/+page.svelte:39:5
Error: Cannot find name 'Alert'. (ts)
			<Alert.Description>{$message.success}</Alert.Description>
		</Alert.Root>
	{/if}

/Users/alessandrojcm/repos/dhc-dashboard/src/routes/auth/+page.svelte:41:7
Error: Cannot find name 'urlMessage'. (ts)
	{/if}
	{#if urlMessage}
		<Alert.Root variant="success" class="max-w-md mt-4">

/Users/alessandrojcm/repos/dhc-dashboard/src/routes/auth/+page.svelte:42:4
Error: Cannot find name 'Alert'. (ts)
	{#if urlMessage}
		<Alert.Root variant="success" class="max-w-md mt-4">
			<Alert.Title>Success</Alert.Title>

/Users/alessandrojcm/repos/dhc-dashboard/src/routes/auth/+page.svelte:43:5
Error: Cannot find name 'Alert'. (ts)
		<Alert.Root variant="success" class="max-w-md mt-4">
			<Alert.Title>Success</Alert.Title>
			<Alert.Description>{urlMessage}</Alert.Description>

/Users/alessandrojcm/repos/dhc-dashboard/src/routes/auth/+page.svelte:43:26
Error: Cannot find name 'Alert'. (ts)
		<Alert.Root variant="success" class="max-w-md mt-4">
			<Alert.Title>Success</Alert.Title>
			<Alert.Description>{urlMessage}</Alert.Description>

/Users/alessandrojcm/repos/dhc-dashboard/src/routes/auth/+page.svelte:44:5
Error: Cannot find name 'Alert'. (ts)
			<Alert.Title>Success</Alert.Title>
			<Alert.Description>{urlMessage}</Alert.Description>
		</Alert.Root>

/Users/alessandrojcm/repos/dhc-dashboard/src/routes/auth/+page.svelte:44:24
Error: Cannot find name 'urlMessage'. (ts)
			<Alert.Title>Success</Alert.Title>
			<Alert.Description>{urlMessage}</Alert.Description>
		</Alert.Root>

/Users/alessandrojcm/repos/dhc-dashboard/src/routes/auth/+page.svelte:44:37
Error: Cannot find name 'Alert'. (ts)
			<Alert.Title>Success</Alert.Title>
			<Alert.Description>{urlMessage}</Alert.Description>
		</Alert.Root>

/Users/alessandrojcm/repos/dhc-dashboard/src/routes/auth/+page.svelte:45:5
Error: Cannot find name 'Alert'. (ts)
			<Alert.Description>{urlMessage}</Alert.Description>
		</Alert.Root>
	{/if}

/Users/alessandrojcm/repos/dhc-dashboard/src/routes/auth/+page.svelte:48:7
Error: Cannot find name 'errorMessage'. (ts)

	{#if errorMessage}
		<Alert.Root variant="destructive" class="max-w-md mt-4">

/Users/alessandrojcm/repos/dhc-dashboard/src/routes/auth/+page.svelte:49:4
Error: Cannot find name 'Alert'. (ts)
	{#if errorMessage}
		<Alert.Root variant="destructive" class="max-w-md mt-4">
			<ExclamationTriangle class="h-4 w-4" />

/Users/alessandrojcm/repos/dhc-dashboard/src/routes/auth/+page.svelte:50:5
Error: Cannot find name 'ExclamationTriangle'. (ts)
		<Alert.Root variant="destructive" class="max-w-md mt-4">
			<ExclamationTriangle class="h-4 w-4" />
			<Alert.Title>Error</Alert.Title>

/Users/alessandrojcm/repos/dhc-dashboard/src/routes/auth/+page.svelte:51:5
Error: Cannot find name 'Alert'. (ts)
			<ExclamationTriangle class="h-4 w-4" />
			<Alert.Title>Error</Alert.Title>
			<Alert.Description>{errorMessage}</Alert.Description>

/Users/alessandrojcm/repos/dhc-dashboard/src/routes/auth/+page.svelte:51:24
Error: Cannot find name 'Alert'. (ts)
			<ExclamationTriangle class="h-4 w-4" />
			<Alert.Title>Error</Alert.Title>
			<Alert.Description>{errorMessage}</Alert.Description>

/Users/alessandrojcm/repos/dhc-dashboard/src/routes/auth/+page.svelte:52:5
Error: Cannot find name 'Alert'. (ts)
			<Alert.Title>Error</Alert.Title>
			<Alert.Description>{errorMessage}</Alert.Description>
		</Alert.Root>

/Users/alessandrojcm/repos/dhc-dashboard/src/routes/auth/+page.svelte:52:24
Error: Cannot find name 'errorMessage'. (ts)
			<Alert.Title>Error</Alert.Title>
			<Alert.Description>{errorMessage}</Alert.Description>
		</Alert.Root>

/Users/alessandrojcm/repos/dhc-dashboard/src/routes/auth/+page.svelte:52:39
Error: Cannot find name 'Alert'. (ts)
			<Alert.Title>Error</Alert.Title>
			<Alert.Description>{errorMessage}</Alert.Description>
		</Alert.Root>

/Users/alessandrojcm/repos/dhc-dashboard/src/routes/auth/+page.svelte:53:5
Error: Cannot find name 'Alert'. (ts)
			<Alert.Description>{errorMessage}</Alert.Description>
		</Alert.Root>
	{/if}

/Users/alessandrojcm/repos/dhc-dashboard/src/routes/auth/+page.svelte:62:6
Error: Cannot find name 'Input'. (ts)
				<label for="email" class="text-sm font-medium">Email</label>
				<Input
					type="email"

/Users/alessandrojcm/repos/dhc-dashboard/src/routes/auth/+page.svelte:74:5
Error: Cannot find name 'Button'. (ts)
			<input type="hidden" name="auth_method" value="magic_link" />
			<Button type="submit" class="w-full" disabled={$submitting}>
				{$submitting && $formData.auth_method === 'magic_link'

/Users/alessandrojcm/repos/dhc-dashboard/src/routes/auth/+page.svelte:78:6
Error: Cannot find name 'Button'. (ts)
					: 'Sign in with Magic Link'}
			</Button>
		</div>

/Users/alessandrojcm/repos/dhc-dashboard/src/routes/auth/+page.svelte:83:5
Error: Cannot find name 'Separator'. (ts)
		<div class="flex items-center">
			<Separator class="flex-grow w-auto" style="width: auto" />
			<span class="px-3 text-sm text-muted-foreground">OR</span>

/Users/alessandrojcm/repos/dhc-dashboard/src/routes/auth/+page.svelte:85:5
Error: Cannot find name 'Separator'. (ts)
			<span class="px-3 text-sm text-muted-foreground">OR</span>
			<Separator class="flex-grow w-auto" style="width: auto" />
		</div>

/Users/alessandrojcm/repos/dhc-dashboard/src/routes/auth/+page.svelte:89:4
Error: Cannot find name 'Button'. (ts)
		<!-- Discord Login -->
		<Button
			type="submit"

/Users/alessandrojcm/repos/dhc-dashboard/src/routes/auth/+page.svelte:96:5
Error: Cannot find name 'DiscordLogo'. (ts)
		>
			<DiscordLogo class="mr-2" />
			{$submitting && $formData.auth_method === 'discord' ? 'Redirecting...' : 'Login with Discord'}

/Users/alessandrojcm/repos/dhc-dashboard/src/routes/auth/+page.svelte:98:5
Error: Cannot find name 'Button'. (ts)
			{$submitting && $formData.auth_method === 'discord' ? 'Redirecting...' : 'Login with Discord'}
		</Button>
	</form>

/Users/alessandrojcm/repos/dhc-dashboard/src/routes/auth/+page.svelte:100:3
Error: Cannot find name 'Card'. (ts)
	</form>
</Card>

/Users/alessandrojcm/repos/dhc-dashboard/src/routes/dashboard/+error.svelte:8:3
Error: Cannot find name 'Alert'. (ts)
<div class="flex items-center justify-center min-h-screen">
	<Alert.Root variant="destructive" class="max-w-md">
		<Alert.Title>Error</Alert.Title>

/Users/alessandrojcm/repos/dhc-dashboard/src/routes/dashboard/+error.svelte:9:4
Error: Cannot find name 'Alert'. (ts)
	<Alert.Root variant="destructive" class="max-w-md">
		<Alert.Title>Error</Alert.Title>
		<Alert.Description>{page.error?.message}</Alert.Description>

/Users/alessandrojcm/repos/dhc-dashboard/src/routes/dashboard/+error.svelte:9:23
Error: Cannot find name 'Alert'. (ts)
	<Alert.Root variant="destructive" class="max-w-md">
		<Alert.Title>Error</Alert.Title>
		<Alert.Description>{page.error?.message}</Alert.Description>

/Users/alessandrojcm/repos/dhc-dashboard/src/routes/dashboard/+error.svelte:10:4
Error: Cannot find name 'Alert'. (ts)
		<Alert.Title>Error</Alert.Title>
		<Alert.Description>{page.error?.message}</Alert.Description>
	</Alert.Root>

/Users/alessandrojcm/repos/dhc-dashboard/src/routes/dashboard/+error.svelte:10:45
Error: Cannot find name 'Alert'. (ts)
		<Alert.Title>Error</Alert.Title>
		<Alert.Description>{page.error?.message}</Alert.Description>
	</Alert.Root>

/Users/alessandrojcm/repos/dhc-dashboard/src/routes/dashboard/+error.svelte:11:4
Error: Cannot find name 'Alert'. (ts)
		<Alert.Description>{page.error?.message}</Alert.Description>
	</Alert.Root>
</div>

/Users/alessandrojcm/repos/dhc-dashboard/src/routes/dashboard/+layout.svelte:5:8
Error: Module '"/Users/alessandrojcm/repos/dhc-dashboard/src/lib/components/ui/breadcrumb/index"' has no default export. Did you mean to use 'import { Breadcrumb } from "/Users/alessandrojcm/repos/dhc-dashboard/src/lib/components/ui/breadcrumb/index"' instead? (ts)
import { page } from "$app/state";
import Breadcrumb from "$lib/components/ui/breadcrumb";
import DashboardSidebar from "$lib/components/ui/DashboardSidebar.svelte";

/Users/alessandrojcm/repos/dhc-dashboard/src/routes/dashboard/beginners-workshop/+page.svelte:62:33
Error: Can only bind to state or props
https://svelte.dev/e/bind_invalid_value (svelte)
		{#await data.isWaitlistOpen then isOpen}
			<AlertDialog.Root bind:open={dialogOpen}>
				<AlertDialog.Trigger class="fixed right-4 top-4">

/Users/alessandrojcm/repos/dhc-dashboard/src/routes/dashboard/beginners-workshop/+page.svelte:62:5
Error: Cannot find name 'AlertDialog'. (ts)
		{#await data.isWaitlistOpen then isOpen}
			<AlertDialog.Root bind:open={dialogOpen}>
				<AlertDialog.Trigger class="fixed right-4 top-4">

/Users/alessandrojcm/repos/dhc-dashboard/src/routes/dashboard/beginners-workshop/+page.svelte:62:33
Error: Cannot find name 'dialogOpen'. (ts)
		{#await data.isWaitlistOpen then isOpen}
			<AlertDialog.Root bind:open={dialogOpen}>
				<AlertDialog.Trigger class="fixed right-4 top-4">

/Users/alessandrojcm/repos/dhc-dashboard/src/routes/dashboard/beginners-workshop/+page.svelte:63:6
Error: Cannot find name 'AlertDialog'. (ts)
			<AlertDialog.Root bind:open={dialogOpen}>
				<AlertDialog.Trigger class="fixed right-4 top-4">
					<Button variant="outline" onclick={() => (dialogOpen = true)}>

/Users/alessandrojcm/repos/dhc-dashboard/src/routes/dashboard/beginners-workshop/+page.svelte:64:7
Error: Cannot find name 'Button'. (ts)
				<AlertDialog.Trigger class="fixed right-4 top-4">
					<Button variant="outline" onclick={() => (dialogOpen = true)}>
						{#if isOpen}

/Users/alessandrojcm/repos/dhc-dashboard/src/routes/dashboard/beginners-workshop/+page.svelte:64:48
Error: Cannot find name 'dialogOpen'. (ts)
				<AlertDialog.Trigger class="fixed right-4 top-4">
					<Button variant="outline" onclick={() => (dialogOpen = true)}>
						{#if isOpen}

/Users/alessandrojcm/repos/dhc-dashboard/src/routes/dashboard/beginners-workshop/+page.svelte:66:9
Error: Cannot find name 'LockOpen'. (ts)
						{#if isOpen}
							<LockOpen class="w-4 h-4" />
							<p class="hidden md:block">Close Waitlist</p>

/Users/alessandrojcm/repos/dhc-dashboard/src/routes/dashboard/beginners-workshop/+page.svelte:69:9
Error: Argument of type '{ new (): Lock; prototype: Lock; }' is not assignable to parameter of type 'ConstructorOfATypedSvelteComponent | Component<any, any, any> | null | undefined'.
  Type '{ new (): Lock; prototype: Lock; }' is not assignable to type 'ConstructorOfATypedSvelteComponent'.
    Type 'Lock' is missing the following properties from type 'ATypedSvelteComponent': $$prop_def, $$events_def, $$slot_def, $on

Possible causes:
- You use the instance type of a component where you should use the constructor type
- Type definitions are missing for this Svelte Component.  (ts)
						{:else}
							<Lock class="w-4 h-4" />
							<p class="hidden md:block">Open Waitlist</p>

/Users/alessandrojcm/repos/dhc-dashboard/src/routes/dashboard/beginners-workshop/+page.svelte:72:8
Error: Cannot find name 'Button'. (ts)
						{/if}
					</Button>
				</AlertDialog.Trigger>

/Users/alessandrojcm/repos/dhc-dashboard/src/routes/dashboard/beginners-workshop/+page.svelte:73:7
Error: Cannot find name 'AlertDialog'. (ts)
					</Button>
				</AlertDialog.Trigger>
				<AlertDialog.Content>

/Users/alessandrojcm/repos/dhc-dashboard/src/routes/dashboard/beginners-workshop/+page.svelte:74:6
Error: Cannot find name 'AlertDialog'. (ts)
				</AlertDialog.Trigger>
				<AlertDialog.Content>
					<AlertDialog.Header>

/Users/alessandrojcm/repos/dhc-dashboard/src/routes/dashboard/beginners-workshop/+page.svelte:75:7
Error: Cannot find name 'AlertDialog'. (ts)
				<AlertDialog.Content>
					<AlertDialog.Header>
						<AlertDialog.Title>{isOpen ? 'Close' : 'Open'} waitlist</AlertDialog.Title>

/Users/alessandrojcm/repos/dhc-dashboard/src/routes/dashboard/beginners-workshop/+page.svelte:76:8
Error: Cannot find name 'AlertDialog'. (ts)
					<AlertDialog.Header>
						<AlertDialog.Title>{isOpen ? 'Close' : 'Open'} waitlist</AlertDialog.Title>
						<AlertDialog.Description>

/Users/alessandrojcm/repos/dhc-dashboard/src/routes/dashboard/beginners-workshop/+page.svelte:76:64
Error: Cannot find name 'AlertDialog'. (ts)
					<AlertDialog.Header>
						<AlertDialog.Title>{isOpen ? 'Close' : 'Open'} waitlist</AlertDialog.Title>
						<AlertDialog.Description>

/Users/alessandrojcm/repos/dhc-dashboard/src/routes/dashboard/beginners-workshop/+page.svelte:77:8
Error: Cannot find name 'AlertDialog'. (ts)
						<AlertDialog.Title>{isOpen ? 'Close' : 'Open'} waitlist</AlertDialog.Title>
						<AlertDialog.Description>
							Are you sure you want to {isOpen ? 'close' : 'open'} the waitlist? This action will affect

/Users/alessandrojcm/repos/dhc-dashboard/src/routes/dashboard/beginners-workshop/+page.svelte:80:9
Error: Cannot find name 'AlertDialog'. (ts)
							new registrations.
						</AlertDialog.Description>
					</AlertDialog.Header>

/Users/alessandrojcm/repos/dhc-dashboard/src/routes/dashboard/beginners-workshop/+page.svelte:81:8
Error: Cannot find name 'AlertDialog'. (ts)
						</AlertDialog.Description>
					</AlertDialog.Header>
					<AlertDialog.Footer>

/Users/alessandrojcm/repos/dhc-dashboard/src/routes/dashboard/beginners-workshop/+page.svelte:82:7
Error: Cannot find name 'AlertDialog'. (ts)
					</AlertDialog.Header>
					<AlertDialog.Footer>
						<AlertDialog.Cancel onclick={() => (dialogOpen = false)}>Cancel</AlertDialog.Cancel>

/Users/alessandrojcm/repos/dhc-dashboard/src/routes/dashboard/beginners-workshop/+page.svelte:83:8
Error: Cannot find name 'AlertDialog'. (ts)
					<AlertDialog.Footer>
						<AlertDialog.Cancel onclick={() => (dialogOpen = false)}>Cancel</AlertDialog.Cancel>
						<AlertDialog.Action onclick={() => toggleWaitlistMutation.mutate()} data-testid="action"

/Users/alessandrojcm/repos/dhc-dashboard/src/routes/dashboard/beginners-workshop/+page.svelte:83:43
Error: Cannot find name 'dialogOpen'. (ts)
					<AlertDialog.Footer>
						<AlertDialog.Cancel onclick={() => (dialogOpen = false)}>Cancel</AlertDialog.Cancel>
						<AlertDialog.Action onclick={() => toggleWaitlistMutation.mutate()} data-testid="action"

/Users/alessandrojcm/repos/dhc-dashboard/src/routes/dashboard/beginners-workshop/+page.svelte:83:72
Error: Cannot find name 'AlertDialog'. (ts)
					<AlertDialog.Footer>
						<AlertDialog.Cancel onclick={() => (dialogOpen = false)}>Cancel</AlertDialog.Cancel>
						<AlertDialog.Action onclick={() => toggleWaitlistMutation.mutate()} data-testid="action"

/Users/alessandrojcm/repos/dhc-dashboard/src/routes/dashboard/beginners-workshop/+page.svelte:84:8
Error: Cannot find name 'AlertDialog'. (ts)
						<AlertDialog.Cancel onclick={() => (dialogOpen = false)}>Cancel</AlertDialog.Cancel>
						<AlertDialog.Action onclick={() => toggleWaitlistMutation.mutate()} data-testid="action"
							>{isOpen ? 'Close' : 'Open'}</AlertDialog.Action

/Users/alessandrojcm/repos/dhc-dashboard/src/routes/dashboard/beginners-workshop/+page.svelte:84:42
Error: Cannot find name 'toggleWaitlistMutation'. (ts)
						<AlertDialog.Cancel onclick={() => (dialogOpen = false)}>Cancel</AlertDialog.Cancel>
						<AlertDialog.Action onclick={() => toggleWaitlistMutation.mutate()} data-testid="action"
							>{isOpen ? 'Close' : 'Open'}</AlertDialog.Action

/Users/alessandrojcm/repos/dhc-dashboard/src/routes/dashboard/beginners-workshop/+page.svelte:85:38
Error: Cannot find name 'AlertDialog'. (ts)
						<AlertDialog.Action onclick={() => toggleWaitlistMutation.mutate()} data-testid="action"
							>{isOpen ? 'Close' : 'Open'}</AlertDialog.Action
						>

/Users/alessandrojcm/repos/dhc-dashboard/src/routes/dashboard/beginners-workshop/+page.svelte:87:8
Error: Cannot find name 'AlertDialog'. (ts)
						>
					</AlertDialog.Footer>
				</AlertDialog.Content>

/Users/alessandrojcm/repos/dhc-dashboard/src/routes/dashboard/beginners-workshop/+page.svelte:88:7
Error: Cannot find name 'AlertDialog'. (ts)
					</AlertDialog.Footer>
				</AlertDialog.Content>
			</AlertDialog.Root>

/Users/alessandrojcm/repos/dhc-dashboard/src/routes/dashboard/beginners-workshop/+page.svelte:89:6
Error: Cannot find name 'AlertDialog'. (ts)
				</AlertDialog.Content>
			</AlertDialog.Root>
		{:catch}

/Users/alessandrojcm/repos/dhc-dashboard/src/routes/dashboard/beginners-workshop/+page.svelte:91:5
Error: Cannot find name 'Button'. (ts)
		{:catch}
			<Button disabled class="ml-auto">
				<LoaderCircle class="w-4 h-4 mr-1" />

/Users/alessandrojcm/repos/dhc-dashboard/src/routes/dashboard/beginners-workshop/+page.svelte:92:6
Error: Cannot find name 'LoaderCircle'. (ts)
			<Button disabled class="ml-auto">
				<LoaderCircle class="w-4 h-4 mr-1" />
				Loading...

/Users/alessandrojcm/repos/dhc-dashboard/src/routes/dashboard/beginners-workshop/+page.svelte:94:6
Error: Cannot find name 'Button'. (ts)
				Loading...
			</Button>
		{/await}

/Users/alessandrojcm/repos/dhc-dashboard/src/routes/dashboard/beginners-workshop/+page.svelte:100:3
Error: Cannot find name 'Root'. (ts)
	{@render waitlistToggleDialog()}
	<Root {value} class="p-2 min-h-96 mr-2" onValueChange={onTabChange}>
		<div class="inline-flex w-full">

/Users/alessandrojcm/repos/dhc-dashboard/src/routes/dashboard/beginners-workshop/+page.svelte:100:57
Error: Cannot find name 'onTabChange'. (ts)
	{@render waitlistToggleDialog()}
	<Root {value} class="p-2 min-h-96 mr-2" onValueChange={onTabChange}>
		<div class="inline-flex w-full">

/Users/alessandrojcm/repos/dhc-dashboard/src/routes/dashboard/beginners-workshop/+page.svelte:102:5
Error: Cannot find name 'Select'. (ts)
		<div class="inline-flex w-full">
			<Select.Root {value} type="single" onValueChange={onTabChange}>
				<Select.Trigger class="md:hidden flex w-fit" size="sm" id="view-selector">

/Users/alessandrojcm/repos/dhc-dashboard/src/routes/dashboard/beginners-workshop/+page.svelte:102:54
Error: Cannot find name 'onTabChange'. (ts)
		<div class="inline-flex w-full">
			<Select.Root {value} type="single" onValueChange={onTabChange}>
				<Select.Trigger class="md:hidden flex w-fit" size="sm" id="view-selector">

/Users/alessandrojcm/repos/dhc-dashboard/src/routes/dashboard/beginners-workshop/+page.svelte:103:6
Error: Cannot find name 'Select'. (ts)
			<Select.Root {value} type="single" onValueChange={onTabChange}>
				<Select.Trigger class="md:hidden flex w-fit" size="sm" id="view-selector">
					{viewLabel}

/Users/alessandrojcm/repos/dhc-dashboard/src/routes/dashboard/beginners-workshop/+page.svelte:104:7
Error: Cannot find name 'viewLabel'. (ts)
				<Select.Trigger class="md:hidden flex w-fit" size="sm" id="view-selector">
					{viewLabel}
				</Select.Trigger>

/Users/alessandrojcm/repos/dhc-dashboard/src/routes/dashboard/beginners-workshop/+page.svelte:105:7
Error: Cannot find name 'Select'. (ts)
					{viewLabel}
				</Select.Trigger>
				<Select.Content>

/Users/alessandrojcm/repos/dhc-dashboard/src/routes/dashboard/beginners-workshop/+page.svelte:106:6
Error: Cannot find name 'Select'. (ts)
				</Select.Trigger>
				<Select.Content>
					{#each views as view (view.id)}

/Users/alessandrojcm/repos/dhc-dashboard/src/routes/dashboard/beginners-workshop/+page.svelte:108:8
Error: Cannot find name 'Select'. (ts)
					{#each views as view (view.id)}
						<Select.Item value={view.id}>{view.label}</Select.Item>
					{/each}

/Users/alessandrojcm/repos/dhc-dashboard/src/routes/dashboard/beginners-workshop/+page.svelte:108:50
Error: Cannot find name 'Select'. (ts)
					{#each views as view (view.id)}
						<Select.Item value={view.id}>{view.label}</Select.Item>
					{/each}

/Users/alessandrojcm/repos/dhc-dashboard/src/routes/dashboard/beginners-workshop/+page.svelte:110:7
Error: Cannot find name 'Select'. (ts)
					{/each}
				</Select.Content>
			</Select.Root>

/Users/alessandrojcm/repos/dhc-dashboard/src/routes/dashboard/beginners-workshop/+page.svelte:111:6
Error: Cannot find name 'Select'. (ts)
				</Select.Content>
			</Select.Root>
			<List class="md:flex hidden">

/Users/alessandrojcm/repos/dhc-dashboard/src/routes/dashboard/beginners-workshop/+page.svelte:112:5
Error: Cannot find name 'List'. (ts)
			</Select.Root>
			<List class="md:flex hidden">
				<Trigger value="dashboard">Dashboard</Trigger>

/Users/alessandrojcm/repos/dhc-dashboard/src/routes/dashboard/beginners-workshop/+page.svelte:113:6
Error: Cannot find name 'Trigger'. (ts)
			<List class="md:flex hidden">
				<Trigger value="dashboard">Dashboard</Trigger>
				<Trigger value="waitlist">Waitlist</Trigger>

/Users/alessandrojcm/repos/dhc-dashboard/src/routes/dashboard/beginners-workshop/+page.svelte:113:43
Error: Cannot find name 'Trigger'. (ts)
			<List class="md:flex hidden">
				<Trigger value="dashboard">Dashboard</Trigger>
				<Trigger value="waitlist">Waitlist</Trigger>

/Users/alessandrojcm/repos/dhc-dashboard/src/routes/dashboard/beginners-workshop/+page.svelte:114:6
Error: Cannot find name 'Trigger'. (ts)
				<Trigger value="dashboard">Dashboard</Trigger>
				<Trigger value="waitlist">Waitlist</Trigger>
			</List>

/Users/alessandrojcm/repos/dhc-dashboard/src/routes/dashboard/beginners-workshop/+page.svelte:114:41
Error: Cannot find name 'Trigger'. (ts)
				<Trigger value="dashboard">Dashboard</Trigger>
				<Trigger value="waitlist">Waitlist</Trigger>
			</List>

/Users/alessandrojcm/repos/dhc-dashboard/src/routes/dashboard/beginners-workshop/+page.svelte:115:6
Error: Cannot find name 'List'. (ts)
				<Trigger value="waitlist">Waitlist</Trigger>
			</List>
		</div>

/Users/alessandrojcm/repos/dhc-dashboard/src/routes/dashboard/beginners-workshop/+page.svelte:118:4
Error: Cannot find name 'Content'. (ts)

		<Content value="dashboard">
			<Analytics {supabase} />

/Users/alessandrojcm/repos/dhc-dashboard/src/routes/dashboard/beginners-workshop/+page.svelte:119:5
Error: Cannot find name 'Analytics'. (ts)
		<Content value="dashboard">
			<Analytics {supabase} />
		</Content>

/Users/alessandrojcm/repos/dhc-dashboard/src/routes/dashboard/beginners-workshop/+page.svelte:119:16
Error: No value exists in scope for the shorthand property 'supabase'. Either declare one or provide an initializer. (ts)
		<Content value="dashboard">
			<Analytics {supabase} />
		</Content>

/Users/alessandrojcm/repos/dhc-dashboard/src/routes/dashboard/beginners-workshop/+page.svelte:120:5
Error: Cannot find name 'Content'. (ts)
			<Analytics {supabase} />
		</Content>
		<Content value="waitlist">

/Users/alessandrojcm/repos/dhc-dashboard/src/routes/dashboard/beginners-workshop/+page.svelte:121:4
Error: Cannot find name 'Content'. (ts)
		</Content>
		<Content value="waitlist">
			<WaitlistTable {supabase} />

/Users/alessandrojcm/repos/dhc-dashboard/src/routes/dashboard/beginners-workshop/+page.svelte:122:5
Error: Cannot find name 'WaitlistTable'. (ts)
		<Content value="waitlist">
			<WaitlistTable {supabase} />
		</Content>

/Users/alessandrojcm/repos/dhc-dashboard/src/routes/dashboard/beginners-workshop/+page.svelte:122:20
Error: No value exists in scope for the shorthand property 'supabase'. Either declare one or provide an initializer. (ts)
		<Content value="waitlist">
			<WaitlistTable {supabase} />
		</Content>

/Users/alessandrojcm/repos/dhc-dashboard/src/routes/dashboard/beginners-workshop/+page.svelte:123:5
Error: Cannot find name 'Content'. (ts)
			<WaitlistTable {supabase} />
		</Content>
	</Root>

/Users/alessandrojcm/repos/dhc-dashboard/src/routes/dashboard/beginners-workshop/+page.svelte:124:4
Error: Cannot find name 'Root'. (ts)
		</Content>
	</Root>
</div>

/Users/alessandrojcm/repos/dhc-dashboard/src/routes/dashboard/beginners-workshop/actions-buttons.svelte:57:40
Error: Can only bind to state or props
https://svelte.dev/e/bind_invalid_value (svelte)
			{#if isEdit}
				<Textarea class="min-h-[5ch]" bind:value />
				<Button

/Users/alessandrojcm/repos/dhc-dashboard/src/routes/dashboard/beginners-workshop/actions-buttons.svelte:23:4
Error: Cannot find name 'Button'. (ts)
	{#if onToggleExpand}
		<Button variant="ghost" size="icon" onclick={onToggleExpand} aria-label="Expand row">
			{#if isExpanded}

/Users/alessandrojcm/repos/dhc-dashboard/src/routes/dashboard/beginners-workshop/actions-buttons.svelte:25:6
Error: Cannot find name 'ChevronUp'. (ts)
			{#if isExpanded}
				<ChevronUp class="h-4 w-4" />
			{:else}

/Users/alessandrojcm/repos/dhc-dashboard/src/routes/dashboard/beginners-workshop/actions-buttons.svelte:27:6
Error: Cannot find name 'ChevronDown'. (ts)
			{:else}
				<ChevronDown class="h-4 w-4" />
			{/if}

/Users/alessandrojcm/repos/dhc-dashboard/src/routes/dashboard/beginners-workshop/actions-buttons.svelte:29:5
Error: Cannot find name 'Button'. (ts)
			{/if}
		</Button>
	{/if}

/Users/alessandrojcm/repos/dhc-dashboard/src/routes/dashboard/beginners-workshop/actions-buttons.svelte:31:3
Error: Cannot find name 'Tooltip'. (ts)
	{/if}
	<Tooltip.Root>
		<Tooltip.Trigger>

/Users/alessandrojcm/repos/dhc-dashboard/src/routes/dashboard/beginners-workshop/actions-buttons.svelte:32:4
Error: Cannot find name 'Tooltip'. (ts)
	<Tooltip.Root>
		<Tooltip.Trigger>
			<Button variant="ghost" aria-label="Invite Member" onclick={() => inviteMember()}>

/Users/alessandrojcm/repos/dhc-dashboard/src/routes/dashboard/beginners-workshop/actions-buttons.svelte:33:5
Error: Cannot find name 'Button'. (ts)
		<Tooltip.Trigger>
			<Button variant="ghost" aria-label="Invite Member" onclick={() => inviteMember()}>
				<SendIcon class="h-4 w-4" />

/Users/alessandrojcm/repos/dhc-dashboard/src/routes/dashboard/beginners-workshop/actions-buttons.svelte:34:6
Error: Cannot find name 'SendIcon'. (ts)
			<Button variant="ghost" aria-label="Invite Member" onclick={() => inviteMember()}>
				<SendIcon class="h-4 w-4" />
			</Button>

/Users/alessandrojcm/repos/dhc-dashboard/src/routes/dashboard/beginners-workshop/actions-buttons.svelte:35:6
Error: Cannot find name 'Button'. (ts)
				<SendIcon class="h-4 w-4" />
			</Button>
		</Tooltip.Trigger>

/Users/alessandrojcm/repos/dhc-dashboard/src/routes/dashboard/beginners-workshop/actions-buttons.svelte:36:5
Error: Cannot find name 'Tooltip'. (ts)
			</Button>
		</Tooltip.Trigger>
		<Tooltip.Content class="flex flex-col gap-y-2">

/Users/alessandrojcm/repos/dhc-dashboard/src/routes/dashboard/beginners-workshop/actions-buttons.svelte:37:4
Error: Cannot find name 'Tooltip'. (ts)
		</Tooltip.Trigger>
		<Tooltip.Content class="flex flex-col gap-y-2">
			<Label>Invite member</Label>

/Users/alessandrojcm/repos/dhc-dashboard/src/routes/dashboard/beginners-workshop/actions-buttons.svelte:38:5
Error: Cannot find name 'Label'. (ts)
		<Tooltip.Content class="flex flex-col gap-y-2">
			<Label>Invite member</Label>
		</Tooltip.Content>

/Users/alessandrojcm/repos/dhc-dashboard/src/routes/dashboard/beginners-workshop/actions-buttons.svelte:38:26
Error: Cannot find name 'Label'. (ts)
		<Tooltip.Content class="flex flex-col gap-y-2">
			<Label>Invite member</Label>
		</Tooltip.Content>

/Users/alessandrojcm/repos/dhc-dashboard/src/routes/dashboard/beginners-workshop/actions-buttons.svelte:39:5
Error: Cannot find name 'Tooltip'. (ts)
			<Label>Invite member</Label>
		</Tooltip.Content>
	</Tooltip.Root>

/Users/alessandrojcm/repos/dhc-dashboard/src/routes/dashboard/beginners-workshop/actions-buttons.svelte:40:4
Error: Cannot find name 'Tooltip'. (ts)
		</Tooltip.Content>
	</Tooltip.Root>

/Users/alessandrojcm/repos/dhc-dashboard/src/routes/dashboard/beginners-workshop/actions-buttons.svelte:43:3
Error: Cannot find name 'Popover'. (ts)
	<!-- Admin Notes -->
	<Popover.Root onOpenChange={(open) => !open && (isEdit = false)}>
		<Popover.Trigger>

/Users/alessandrojcm/repos/dhc-dashboard/src/routes/dashboard/beginners-workshop/actions-buttons.svelte:43:31
Error: Parameter 'open' implicitly has an 'any' type. (ts)
	<!-- Admin Notes -->
	<Popover.Root onOpenChange={(open) => !open && (isEdit = false)}>
		<Popover.Trigger>

/Users/alessandrojcm/repos/dhc-dashboard/src/routes/dashboard/beginners-workshop/actions-buttons.svelte:43:50
Error: Cannot find name 'isEdit'. (ts)
	<!-- Admin Notes -->
	<Popover.Root onOpenChange={(open) => !open && (isEdit = false)}>
		<Popover.Trigger>

/Users/alessandrojcm/repos/dhc-dashboard/src/routes/dashboard/beginners-workshop/actions-buttons.svelte:44:4
Error: Cannot find name 'Popover'. (ts)
	<Popover.Root onOpenChange={(open) => !open && (isEdit = false)}>
		<Popover.Trigger>
			<Button variant="ghost" aria-label="Admin notes">

/Users/alessandrojcm/repos/dhc-dashboard/src/routes/dashboard/beginners-workshop/actions-buttons.svelte:45:5
Error: Cannot find name 'Button'. (ts)
		<Popover.Trigger>
			<Button variant="ghost" aria-label="Admin notes">
				<NotebookPen />

/Users/alessandrojcm/repos/dhc-dashboard/src/routes/dashboard/beginners-workshop/actions-buttons.svelte:46:6
Error: Cannot find name 'NotebookPen'. (ts)
			<Button variant="ghost" aria-label="Admin notes">
				<NotebookPen />
			</Button>

/Users/alessandrojcm/repos/dhc-dashboard/src/routes/dashboard/beginners-workshop/actions-buttons.svelte:47:6
Error: Cannot find name 'Button'. (ts)
				<NotebookPen />
			</Button>
		</Popover.Trigger>

/Users/alessandrojcm/repos/dhc-dashboard/src/routes/dashboard/beginners-workshop/actions-buttons.svelte:48:5
Error: Cannot find name 'Popover'. (ts)
			</Button>
		</Popover.Trigger>
		<Popover.Content class="flex flex-col gap-y-2">

/Users/alessandrojcm/repos/dhc-dashboard/src/routes/dashboard/beginners-workshop/actions-buttons.svelte:49:4
Error: Cannot find name 'Popover'. (ts)
		</Popover.Trigger>
		<Popover.Content class="flex flex-col gap-y-2">
			<Label

/Users/alessandrojcm/repos/dhc-dashboard/src/routes/dashboard/beginners-workshop/actions-buttons.svelte:50:5
Error: Cannot find name 'Label'. (ts)
		<Popover.Content class="flex flex-col gap-y-2">
			<Label
				>Admin notes

/Users/alessandrojcm/repos/dhc-dashboard/src/routes/dashboard/beginners-workshop/actions-buttons.svelte:52:6
Error: Cannot find name 'Button'. (ts)
				>Admin notes
				<Button variant="ghost" onclick={() => (isEdit = !isEdit)}>
					<Edit class="h-4 w-4" />

/Users/alessandrojcm/repos/dhc-dashboard/src/routes/dashboard/beginners-workshop/actions-buttons.svelte:52:45
Error: Cannot find name 'isEdit'. (ts)
				>Admin notes
				<Button variant="ghost" onclick={() => (isEdit = !isEdit)}>
					<Edit class="h-4 w-4" />

/Users/alessandrojcm/repos/dhc-dashboard/src/routes/dashboard/beginners-workshop/actions-buttons.svelte:52:55
Error: Cannot find name 'isEdit'. (ts)
				>Admin notes
				<Button variant="ghost" onclick={() => (isEdit = !isEdit)}>
					<Edit class="h-4 w-4" />

/Users/alessandrojcm/repos/dhc-dashboard/src/routes/dashboard/beginners-workshop/actions-buttons.svelte:53:7
Error: Cannot find name 'Edit'. (ts)
				<Button variant="ghost" onclick={() => (isEdit = !isEdit)}>
					<Edit class="h-4 w-4" />
				</Button>

/Users/alessandrojcm/repos/dhc-dashboard/src/routes/dashboard/beginners-workshop/actions-buttons.svelte:54:7
Error: Cannot find name 'Button'. (ts)
					<Edit class="h-4 w-4" />
				</Button>
			</Label>

/Users/alessandrojcm/repos/dhc-dashboard/src/routes/dashboard/beginners-workshop/actions-buttons.svelte:55:6
Error: Cannot find name 'Label'. (ts)
				</Button>
			</Label>
			{#if isEdit}

/Users/alessandrojcm/repos/dhc-dashboard/src/routes/dashboard/beginners-workshop/actions-buttons.svelte:56:9
Error: Cannot find name 'isEdit'. (ts)
			</Label>
			{#if isEdit}
				<Textarea class="min-h-[5ch]" bind:value />

/Users/alessandrojcm/repos/dhc-dashboard/src/routes/dashboard/beginners-workshop/actions-buttons.svelte:57:6
Error: Cannot find name 'Textarea'. (ts)
			{#if isEdit}
				<Textarea class="min-h-[5ch]" bind:value />
				<Button

/Users/alessandrojcm/repos/dhc-dashboard/src/routes/dashboard/beginners-workshop/actions-buttons.svelte:57:40
Error: No value exists in scope for the shorthand property 'value'. Either declare one or provide an initializer. (ts)
			{#if isEdit}
				<Textarea class="min-h-[5ch]" bind:value />
				<Button

/Users/alessandrojcm/repos/dhc-dashboard/src/routes/dashboard/beginners-workshop/actions-buttons.svelte:58:6
Error: Cannot find name 'Button'. (ts)
				<Textarea class="min-h-[5ch]" bind:value />
				<Button
					class="self-start"

/Users/alessandrojcm/repos/dhc-dashboard/src/routes/dashboard/beginners-workshop/actions-buttons.svelte:61:14
Error: Cannot find name 'value'. (ts)
					onclick={() => {
						onEdit(value);
						isEdit = false;

/Users/alessandrojcm/repos/dhc-dashboard/src/routes/dashboard/beginners-workshop/actions-buttons.svelte:62:7
Error: Cannot find name 'isEdit'. (ts)
						onEdit(value);
						isEdit = false;
					}}

/Users/alessandrojcm/repos/dhc-dashboard/src/routes/dashboard/beginners-workshop/actions-buttons.svelte:65:7
Error: Cannot find name 'Button'. (ts)
					>Save
				</Button>
			{:else}

/Users/alessandrojcm/repos/dhc-dashboard/src/routes/dashboard/beginners-workshop/actions-buttons.svelte:68:7
Error: Cannot find name 'value'. (ts)
				<p class="border border-solid border-black-200 rounded-md p-2 min-h-[5ch]">
					{value ?? 'N/A'}
				</p>

/Users/alessandrojcm/repos/dhc-dashboard/src/routes/dashboard/beginners-workshop/actions-buttons.svelte:71:5
Error: Cannot find name 'Popover'. (ts)
			{/if}
		</Popover.Content>
	</Popover.Root>

/Users/alessandrojcm/repos/dhc-dashboard/src/routes/dashboard/beginners-workshop/actions-buttons.svelte:72:4
Error: Cannot find name 'Popover'. (ts)
		</Popover.Content>
	</Popover.Root>
</div>

/Users/alessandrojcm/repos/dhc-dashboard/src/routes/dashboard/beginners-workshop/waitlist-table.svelte:492:4
Error: Cannot find name 'Input'. (ts)
	<span class="flex flex-nowrap items-center gap-2">
		<Input
			value={searchQuery}

/Users/alessandrojcm/repos/dhc-dashboard/src/routes/dashboard/beginners-workshop/waitlist-table.svelte:495:5
Error: Cannot find name 'onSearchChange'. (ts)
			onchange={(t: Event & { currentTarget: EventTarget & HTMLInputElement }) =>
				onSearchChange(t.currentTarget.value)}
			placeholder="Search for a person"

/Users/alessandrojcm/repos/dhc-dashboard/src/routes/dashboard/beginners-workshop/waitlist-table.svelte:501:5
Error: Cannot find name 'Button'. (ts)
		{#if searchQuery !== ''}
			<Button variant="ghost" type="button" onclick={() => onSearchChange('')}>
				<Cross2 />

/Users/alessandrojcm/repos/dhc-dashboard/src/routes/dashboard/beginners-workshop/waitlist-table.svelte:501:57
Error: Cannot find name 'onSearchChange'. (ts)
		{#if searchQuery !== ''}
			<Button variant="ghost" type="button" onclick={() => onSearchChange('')}>
				<Cross2 />

/Users/alessandrojcm/repos/dhc-dashboard/src/routes/dashboard/beginners-workshop/waitlist-table.svelte:502:6
Error: Cannot find name 'Cross2'. (ts)
			<Button variant="ghost" type="button" onclick={() => onSearchChange('')}>
				<Cross2 />
			</Button>

/Users/alessandrojcm/repos/dhc-dashboard/src/routes/dashboard/beginners-workshop/waitlist-table.svelte:503:6
Error: Cannot find name 'Button'. (ts)
				<Cross2 />
			</Button>
		{/if}

/Users/alessandrojcm/repos/dhc-dashboard/src/routes/dashboard/beginners-workshop/waitlist-table.svelte:506:5
Error: Cannot find name 'LoaderCircle'. (ts)
		{#if waitlistQuery.isFetching}
			<LoaderCircle />
		{/if}

/Users/alessandrojcm/repos/dhc-dashboard/src/routes/dashboard/beginners-workshop/waitlist-table.svelte:510:3
Error: Cannot find name 'Button'. (ts)

	<Button
		class="md:ml-auto"

/Users/alessandrojcm/repos/dhc-dashboard/src/routes/dashboard/beginners-workshop/waitlist-table.svelte:512:13
Error: Cannot find name 'inviteCount'. (ts)
		class="md:ml-auto"
		disabled={inviteCount === 0 || inviteMember.isPending}
		onclick={() => inviteMember.mutate(Object.keys(selectedState))}

/Users/alessandrojcm/repos/dhc-dashboard/src/routes/dashboard/beginners-workshop/waitlist-table.svelte:516:5
Error: Cannot find name 'Loader2'. (ts)
		{#if inviteMember.isPending}
			<Loader2 class="mr-2 h-4 w-4 animate-spin" />
		{:else}

/Users/alessandrojcm/repos/dhc-dashboard/src/routes/dashboard/beginners-workshop/waitlist-table.svelte:518:5
Error: Cannot find name 'SendIcon'. (ts)
		{:else}
			<SendIcon class="mr-2 h-4 w-4" />
		{/if}

/Users/alessandrojcm/repos/dhc-dashboard/src/routes/dashboard/beginners-workshop/waitlist-table.svelte:520:11
Error: Cannot find name 'inviteCount'. (ts)
		{/if}
		Invite {inviteCount} members
	</Button>

/Users/alessandrojcm/repos/dhc-dashboard/src/routes/dashboard/beginners-workshop/waitlist-table.svelte:521:4
Error: Cannot find name 'Button'. (ts)
		Invite {inviteCount} members
	</Button>
</div>

/Users/alessandrojcm/repos/dhc-dashboard/src/routes/dashboard/beginners-workshop/waitlist-table.svelte:525:3
Error: Cannot find name 'Table'. (ts)
<div class="hidden md:block overflow-x-auto overflow-y-auto h-[65svh]">
	<Table.Root class="w-full">
		<Table.Header class="sticky top-0 z-10 bg-white">

/Users/alessandrojcm/repos/dhc-dashboard/src/routes/dashboard/beginners-workshop/waitlist-table.svelte:526:4
Error: Cannot find name 'Table'. (ts)
	<Table.Root class="w-full">
		<Table.Header class="sticky top-0 z-10 bg-white">
			{#each table.getHeaderGroups() as headerGroup (headerGroup.id)}

/Users/alessandrojcm/repos/dhc-dashboard/src/routes/dashboard/beginners-workshop/waitlist-table.svelte:527:11
Error: Cannot find name 'table'. (ts)
		<Table.Header class="sticky top-0 z-10 bg-white">
			{#each table.getHeaderGroups() as headerGroup (headerGroup.id)}
				<Table.Row>

/Users/alessandrojcm/repos/dhc-dashboard/src/routes/dashboard/beginners-workshop/waitlist-table.svelte:528:6
Error: Cannot find name 'Table'. (ts)
			{#each table.getHeaderGroups() as headerGroup (headerGroup.id)}
				<Table.Row>
					{#each headerGroup.headers as header (header.id)}

/Users/alessandrojcm/repos/dhc-dashboard/src/routes/dashboard/beginners-workshop/waitlist-table.svelte:530:8
Error: Cannot find name 'Table'. (ts)
					{#each headerGroup.headers as header (header.id)}
						<Table.Head class="text-black prose prose-p text-xs md:text-sm font-medium p-2">
							<FlexRender content={header.column.columnDef.header} context={header.getContext()} />

/Users/alessandrojcm/repos/dhc-dashboard/src/routes/dashboard/beginners-workshop/waitlist-table.svelte:531:9
Error: Cannot find name 'FlexRender'. (ts)
						<Table.Head class="text-black prose prose-p text-xs md:text-sm font-medium p-2">
							<FlexRender content={header.column.columnDef.header} context={header.getContext()} />
						</Table.Head>

/Users/alessandrojcm/repos/dhc-dashboard/src/routes/dashboard/beginners-workshop/waitlist-table.svelte:532:9
Error: Cannot find name 'Table'. (ts)
							<FlexRender content={header.column.columnDef.header} context={header.getContext()} />
						</Table.Head>
					{/each}

/Users/alessandrojcm/repos/dhc-dashboard/src/routes/dashboard/beginners-workshop/waitlist-table.svelte:534:7
Error: Cannot find name 'Table'. (ts)
					{/each}
				</Table.Row>
			{/each}

/Users/alessandrojcm/repos/dhc-dashboard/src/routes/dashboard/beginners-workshop/waitlist-table.svelte:536:5
Error: Cannot find name 'Table'. (ts)
			{/each}
		</Table.Header>
		<Table.Body>

/Users/alessandrojcm/repos/dhc-dashboard/src/routes/dashboard/beginners-workshop/waitlist-table.svelte:537:4
Error: Cannot find name 'Table'. (ts)
		</Table.Header>
		<Table.Body>
			{#each table.getRowModel().rows as row (row.id)}

/Users/alessandrojcm/repos/dhc-dashboard/src/routes/dashboard/beginners-workshop/waitlist-table.svelte:538:11
Error: Cannot find name 'table'. (ts)
		<Table.Body>
			{#each table.getRowModel().rows as row (row.id)}
				<Table.Row>

/Users/alessandrojcm/repos/dhc-dashboard/src/routes/dashboard/beginners-workshop/waitlist-table.svelte:539:6
Error: Cannot find name 'Table'. (ts)
			{#each table.getRowModel().rows as row (row.id)}
				<Table.Row>
					{#each row.getVisibleCells() as cell (cell.id)}

/Users/alessandrojcm/repos/dhc-dashboard/src/routes/dashboard/beginners-workshop/waitlist-table.svelte:541:8
Error: Cannot find name 'Table'. (ts)
					{#each row.getVisibleCells() as cell (cell.id)}
						<Table.Cell
							class="whitespace-normal md:whitespace-nowrap py-2 md:py-4 px-2 md:px-3 text-xs md:text-sm prose prose-p"

/Users/alessandrojcm/repos/dhc-dashboard/src/routes/dashboard/beginners-workshop/waitlist-table.svelte:544:9
Error: Cannot find name 'FlexRender'. (ts)
						>
							<FlexRender content={cell.column.columnDef.cell} context={cell.getContext()} />
						</Table.Cell>

/Users/alessandrojcm/repos/dhc-dashboard/src/routes/dashboard/beginners-workshop/waitlist-table.svelte:545:9
Error: Cannot find name 'Table'. (ts)
							<FlexRender content={cell.column.columnDef.cell} context={cell.getContext()} />
						</Table.Cell>
					{/each}

/Users/alessandrojcm/repos/dhc-dashboard/src/routes/dashboard/beginners-workshop/waitlist-table.svelte:547:7
Error: Cannot find name 'Table'. (ts)
					{/each}
				</Table.Row>
				{#if row.getIsExpanded()}

/Users/alessandrojcm/repos/dhc-dashboard/src/routes/dashboard/beginners-workshop/waitlist-table.svelte:549:7
Error: Cannot find name 'Table'. (ts)
				{#if row.getIsExpanded()}
					<Table.Row>
						<Table.Cell colspan={row.getVisibleCells().length} class="p-4 bg-muted/20">

/Users/alessandrojcm/repos/dhc-dashboard/src/routes/dashboard/beginners-workshop/waitlist-table.svelte:550:8
Error: Cannot find name 'Table'. (ts)
					<Table.Row>
						<Table.Cell colspan={row.getVisibleCells().length} class="p-4 bg-muted/20">
							<div class="grid grid-cols-1 md:grid-cols-2 gap-4">

/Users/alessandrojcm/repos/dhc-dashboard/src/routes/dashboard/beginners-workshop/waitlist-table.svelte:581:9
Error: Cannot find name 'Table'. (ts)
							</div>
						</Table.Cell>
					</Table.Row>

/Users/alessandrojcm/repos/dhc-dashboard/src/routes/dashboard/beginners-workshop/waitlist-table.svelte:582:8
Error: Cannot find name 'Table'. (ts)
						</Table.Cell>
					</Table.Row>
				{/if}

/Users/alessandrojcm/repos/dhc-dashboard/src/routes/dashboard/beginners-workshop/waitlist-table.svelte:585:5
Error: Cannot find name 'Table'. (ts)
			{/each}
		</Table.Body>
		<Table.Footer class="sticky bottom-0 z-1 bg-white">

/Users/alessandrojcm/repos/dhc-dashboard/src/routes/dashboard/beginners-workshop/waitlist-table.svelte:586:4
Error: Cannot find name 'Table'. (ts)
		</Table.Body>
		<Table.Footer class="sticky bottom-0 z-1 bg-white">
			{#each table.getFooterGroups() as footerGroup}

/Users/alessandrojcm/repos/dhc-dashboard/src/routes/dashboard/beginners-workshop/waitlist-table.svelte:587:11
Error: Cannot find name 'table'. (ts)
		<Table.Footer class="sticky bottom-0 z-1 bg-white">
			{#each table.getFooterGroups() as footerGroup}
				<Table.Row>

/Users/alessandrojcm/repos/dhc-dashboard/src/routes/dashboard/beginners-workshop/waitlist-table.svelte:588:6
Error: Cannot find name 'Table'. (ts)
			{#each table.getFooterGroups() as footerGroup}
				<Table.Row>
					{#each footerGroup.headers as header}

/Users/alessandrojcm/repos/dhc-dashboard/src/routes/dashboard/beginners-workshop/waitlist-table.svelte:590:8
Error: Cannot find name 'Table'. (ts)
					{#each footerGroup.headers as header}
						<Table.Cell>
							{#if !header.isPlaceholder}

/Users/alessandrojcm/repos/dhc-dashboard/src/routes/dashboard/beginners-workshop/waitlist-table.svelte:592:10
Error: Cannot find name 'FlexRender'. (ts)
							{#if !header.isPlaceholder}
								<FlexRender
									content={header.column.columnDef.footer}

/Users/alessandrojcm/repos/dhc-dashboard/src/routes/dashboard/beginners-workshop/waitlist-table.svelte:597:9
Error: Cannot find name 'Table'. (ts)
							{/if}
						</Table.Cell>
					{/each}

/Users/alessandrojcm/repos/dhc-dashboard/src/routes/dashboard/beginners-workshop/waitlist-table.svelte:599:7
Error: Cannot find name 'Table'. (ts)
					{/each}
				</Table.Row>
			{/each}

/Users/alessandrojcm/repos/dhc-dashboard/src/routes/dashboard/beginners-workshop/waitlist-table.svelte:601:5
Error: Cannot find name 'Table'. (ts)
			{/each}
		</Table.Footer>
	</Table.Root>

/Users/alessandrojcm/repos/dhc-dashboard/src/routes/dashboard/beginners-workshop/waitlist-table.svelte:602:4
Error: Cannot find name 'Table'. (ts)
		</Table.Footer>
	</Table.Root>
</div>

/Users/alessandrojcm/repos/dhc-dashboard/src/routes/dashboard/beginners-workshop/waitlist-table.svelte:608:8
Error: Cannot find name 'table'. (ts)
	<div class="space-y-4">
		{#if table.getRowCount() === 0}
			<p class="text-foreground">No results found</p>

/Users/alessandrojcm/repos/dhc-dashboard/src/routes/dashboard/beginners-workshop/waitlist-table.svelte:611:10
Error: Cannot find name 'table'. (ts)
		{/if}
		{#each table.getRowModel().rows as row (row.id)}
			<div class="bg-card text-card-foreground rounded-lg border shadow-sm p-4">

/Users/alessandrojcm/repos/dhc-dashboard/src/routes/dashboard/beginners-workshop/waitlist-table.svelte:649:17
Error: Cannot find name 'getBadgeVariant'. (ts)
						<Badge
							variant={getBadgeVariant(row.original.status)}
							class="h-8"

/Users/alessandrojcm/repos/dhc-dashboard/src/routes/dashboard/beginners-workshop/waitlist-table.svelte:745:4
Error: Cannot find name 'Select'. (ts)
		<p class="text-sm text-muted-foreground">Elements per page</p>
		<Select.Root
			type="single"

/Users/alessandrojcm/repos/dhc-dashboard/src/routes/dashboard/beginners-workshop/waitlist-table.svelte:748:20
Error: Parameter 'value' implicitly has an 'any' type. (ts)
			value={pageSize.toString()}
			onValueChange={(value) => onPaginationChange({ pageSize: Number(value) })}
		>

/Users/alessandrojcm/repos/dhc-dashboard/src/routes/dashboard/beginners-workshop/waitlist-table.svelte:750:5
Error: Cannot find name 'Select'. (ts)
		>
			<Select.Trigger class="w-16 h-8">{pageSize}</Select.Trigger>
			<Select.Content>

/Users/alessandrojcm/repos/dhc-dashboard/src/routes/dashboard/beginners-workshop/waitlist-table.svelte:750:49
Error: Cannot find name 'Select'. (ts)
		>
			<Select.Trigger class="w-16 h-8">{pageSize}</Select.Trigger>
			<Select.Content>

/Users/alessandrojcm/repos/dhc-dashboard/src/routes/dashboard/beginners-workshop/waitlist-table.svelte:751:5
Error: Cannot find name 'Select'. (ts)
			<Select.Trigger class="w-16 h-8">{pageSize}</Select.Trigger>
			<Select.Content>
				{#each pageSizeOptions as pageSizeOption}

/Users/alessandrojcm/repos/dhc-dashboard/src/routes/dashboard/beginners-workshop/waitlist-table.svelte:752:12
Error: Cannot find name 'pageSizeOptions'. (ts)
			<Select.Content>
				{#each pageSizeOptions as pageSizeOption}
					<Select.Item value={pageSizeOption.toString()}>

/Users/alessandrojcm/repos/dhc-dashboard/src/routes/dashboard/beginners-workshop/waitlist-table.svelte:753:7
Error: Cannot find name 'Select'. (ts)
				{#each pageSizeOptions as pageSizeOption}
					<Select.Item value={pageSizeOption.toString()}>
						{pageSizeOption}

/Users/alessandrojcm/repos/dhc-dashboard/src/routes/dashboard/beginners-workshop/waitlist-table.svelte:755:8
Error: Cannot find name 'Select'. (ts)
						{pageSizeOption}
					</Select.Item>
				{/each}

/Users/alessandrojcm/repos/dhc-dashboard/src/routes/dashboard/beginners-workshop/waitlist-table.svelte:757:6
Error: Cannot find name 'Select'. (ts)
				{/each}
			</Select.Content>
		</Select.Root>

/Users/alessandrojcm/repos/dhc-dashboard/src/routes/dashboard/beginners-workshop/waitlist-table.svelte:758:5
Error: Cannot find name 'Select'. (ts)
			</Select.Content>
		</Select.Root>
	</div>

/Users/alessandrojcm/repos/dhc-dashboard/src/routes/dashboard/beginners-workshop/waitlist-table.svelte:761:4
Error: Cannot find name 'Pagination'. (ts)
	<div class="w-full md:w-auto flex justify-center md:justify-end">
		<Pagination.Root
			count={waitlistQuery?.data?.count ?? 0}

/Users/alessandrojcm/repos/dhc-dashboard/src/routes/dashboard/beginners-workshop/waitlist-table.svelte:765:19
Error: Parameter 'page' implicitly has an 'any' type. (ts)
			page={currentPage + 1}
			onPageChange={(page) => table.setPageIndex(page - 1)}
			class="m-0"

/Users/alessandrojcm/repos/dhc-dashboard/src/routes/dashboard/beginners-workshop/waitlist-table.svelte:765:28
Error: Cannot find name 'table'. (ts)
			page={currentPage + 1}
			onPageChange={(page) => table.setPageIndex(page - 1)}
			class="m-0"

/Users/alessandrojcm/repos/dhc-dashboard/src/routes/dashboard/beginners-workshop/waitlist-table.svelte:768:25
Error: Binding element 'pages' implicitly has an 'any' type. (ts)
		>
			{#snippet children({ pages, currentPage })}
				<Pagination.Content>

/Users/alessandrojcm/repos/dhc-dashboard/src/routes/dashboard/beginners-workshop/waitlist-table.svelte:768:32
Error: Binding element 'currentPage' implicitly has an 'any' type. (ts)
		>
			{#snippet children({ pages, currentPage })}
				<Pagination.Content>

/Users/alessandrojcm/repos/dhc-dashboard/src/routes/dashboard/beginners-workshop/waitlist-table.svelte:769:6
Error: Cannot find name 'Pagination'. (ts)
			{#snippet children({ pages, currentPage })}
				<Pagination.Content>
					<Pagination.Item>

/Users/alessandrojcm/repos/dhc-dashboard/src/routes/dashboard/beginners-workshop/waitlist-table.svelte:770:7
Error: Cannot find name 'Pagination'. (ts)
				<Pagination.Content>
					<Pagination.Item>
						<Pagination.PrevButton />

/Users/alessandrojcm/repos/dhc-dashboard/src/routes/dashboard/beginners-workshop/waitlist-table.svelte:771:8
Error: Cannot find name 'Pagination'. (ts)
					<Pagination.Item>
						<Pagination.PrevButton />
					</Pagination.Item>

/Users/alessandrojcm/repos/dhc-dashboard/src/routes/dashboard/beginners-workshop/waitlist-table.svelte:772:8
Error: Cannot find name 'Pagination'. (ts)
						<Pagination.PrevButton />
					</Pagination.Item>
					{#each pages as page (page.key)}

/Users/alessandrojcm/repos/dhc-dashboard/src/routes/dashboard/beginners-workshop/waitlist-table.svelte:775:9
Error: Cannot find name 'Pagination'. (ts)
						{#if page.type === 'ellipsis'}
							<Pagination.Item class="hidden sm:block">
								<Pagination.Ellipsis />

/Users/alessandrojcm/repos/dhc-dashboard/src/routes/dashboard/beginners-workshop/waitlist-table.svelte:776:10
Error: Cannot find name 'Pagination'. (ts)
							<Pagination.Item class="hidden sm:block">
								<Pagination.Ellipsis />
							</Pagination.Item>

/Users/alessandrojcm/repos/dhc-dashboard/src/routes/dashboard/beginners-workshop/waitlist-table.svelte:777:10
Error: Cannot find name 'Pagination'. (ts)
								<Pagination.Ellipsis />
							</Pagination.Item>
						{:else}

/Users/alessandrojcm/repos/dhc-dashboard/src/routes/dashboard/beginners-workshop/waitlist-table.svelte:779:9
Error: Cannot find name 'Pagination'. (ts)
						{:else}
							<Pagination.Item
								class={page.value !== currentPage &&

/Users/alessandrojcm/repos/dhc-dashboard/src/routes/dashboard/beginners-workshop/waitlist-table.svelte:786:10
Error: Cannot find name 'Pagination'. (ts)
							>
								<Pagination.Link {page} isActive={currentPage === page.value}>
									{page.value}

/Users/alessandrojcm/repos/dhc-dashboard/src/routes/dashboard/beginners-workshop/waitlist-table.svelte:788:11
Error: Cannot find name 'Pagination'. (ts)
									{page.value}
								</Pagination.Link>
							</Pagination.Item>

/Users/alessandrojcm/repos/dhc-dashboard/src/routes/dashboard/beginners-workshop/waitlist-table.svelte:789:10
Error: Cannot find name 'Pagination'. (ts)
								</Pagination.Link>
							</Pagination.Item>
						{/if}

/Users/alessandrojcm/repos/dhc-dashboard/src/routes/dashboard/beginners-workshop/waitlist-table.svelte:792:7
Error: Cannot find name 'Pagination'. (ts)
					{/each}
					<Pagination.Item>
						<Pagination.NextButton />

/Users/alessandrojcm/repos/dhc-dashboard/src/routes/dashboard/beginners-workshop/waitlist-table.svelte:793:8
Error: Cannot find name 'Pagination'. (ts)
					<Pagination.Item>
						<Pagination.NextButton />
					</Pagination.Item>

/Users/alessandrojcm/repos/dhc-dashboard/src/routes/dashboard/beginners-workshop/waitlist-table.svelte:794:8
Error: Cannot find name 'Pagination'. (ts)
						<Pagination.NextButton />
					</Pagination.Item>
				</Pagination.Content>

/Users/alessandrojcm/repos/dhc-dashboard/src/routes/dashboard/beginners-workshop/waitlist-table.svelte:795:7
Error: Cannot find name 'Pagination'. (ts)
					</Pagination.Item>
				</Pagination.Content>
			{/snippet}

/Users/alessandrojcm/repos/dhc-dashboard/src/routes/dashboard/beginners-workshop/waitlist-table.svelte:797:5
Error: Cannot find name 'Pagination'. (ts)
			{/snippet}
		</Pagination.Root>
	</div>

/Users/alessandrojcm/repos/dhc-dashboard/src/routes/dashboard/beginners-workshop/workshop-analytics.svelte:99:3
Error: Cannot find name 'Card'. (ts)
<div class="flex flex-wrap justify-center md:justify-start gap-4">
	<Card.Root class="bg-green-200 w-36 text-center md:text-left">
		<Card.Header>

/Users/alessandrojcm/repos/dhc-dashboard/src/routes/dashboard/beginners-workshop/workshop-analytics.svelte:100:4
Error: Cannot find name 'Card'. (ts)
	<Card.Root class="bg-green-200 w-36 text-center md:text-left">
		<Card.Header>
			<Card.Description class="text-black">Total waitlist</Card.Description>

/Users/alessandrojcm/repos/dhc-dashboard/src/routes/dashboard/beginners-workshop/workshop-analytics.svelte:101:5
Error: Cannot find name 'Card'. (ts)
		<Card.Header>
			<Card.Description class="text-black">Total waitlist</Card.Description>
		</Card.Header>

/Users/alessandrojcm/repos/dhc-dashboard/src/routes/dashboard/beginners-workshop/workshop-analytics.svelte:101:57
Error: Cannot find name 'Card'. (ts)
		<Card.Header>
			<Card.Description class="text-black">Total waitlist</Card.Description>
		</Card.Header>

/Users/alessandrojcm/repos/dhc-dashboard/src/routes/dashboard/beginners-workshop/workshop-analytics.svelte:102:5
Error: Cannot find name 'Card'. (ts)
			<Card.Description class="text-black">Total waitlist</Card.Description>
		</Card.Header>
		<Card.Content>

/Users/alessandrojcm/repos/dhc-dashboard/src/routes/dashboard/beginners-workshop/workshop-analytics.svelte:103:4
Error: Cannot find name 'Card'. (ts)
		</Card.Header>
		<Card.Content>
			{#if totalCountQuery.isLoading}

/Users/alessandrojcm/repos/dhc-dashboard/src/routes/dashboard/beginners-workshop/workshop-analytics.svelte:104:9
Error: Cannot find name 'totalCountQuery'. (ts)
		<Card.Content>
			{#if totalCountQuery.isLoading}
				<Skeleton class="h-[2.5rem] w-[5rem]" />

/Users/alessandrojcm/repos/dhc-dashboard/src/routes/dashboard/beginners-workshop/workshop-analytics.svelte:105:6
Error: Cannot find name 'Skeleton'. (ts)
			{#if totalCountQuery.isLoading}
				<Skeleton class="h-[2.5rem] w-[5rem]" />
			{:else}

/Users/alessandrojcm/repos/dhc-dashboard/src/routes/dashboard/beginners-workshop/workshop-analytics.svelte:108:7
Error: Cannot find name 'totalCountQuery'. (ts)
				<p class="text-black text-4xl">
					{totalCountQuery.data ?? 0}
				</p>

/Users/alessandrojcm/repos/dhc-dashboard/src/routes/dashboard/beginners-workshop/workshop-analytics.svelte:111:5
Error: Cannot find name 'Card'. (ts)
			{/if}
		</Card.Content>
	</Card.Root>

/Users/alessandrojcm/repos/dhc-dashboard/src/routes/dashboard/beginners-workshop/workshop-analytics.svelte:112:4
Error: Cannot find name 'Card'. (ts)
		</Card.Content>
	</Card.Root>
	<Card.Root class="bg-yellow-200 w-36 text-center md:text-left">

/Users/alessandrojcm/repos/dhc-dashboard/src/routes/dashboard/beginners-workshop/workshop-analytics.svelte:113:3
Error: Cannot find name 'Card'. (ts)
	</Card.Root>
	<Card.Root class="bg-yellow-200 w-36 text-center md:text-left">
		<Card.Header>

/Users/alessandrojcm/repos/dhc-dashboard/src/routes/dashboard/beginners-workshop/workshop-analytics.svelte:114:4
Error: Cannot find name 'Card'. (ts)
	<Card.Root class="bg-yellow-200 w-36 text-center md:text-left">
		<Card.Header>
			<Card.Description class="text-black">Average age</Card.Description>

/Users/alessandrojcm/repos/dhc-dashboard/src/routes/dashboard/beginners-workshop/workshop-analytics.svelte:115:5
Error: Cannot find name 'Card'. (ts)
		<Card.Header>
			<Card.Description class="text-black">Average age</Card.Description>
		</Card.Header>

/Users/alessandrojcm/repos/dhc-dashboard/src/routes/dashboard/beginners-workshop/workshop-analytics.svelte:115:54
Error: Cannot find name 'Card'. (ts)
		<Card.Header>
			<Card.Description class="text-black">Average age</Card.Description>
		</Card.Header>

/Users/alessandrojcm/repos/dhc-dashboard/src/routes/dashboard/beginners-workshop/workshop-analytics.svelte:116:5
Error: Cannot find name 'Card'. (ts)
			<Card.Description class="text-black">Average age</Card.Description>
		</Card.Header>
		<Card.Content>

/Users/alessandrojcm/repos/dhc-dashboard/src/routes/dashboard/beginners-workshop/workshop-analytics.svelte:117:4
Error: Cannot find name 'Card'. (ts)
		</Card.Header>
		<Card.Content>
			{#if averageAge.isLoading}

/Users/alessandrojcm/repos/dhc-dashboard/src/routes/dashboard/beginners-workshop/workshop-analytics.svelte:118:9
Error: Cannot find name 'averageAge'. (ts)
		<Card.Content>
			{#if averageAge.isLoading}
				<Skeleton class="h-[2.5rem] w-[5rem]" />

/Users/alessandrojcm/repos/dhc-dashboard/src/routes/dashboard/beginners-workshop/workshop-analytics.svelte:119:6
Error: Cannot find name 'Skeleton'. (ts)
			{#if averageAge.isLoading}
				<Skeleton class="h-[2.5rem] w-[5rem]" />
			{:else}

/Users/alessandrojcm/repos/dhc-dashboard/src/routes/dashboard/beginners-workshop/workshop-analytics.svelte:122:8
Error: Cannot find name 'averageAge'. (ts)
				<p class="text-black text-4xl">
					{(averageAge.data ?? 0).toLocaleString('en-UK', { maximumFractionDigits: 2 })}
				</p>

/Users/alessandrojcm/repos/dhc-dashboard/src/routes/dashboard/beginners-workshop/workshop-analytics.svelte:125:5
Error: Cannot find name 'Card'. (ts)
			{/if}
		</Card.Content>
	</Card.Root>

/Users/alessandrojcm/repos/dhc-dashboard/src/routes/dashboard/beginners-workshop/workshop-analytics.svelte:126:4
Error: Cannot find name 'Card'. (ts)
		</Card.Content>
	</Card.Root>
</div>

/Users/alessandrojcm/repos/dhc-dashboard/src/routes/dashboard/beginners-workshop/workshop-analytics.svelte:129:2
Error: Cannot find name 'Resizable'. (ts)

<Resizable.PaneGroup direction="vertical" class="mt-2">
	<Resizable.Pane class="min-h-[400px] p-4 border rounded">

/Users/alessandrojcm/repos/dhc-dashboard/src/routes/dashboard/beginners-workshop/workshop-analytics.svelte:130:3
Error: Cannot find name 'Resizable'. (ts)
<Resizable.PaneGroup direction="vertical" class="mt-2">
	<Resizable.Pane class="min-h-[400px] p-4 border rounded">
		{#if GenderBarChart && genderDistributionData}

/Users/alessandrojcm/repos/dhc-dashboard/src/routes/dashboard/beginners-workshop/workshop-analytics.svelte:131:8
Error: Cannot find name 'GenderBarChart'. (ts)
	<Resizable.Pane class="min-h-[400px] p-4 border rounded">
		{#if GenderBarChart && genderDistributionData}
			<GenderBarChart {genderDistributionData} />

/Users/alessandrojcm/repos/dhc-dashboard/src/routes/dashboard/beginners-workshop/workshop-analytics.svelte:131:26
Error: Cannot find name 'genderDistributionData'. (ts)
	<Resizable.Pane class="min-h-[400px] p-4 border rounded">
		{#if GenderBarChart && genderDistributionData}
			<GenderBarChart {genderDistributionData} />

/Users/alessandrojcm/repos/dhc-dashboard/src/routes/dashboard/beginners-workshop/workshop-analytics.svelte:132:5
Error: Cannot find name 'GenderBarChart'. (ts)
		{#if GenderBarChart && genderDistributionData}
			<GenderBarChart {genderDistributionData} />
		{/if}

/Users/alessandrojcm/repos/dhc-dashboard/src/routes/dashboard/beginners-workshop/workshop-analytics.svelte:132:21
Error: No value exists in scope for the shorthand property 'genderDistributionData'. Either declare one or provide an initializer. (ts)
		{#if GenderBarChart && genderDistributionData}
			<GenderBarChart {genderDistributionData} />
		{/if}

/Users/alessandrojcm/repos/dhc-dashboard/src/routes/dashboard/beginners-workshop/workshop-analytics.svelte:134:4
Error: Cannot find name 'Resizable'. (ts)
		{/if}
	</Resizable.Pane>
	<Resizable.Handle />

/Users/alessandrojcm/repos/dhc-dashboard/src/routes/dashboard/beginners-workshop/workshop-analytics.svelte:135:3
Error: Cannot find name 'Resizable'. (ts)
	</Resizable.Pane>
	<Resizable.Handle />
	<Resizable.Pane class="min-h-[400px] p-4 border rounded">

/Users/alessandrojcm/repos/dhc-dashboard/src/routes/dashboard/beginners-workshop/workshop-analytics.svelte:136:3
Error: Cannot find name 'Resizable'. (ts)
	<Resizable.Handle />
	<Resizable.Pane class="min-h-[400px] p-4 border rounded">
		{#if AgeScatterChart && ageDistribution}

/Users/alessandrojcm/repos/dhc-dashboard/src/routes/dashboard/beginners-workshop/workshop-analytics.svelte:137:8
Error: Cannot find name 'AgeScatterChart'. (ts)
	<Resizable.Pane class="min-h-[400px] p-4 border rounded">
		{#if AgeScatterChart && ageDistribution}
			<AgeScatterChart {ageDistribution} />

/Users/alessandrojcm/repos/dhc-dashboard/src/routes/dashboard/beginners-workshop/workshop-analytics.svelte:137:27
Error: Cannot find name 'ageDistribution'. (ts)
	<Resizable.Pane class="min-h-[400px] p-4 border rounded">
		{#if AgeScatterChart && ageDistribution}
			<AgeScatterChart {ageDistribution} />

/Users/alessandrojcm/repos/dhc-dashboard/src/routes/dashboard/beginners-workshop/workshop-analytics.svelte:138:5
Error: Cannot find name 'AgeScatterChart'. (ts)
		{#if AgeScatterChart && ageDistribution}
			<AgeScatterChart {ageDistribution} />
		{/if}

/Users/alessandrojcm/repos/dhc-dashboard/src/routes/dashboard/beginners-workshop/workshop-analytics.svelte:138:22
Error: No value exists in scope for the shorthand property 'ageDistribution'. Either declare one or provide an initializer. (ts)
		{#if AgeScatterChart && ageDistribution}
			<AgeScatterChart {ageDistribution} />
		{/if}

/Users/alessandrojcm/repos/dhc-dashboard/src/routes/dashboard/beginners-workshop/workshop-analytics.svelte:140:4
Error: Cannot find name 'Resizable'. (ts)
		{/if}
	</Resizable.Pane>
</Resizable.PaneGroup>

/Users/alessandrojcm/repos/dhc-dashboard/src/routes/dashboard/beginners-workshop/workshop-analytics.svelte:141:3
Error: Cannot find name 'Resizable'. (ts)
	</Resizable.Pane>
</Resizable.PaneGroup>

/Users/alessandrojcm/repos/dhc-dashboard/src/routes/dashboard/inventory/+page.svelte:45:4
Error: Cannot find name 'Card'. (ts)
	<div class="grid gap-4 md:grid-cols-2 lg:grid-cols-4 mb-8">
		<Card>
			<CardHeader class="flex flex-row items-center justify-between space-y-0 pb-2">

/Users/alessandrojcm/repos/dhc-dashboard/src/routes/dashboard/inventory/+page.svelte:46:5
Error: Cannot find name 'CardHeader'. (ts)
		<Card>
			<CardHeader class="flex flex-row items-center justify-between space-y-0 pb-2">
				<CardTitle class="text-sm font-medium">Total Containers</CardTitle>

/Users/alessandrojcm/repos/dhc-dashboard/src/routes/dashboard/inventory/+page.svelte:47:6
Error: Cannot find name 'CardTitle'. (ts)
			<CardHeader class="flex flex-row items-center justify-between space-y-0 pb-2">
				<CardTitle class="text-sm font-medium">Total Containers</CardTitle>
				<FolderOpen class="h-4 w-4 text-muted-foreground" />

/Users/alessandrojcm/repos/dhc-dashboard/src/routes/dashboard/inventory/+page.svelte:47:62
Error: Cannot find name 'CardTitle'. (ts)
			<CardHeader class="flex flex-row items-center justify-between space-y-0 pb-2">
				<CardTitle class="text-sm font-medium">Total Containers</CardTitle>
				<FolderOpen class="h-4 w-4 text-muted-foreground" />

/Users/alessandrojcm/repos/dhc-dashboard/src/routes/dashboard/inventory/+page.svelte:48:6
Error: Cannot find name 'FolderOpen'. (ts)
				<CardTitle class="text-sm font-medium">Total Containers</CardTitle>
				<FolderOpen class="h-4 w-4 text-muted-foreground" />
			</CardHeader>

/Users/alessandrojcm/repos/dhc-dashboard/src/routes/dashboard/inventory/+page.svelte:49:6
Error: Cannot find name 'CardHeader'. (ts)
				<FolderOpen class="h-4 w-4 text-muted-foreground" />
			</CardHeader>
			<CardContent>

/Users/alessandrojcm/repos/dhc-dashboard/src/routes/dashboard/inventory/+page.svelte:50:5
Error: Cannot find name 'CardContent'. (ts)
			</CardHeader>
			<CardContent>
				<div class="text-2xl font-bold">{data.stats.containers}</div>

/Users/alessandrojcm/repos/dhc-dashboard/src/routes/dashboard/inventory/+page.svelte:53:6
Error: Cannot find name 'CardContent'. (ts)
				<p class="text-xs text-muted-foreground">Storage locations</p>
			</CardContent>
		</Card>

/Users/alessandrojcm/repos/dhc-dashboard/src/routes/dashboard/inventory/+page.svelte:54:5
Error: Cannot find name 'Card'. (ts)
			</CardContent>
		</Card>

/Users/alessandrojcm/repos/dhc-dashboard/src/routes/dashboard/inventory/+page.svelte:56:4
Error: Cannot find name 'Card'. (ts)

		<Card>
			<CardHeader class="flex flex-row items-center justify-between space-y-0 pb-2">

/Users/alessandrojcm/repos/dhc-dashboard/src/routes/dashboard/inventory/+page.svelte:57:5
Error: Cannot find name 'CardHeader'. (ts)
		<Card>
			<CardHeader class="flex flex-row items-center justify-between space-y-0 pb-2">
				<CardTitle class="text-sm font-medium">Categories</CardTitle>

/Users/alessandrojcm/repos/dhc-dashboard/src/routes/dashboard/inventory/+page.svelte:58:6
Error: Cannot find name 'CardTitle'. (ts)
			<CardHeader class="flex flex-row items-center justify-between space-y-0 pb-2">
				<CardTitle class="text-sm font-medium">Categories</CardTitle>
				<Tags class="h-4 w-4 text-muted-foreground" />

/Users/alessandrojcm/repos/dhc-dashboard/src/routes/dashboard/inventory/+page.svelte:58:56
Error: Cannot find name 'CardTitle'. (ts)
			<CardHeader class="flex flex-row items-center justify-between space-y-0 pb-2">
				<CardTitle class="text-sm font-medium">Categories</CardTitle>
				<Tags class="h-4 w-4 text-muted-foreground" />

/Users/alessandrojcm/repos/dhc-dashboard/src/routes/dashboard/inventory/+page.svelte:59:6
Error: Cannot find name 'Tags'. (ts)
				<CardTitle class="text-sm font-medium">Categories</CardTitle>
				<Tags class="h-4 w-4 text-muted-foreground" />
			</CardHeader>

/Users/alessandrojcm/repos/dhc-dashboard/src/routes/dashboard/inventory/+page.svelte:60:6
Error: Cannot find name 'CardHeader'. (ts)
				<Tags class="h-4 w-4 text-muted-foreground" />
			</CardHeader>
			<CardContent>

/Users/alessandrojcm/repos/dhc-dashboard/src/routes/dashboard/inventory/+page.svelte:61:5
Error: Cannot find name 'CardContent'. (ts)
			</CardHeader>
			<CardContent>
				<div class="text-2xl font-bold">{data.stats.categories}</div>

/Users/alessandrojcm/repos/dhc-dashboard/src/routes/dashboard/inventory/+page.svelte:64:6
Error: Cannot find name 'CardContent'. (ts)
				<p class="text-xs text-muted-foreground">Equipment types</p>
			</CardContent>
		</Card>

/Users/alessandrojcm/repos/dhc-dashboard/src/routes/dashboard/inventory/+page.svelte:65:5
Error: Cannot find name 'Card'. (ts)
			</CardContent>
		</Card>

/Users/alessandrojcm/repos/dhc-dashboard/src/routes/dashboard/inventory/+page.svelte:67:4
Error: Cannot find name 'Card'. (ts)

		<Card>
			<CardHeader class="flex flex-row items-center justify-between space-y-0 pb-2">

/Users/alessandrojcm/repos/dhc-dashboard/src/routes/dashboard/inventory/+page.svelte:68:5
Error: Cannot find name 'CardHeader'. (ts)
		<Card>
			<CardHeader class="flex flex-row items-center justify-between space-y-0 pb-2">
				<CardTitle class="text-sm font-medium">Total Items</CardTitle>

/Users/alessandrojcm/repos/dhc-dashboard/src/routes/dashboard/inventory/+page.svelte:69:6
Error: Cannot find name 'CardTitle'. (ts)
			<CardHeader class="flex flex-row items-center justify-between space-y-0 pb-2">
				<CardTitle class="text-sm font-medium">Total Items</CardTitle>
				<Package class="h-4 w-4 text-muted-foreground" />

/Users/alessandrojcm/repos/dhc-dashboard/src/routes/dashboard/inventory/+page.svelte:69:57
Error: Cannot find name 'CardTitle'. (ts)
			<CardHeader class="flex flex-row items-center justify-between space-y-0 pb-2">
				<CardTitle class="text-sm font-medium">Total Items</CardTitle>
				<Package class="h-4 w-4 text-muted-foreground" />

/Users/alessandrojcm/repos/dhc-dashboard/src/routes/dashboard/inventory/+page.svelte:71:6
Error: Cannot find name 'CardHeader'. (ts)
				<Package class="h-4 w-4 text-muted-foreground" />
			</CardHeader>
			<CardContent>

/Users/alessandrojcm/repos/dhc-dashboard/src/routes/dashboard/inventory/+page.svelte:72:5
Error: Cannot find name 'CardContent'. (ts)
			</CardHeader>
			<CardContent>
				<div class="text-2xl font-bold">{data.stats.items}</div>

/Users/alessandrojcm/repos/dhc-dashboard/src/routes/dashboard/inventory/+page.svelte:75:6
Error: Cannot find name 'CardContent'. (ts)
				<p class="text-xs text-muted-foreground">Equipment pieces</p>
			</CardContent>
		</Card>

/Users/alessandrojcm/repos/dhc-dashboard/src/routes/dashboard/inventory/+page.svelte:76:5
Error: Cannot find name 'Card'. (ts)
			</CardContent>
		</Card>

/Users/alessandrojcm/repos/dhc-dashboard/src/routes/dashboard/inventory/+page.svelte:78:4
Error: Cannot find name 'Card'. (ts)

		<Card>
			<CardHeader class="flex flex-row items-center justify-between space-y-0 pb-2">

/Users/alessandrojcm/repos/dhc-dashboard/src/routes/dashboard/inventory/+page.svelte:79:5
Error: Cannot find name 'CardHeader'. (ts)
		<Card>
			<CardHeader class="flex flex-row items-center justify-between space-y-0 pb-2">
				<CardTitle class="text-sm font-medium">Maintenance</CardTitle>

/Users/alessandrojcm/repos/dhc-dashboard/src/routes/dashboard/inventory/+page.svelte:80:6
Error: Cannot find name 'CardTitle'. (ts)
			<CardHeader class="flex flex-row items-center justify-between space-y-0 pb-2">
				<CardTitle class="text-sm font-medium">Maintenance</CardTitle>
				<AlertTriangle class="h-4 w-4 text-muted-foreground" />

/Users/alessandrojcm/repos/dhc-dashboard/src/routes/dashboard/inventory/+page.svelte:80:57
Error: Cannot find name 'CardTitle'. (ts)
			<CardHeader class="flex flex-row items-center justify-between space-y-0 pb-2">
				<CardTitle class="text-sm font-medium">Maintenance</CardTitle>
				<AlertTriangle class="h-4 w-4 text-muted-foreground" />

/Users/alessandrojcm/repos/dhc-dashboard/src/routes/dashboard/inventory/+page.svelte:81:6
Error: Cannot find name 'AlertTriangle'. (ts)
				<CardTitle class="text-sm font-medium">Maintenance</CardTitle>
				<AlertTriangle class="h-4 w-4 text-muted-foreground" />
			</CardHeader>

/Users/alessandrojcm/repos/dhc-dashboard/src/routes/dashboard/inventory/+page.svelte:82:6
Error: Cannot find name 'CardHeader'. (ts)
				<AlertTriangle class="h-4 w-4 text-muted-foreground" />
			</CardHeader>
			<CardContent>

/Users/alessandrojcm/repos/dhc-dashboard/src/routes/dashboard/inventory/+page.svelte:83:5
Error: Cannot find name 'CardContent'. (ts)
			</CardHeader>
			<CardContent>
				<div class="text-2xl font-bold text-orange-600">{data.stats.maintenance}</div>

/Users/alessandrojcm/repos/dhc-dashboard/src/routes/dashboard/inventory/+page.svelte:86:6
Error: Cannot find name 'CardContent'. (ts)
				<p class="text-xs text-muted-foreground">Items out for maintenance</p>
			</CardContent>
		</Card>

/Users/alessandrojcm/repos/dhc-dashboard/src/routes/dashboard/inventory/+page.svelte:87:5
Error: Cannot find name 'Card'. (ts)
			</CardContent>
		</Card>
	</div>

/Users/alessandrojcm/repos/dhc-dashboard/src/routes/dashboard/inventory/+page.svelte:92:4
Error: Cannot find name 'Card'. (ts)
		<!-- Quick Actions -->
		<Card>
			<CardHeader>

/Users/alessandrojcm/repos/dhc-dashboard/src/routes/dashboard/inventory/+page.svelte:93:5
Error: Cannot find name 'CardHeader'. (ts)
		<Card>
			<CardHeader>
				<CardTitle>Quick Actions</CardTitle>

/Users/alessandrojcm/repos/dhc-dashboard/src/routes/dashboard/inventory/+page.svelte:94:6
Error: Cannot find name 'CardTitle'. (ts)
			<CardHeader>
				<CardTitle>Quick Actions</CardTitle>
				<CardDescription>Common inventory management tasks</CardDescription>

/Users/alessandrojcm/repos/dhc-dashboard/src/routes/dashboard/inventory/+page.svelte:94:31
Error: Cannot find name 'CardTitle'. (ts)
			<CardHeader>
				<CardTitle>Quick Actions</CardTitle>
				<CardDescription>Common inventory management tasks</CardDescription>

/Users/alessandrojcm/repos/dhc-dashboard/src/routes/dashboard/inventory/+page.svelte:95:6
Error: Cannot find name 'CardDescription'. (ts)
				<CardTitle>Quick Actions</CardTitle>
				<CardDescription>Common inventory management tasks</CardDescription>
			</CardHeader>

/Users/alessandrojcm/repos/dhc-dashboard/src/routes/dashboard/inventory/+page.svelte:95:57
Error: Cannot find name 'CardDescription'. (ts)
				<CardTitle>Quick Actions</CardTitle>
				<CardDescription>Common inventory management tasks</CardDescription>
			</CardHeader>

/Users/alessandrojcm/repos/dhc-dashboard/src/routes/dashboard/inventory/+page.svelte:96:6
Error: Cannot find name 'CardHeader'. (ts)
				<CardDescription>Common inventory management tasks</CardDescription>
			</CardHeader>
			<CardContent class="space-y-3">

/Users/alessandrojcm/repos/dhc-dashboard/src/routes/dashboard/inventory/+page.svelte:97:5
Error: Cannot find name 'CardContent'. (ts)
			</CardHeader>
			<CardContent class="space-y-3">
				<Button href="/dashboard/inventory/containers/create" class="w-full justify-start">

/Users/alessandrojcm/repos/dhc-dashboard/src/routes/dashboard/inventory/+page.svelte:98:6
Error: Cannot find name 'Button'. (ts)
			<CardContent class="space-y-3">
				<Button href="/dashboard/inventory/containers/create" class="w-full justify-start">
					<FolderOpen class="mr-2 h-4 w-4" />

/Users/alessandrojcm/repos/dhc-dashboard/src/routes/dashboard/inventory/+page.svelte:99:7
Error: Cannot find name 'FolderOpen'. (ts)
				<Button href="/dashboard/inventory/containers/create" class="w-full justify-start">
					<FolderOpen class="mr-2 h-4 w-4" />
					Create New Container

/Users/alessandrojcm/repos/dhc-dashboard/src/routes/dashboard/inventory/+page.svelte:101:7
Error: Cannot find name 'Button'. (ts)
					Create New Container
				</Button>
				<Button

/Users/alessandrojcm/repos/dhc-dashboard/src/routes/dashboard/inventory/+page.svelte:102:6
Error: Cannot find name 'Button'. (ts)
				</Button>
				<Button
					href="/dashboard/inventory/categories/create"

/Users/alessandrojcm/repos/dhc-dashboard/src/routes/dashboard/inventory/+page.svelte:107:7
Error: Cannot find name 'Tags'. (ts)
				>
					<Tags class="mr-2 h-4 w-4" />
					Add Equipment Category

/Users/alessandrojcm/repos/dhc-dashboard/src/routes/dashboard/inventory/+page.svelte:109:7
Error: Cannot find name 'Button'. (ts)
					Add Equipment Category
				</Button>
				<Button

/Users/alessandrojcm/repos/dhc-dashboard/src/routes/dashboard/inventory/+page.svelte:110:6
Error: Cannot find name 'Button'. (ts)
				</Button>
				<Button
					href="/dashboard/inventory/items/create"

/Users/alessandrojcm/repos/dhc-dashboard/src/routes/dashboard/inventory/+page.svelte:117:7
Error: Cannot find name 'Button'. (ts)
					Add New Item
				</Button>
			</CardContent>

/Users/alessandrojcm/repos/dhc-dashboard/src/routes/dashboard/inventory/+page.svelte:118:6
Error: Cannot find name 'CardContent'. (ts)
				</Button>
			</CardContent>
		</Card>

/Users/alessandrojcm/repos/dhc-dashboard/src/routes/dashboard/inventory/+page.svelte:119:5
Error: Cannot find name 'Card'. (ts)
			</CardContent>
		</Card>

/Users/alessandrojcm/repos/dhc-dashboard/src/routes/dashboard/inventory/+page.svelte:122:4
Error: Cannot find name 'Card'. (ts)
		<!-- Recent Activity -->
		<Card>
			<CardHeader>

/Users/alessandrojcm/repos/dhc-dashboard/src/routes/dashboard/inventory/+page.svelte:123:5
Error: Cannot find name 'CardHeader'. (ts)
		<Card>
			<CardHeader>
				<CardTitle>Recent Activity</CardTitle>

/Users/alessandrojcm/repos/dhc-dashboard/src/routes/dashboard/inventory/+page.svelte:124:6
Error: Cannot find name 'CardTitle'. (ts)
			<CardHeader>
				<CardTitle>Recent Activity</CardTitle>
				<CardDescription>Latest inventory changes</CardDescription>

/Users/alessandrojcm/repos/dhc-dashboard/src/routes/dashboard/inventory/+page.svelte:124:33
Error: Cannot find name 'CardTitle'. (ts)
			<CardHeader>
				<CardTitle>Recent Activity</CardTitle>
				<CardDescription>Latest inventory changes</CardDescription>

/Users/alessandrojcm/repos/dhc-dashboard/src/routes/dashboard/inventory/+page.svelte:125:6
Error: Cannot find name 'CardDescription'. (ts)
				<CardTitle>Recent Activity</CardTitle>
				<CardDescription>Latest inventory changes</CardDescription>
			</CardHeader>

/Users/alessandrojcm/repos/dhc-dashboard/src/routes/dashboard/inventory/+page.svelte:125:48
Error: Cannot find name 'CardDescription'. (ts)
				<CardTitle>Recent Activity</CardTitle>
				<CardDescription>Latest inventory changes</CardDescription>
			</CardHeader>

/Users/alessandrojcm/repos/dhc-dashboard/src/routes/dashboard/inventory/+page.svelte:126:6
Error: Cannot find name 'CardHeader'. (ts)
				<CardDescription>Latest inventory changes</CardDescription>
			</CardHeader>
			<CardContent>

/Users/alessandrojcm/repos/dhc-dashboard/src/routes/dashboard/inventory/+page.svelte:127:5
Error: Cannot find name 'CardContent'. (ts)
			</CardHeader>
			<CardContent>
				{#if data.recentActivity.length === 0}

/Users/alessandrojcm/repos/dhc-dashboard/src/routes/dashboard/inventory/+page.svelte:133:50
Error: Cannot find name 'getActionIcon'. (ts)
						{#each data.recentActivity.slice(0, 5) as activity}
                            {@const ActionIcon = getActionIcon(activity.action)}
							<div class="flex items-start gap-3">

/Users/alessandrojcm/repos/dhc-dashboard/src/routes/dashboard/inventory/+page.svelte:137:27
Error: Cannot find name 'getActionColor'. (ts)
									<ActionIcon
										class="h-4 w-4 {getActionColor(activity.action)}"
									/>

/Users/alessandrojcm/repos/dhc-dashboard/src/routes/dashboard/inventory/+page.svelte:160:6
Error: Cannot find name 'CardContent'. (ts)
				{/if}
			</CardContent>
		</Card>

/Users/alessandrojcm/repos/dhc-dashboard/src/routes/dashboard/inventory/+page.svelte:161:5
Error: Cannot find name 'Card'. (ts)
			</CardContent>
		</Card>
	</div>

/Users/alessandrojcm/repos/dhc-dashboard/src/routes/dashboard/inventory/categories/+page.svelte:45:4
Error: Cannot find name 'Button'. (ts)
		</div>
		<Button href="/dashboard/inventory/categories/create">
			<Plus class="mr-2 h-4 w-4" />

/Users/alessandrojcm/repos/dhc-dashboard/src/routes/dashboard/inventory/categories/+page.svelte:46:5
Error: Cannot find name 'Plus'. (ts)
		<Button href="/dashboard/inventory/categories/create">
			<Plus class="mr-2 h-4 w-4" />
			Add Category

/Users/alessandrojcm/repos/dhc-dashboard/src/routes/dashboard/inventory/categories/+page.svelte:48:5
Error: Cannot find name 'Button'. (ts)
			Add Category
		</Button>
	</div>

/Users/alessandrojcm/repos/dhc-dashboard/src/routes/dashboard/inventory/categories/+page.svelte:51:7
Error: Cannot find name 'categoriesQuery'. (ts)

	{#if categoriesQuery.isPending}
		<Card>

/Users/alessandrojcm/repos/dhc-dashboard/src/routes/dashboard/inventory/categories/+page.svelte:52:4
Error: Cannot find name 'Card'. (ts)
	{#if categoriesQuery.isPending}
		<Card>
			<CardContent class="flex flex-col items-center justify-center py-12">

/Users/alessandrojcm/repos/dhc-dashboard/src/routes/dashboard/inventory/categories/+page.svelte:53:5
Error: Cannot find name 'CardContent'. (ts)
		<Card>
			<CardContent class="flex flex-col items-center justify-center py-12">
				<LoaderCircle />

/Users/alessandrojcm/repos/dhc-dashboard/src/routes/dashboard/inventory/categories/+page.svelte:54:6
Error: Cannot find name 'LoaderCircle'. (ts)
			<CardContent class="flex flex-col items-center justify-center py-12">
				<LoaderCircle />
				<p class="text-muted-foreground mt-4">Loading categories...</p>

/Users/alessandrojcm/repos/dhc-dashboard/src/routes/dashboard/inventory/categories/+page.svelte:56:6
Error: Cannot find name 'CardContent'. (ts)
				<p class="text-muted-foreground mt-4">Loading categories...</p>
			</CardContent>
		</Card>

/Users/alessandrojcm/repos/dhc-dashboard/src/routes/dashboard/inventory/categories/+page.svelte:57:5
Error: Cannot find name 'Card'. (ts)
			</CardContent>
		</Card>
	{:else if categoriesQuery.isError}

/Users/alessandrojcm/repos/dhc-dashboard/src/routes/dashboard/inventory/categories/+page.svelte:58:12
Error: Cannot find name 'categoriesQuery'. (ts)
		</Card>
	{:else if categoriesQuery.isError}
		<Card>

/Users/alessandrojcm/repos/dhc-dashboard/src/routes/dashboard/inventory/categories/+page.svelte:59:4
Error: Cannot find name 'Card'. (ts)
	{:else if categoriesQuery.isError}
		<Card>
			<CardContent class="flex flex-col items-center justify-center py-12">

/Users/alessandrojcm/repos/dhc-dashboard/src/routes/dashboard/inventory/categories/+page.svelte:60:5
Error: Cannot find name 'CardContent'. (ts)
		<Card>
			<CardContent class="flex flex-col items-center justify-center py-12">
				<AlertTriangle class="h-12 w-12 text-destructive mb-4" />

/Users/alessandrojcm/repos/dhc-dashboard/src/routes/dashboard/inventory/categories/+page.svelte:61:6
Error: Cannot find name 'AlertTriangle'. (ts)
			<CardContent class="flex flex-col items-center justify-center py-12">
				<AlertTriangle class="h-12 w-12 text-destructive mb-4" />
				<h3 class="text-lg font-semibold mb-2">Error loading categories</h3>

/Users/alessandrojcm/repos/dhc-dashboard/src/routes/dashboard/inventory/categories/+page.svelte:63:44
Error: Cannot find name 'categoriesQuery'. (ts)
				<h3 class="text-lg font-semibold mb-2">Error loading categories</h3>
				<p class="text-muted-foreground mb-4">{categoriesQuery.error.message}</p>
				<Button onclick={() => categoriesQuery.refetch()} variant="outline">Retry</Button>

/Users/alessandrojcm/repos/dhc-dashboard/src/routes/dashboard/inventory/categories/+page.svelte:64:6
Error: Cannot find name 'Button'. (ts)
				<p class="text-muted-foreground mb-4">{categoriesQuery.error.message}</p>
				<Button onclick={() => categoriesQuery.refetch()} variant="outline">Retry</Button>
			</CardContent>

/Users/alessandrojcm/repos/dhc-dashboard/src/routes/dashboard/inventory/categories/+page.svelte:64:28
Error: Cannot find name 'categoriesQuery'. (ts)
				<p class="text-muted-foreground mb-4">{categoriesQuery.error.message}</p>
				<Button onclick={() => categoriesQuery.refetch()} variant="outline">Retry</Button>
			</CardContent>

/Users/alessandrojcm/repos/dhc-dashboard/src/routes/dashboard/inventory/categories/+page.svelte:64:80
Error: Cannot find name 'Button'. (ts)
				<p class="text-muted-foreground mb-4">{categoriesQuery.error.message}</p>
				<Button onclick={() => categoriesQuery.refetch()} variant="outline">Retry</Button>
			</CardContent>

/Users/alessandrojcm/repos/dhc-dashboard/src/routes/dashboard/inventory/categories/+page.svelte:65:6
Error: Cannot find name 'CardContent'. (ts)
				<Button onclick={() => categoriesQuery.refetch()} variant="outline">Retry</Button>
			</CardContent>
		</Card>

/Users/alessandrojcm/repos/dhc-dashboard/src/routes/dashboard/inventory/categories/+page.svelte:66:5
Error: Cannot find name 'Card'. (ts)
			</CardContent>
		</Card>
	{:else if categoriesQuery.data.length === 0}

/Users/alessandrojcm/repos/dhc-dashboard/src/routes/dashboard/inventory/categories/+page.svelte:67:12
Error: Cannot find name 'categoriesQuery'. (ts)
		</Card>
	{:else if categoriesQuery.data.length === 0}
		<Card>

/Users/alessandrojcm/repos/dhc-dashboard/src/routes/dashboard/inventory/categories/+page.svelte:68:4
Error: Cannot find name 'Card'. (ts)
	{:else if categoriesQuery.data.length === 0}
		<Card>
			<CardContent class="flex flex-col items-center justify-center py-12">

/Users/alessandrojcm/repos/dhc-dashboard/src/routes/dashboard/inventory/categories/+page.svelte:69:5
Error: Cannot find name 'CardContent'. (ts)
		<Card>
			<CardContent class="flex flex-col items-center justify-center py-12">
				<Tags class="h-12 w-12 text-muted-foreground mb-4" />

/Users/alessandrojcm/repos/dhc-dashboard/src/routes/dashboard/inventory/categories/+page.svelte:70:6
Error: Cannot find name 'Tags'. (ts)
			<CardContent class="flex flex-col items-center justify-center py-12">
				<Tags class="h-12 w-12 text-muted-foreground mb-4" />
				<h3 class="text-lg font-semibold mb-2">No categories yet</h3>

/Users/alessandrojcm/repos/dhc-dashboard/src/routes/dashboard/inventory/categories/+page.svelte:75:6
Error: Cannot find name 'Button'. (ts)
				</p>
				<Button href="/dashboard/inventory/categories/create">
					<Plus class="mr-2 h-4 w-4" />

/Users/alessandrojcm/repos/dhc-dashboard/src/routes/dashboard/inventory/categories/+page.svelte:76:7
Error: Cannot find name 'Plus'. (ts)
				<Button href="/dashboard/inventory/categories/create">
					<Plus class="mr-2 h-4 w-4" />
					Create Category

/Users/alessandrojcm/repos/dhc-dashboard/src/routes/dashboard/inventory/categories/+page.svelte:78:7
Error: Cannot find name 'Button'. (ts)
					Create Category
				</Button>
			</CardContent>

/Users/alessandrojcm/repos/dhc-dashboard/src/routes/dashboard/inventory/categories/+page.svelte:79:6
Error: Cannot find name 'CardContent'. (ts)
				</Button>
			</CardContent>
		</Card>

/Users/alessandrojcm/repos/dhc-dashboard/src/routes/dashboard/inventory/categories/+page.svelte:80:5
Error: Cannot find name 'Card'. (ts)
			</CardContent>
		</Card>
	{:else}

/Users/alessandrojcm/repos/dhc-dashboard/src/routes/dashboard/inventory/categories/+page.svelte:83:11
Error: Cannot find name 'categoriesQuery'. (ts)
		<div class="grid gap-4 md:grid-cols-2 lg:grid-cols-3">
			{#each categoriesQuery.data as category (category.id)}
				<Card class="hover:shadow-md transition-shadow">

/Users/alessandrojcm/repos/dhc-dashboard/src/routes/dashboard/inventory/categories/+page.svelte:84:6
Error: Cannot find name 'Card'. (ts)
			{#each categoriesQuery.data as category (category.id)}
				<Card class="hover:shadow-md transition-shadow">
					<CardHeader>

/Users/alessandrojcm/repos/dhc-dashboard/src/routes/dashboard/inventory/categories/+page.svelte:85:7
Error: Cannot find name 'CardHeader'. (ts)
				<Card class="hover:shadow-md transition-shadow">
					<CardHeader>
						<CardTitle class="flex items-center justify-between">

/Users/alessandrojcm/repos/dhc-dashboard/src/routes/dashboard/inventory/categories/+page.svelte:86:8
Error: Cannot find name 'CardTitle'. (ts)
					<CardHeader>
						<CardTitle class="flex items-center justify-between">
							<span class="flex items-center gap-2">

/Users/alessandrojcm/repos/dhc-dashboard/src/routes/dashboard/inventory/categories/+page.svelte:88:10
Error: Cannot find name 'Tags'. (ts)
							<span class="flex items-center gap-2">
								<Tags class="h-5 w-5" />
								{category.name}

/Users/alessandrojcm/repos/dhc-dashboard/src/routes/dashboard/inventory/categories/+page.svelte:91:9
Error: Cannot find name 'Button'. (ts)
							</span>
							<Button
								href="/dashboard/inventory/categories/{category.id}/edit"

/Users/alessandrojcm/repos/dhc-dashboard/src/routes/dashboard/inventory/categories/+page.svelte:96:10
Error: Cannot find name 'Edit'. (ts)
							>
								<Edit class="h-4 w-4" />
							</Button>

/Users/alessandrojcm/repos/dhc-dashboard/src/routes/dashboard/inventory/categories/+page.svelte:97:10
Error: Cannot find name 'Button'. (ts)
								<Edit class="h-4 w-4" />
							</Button>
						</CardTitle>

/Users/alessandrojcm/repos/dhc-dashboard/src/routes/dashboard/inventory/categories/+page.svelte:98:9
Error: Cannot find name 'CardTitle'. (ts)
							</Button>
						</CardTitle>
					</CardHeader>

/Users/alessandrojcm/repos/dhc-dashboard/src/routes/dashboard/inventory/categories/+page.svelte:99:8
Error: Cannot find name 'CardHeader'. (ts)
						</CardTitle>
					</CardHeader>
					<CardContent>

/Users/alessandrojcm/repos/dhc-dashboard/src/routes/dashboard/inventory/categories/+page.svelte:100:7
Error: Cannot find name 'CardContent'. (ts)
					</CardHeader>
					<CardContent>
						{#if category.description}

/Users/alessandrojcm/repos/dhc-dashboard/src/routes/dashboard/inventory/categories/+page.svelte:107:10
Error: Cannot find name 'Badge'. (ts)
							<div class="flex items-center gap-1">
								<Badge variant="secondary" class="text-xs">
									{getAttributeCount(category)} attribute{getAttributeCount(category) !== 1

/Users/alessandrojcm/repos/dhc-dashboard/src/routes/dashboard/inventory/categories/+page.svelte:108:11
Error: Cannot find name 'getAttributeCount'. (ts)
								<Badge variant="secondary" class="text-xs">
									{getAttributeCount(category)} attribute{getAttributeCount(category) !== 1
										? 's'

/Users/alessandrojcm/repos/dhc-dashboard/src/routes/dashboard/inventory/categories/+page.svelte:108:50
Error: Cannot find name 'getAttributeCount'. (ts)
								<Badge variant="secondary" class="text-xs">
									{getAttributeCount(category)} attribute{getAttributeCount(category) !== 1
										? 's'

/Users/alessandrojcm/repos/dhc-dashboard/src/routes/dashboard/inventory/categories/+page.svelte:111:11
Error: Cannot find name 'Badge'. (ts)
										: ''}
								</Badge>
							</div>

/Users/alessandrojcm/repos/dhc-dashboard/src/routes/dashboard/inventory/categories/+page.svelte:114:10
Error: Cannot find name 'Badge'. (ts)
							<div class="flex items-center gap-1">
								<Badge variant="outline" class="text-xs flex items-center gap-1">
									<Package class="h-3 w-3" />

/Users/alessandrojcm/repos/dhc-dashboard/src/routes/dashboard/inventory/categories/+page.svelte:115:11
Error: Cannot find name 'Package'. (ts)
								<Badge variant="outline" class="text-xs flex items-center gap-1">
									<Package class="h-3 w-3" />
									{getItemCount(category)} item{getItemCount(category) !== 1 ? 's' : ''}

/Users/alessandrojcm/repos/dhc-dashboard/src/routes/dashboard/inventory/categories/+page.svelte:116:11
Error: Cannot find name 'getItemCount'. (ts)
									<Package class="h-3 w-3" />
									{getItemCount(category)} item{getItemCount(category) !== 1 ? 's' : ''}
								</Badge>

/Users/alessandrojcm/repos/dhc-dashboard/src/routes/dashboard/inventory/categories/+page.svelte:116:40
Error: Cannot find name 'getItemCount'. (ts)
									<Package class="h-3 w-3" />
									{getItemCount(category)} item{getItemCount(category) !== 1 ? 's' : ''}
								</Badge>

/Users/alessandrojcm/repos/dhc-dashboard/src/routes/dashboard/inventory/categories/+page.svelte:117:11
Error: Cannot find name 'Badge'. (ts)
									{getItemCount(category)} item{getItemCount(category) !== 1 ? 's' : ''}
								</Badge>
							</div>

/Users/alessandrojcm/repos/dhc-dashboard/src/routes/dashboard/inventory/categories/+page.svelte:121:12
Error: Cannot find name 'getAttributeCount'. (ts)

						{#if getAttributeCount(category) > 0}
							<div class="space-y-2">

/Users/alessandrojcm/repos/dhc-dashboard/src/routes/dashboard/inventory/categories/+page.svelte:126:12
Error: Cannot find name 'Badge'. (ts)
									{#each Object.entries(category.available_attributes || {}) as [key, attr]}
										<Badge variant="outline" class="text-xs">
											{attr.label || key}

/Users/alessandrojcm/repos/dhc-dashboard/src/routes/dashboard/inventory/categories/+page.svelte:127:13
Error: 'attr' is of type 'unknown'. (ts)
										<Badge variant="outline" class="text-xs">
											{attr.label || key}
											{#if attr.required}

/Users/alessandrojcm/repos/dhc-dashboard/src/routes/dashboard/inventory/categories/+page.svelte:128:17
Error: 'attr' is of type 'unknown'. (ts)
											{attr.label || key}
											{#if attr.required}
												<span class="text-destructive">*</span>

/Users/alessandrojcm/repos/dhc-dashboard/src/routes/dashboard/inventory/categories/+page.svelte:131:13
Error: Cannot find name 'Badge'. (ts)
											{/if}
										</Badge>
									{/each}

/Users/alessandrojcm/repos/dhc-dashboard/src/routes/dashboard/inventory/categories/+page.svelte:138:9
Error: Cannot find name 'Button'. (ts)
						<div class="flex gap-2 mt-4">
							<Button
								href="/dashboard/inventory/items?category={category.id}"

/Users/alessandrojcm/repos/dhc-dashboard/src/routes/dashboard/inventory/categories/+page.svelte:145:10
Error: Cannot find name 'Button'. (ts)
								View Items
							</Button>
							<Button

/Users/alessandrojcm/repos/dhc-dashboard/src/routes/dashboard/inventory/categories/+page.svelte:146:9
Error: Cannot find name 'Button'. (ts)
							</Button>
							<Button
								href="/dashboard/inventory/categories/{category.id}/edit"

/Users/alessandrojcm/repos/dhc-dashboard/src/routes/dashboard/inventory/categories/+page.svelte:152:10
Error: Cannot find name 'Button'. (ts)
								Edit
							</Button>
						</div>

/Users/alessandrojcm/repos/dhc-dashboard/src/routes/dashboard/inventory/categories/+page.svelte:154:8
Error: Cannot find name 'CardContent'. (ts)
						</div>
					</CardContent>
				</Card>

/Users/alessandrojcm/repos/dhc-dashboard/src/routes/dashboard/inventory/categories/+page.svelte:155:7
Error: Cannot find name 'Card'. (ts)
					</CardContent>
				</Card>
			{/each}

/Users/alessandrojcm/repos/dhc-dashboard/src/routes/dashboard/inventory/categories/[id]/edit/+page.svelte:29:5
Error: Cannot find name 'Button'. (ts)
		<div class="flex items-center gap-2 mb-2">
			<Button href="/dashboard/inventory/categories" variant="ghost" size="sm">
				<ArrowLeft class="h-4 w-4" />

/Users/alessandrojcm/repos/dhc-dashboard/src/routes/dashboard/inventory/categories/[id]/edit/+page.svelte:30:6
Error: Cannot find name 'ArrowLeft'. (ts)
			<Button href="/dashboard/inventory/categories" variant="ghost" size="sm">
				<ArrowLeft class="h-4 w-4" />
			</Button>

/Users/alessandrojcm/repos/dhc-dashboard/src/routes/dashboard/inventory/categories/[id]/edit/+page.svelte:31:6
Error: Cannot find name 'Button'. (ts)
				<ArrowLeft class="h-4 w-4" />
			</Button>
			<h1 class="text-3xl font-bold">Edit Category</h1>

/Users/alessandrojcm/repos/dhc-dashboard/src/routes/dashboard/inventory/categories/[id]/edit/+page.svelte:39:4
Error: Cannot find name 'Card'. (ts)
		<!-- Basic Information -->
		<Card>
			<CardHeader>

/Users/alessandrojcm/repos/dhc-dashboard/src/routes/dashboard/inventory/categories/[id]/edit/+page.svelte:40:5
Error: Cannot find name 'CardHeader'. (ts)
		<Card>
			<CardHeader>
				<CardTitle class="flex items-center gap-2">

/Users/alessandrojcm/repos/dhc-dashboard/src/routes/dashboard/inventory/categories/[id]/edit/+page.svelte:41:6
Error: Cannot find name 'CardTitle'. (ts)
			<CardHeader>
				<CardTitle class="flex items-center gap-2">
					<Tags class="h-5 w-5" />

/Users/alessandrojcm/repos/dhc-dashboard/src/routes/dashboard/inventory/categories/[id]/edit/+page.svelte:42:7
Error: Cannot find name 'Tags'. (ts)
				<CardTitle class="flex items-center gap-2">
					<Tags class="h-5 w-5" />
					Category Information

/Users/alessandrojcm/repos/dhc-dashboard/src/routes/dashboard/inventory/categories/[id]/edit/+page.svelte:44:7
Error: Cannot find name 'CardTitle'. (ts)
					Category Information
				</CardTitle>
				<CardDescription>Basic details about the equipment category</CardDescription>

/Users/alessandrojcm/repos/dhc-dashboard/src/routes/dashboard/inventory/categories/[id]/edit/+page.svelte:45:6
Error: Cannot find name 'CardDescription'. (ts)
				</CardTitle>
				<CardDescription>Basic details about the equipment category</CardDescription>
			</CardHeader>

/Users/alessandrojcm/repos/dhc-dashboard/src/routes/dashboard/inventory/categories/[id]/edit/+page.svelte:45:66
Error: Cannot find name 'CardDescription'. (ts)
				</CardTitle>
				<CardDescription>Basic details about the equipment category</CardDescription>
			</CardHeader>

/Users/alessandrojcm/repos/dhc-dashboard/src/routes/dashboard/inventory/categories/[id]/edit/+page.svelte:46:6
Error: Cannot find name 'CardHeader'. (ts)
				<CardDescription>Basic details about the equipment category</CardDescription>
			</CardHeader>
			<CardContent class="space-y-4">

/Users/alessandrojcm/repos/dhc-dashboard/src/routes/dashboard/inventory/categories/[id]/edit/+page.svelte:47:5
Error: Cannot find name 'CardContent'. (ts)
			</CardHeader>
			<CardContent class="space-y-4">
				<Form.Field {form} name="name">

/Users/alessandrojcm/repos/dhc-dashboard/src/routes/dashboard/inventory/categories/[id]/edit/+page.svelte:48:6
Error: Cannot find name 'Form'. (ts)
			<CardContent class="space-y-4">
				<Form.Field {form} name="name">
					<Form.Control>

/Users/alessandrojcm/repos/dhc-dashboard/src/routes/dashboard/inventory/categories/[id]/edit/+page.svelte:49:7
Error: Cannot find name 'Form'. (ts)
				<Form.Field {form} name="name">
					<Form.Control>
						{#snippet children({ props })}

/Users/alessandrojcm/repos/dhc-dashboard/src/routes/dashboard/inventory/categories/[id]/edit/+page.svelte:50:28
Error: Binding element 'props' implicitly has an 'any' type. (ts)
					<Form.Control>
						{#snippet children({ props })}
							<Form.Label>Category Name *</Form.Label>

/Users/alessandrojcm/repos/dhc-dashboard/src/routes/dashboard/inventory/categories/[id]/edit/+page.svelte:51:9
Error: Cannot find name 'Form'. (ts)
						{#snippet children({ props })}
							<Form.Label>Category Name *</Form.Label>
							<Input

/Users/alessandrojcm/repos/dhc-dashboard/src/routes/dashboard/inventory/categories/[id]/edit/+page.svelte:51:37
Error: Cannot find name 'Form'. (ts)
						{#snippet children({ props })}
							<Form.Label>Category Name *</Form.Label>
							<Input

/Users/alessandrojcm/repos/dhc-dashboard/src/routes/dashboard/inventory/categories/[id]/edit/+page.svelte:52:9
Error: Cannot find name 'Input'. (ts)
							<Form.Label>Category Name *</Form.Label>
							<Input
								{...props}

/Users/alessandrojcm/repos/dhc-dashboard/src/routes/dashboard/inventory/categories/[id]/edit/+page.svelte:58:8
Error: Cannot find name 'Form'. (ts)
						{/snippet}
					</Form.Control>
					<Form.FieldErrors />

/Users/alessandrojcm/repos/dhc-dashboard/src/routes/dashboard/inventory/categories/[id]/edit/+page.svelte:59:7
Error: Cannot find name 'Form'. (ts)
					</Form.Control>
					<Form.FieldErrors />
				</Form.Field>

/Users/alessandrojcm/repos/dhc-dashboard/src/routes/dashboard/inventory/categories/[id]/edit/+page.svelte:60:7
Error: Cannot find name 'Form'. (ts)
					<Form.FieldErrors />
				</Form.Field>

/Users/alessandrojcm/repos/dhc-dashboard/src/routes/dashboard/inventory/categories/[id]/edit/+page.svelte:62:6
Error: Cannot find name 'Form'. (ts)

				<Form.Field {form} name="description">
					<Form.Control>

/Users/alessandrojcm/repos/dhc-dashboard/src/routes/dashboard/inventory/categories/[id]/edit/+page.svelte:63:7
Error: Cannot find name 'Form'. (ts)
				<Form.Field {form} name="description">
					<Form.Control>
						{#snippet children({ props })}

/Users/alessandrojcm/repos/dhc-dashboard/src/routes/dashboard/inventory/categories/[id]/edit/+page.svelte:64:28
Error: Binding element 'props' implicitly has an 'any' type. (ts)
					<Form.Control>
						{#snippet children({ props })}
							<Form.Label>Description</Form.Label>

/Users/alessandrojcm/repos/dhc-dashboard/src/routes/dashboard/inventory/categories/[id]/edit/+page.svelte:65:9
Error: Cannot find name 'Form'. (ts)
						{#snippet children({ props })}
							<Form.Label>Description</Form.Label>
							<Textarea

/Users/alessandrojcm/repos/dhc-dashboard/src/routes/dashboard/inventory/categories/[id]/edit/+page.svelte:65:33
Error: Cannot find name 'Form'. (ts)
						{#snippet children({ props })}
							<Form.Label>Description</Form.Label>
							<Textarea

/Users/alessandrojcm/repos/dhc-dashboard/src/routes/dashboard/inventory/categories/[id]/edit/+page.svelte:66:9
Error: Cannot find name 'Textarea'. (ts)
							<Form.Label>Description</Form.Label>
							<Textarea
								{...props}

/Users/alessandrojcm/repos/dhc-dashboard/src/routes/dashboard/inventory/categories/[id]/edit/+page.svelte:73:8
Error: Cannot find name 'Form'. (ts)
						{/snippet}
					</Form.Control>
					<Form.FieldErrors />

/Users/alessandrojcm/repos/dhc-dashboard/src/routes/dashboard/inventory/categories/[id]/edit/+page.svelte:74:7
Error: Cannot find name 'Form'. (ts)
					</Form.Control>
					<Form.FieldErrors />
				</Form.Field>

/Users/alessandrojcm/repos/dhc-dashboard/src/routes/dashboard/inventory/categories/[id]/edit/+page.svelte:75:7
Error: Cannot find name 'Form'. (ts)
					<Form.FieldErrors />
				</Form.Field>
			</CardContent>

/Users/alessandrojcm/repos/dhc-dashboard/src/routes/dashboard/inventory/categories/[id]/edit/+page.svelte:76:6
Error: Cannot find name 'CardContent'. (ts)
				</Form.Field>
			</CardContent>
		</Card>

/Users/alessandrojcm/repos/dhc-dashboard/src/routes/dashboard/inventory/categories/[id]/edit/+page.svelte:77:5
Error: Cannot find name 'Card'. (ts)
			</CardContent>
		</Card>

/Users/alessandrojcm/repos/dhc-dashboard/src/routes/dashboard/inventory/categories/[id]/edit/+page.svelte:80:4
Error: Cannot find name 'Card'. (ts)
		<!-- Attribute Builder -->
		<Card>
			<CardHeader>

/Users/alessandrojcm/repos/dhc-dashboard/src/routes/dashboard/inventory/categories/[id]/edit/+page.svelte:81:5
Error: Cannot find name 'CardHeader'. (ts)
		<Card>
			<CardHeader>
				<CardTitle>Custom Attributes</CardTitle>

/Users/alessandrojcm/repos/dhc-dashboard/src/routes/dashboard/inventory/categories/[id]/edit/+page.svelte:82:6
Error: Cannot find name 'CardTitle'. (ts)
			<CardHeader>
				<CardTitle>Custom Attributes</CardTitle>
				<CardDescription>

/Users/alessandrojcm/repos/dhc-dashboard/src/routes/dashboard/inventory/categories/[id]/edit/+page.svelte:82:35
Error: Cannot find name 'CardTitle'. (ts)
			<CardHeader>
				<CardTitle>Custom Attributes</CardTitle>
				<CardDescription>

/Users/alessandrojcm/repos/dhc-dashboard/src/routes/dashboard/inventory/categories/[id]/edit/+page.svelte:83:6
Error: Cannot find name 'CardDescription'. (ts)
				<CardTitle>Custom Attributes</CardTitle>
				<CardDescription>
					Define the attributes that items in this category will have. Be careful when removing

/Users/alessandrojcm/repos/dhc-dashboard/src/routes/dashboard/inventory/categories/[id]/edit/+page.svelte:86:7
Error: Cannot find name 'CardDescription'. (ts)
					attributes as it may affect existing items.
				</CardDescription>
			</CardHeader>

/Users/alessandrojcm/repos/dhc-dashboard/src/routes/dashboard/inventory/categories/[id]/edit/+page.svelte:87:6
Error: Cannot find name 'CardHeader'. (ts)
				</CardDescription>
			</CardHeader>
			<CardContent>

/Users/alessandrojcm/repos/dhc-dashboard/src/routes/dashboard/inventory/categories/[id]/edit/+page.svelte:88:5
Error: Cannot find name 'CardContent'. (ts)
			</CardHeader>
			<CardContent>
				<AttributeBuilder {form} />

/Users/alessandrojcm/repos/dhc-dashboard/src/routes/dashboard/inventory/categories/[id]/edit/+page.svelte:89:6
Error: Cannot find name 'AttributeBuilder'. (ts)
			<CardContent>
				<AttributeBuilder {form} />
			</CardContent>

/Users/alessandrojcm/repos/dhc-dashboard/src/routes/dashboard/inventory/categories/[id]/edit/+page.svelte:90:6
Error: Cannot find name 'CardContent'. (ts)
				<AttributeBuilder {form} />
			</CardContent>
		</Card>

/Users/alessandrojcm/repos/dhc-dashboard/src/routes/dashboard/inventory/categories/[id]/edit/+page.svelte:91:5
Error: Cannot find name 'Card'. (ts)
			</CardContent>
		</Card>

/Users/alessandrojcm/repos/dhc-dashboard/src/routes/dashboard/inventory/categories/[id]/edit/+page.svelte:95:5
Error: Cannot find name 'Form'. (ts)
		<div class="flex gap-3">
			<Form.Button type="submit" disabled={$submitting}>
				{$submitting ? 'Updating...' : 'Update Category'}

/Users/alessandrojcm/repos/dhc-dashboard/src/routes/dashboard/inventory/categories/[id]/edit/+page.svelte:97:6
Error: Cannot find name 'Form'. (ts)
				{$submitting ? 'Updating...' : 'Update Category'}
			</Form.Button>
			<Button href="/dashboard/inventory/categories" variant="outline">Cancel</Button>

/Users/alessandrojcm/repos/dhc-dashboard/src/routes/dashboard/inventory/categories/[id]/edit/+page.svelte:98:5
Error: Cannot find name 'Button'. (ts)
			</Form.Button>
			<Button href="/dashboard/inventory/categories" variant="outline">Cancel</Button>
		</div>

/Users/alessandrojcm/repos/dhc-dashboard/src/routes/dashboard/inventory/categories/[id]/edit/+page.svelte:98:77
Error: Cannot find name 'Button'. (ts)
			</Form.Button>
			<Button href="/dashboard/inventory/categories" variant="outline">Cancel</Button>
		</div>

/Users/alessandrojcm/repos/dhc-dashboard/src/routes/dashboard/inventory/categories/[id]/edit/+page.svelte:103:3
Error: Cannot find name 'Card'. (ts)
	<!-- Delete Section -->
	<Card class="mt-6 border-destructive">
		<CardHeader>

/Users/alessandrojcm/repos/dhc-dashboard/src/routes/dashboard/inventory/categories/[id]/edit/+page.svelte:104:4
Error: Cannot find name 'CardHeader'. (ts)
	<Card class="mt-6 border-destructive">
		<CardHeader>
			<CardTitle class="text-destructive flex items-center gap-2">

/Users/alessandrojcm/repos/dhc-dashboard/src/routes/dashboard/inventory/categories/[id]/edit/+page.svelte:105:5
Error: Cannot find name 'CardTitle'. (ts)
		<CardHeader>
			<CardTitle class="text-destructive flex items-center gap-2">
				<Trash2 class="h-5 w-5" />

/Users/alessandrojcm/repos/dhc-dashboard/src/routes/dashboard/inventory/categories/[id]/edit/+page.svelte:106:6
Error: Cannot find name 'Trash2'. (ts)
			<CardTitle class="text-destructive flex items-center gap-2">
				<Trash2 class="h-5 w-5" />
				Danger Zone

/Users/alessandrojcm/repos/dhc-dashboard/src/routes/dashboard/inventory/categories/[id]/edit/+page.svelte:108:6
Error: Cannot find name 'CardTitle'. (ts)
				Danger Zone
			</CardTitle>
			<CardDescription>

/Users/alessandrojcm/repos/dhc-dashboard/src/routes/dashboard/inventory/categories/[id]/edit/+page.svelte:109:5
Error: Cannot find name 'CardDescription'. (ts)
			</CardTitle>
			<CardDescription>
				Permanently delete this category. This action cannot be undone and will affect all items in

/Users/alessandrojcm/repos/dhc-dashboard/src/routes/dashboard/inventory/categories/[id]/edit/+page.svelte:112:6
Error: Cannot find name 'CardDescription'. (ts)
				this category.
			</CardDescription>
		</CardHeader>

/Users/alessandrojcm/repos/dhc-dashboard/src/routes/dashboard/inventory/categories/[id]/edit/+page.svelte:113:5
Error: Cannot find name 'CardHeader'. (ts)
			</CardDescription>
		</CardHeader>
		<CardContent>

/Users/alessandrojcm/repos/dhc-dashboard/src/routes/dashboard/inventory/categories/[id]/edit/+page.svelte:114:4
Error: Cannot find name 'CardContent'. (ts)
		</CardHeader>
		<CardContent>
			{#if !showDeleteConfirm}

/Users/alessandrojcm/repos/dhc-dashboard/src/routes/dashboard/inventory/categories/[id]/edit/+page.svelte:115:10
Error: Cannot find name 'showDeleteConfirm'. (ts)
		<CardContent>
			{#if !showDeleteConfirm}
				<Button variant="destructive" onclick={() => (showDeleteConfirm = true)}>

/Users/alessandrojcm/repos/dhc-dashboard/src/routes/dashboard/inventory/categories/[id]/edit/+page.svelte:116:6
Error: Cannot find name 'Button'. (ts)
			{#if !showDeleteConfirm}
				<Button variant="destructive" onclick={() => (showDeleteConfirm = true)}>
					Delete Category

/Users/alessandrojcm/repos/dhc-dashboard/src/routes/dashboard/inventory/categories/[id]/edit/+page.svelte:116:51
Error: Cannot find name 'showDeleteConfirm'. (ts)
			{#if !showDeleteConfirm}
				<Button variant="destructive" onclick={() => (showDeleteConfirm = true)}>
					Delete Category

/Users/alessandrojcm/repos/dhc-dashboard/src/routes/dashboard/inventory/categories/[id]/edit/+page.svelte:118:7
Error: Cannot find name 'Button'. (ts)
					Delete Category
				</Button>
			{:else}

/Users/alessandrojcm/repos/dhc-dashboard/src/routes/dashboard/inventory/categories/[id]/edit/+page.svelte:126:49
Error: Cannot find name 'enhance'. (ts)
					<div class="flex gap-3">
						<form method="POST" action="?/delete" use:enhance>
							<Button type="submit" variant="destructive">Yes, Delete Category</Button>

/Users/alessandrojcm/repos/dhc-dashboard/src/routes/dashboard/inventory/categories/[id]/edit/+page.svelte:127:9
Error: Cannot find name 'Button'. (ts)
						<form method="POST" action="?/delete" use:enhance>
							<Button type="submit" variant="destructive">Yes, Delete Category</Button>
						</form>

/Users/alessandrojcm/repos/dhc-dashboard/src/routes/dashboard/inventory/categories/[id]/edit/+page.svelte:127:74
Error: Cannot find name 'Button'. (ts)
						<form method="POST" action="?/delete" use:enhance>
							<Button type="submit" variant="destructive">Yes, Delete Category</Button>
						</form>

/Users/alessandrojcm/repos/dhc-dashboard/src/routes/dashboard/inventory/categories/[id]/edit/+page.svelte:129:8
Error: Cannot find name 'Button'. (ts)
						</form>
						<Button variant="outline" onclick={() => (showDeleteConfirm = false)}>Cancel</Button>
					</div>

/Users/alessandrojcm/repos/dhc-dashboard/src/routes/dashboard/inventory/categories/[id]/edit/+page.svelte:129:49
Error: Cannot find name 'showDeleteConfirm'. (ts)
						</form>
						<Button variant="outline" onclick={() => (showDeleteConfirm = false)}>Cancel</Button>
					</div>

/Users/alessandrojcm/repos/dhc-dashboard/src/routes/dashboard/inventory/categories/[id]/edit/+page.svelte:129:85
Error: Cannot find name 'Button'. (ts)
						</form>
						<Button variant="outline" onclick={() => (showDeleteConfirm = false)}>Cancel</Button>
					</div>

/Users/alessandrojcm/repos/dhc-dashboard/src/routes/dashboard/inventory/categories/[id]/edit/+page.svelte:133:5
Error: Cannot find name 'CardContent'. (ts)
			{/if}
		</CardContent>
	</Card>

/Users/alessandrojcm/repos/dhc-dashboard/src/routes/dashboard/inventory/categories/[id]/edit/+page.svelte:134:4
Error: Cannot find name 'Card'. (ts)
		</CardContent>
	</Card>
</div>

/Users/alessandrojcm/repos/dhc-dashboard/src/routes/dashboard/inventory/categories/create/+page.svelte:28:5
Error: Cannot find name 'Button'. (ts)
		<div class="flex items-center gap-2 mb-2">
			<Button href="/dashboard/inventory/categories" variant="ghost" size="sm">
				<ArrowLeft class="h-4 w-4" />

/Users/alessandrojcm/repos/dhc-dashboard/src/routes/dashboard/inventory/categories/create/+page.svelte:29:6
Error: Cannot find name 'ArrowLeft'. (ts)
			<Button href="/dashboard/inventory/categories" variant="ghost" size="sm">
				<ArrowLeft class="h-4 w-4" />
			</Button>

/Users/alessandrojcm/repos/dhc-dashboard/src/routes/dashboard/inventory/categories/create/+page.svelte:30:6
Error: Cannot find name 'Button'. (ts)
				<ArrowLeft class="h-4 w-4" />
			</Button>
			<h1 class="text-3xl font-bold">Create Equipment Category</h1>

/Users/alessandrojcm/repos/dhc-dashboard/src/routes/dashboard/inventory/categories/create/+page.svelte:38:4
Error: Cannot find name 'Card'. (ts)
		<!-- Basic Information -->
		<Card>
			<CardHeader>

/Users/alessandrojcm/repos/dhc-dashboard/src/routes/dashboard/inventory/categories/create/+page.svelte:39:5
Error: Cannot find name 'CardHeader'. (ts)
		<Card>
			<CardHeader>
				<CardTitle class="flex items-center gap-2">

/Users/alessandrojcm/repos/dhc-dashboard/src/routes/dashboard/inventory/categories/create/+page.svelte:40:6
Error: Cannot find name 'CardTitle'. (ts)
			<CardHeader>
				<CardTitle class="flex items-center gap-2">
					<Tags class="h-5 w-5" />

/Users/alessandrojcm/repos/dhc-dashboard/src/routes/dashboard/inventory/categories/create/+page.svelte:41:7
Error: Cannot find name 'Tags'. (ts)
				<CardTitle class="flex items-center gap-2">
					<Tags class="h-5 w-5" />
					Category Information

/Users/alessandrojcm/repos/dhc-dashboard/src/routes/dashboard/inventory/categories/create/+page.svelte:43:7
Error: Cannot find name 'CardTitle'. (ts)
					Category Information
				</CardTitle>
				<CardDescription>Basic details about the equipment category</CardDescription>

/Users/alessandrojcm/repos/dhc-dashboard/src/routes/dashboard/inventory/categories/create/+page.svelte:44:6
Error: Cannot find name 'CardDescription'. (ts)
				</CardTitle>
				<CardDescription>Basic details about the equipment category</CardDescription>
			</CardHeader>

/Users/alessandrojcm/repos/dhc-dashboard/src/routes/dashboard/inventory/categories/create/+page.svelte:44:66
Error: Cannot find name 'CardDescription'. (ts)
				</CardTitle>
				<CardDescription>Basic details about the equipment category</CardDescription>
			</CardHeader>

/Users/alessandrojcm/repos/dhc-dashboard/src/routes/dashboard/inventory/categories/create/+page.svelte:45:6
Error: Cannot find name 'CardHeader'. (ts)
				<CardDescription>Basic details about the equipment category</CardDescription>
			</CardHeader>
			<CardContent class="space-y-4">

/Users/alessandrojcm/repos/dhc-dashboard/src/routes/dashboard/inventory/categories/create/+page.svelte:46:5
Error: Cannot find name 'CardContent'. (ts)
			</CardHeader>
			<CardContent class="space-y-4">
				<Form.Field {form} name="name">

/Users/alessandrojcm/repos/dhc-dashboard/src/routes/dashboard/inventory/categories/create/+page.svelte:47:6
Error: Cannot find name 'Form'. (ts)
			<CardContent class="space-y-4">
				<Form.Field {form} name="name">
					<Form.Control>

/Users/alessandrojcm/repos/dhc-dashboard/src/routes/dashboard/inventory/categories/create/+page.svelte:48:7
Error: Cannot find name 'Form'. (ts)
				<Form.Field {form} name="name">
					<Form.Control>
						{#snippet children({ props })}

/Users/alessandrojcm/repos/dhc-dashboard/src/routes/dashboard/inventory/categories/create/+page.svelte:49:28
Error: Binding element 'props' implicitly has an 'any' type. (ts)
					<Form.Control>
						{#snippet children({ props })}
							<Form.Label>Category Name *</Form.Label>

/Users/alessandrojcm/repos/dhc-dashboard/src/routes/dashboard/inventory/categories/create/+page.svelte:50:9
Error: Cannot find name 'Form'. (ts)
						{#snippet children({ props })}
							<Form.Label>Category Name *</Form.Label>
							<Input

/Users/alessandrojcm/repos/dhc-dashboard/src/routes/dashboard/inventory/categories/create/+page.svelte:50:37
Error: Cannot find name 'Form'. (ts)
						{#snippet children({ props })}
							<Form.Label>Category Name *</Form.Label>
							<Input

/Users/alessandrojcm/repos/dhc-dashboard/src/routes/dashboard/inventory/categories/create/+page.svelte:51:9
Error: Cannot find name 'Input'. (ts)
							<Form.Label>Category Name *</Form.Label>
							<Input
								{...props}

/Users/alessandrojcm/repos/dhc-dashboard/src/routes/dashboard/inventory/categories/create/+page.svelte:57:8
Error: Cannot find name 'Form'. (ts)
						{/snippet}
					</Form.Control>
					<Form.FieldErrors />

/Users/alessandrojcm/repos/dhc-dashboard/src/routes/dashboard/inventory/categories/create/+page.svelte:58:7
Error: Cannot find name 'Form'. (ts)
					</Form.Control>
					<Form.FieldErrors />
				</Form.Field>

/Users/alessandrojcm/repos/dhc-dashboard/src/routes/dashboard/inventory/categories/create/+page.svelte:59:7
Error: Cannot find name 'Form'. (ts)
					<Form.FieldErrors />
				</Form.Field>

/Users/alessandrojcm/repos/dhc-dashboard/src/routes/dashboard/inventory/categories/create/+page.svelte:61:6
Error: Cannot find name 'Form'. (ts)

				<Form.Field {form} name="description">
					<Form.Control>

/Users/alessandrojcm/repos/dhc-dashboard/src/routes/dashboard/inventory/categories/create/+page.svelte:62:7
Error: Cannot find name 'Form'. (ts)
				<Form.Field {form} name="description">
					<Form.Control>
						{#snippet children({ props })}

/Users/alessandrojcm/repos/dhc-dashboard/src/routes/dashboard/inventory/categories/create/+page.svelte:63:28
Error: Binding element 'props' implicitly has an 'any' type. (ts)
					<Form.Control>
						{#snippet children({ props })}
							<Form.Label>Description</Form.Label>

/Users/alessandrojcm/repos/dhc-dashboard/src/routes/dashboard/inventory/categories/create/+page.svelte:64:9
Error: Cannot find name 'Form'. (ts)
						{#snippet children({ props })}
							<Form.Label>Description</Form.Label>
							<Textarea

/Users/alessandrojcm/repos/dhc-dashboard/src/routes/dashboard/inventory/categories/create/+page.svelte:64:33
Error: Cannot find name 'Form'. (ts)
						{#snippet children({ props })}
							<Form.Label>Description</Form.Label>
							<Textarea

/Users/alessandrojcm/repos/dhc-dashboard/src/routes/dashboard/inventory/categories/create/+page.svelte:65:9
Error: Cannot find name 'Textarea'. (ts)
							<Form.Label>Description</Form.Label>
							<Textarea
								{...props}

/Users/alessandrojcm/repos/dhc-dashboard/src/routes/dashboard/inventory/categories/create/+page.svelte:72:8
Error: Cannot find name 'Form'. (ts)
						{/snippet}
					</Form.Control>
					<Form.FieldErrors />

/Users/alessandrojcm/repos/dhc-dashboard/src/routes/dashboard/inventory/categories/create/+page.svelte:73:7
Error: Cannot find name 'Form'. (ts)
					</Form.Control>
					<Form.FieldErrors />
				</Form.Field>

/Users/alessandrojcm/repos/dhc-dashboard/src/routes/dashboard/inventory/categories/create/+page.svelte:74:7
Error: Cannot find name 'Form'. (ts)
					<Form.FieldErrors />
				</Form.Field>
			</CardContent>

/Users/alessandrojcm/repos/dhc-dashboard/src/routes/dashboard/inventory/categories/create/+page.svelte:75:6
Error: Cannot find name 'CardContent'. (ts)
				</Form.Field>
			</CardContent>
		</Card>

/Users/alessandrojcm/repos/dhc-dashboard/src/routes/dashboard/inventory/categories/create/+page.svelte:76:5
Error: Cannot find name 'Card'. (ts)
			</CardContent>
		</Card>

/Users/alessandrojcm/repos/dhc-dashboard/src/routes/dashboard/inventory/categories/create/+page.svelte:79:4
Error: Cannot find name 'Card'. (ts)
		<!-- Attribute Builder -->
		<Card>
			<CardHeader>

/Users/alessandrojcm/repos/dhc-dashboard/src/routes/dashboard/inventory/categories/create/+page.svelte:80:5
Error: Cannot find name 'CardHeader'. (ts)
		<Card>
			<CardHeader>
				<CardTitle>Custom Attributes</CardTitle>

/Users/alessandrojcm/repos/dhc-dashboard/src/routes/dashboard/inventory/categories/create/+page.svelte:81:6
Error: Cannot find name 'CardTitle'. (ts)
			<CardHeader>
				<CardTitle>Custom Attributes</CardTitle>
				<CardDescription>

/Users/alessandrojcm/repos/dhc-dashboard/src/routes/dashboard/inventory/categories/create/+page.svelte:81:35
Error: Cannot find name 'CardTitle'. (ts)
			<CardHeader>
				<CardTitle>Custom Attributes</CardTitle>
				<CardDescription>

/Users/alessandrojcm/repos/dhc-dashboard/src/routes/dashboard/inventory/categories/create/+page.svelte:82:6
Error: Cannot find name 'CardDescription'. (ts)
				<CardTitle>Custom Attributes</CardTitle>
				<CardDescription>
					Define the attributes that items in this category will have. For example, masks might have

/Users/alessandrojcm/repos/dhc-dashboard/src/routes/dashboard/inventory/categories/create/+page.svelte:85:7
Error: Cannot find name 'CardDescription'. (ts)
					attributes like "brand", "size", and "color".
				</CardDescription>
			</CardHeader>

/Users/alessandrojcm/repos/dhc-dashboard/src/routes/dashboard/inventory/categories/create/+page.svelte:86:6
Error: Cannot find name 'CardHeader'. (ts)
				</CardDescription>
			</CardHeader>
			<CardContent>

/Users/alessandrojcm/repos/dhc-dashboard/src/routes/dashboard/inventory/categories/create/+page.svelte:87:5
Error: Cannot find name 'CardContent'. (ts)
			</CardHeader>
			<CardContent>
				<AttributeBuilder {form} />

/Users/alessandrojcm/repos/dhc-dashboard/src/routes/dashboard/inventory/categories/create/+page.svelte:88:6
Error: Cannot find name 'AttributeBuilder'. (ts)
			<CardContent>
				<AttributeBuilder {form} />
			</CardContent>

/Users/alessandrojcm/repos/dhc-dashboard/src/routes/dashboard/inventory/categories/create/+page.svelte:89:6
Error: Cannot find name 'CardContent'. (ts)
				<AttributeBuilder {form} />
			</CardContent>
		</Card>

/Users/alessandrojcm/repos/dhc-dashboard/src/routes/dashboard/inventory/categories/create/+page.svelte:90:5
Error: Cannot find name 'Card'. (ts)
			</CardContent>
		</Card>

/Users/alessandrojcm/repos/dhc-dashboard/src/routes/dashboard/inventory/categories/create/+page.svelte:94:5
Error: Cannot find name 'Form'. (ts)
		<div class="flex gap-3">
			<Form.Button type="submit" disabled={$submitting}>
				{$submitting ? 'Creating...' : 'Create Category'}

/Users/alessandrojcm/repos/dhc-dashboard/src/routes/dashboard/inventory/categories/create/+page.svelte:96:6
Error: Cannot find name 'Form'. (ts)
				{$submitting ? 'Creating...' : 'Create Category'}
			</Form.Button>
			<Button href="/dashboard/inventory/categories" variant="outline">Cancel</Button>

/Users/alessandrojcm/repos/dhc-dashboard/src/routes/dashboard/inventory/categories/create/+page.svelte:97:5
Error: Cannot find name 'Button'. (ts)
			</Form.Button>
			<Button href="/dashboard/inventory/categories" variant="outline">Cancel</Button>
		</div>

/Users/alessandrojcm/repos/dhc-dashboard/src/routes/dashboard/inventory/categories/create/+page.svelte:97:77
Error: Cannot find name 'Button'. (ts)
			</Form.Button>
			<Button href="/dashboard/inventory/categories" variant="outline">Cancel</Button>
		</div>

/Users/alessandrojcm/repos/dhc-dashboard/src/routes/dashboard/inventory/categories/create/+page.svelte:101:4
Error: Cannot find name 'SuperDebug'. (ts)
	{#if import.meta.env.DEV}
		<SuperDebug data={$formData} />
	{/if}

/Users/alessandrojcm/repos/dhc-dashboard/src/routes/dashboard/inventory/containers/+page.svelte:88:5
Error: Cannot find name 'Button'. (ts)
		{#if data.canEdit}
			<Button href="/dashboard/inventory/containers/create">
				<Plus class="mr-2 h-4 w-4" />

/Users/alessandrojcm/repos/dhc-dashboard/src/routes/dashboard/inventory/containers/+page.svelte:89:6
Error: Cannot find name 'Plus'. (ts)
			<Button href="/dashboard/inventory/containers/create">
				<Plus class="mr-2 h-4 w-4" />
				Add Container

/Users/alessandrojcm/repos/dhc-dashboard/src/routes/dashboard/inventory/containers/+page.svelte:91:6
Error: Cannot find name 'Button'. (ts)
				Add Container
			</Button>
		{/if}

/Users/alessandrojcm/repos/dhc-dashboard/src/routes/dashboard/inventory/containers/+page.svelte:96:4
Error: Cannot find name 'Card'. (ts)
	{#if containersQuery.isPending}
		<Card>
			<CardContent class="flex flex-col items-center justify-center py-12">

/Users/alessandrojcm/repos/dhc-dashboard/src/routes/dashboard/inventory/containers/+page.svelte:97:5
Error: Cannot find name 'CardContent'. (ts)
		<Card>
			<CardContent class="flex flex-col items-center justify-center py-12">
				<LoaderCircle />

/Users/alessandrojcm/repos/dhc-dashboard/src/routes/dashboard/inventory/containers/+page.svelte:98:6
Error: Cannot find name 'LoaderCircle'. (ts)
			<CardContent class="flex flex-col items-center justify-center py-12">
				<LoaderCircle />
				<p class="text-muted-foreground mt-4">Loading containers...</p>

/Users/alessandrojcm/repos/dhc-dashboard/src/routes/dashboard/inventory/containers/+page.svelte:100:6
Error: Cannot find name 'CardContent'. (ts)
				<p class="text-muted-foreground mt-4">Loading containers...</p>
			</CardContent>
		</Card>

/Users/alessandrojcm/repos/dhc-dashboard/src/routes/dashboard/inventory/containers/+page.svelte:101:5
Error: Cannot find name 'Card'. (ts)
			</CardContent>
		</Card>
	{:else if containersQuery.isError}

/Users/alessandrojcm/repos/dhc-dashboard/src/routes/dashboard/inventory/containers/+page.svelte:103:4
Error: Cannot find name 'Card'. (ts)
	{:else if containersQuery.isError}
		<Card>
			<CardContent class="flex flex-col items-center justify-center py-12">

/Users/alessandrojcm/repos/dhc-dashboard/src/routes/dashboard/inventory/containers/+page.svelte:104:5
Error: Cannot find name 'CardContent'. (ts)
		<Card>
			<CardContent class="flex flex-col items-center justify-center py-12">
				<AlertTriangle class="h-12 w-12 text-destructive mb-4" />

/Users/alessandrojcm/repos/dhc-dashboard/src/routes/dashboard/inventory/containers/+page.svelte:105:6
Error: Cannot find name 'AlertTriangle'. (ts)
			<CardContent class="flex flex-col items-center justify-center py-12">
				<AlertTriangle class="h-12 w-12 text-destructive mb-4" />
				<h3 class="text-lg font-semibold mb-2">Error loading containers</h3>

/Users/alessandrojcm/repos/dhc-dashboard/src/routes/dashboard/inventory/containers/+page.svelte:108:6
Error: Cannot find name 'Button'. (ts)
				<p class="text-muted-foreground mb-4">{containersQuery.error.message}</p>
				<Button onclick={() => containersQuery.refetch()} variant="outline">Retry</Button>
			</CardContent>

/Users/alessandrojcm/repos/dhc-dashboard/src/routes/dashboard/inventory/containers/+page.svelte:108:80
Error: Cannot find name 'Button'. (ts)
				<p class="text-muted-foreground mb-4">{containersQuery.error.message}</p>
				<Button onclick={() => containersQuery.refetch()} variant="outline">Retry</Button>
			</CardContent>

/Users/alessandrojcm/repos/dhc-dashboard/src/routes/dashboard/inventory/containers/+page.svelte:109:6
Error: Cannot find name 'CardContent'. (ts)
				<Button onclick={() => containersQuery.refetch()} variant="outline">Retry</Button>
			</CardContent>
		</Card>

/Users/alessandrojcm/repos/dhc-dashboard/src/routes/dashboard/inventory/containers/+page.svelte:110:5
Error: Cannot find name 'Card'. (ts)
			</CardContent>
		</Card>
	{:else if flatContainers.length === 0 && data.canEdit}

/Users/alessandrojcm/repos/dhc-dashboard/src/routes/dashboard/inventory/containers/+page.svelte:111:12
Error: Cannot find name 'flatContainers'. (ts)
		</Card>
	{:else if flatContainers.length === 0 && data.canEdit}
		<Card>

/Users/alessandrojcm/repos/dhc-dashboard/src/routes/dashboard/inventory/containers/+page.svelte:112:4
Error: Cannot find name 'Card'. (ts)
	{:else if flatContainers.length === 0 && data.canEdit}
		<Card>
			<CardContent class="flex flex-col items-center justify-center py-12">

/Users/alessandrojcm/repos/dhc-dashboard/src/routes/dashboard/inventory/containers/+page.svelte:113:5
Error: Cannot find name 'CardContent'. (ts)
		<Card>
			<CardContent class="flex flex-col items-center justify-center py-12">
				<FolderOpen class="h-12 w-12 text-muted-foreground mb-4" />

/Users/alessandrojcm/repos/dhc-dashboard/src/routes/dashboard/inventory/containers/+page.svelte:114:6
Error: Cannot find name 'FolderOpen'. (ts)
			<CardContent class="flex flex-col items-center justify-center py-12">
				<FolderOpen class="h-12 w-12 text-muted-foreground mb-4" />
				<h3 class="text-lg font-semibold mb-2">No containers yet</h3>

/Users/alessandrojcm/repos/dhc-dashboard/src/routes/dashboard/inventory/containers/+page.svelte:119:6
Error: Cannot find name 'Button'. (ts)
				</p>
				<Button href="/dashboard/inventory/containers/create">
					<Plus class="mr-2 h-4 w-4" />

/Users/alessandrojcm/repos/dhc-dashboard/src/routes/dashboard/inventory/containers/+page.svelte:120:7
Error: Cannot find name 'Plus'. (ts)
				<Button href="/dashboard/inventory/containers/create">
					<Plus class="mr-2 h-4 w-4" />
					Create Container

/Users/alessandrojcm/repos/dhc-dashboard/src/routes/dashboard/inventory/containers/+page.svelte:122:7
Error: Cannot find name 'Button'. (ts)
					Create Container
				</Button>
			</CardContent>

/Users/alessandrojcm/repos/dhc-dashboard/src/routes/dashboard/inventory/containers/+page.svelte:123:6
Error: Cannot find name 'CardContent'. (ts)
				</Button>
			</CardContent>
		</Card>

/Users/alessandrojcm/repos/dhc-dashboard/src/routes/dashboard/inventory/containers/+page.svelte:124:5
Error: Cannot find name 'Card'. (ts)
			</CardContent>
		</Card>
	{:else}

/Users/alessandrojcm/repos/dhc-dashboard/src/routes/dashboard/inventory/containers/+page.svelte:126:4
Error: Cannot find name 'Card'. (ts)
	{:else}
		<Card>
			<CardHeader>

/Users/alessandrojcm/repos/dhc-dashboard/src/routes/dashboard/inventory/containers/+page.svelte:127:5
Error: Cannot find name 'CardHeader'. (ts)
		<Card>
			<CardHeader>
				<CardTitle>Container Hierarchy</CardTitle>

/Users/alessandrojcm/repos/dhc-dashboard/src/routes/dashboard/inventory/containers/+page.svelte:128:6
Error: Cannot find name 'CardTitle'. (ts)
			<CardHeader>
				<CardTitle>Container Hierarchy</CardTitle>
			</CardHeader>

/Users/alessandrojcm/repos/dhc-dashboard/src/routes/dashboard/inventory/containers/+page.svelte:128:37
Error: Cannot find name 'CardTitle'. (ts)
			<CardHeader>
				<CardTitle>Container Hierarchy</CardTitle>
			</CardHeader>

/Users/alessandrojcm/repos/dhc-dashboard/src/routes/dashboard/inventory/containers/+page.svelte:129:6
Error: Cannot find name 'CardHeader'. (ts)
				<CardTitle>Container Hierarchy</CardTitle>
			</CardHeader>
			<CardContent>

/Users/alessandrojcm/repos/dhc-dashboard/src/routes/dashboard/inventory/containers/+page.svelte:130:5
Error: Cannot find name 'CardContent'. (ts)
			</CardHeader>
			<CardContent>
				<div class="space-y-2">

/Users/alessandrojcm/repos/dhc-dashboard/src/routes/dashboard/inventory/containers/+page.svelte:132:13
Error: Cannot find name 'flatContainers'. (ts)
				<div class="space-y-2">
					{#each flatContainers as { container, level, itemCount, hasChildren } (container.id)}
						<div

/Users/alessandrojcm/repos/dhc-dashboard/src/routes/dashboard/inventory/containers/+page.svelte:143:11
Error: Cannot find name 'FolderOpen'. (ts)
								<div class="flex h-8 w-8 items-center justify-center rounded-md bg-muted">
									<FolderOpen class="h-4 w-4" />
								</div>

/Users/alessandrojcm/repos/dhc-dashboard/src/routes/dashboard/inventory/containers/+page.svelte:150:13
Error: Cannot find name 'Badge'. (ts)
										{#if hasChildren}
											<Badge variant="secondary" class="text-xs">
												{container.children.length} child{container.children.length !== 1

/Users/alessandrojcm/repos/dhc-dashboard/src/routes/dashboard/inventory/containers/+page.svelte:154:14
Error: Cannot find name 'Badge'. (ts)
													: ''}
											</Badge>
										{/if}

/Users/alessandrojcm/repos/dhc-dashboard/src/routes/dashboard/inventory/containers/+page.svelte:168:11
Error: Cannot find name 'Badge'. (ts)
								<div class="flex items-center gap-2">
									<Badge variant="outline" class="flex items-center gap-1">
										<Package class="h-3 w-3" />

/Users/alessandrojcm/repos/dhc-dashboard/src/routes/dashboard/inventory/containers/+page.svelte:169:12
Error: Cannot find name 'Package'. (ts)
									<Badge variant="outline" class="flex items-center gap-1">
										<Package class="h-3 w-3" />
										{itemCount} item{itemCount !== 1 ? 's' : ''}

/Users/alessandrojcm/repos/dhc-dashboard/src/routes/dashboard/inventory/containers/+page.svelte:171:12
Error: Cannot find name 'Badge'. (ts)
										{itemCount} item{itemCount !== 1 ? 's' : ''}
									</Badge>

/Users/alessandrojcm/repos/dhc-dashboard/src/routes/dashboard/inventory/containers/+page.svelte:173:11
Error: Cannot find name 'Button'. (ts)

									<Button
										aria-label={`View ${container.name}`}

/Users/alessandrojcm/repos/dhc-dashboard/src/routes/dashboard/inventory/containers/+page.svelte:180:12
Error: Cannot find name 'Button'. (ts)
										View
									</Button>
									{#if data.canEdit}

/Users/alessandrojcm/repos/dhc-dashboard/src/routes/dashboard/inventory/containers/+page.svelte:182:12
Error: Cannot find name 'Button'. (ts)
									{#if data.canEdit}
										<Button
											aria-label={`Edit ${container.name}`}

/Users/alessandrojcm/repos/dhc-dashboard/src/routes/dashboard/inventory/containers/+page.svelte:188:13
Error: Cannot find name 'Edit'. (ts)
										>
											<Edit class="h-4 w-4" />
										</Button>

/Users/alessandrojcm/repos/dhc-dashboard/src/routes/dashboard/inventory/containers/+page.svelte:189:13
Error: Cannot find name 'Button'. (ts)
											<Edit class="h-4 w-4" />
										</Button>
									{/if}

/Users/alessandrojcm/repos/dhc-dashboard/src/routes/dashboard/inventory/containers/+page.svelte:196:6
Error: Cannot find name 'CardContent'. (ts)
				</div>
			</CardContent>
		</Card>

/Users/alessandrojcm/repos/dhc-dashboard/src/routes/dashboard/inventory/containers/+page.svelte:197:5
Error: Cannot find name 'Card'. (ts)
			</CardContent>
		</Card>
	{/if}

/Users/alessandrojcm/repos/dhc-dashboard/src/routes/dashboard/inventory/containers/[id]/+page.svelte:17:5
Error: Cannot find name 'Button'. (ts)
		<div class="flex items-center gap-2 mb-2">
			<Button href="/dashboard/inventory/containers" variant="ghost" size="sm">
				<ArrowLeft class="h-4 w-4" />

/Users/alessandrojcm/repos/dhc-dashboard/src/routes/dashboard/inventory/containers/[id]/+page.svelte:18:6
Error: Cannot find name 'ArrowLeft'. (ts)
			<Button href="/dashboard/inventory/containers" variant="ghost" size="sm">
				<ArrowLeft class="h-4 w-4" />
			</Button>

/Users/alessandrojcm/repos/dhc-dashboard/src/routes/dashboard/inventory/containers/[id]/+page.svelte:19:6
Error: Cannot find name 'Button'. (ts)
				<ArrowLeft class="h-4 w-4" />
			</Button>
			<h1 class="text-3xl font-bold">{container.name}</h1>

/Users/alessandrojcm/repos/dhc-dashboard/src/routes/dashboard/inventory/containers/[id]/+page.svelte:28:5
Error: Cannot find name 'Card'. (ts)
		<div class="lg:col-span-1">
			<Card>
				<CardHeader>

/Users/alessandrojcm/repos/dhc-dashboard/src/routes/dashboard/inventory/containers/[id]/+page.svelte:29:6
Error: Cannot find name 'CardHeader'. (ts)
			<Card>
				<CardHeader>
					<CardTitle class="flex items-center gap-2">

/Users/alessandrojcm/repos/dhc-dashboard/src/routes/dashboard/inventory/containers/[id]/+page.svelte:30:7
Error: Cannot find name 'CardTitle'. (ts)
				<CardHeader>
					<CardTitle class="flex items-center gap-2">
						<FolderOpen class="h-5 w-5" />

/Users/alessandrojcm/repos/dhc-dashboard/src/routes/dashboard/inventory/containers/[id]/+page.svelte:31:8
Error: Cannot find name 'FolderOpen'. (ts)
					<CardTitle class="flex items-center gap-2">
						<FolderOpen class="h-5 w-5" />
						Container Information

/Users/alessandrojcm/repos/dhc-dashboard/src/routes/dashboard/inventory/containers/[id]/+page.svelte:33:8
Error: Cannot find name 'CardTitle'. (ts)
						Container Information
					</CardTitle>
				</CardHeader>

/Users/alessandrojcm/repos/dhc-dashboard/src/routes/dashboard/inventory/containers/[id]/+page.svelte:34:7
Error: Cannot find name 'CardHeader'. (ts)
					</CardTitle>
				</CardHeader>
				<CardContent class="space-y-4">

/Users/alessandrojcm/repos/dhc-dashboard/src/routes/dashboard/inventory/containers/[id]/+page.svelte:35:6
Error: Cannot find name 'CardContent'. (ts)
				</CardHeader>
				<CardContent class="space-y-4">
					<div>

/Users/alessandrojcm/repos/dhc-dashboard/src/routes/dashboard/inventory/containers/[id]/+page.svelte:51:9
Error: Cannot find name 'Button'. (ts)
							<h3 class="font-medium">Parent Container</h3>
							<Button
								href="/dashboard/inventory/containers/{container.parent_container.id}"

/Users/alessandrojcm/repos/dhc-dashboard/src/routes/dashboard/inventory/containers/[id]/+page.svelte:57:10
Error: Cannot find name 'Button'. (ts)
								{container.parent_container.name}
							</Button>
						</div>

/Users/alessandrojcm/repos/dhc-dashboard/src/routes/dashboard/inventory/containers/[id]/+page.svelte:64:9
Error: Cannot find name 'dayjs'. (ts)
						<p class="text-sm text-muted-foreground">
							{dayjs(container.created_at).format('MMM D, YYYY')}
						</p>

/Users/alessandrojcm/repos/dhc-dashboard/src/routes/dashboard/inventory/containers/[id]/+page.svelte:70:9
Error: Cannot find name 'Button'. (ts)
						<div class="flex gap-2 pt-4">
							<Button href="/dashboard/inventory/containers/{container.id}/edit" size="sm">
								<Edit class="mr-2 h-4 w-4" />

/Users/alessandrojcm/repos/dhc-dashboard/src/routes/dashboard/inventory/containers/[id]/+page.svelte:71:10
Error: Cannot find name 'Edit'. (ts)
							<Button href="/dashboard/inventory/containers/{container.id}/edit" size="sm">
								<Edit class="mr-2 h-4 w-4" />
								Edit

/Users/alessandrojcm/repos/dhc-dashboard/src/routes/dashboard/inventory/containers/[id]/+page.svelte:73:10
Error: Cannot find name 'Button'. (ts)
								Edit
							</Button>
						</div>

/Users/alessandrojcm/repos/dhc-dashboard/src/routes/dashboard/inventory/containers/[id]/+page.svelte:76:7
Error: Cannot find name 'CardContent'. (ts)
					{/if}
				</CardContent>
			</Card>

/Users/alessandrojcm/repos/dhc-dashboard/src/routes/dashboard/inventory/containers/[id]/+page.svelte:77:6
Error: Cannot find name 'Card'. (ts)
				</CardContent>
			</Card>
		</div>

/Users/alessandrojcm/repos/dhc-dashboard/src/routes/dashboard/inventory/containers/[id]/+page.svelte:84:6
Error: Cannot find name 'Card'. (ts)
			{#if container.child_containers && container.child_containers.length > 0}
				<Card>
					<CardHeader>

/Users/alessandrojcm/repos/dhc-dashboard/src/routes/dashboard/inventory/containers/[id]/+page.svelte:85:7
Error: Cannot find name 'CardHeader'. (ts)
				<Card>
					<CardHeader>
						<CardTitle class="flex items-center justify-between">

/Users/alessandrojcm/repos/dhc-dashboard/src/routes/dashboard/inventory/containers/[id]/+page.svelte:86:8
Error: Cannot find name 'CardTitle'. (ts)
					<CardHeader>
						<CardTitle class="flex items-center justify-between">
							<span class="flex items-center gap-2">

/Users/alessandrojcm/repos/dhc-dashboard/src/routes/dashboard/inventory/containers/[id]/+page.svelte:88:10
Error: Cannot find name 'Folder'. (ts)
							<span class="flex items-center gap-2">
								<Folder class="h-5 w-5" />
								Child Containers ({container.child_containers.length})

/Users/alessandrojcm/repos/dhc-dashboard/src/routes/dashboard/inventory/containers/[id]/+page.svelte:92:10
Error: Cannot find name 'Button'. (ts)
							{#if data.canEdit}
								<Button
									href="/dashboard/inventory/containers/create?parent={container.id}"

/Users/alessandrojcm/repos/dhc-dashboard/src/routes/dashboard/inventory/containers/[id]/+page.svelte:96:11
Error: Cannot find name 'Plus'. (ts)
								>
									<Plus class="mr-2 h-4 w-4" />
									Add Child

/Users/alessandrojcm/repos/dhc-dashboard/src/routes/dashboard/inventory/containers/[id]/+page.svelte:98:11
Error: Cannot find name 'Button'. (ts)
									Add Child
								</Button>
							{/if}

/Users/alessandrojcm/repos/dhc-dashboard/src/routes/dashboard/inventory/containers/[id]/+page.svelte:100:9
Error: Cannot find name 'CardTitle'. (ts)
							{/if}
						</CardTitle>
					</CardHeader>

/Users/alessandrojcm/repos/dhc-dashboard/src/routes/dashboard/inventory/containers/[id]/+page.svelte:101:8
Error: Cannot find name 'CardHeader'. (ts)
						</CardTitle>
					</CardHeader>
					<CardContent>

/Users/alessandrojcm/repos/dhc-dashboard/src/routes/dashboard/inventory/containers/[id]/+page.svelte:102:7
Error: Cannot find name 'CardContent'. (ts)
					</CardHeader>
					<CardContent>
						<div class="space-y-2">

/Users/alessandrojcm/repos/dhc-dashboard/src/routes/dashboard/inventory/containers/[id]/+page.svelte:110:13
Error: Cannot find name 'FolderOpen'. (ts)
										<div class="flex h-8 w-8 items-center justify-center rounded-md bg-muted">
											<FolderOpen class="h-4 w-4" />
										</div>

/Users/alessandrojcm/repos/dhc-dashboard/src/routes/dashboard/inventory/containers/[id]/+page.svelte:116:11
Error: Cannot find name 'Button'. (ts)
									</div>
									<Button
										href="/dashboard/inventory/containers/{child.id}"

/Users/alessandrojcm/repos/dhc-dashboard/src/routes/dashboard/inventory/containers/[id]/+page.svelte:122:12
Error: Cannot find name 'Button'. (ts)
										View
									</Button>
								</div>

/Users/alessandrojcm/repos/dhc-dashboard/src/routes/dashboard/inventory/containers/[id]/+page.svelte:126:8
Error: Cannot find name 'CardContent'. (ts)
						</div>
					</CardContent>
				</Card>

/Users/alessandrojcm/repos/dhc-dashboard/src/routes/dashboard/inventory/containers/[id]/+page.svelte:127:7
Error: Cannot find name 'Card'. (ts)
					</CardContent>
				</Card>
			{/if}

/Users/alessandrojcm/repos/dhc-dashboard/src/routes/dashboard/inventory/containers/[id]/+page.svelte:131:5
Error: Cannot find name 'Card'. (ts)
			<!-- Items -->
			<Card>
				<CardHeader>

/Users/alessandrojcm/repos/dhc-dashboard/src/routes/dashboard/inventory/containers/[id]/+page.svelte:132:6
Error: Cannot find name 'CardHeader'. (ts)
			<Card>
				<CardHeader>
					<CardTitle class="flex items-center justify-between">

/Users/alessandrojcm/repos/dhc-dashboard/src/routes/dashboard/inventory/containers/[id]/+page.svelte:133:7
Error: Cannot find name 'CardTitle'. (ts)
				<CardHeader>
					<CardTitle class="flex items-center justify-between">
						<span class="flex items-center gap-2">

/Users/alessandrojcm/repos/dhc-dashboard/src/routes/dashboard/inventory/containers/[id]/+page.svelte:135:9
Error: Cannot find name 'Package'. (ts)
						<span class="flex items-center gap-2">
							<Package class="h-5 w-5" />
							Items ({container.items?.length || 0})

/Users/alessandrojcm/repos/dhc-dashboard/src/routes/dashboard/inventory/containers/[id]/+page.svelte:139:9
Error: Cannot find name 'Button'. (ts)
						{#if data.canEdit}
							<Button href="/dashboard/inventory/items/create?container={container.id}" size="sm">
								<Plus class="mr-2 h-4 w-4" />

/Users/alessandrojcm/repos/dhc-dashboard/src/routes/dashboard/inventory/containers/[id]/+page.svelte:140:10
Error: Cannot find name 'Plus'. (ts)
							<Button href="/dashboard/inventory/items/create?container={container.id}" size="sm">
								<Plus class="mr-2 h-4 w-4" />
								Add Item

/Users/alessandrojcm/repos/dhc-dashboard/src/routes/dashboard/inventory/containers/[id]/+page.svelte:142:10
Error: Cannot find name 'Button'. (ts)
								Add Item
							</Button>
						{/if}

/Users/alessandrojcm/repos/dhc-dashboard/src/routes/dashboard/inventory/containers/[id]/+page.svelte:144:8
Error: Cannot find name 'CardTitle'. (ts)
						{/if}
					</CardTitle>
				</CardHeader>

/Users/alessandrojcm/repos/dhc-dashboard/src/routes/dashboard/inventory/containers/[id]/+page.svelte:145:7
Error: Cannot find name 'CardHeader'. (ts)
					</CardTitle>
				</CardHeader>
				<CardContent>

/Users/alessandrojcm/repos/dhc-dashboard/src/routes/dashboard/inventory/containers/[id]/+page.svelte:146:6
Error: Cannot find name 'CardContent'. (ts)
				</CardHeader>
				<CardContent>
					{#if !container.items || (container.items.length === 0 && data.canEdit)}

/Users/alessandrojcm/repos/dhc-dashboard/src/routes/dashboard/inventory/containers/[id]/+page.svelte:149:9
Error: Cannot find name 'Package'. (ts)
						<div class="text-center py-8">
							<Package class="h-12 w-12 text-muted-foreground mx-auto mb-4" />
							<h3 class="text-lg font-semibold mb-2">No items yet</h3>

/Users/alessandrojcm/repos/dhc-dashboard/src/routes/dashboard/inventory/containers/[id]/+page.svelte:154:9
Error: Cannot find name 'Button'. (ts)
							</p>
							<Button href="/dashboard/inventory/items/create?container={container.id}">
								<Plus class="mr-2 h-4 w-4" />

/Users/alessandrojcm/repos/dhc-dashboard/src/routes/dashboard/inventory/containers/[id]/+page.svelte:155:10
Error: Cannot find name 'Plus'. (ts)
							<Button href="/dashboard/inventory/items/create?container={container.id}">
								<Plus class="mr-2 h-4 w-4" />
								Add First Item

/Users/alessandrojcm/repos/dhc-dashboard/src/routes/dashboard/inventory/containers/[id]/+page.svelte:157:10
Error: Cannot find name 'Button'. (ts)
								Add First Item
							</Button>
						</div>

/Users/alessandrojcm/repos/dhc-dashboard/src/routes/dashboard/inventory/containers/[id]/+page.svelte:167:13
Error: Cannot find name 'Package'. (ts)
										<div class="flex h-8 w-8 items-center justify-center rounded-md bg-muted">
											<Package class="h-4 w-4" />
										</div>

/Users/alessandrojcm/repos/dhc-dashboard/src/routes/dashboard/inventory/containers/[id]/+page.svelte:170:37
Error: Cannot find name 'getItemDisplayName'. (ts)
										<div>
											<h3 class="font-medium">{getItemDisplayName(item)}</h3>
											<div class="flex items-center gap-2 mt-1">

/Users/alessandrojcm/repos/dhc-dashboard/src/routes/dashboard/inventory/containers/[id]/+page.svelte:172:14
Error: Cannot find name 'Badge'. (ts)
											<div class="flex items-center gap-2 mt-1">
												<Badge variant="secondary" class="text-xs">
													{item.category?.name || 'Uncategorized'}

/Users/alessandrojcm/repos/dhc-dashboard/src/routes/dashboard/inventory/containers/[id]/+page.svelte:174:15
Error: Cannot find name 'Badge'. (ts)
													{item.category?.name || 'Uncategorized'}
												</Badge>
												<Badge variant="outline" class="text-xs">

/Users/alessandrojcm/repos/dhc-dashboard/src/routes/dashboard/inventory/containers/[id]/+page.svelte:175:14
Error: Cannot find name 'Badge'. (ts)
												</Badge>
												<Badge variant="outline" class="text-xs">
													Qty: {item.quantity}

/Users/alessandrojcm/repos/dhc-dashboard/src/routes/dashboard/inventory/containers/[id]/+page.svelte:177:15
Error: Cannot find name 'Badge'. (ts)
													Qty: {item.quantity}
												</Badge>
												{#if item.out_for_maintenance}

/Users/alessandrojcm/repos/dhc-dashboard/src/routes/dashboard/inventory/containers/[id]/+page.svelte:179:15
Error: Cannot find name 'Badge'. (ts)
												{#if item.out_for_maintenance}
													<Badge variant="destructive" class="text-xs flex items-center gap-1">
														<AlertTriangle class="h-3 w-3" />

/Users/alessandrojcm/repos/dhc-dashboard/src/routes/dashboard/inventory/containers/[id]/+page.svelte:180:16
Error: Cannot find name 'AlertTriangle'. (ts)
													<Badge variant="destructive" class="text-xs flex items-center gap-1">
														<AlertTriangle class="h-3 w-3" />
														Maintenance

/Users/alessandrojcm/repos/dhc-dashboard/src/routes/dashboard/inventory/containers/[id]/+page.svelte:182:16
Error: Cannot find name 'Badge'. (ts)
														Maintenance
													</Badge>
												{/if}

/Users/alessandrojcm/repos/dhc-dashboard/src/routes/dashboard/inventory/containers/[id]/+page.svelte:187:11
Error: Cannot find name 'Button'. (ts)
									</div>
									<Button href="/dashboard/inventory/items/{item.id}" variant="ghost" size="sm">
										View

/Users/alessandrojcm/repos/dhc-dashboard/src/routes/dashboard/inventory/containers/[id]/+page.svelte:189:12
Error: Cannot find name 'Button'. (ts)
										View
									</Button>
								</div>

/Users/alessandrojcm/repos/dhc-dashboard/src/routes/dashboard/inventory/containers/[id]/+page.svelte:194:7
Error: Cannot find name 'CardContent'. (ts)
					{/if}
				</CardContent>
			</Card>

/Users/alessandrojcm/repos/dhc-dashboard/src/routes/dashboard/inventory/containers/[id]/+page.svelte:195:6
Error: Cannot find name 'Card'. (ts)
				</CardContent>
			</Card>
		</div>

/Users/alessandrojcm/repos/dhc-dashboard/src/routes/dashboard/inventory/containers/[id]/edit/+page.svelte:123:5
Error: Cannot find name 'Button'. (ts)
		<div class="flex items-center gap-2 mb-2">
			<Button href="/dashboard/inventory/containers/{data.container.id}" variant="ghost" size="sm">
				<ArrowLeft class="h-4 w-4" />

/Users/alessandrojcm/repos/dhc-dashboard/src/routes/dashboard/inventory/containers/[id]/edit/+page.svelte:124:6
Error: Cannot find name 'ArrowLeft'. (ts)
			<Button href="/dashboard/inventory/containers/{data.container.id}" variant="ghost" size="sm">
				<ArrowLeft class="h-4 w-4" />
			</Button>

/Users/alessandrojcm/repos/dhc-dashboard/src/routes/dashboard/inventory/containers/[id]/edit/+page.svelte:125:6
Error: Cannot find name 'Button'. (ts)
				<ArrowLeft class="h-4 w-4" />
			</Button>
			<h1 class="text-3xl font-bold">Edit Container</h1>

/Users/alessandrojcm/repos/dhc-dashboard/src/routes/dashboard/inventory/containers/[id]/edit/+page.svelte:131:4
Error: Cannot find name 'Alert'. (ts)
	{#if $message}
		<Alert.Root variant="destructive" class="p-4">
			<AlertCircleIcon />

/Users/alessandrojcm/repos/dhc-dashboard/src/routes/dashboard/inventory/containers/[id]/edit/+page.svelte:132:5
Error: Cannot find name 'AlertCircleIcon'. (ts)
		<Alert.Root variant="destructive" class="p-4">
			<AlertCircleIcon />
			<Alert.Title>{$message}</Alert.Title>

/Users/alessandrojcm/repos/dhc-dashboard/src/routes/dashboard/inventory/containers/[id]/edit/+page.svelte:133:5
Error: Cannot find name 'Alert'. (ts)
			<AlertCircleIcon />
			<Alert.Title>{$message}</Alert.Title>
		</Alert.Root>

/Users/alessandrojcm/repos/dhc-dashboard/src/routes/dashboard/inventory/containers/[id]/edit/+page.svelte:133:29
Error: Cannot find name 'Alert'. (ts)
			<AlertCircleIcon />
			<Alert.Title>{$message}</Alert.Title>
		</Alert.Root>

/Users/alessandrojcm/repos/dhc-dashboard/src/routes/dashboard/inventory/containers/[id]/edit/+page.svelte:134:5
Error: Cannot find name 'Alert'. (ts)
			<Alert.Title>{$message}</Alert.Title>
		</Alert.Root>
	{/if}

/Users/alessandrojcm/repos/dhc-dashboard/src/routes/dashboard/inventory/containers/[id]/edit/+page.svelte:138:4
Error: Cannot find name 'Card'. (ts)
	<div class="max-w-2xl">
		<Card>
			<CardHeader>

/Users/alessandrojcm/repos/dhc-dashboard/src/routes/dashboard/inventory/containers/[id]/edit/+page.svelte:139:5
Error: Cannot find name 'CardHeader'. (ts)
		<Card>
			<CardHeader>
				<CardTitle class="flex items-center gap-2">

/Users/alessandrojcm/repos/dhc-dashboard/src/routes/dashboard/inventory/containers/[id]/edit/+page.svelte:140:6
Error: Cannot find name 'CardTitle'. (ts)
			<CardHeader>
				<CardTitle class="flex items-center gap-2">
					<FolderOpen class="h-5 w-5" />

/Users/alessandrojcm/repos/dhc-dashboard/src/routes/dashboard/inventory/containers/[id]/edit/+page.svelte:141:7
Error: Cannot find name 'FolderOpen'. (ts)
				<CardTitle class="flex items-center gap-2">
					<FolderOpen class="h-5 w-5" />
					Container Details

/Users/alessandrojcm/repos/dhc-dashboard/src/routes/dashboard/inventory/containers/[id]/edit/+page.svelte:143:7
Error: Cannot find name 'CardTitle'. (ts)
					Container Details
				</CardTitle>
				<CardDescription>

/Users/alessandrojcm/repos/dhc-dashboard/src/routes/dashboard/inventory/containers/[id]/edit/+page.svelte:144:6
Error: Cannot find name 'CardDescription'. (ts)
				</CardTitle>
				<CardDescription>
					Update the container information. Be careful when changing the parent container as it

/Users/alessandrojcm/repos/dhc-dashboard/src/routes/dashboard/inventory/containers/[id]/edit/+page.svelte:147:7
Error: Cannot find name 'CardDescription'. (ts)
					affects the hierarchy.
				</CardDescription>
			</CardHeader>

/Users/alessandrojcm/repos/dhc-dashboard/src/routes/dashboard/inventory/containers/[id]/edit/+page.svelte:148:6
Error: Cannot find name 'CardHeader'. (ts)
				</CardDescription>
			</CardHeader>
			<CardContent>

/Users/alessandrojcm/repos/dhc-dashboard/src/routes/dashboard/inventory/containers/[id]/edit/+page.svelte:149:5
Error: Cannot find name 'CardContent'. (ts)
			</CardHeader>
			<CardContent>
				<form method="POST" action="?/update" use:formEnhance class="space-y-6">

/Users/alessandrojcm/repos/dhc-dashboard/src/routes/dashboard/inventory/containers/[id]/edit/+page.svelte:151:7
Error: Cannot find name 'Form'. (ts)
				<form method="POST" action="?/update" use:formEnhance class="space-y-6">
					<Form.Field {form} name="name">
						<Form.Control>

/Users/alessandrojcm/repos/dhc-dashboard/src/routes/dashboard/inventory/containers/[id]/edit/+page.svelte:152:8
Error: Cannot find name 'Form'. (ts)
					<Form.Field {form} name="name">
						<Form.Control>
							{#snippet children({ props })}

/Users/alessandrojcm/repos/dhc-dashboard/src/routes/dashboard/inventory/containers/[id]/edit/+page.svelte:153:29
Error: Binding element 'props' implicitly has an 'any' type. (ts)
						<Form.Control>
							{#snippet children({ props })}
								<Form.Label>Container Name *</Form.Label>

/Users/alessandrojcm/repos/dhc-dashboard/src/routes/dashboard/inventory/containers/[id]/edit/+page.svelte:154:10
Error: Cannot find name 'Form'. (ts)
							{#snippet children({ props })}
								<Form.Label>Container Name *</Form.Label>
								<Input

/Users/alessandrojcm/repos/dhc-dashboard/src/routes/dashboard/inventory/containers/[id]/edit/+page.svelte:154:39
Error: Cannot find name 'Form'. (ts)
							{#snippet children({ props })}
								<Form.Label>Container Name *</Form.Label>
								<Input

/Users/alessandrojcm/repos/dhc-dashboard/src/routes/dashboard/inventory/containers/[id]/edit/+page.svelte:155:10
Error: Cannot find name 'Input'. (ts)
								<Form.Label>Container Name *</Form.Label>
								<Input
									{...props}

/Users/alessandrojcm/repos/dhc-dashboard/src/routes/dashboard/inventory/containers/[id]/edit/+page.svelte:161:9
Error: Cannot find name 'Form'. (ts)
							{/snippet}
						</Form.Control>
						<Form.FieldErrors />

/Users/alessandrojcm/repos/dhc-dashboard/src/routes/dashboard/inventory/containers/[id]/edit/+page.svelte:162:8
Error: Cannot find name 'Form'. (ts)
						</Form.Control>
						<Form.FieldErrors />
					</Form.Field>

/Users/alessandrojcm/repos/dhc-dashboard/src/routes/dashboard/inventory/containers/[id]/edit/+page.svelte:163:8
Error: Cannot find name 'Form'. (ts)
						<Form.FieldErrors />
					</Form.Field>

/Users/alessandrojcm/repos/dhc-dashboard/src/routes/dashboard/inventory/containers/[id]/edit/+page.svelte:165:7
Error: Cannot find name 'Form'. (ts)

					<Form.Field {form} name="description">
						<Form.Control>

/Users/alessandrojcm/repos/dhc-dashboard/src/routes/dashboard/inventory/containers/[id]/edit/+page.svelte:166:8
Error: Cannot find name 'Form'. (ts)
					<Form.Field {form} name="description">
						<Form.Control>
							{#snippet children({ props })}

/Users/alessandrojcm/repos/dhc-dashboard/src/routes/dashboard/inventory/containers/[id]/edit/+page.svelte:167:29
Error: Binding element 'props' implicitly has an 'any' type. (ts)
						<Form.Control>
							{#snippet children({ props })}
								<Form.Label>Description</Form.Label>

/Users/alessandrojcm/repos/dhc-dashboard/src/routes/dashboard/inventory/containers/[id]/edit/+page.svelte:168:10
Error: Cannot find name 'Form'. (ts)
							{#snippet children({ props })}
								<Form.Label>Description</Form.Label>
								<Textarea

/Users/alessandrojcm/repos/dhc-dashboard/src/routes/dashboard/inventory/containers/[id]/edit/+page.svelte:168:34
Error: Cannot find name 'Form'. (ts)
							{#snippet children({ props })}
								<Form.Label>Description</Form.Label>
								<Textarea

/Users/alessandrojcm/repos/dhc-dashboard/src/routes/dashboard/inventory/containers/[id]/edit/+page.svelte:169:10
Error: Cannot find name 'Textarea'. (ts)
								<Form.Label>Description</Form.Label>
								<Textarea
									{...props}

/Users/alessandrojcm/repos/dhc-dashboard/src/routes/dashboard/inventory/containers/[id]/edit/+page.svelte:176:9
Error: Cannot find name 'Form'. (ts)
							{/snippet}
						</Form.Control>
						<Form.FieldErrors />

/Users/alessandrojcm/repos/dhc-dashboard/src/routes/dashboard/inventory/containers/[id]/edit/+page.svelte:177:8
Error: Cannot find name 'Form'. (ts)
						</Form.Control>
						<Form.FieldErrors />
					</Form.Field>

/Users/alessandrojcm/repos/dhc-dashboard/src/routes/dashboard/inventory/containers/[id]/edit/+page.svelte:178:8
Error: Cannot find name 'Form'. (ts)
						<Form.FieldErrors />
					</Form.Field>

/Users/alessandrojcm/repos/dhc-dashboard/src/routes/dashboard/inventory/containers/[id]/edit/+page.svelte:180:7
Error: Cannot find name 'Form'. (ts)

					<Form.Field {form} name="parent_container_id">
						<Form.Control>

/Users/alessandrojcm/repos/dhc-dashboard/src/routes/dashboard/inventory/containers/[id]/edit/+page.svelte:181:8
Error: Cannot find name 'Form'. (ts)
					<Form.Field {form} name="parent_container_id">
						<Form.Control>
							{#snippet children({ props })}

/Users/alessandrojcm/repos/dhc-dashboard/src/routes/dashboard/inventory/containers/[id]/edit/+page.svelte:182:29
Error: Binding element 'props' implicitly has an 'any' type. (ts)
						<Form.Control>
							{#snippet children({ props })}
								<Form.Label>Parent Container</Form.Label>

/Users/alessandrojcm/repos/dhc-dashboard/src/routes/dashboard/inventory/containers/[id]/edit/+page.svelte:183:10
Error: Cannot find name 'Form'. (ts)
							{#snippet children({ props })}
								<Form.Label>Parent Container</Form.Label>
								<Select type="single" bind:value={$formData.parent_container_id} name={props.name}>

/Users/alessandrojcm/repos/dhc-dashboard/src/routes/dashboard/inventory/containers/[id]/edit/+page.svelte:183:39
Error: Cannot find name 'Form'. (ts)
							{#snippet children({ props })}
								<Form.Label>Parent Container</Form.Label>
								<Select type="single" bind:value={$formData.parent_container_id} name={props.name}>

/Users/alessandrojcm/repos/dhc-dashboard/src/routes/dashboard/inventory/containers/[id]/edit/+page.svelte:184:10
Error: Cannot find name 'Select'. (ts)
								<Form.Label>Parent Container</Form.Label>
								<Select type="single" bind:value={$formData.parent_container_id} name={props.name}>
									<SelectTrigger {...props}>

/Users/alessandrojcm/repos/dhc-dashboard/src/routes/dashboard/inventory/containers/[id]/edit/+page.svelte:185:11
Error: Cannot find name 'SelectTrigger'. (ts)
								<Select type="single" bind:value={$formData.parent_container_id} name={props.name}>
									<SelectTrigger {...props}>
										{selectedContainer

/Users/alessandrojcm/repos/dhc-dashboard/src/routes/dashboard/inventory/containers/[id]/edit/+page.svelte:186:12
Error: Cannot find name 'selectedContainer'. (ts)
									<SelectTrigger {...props}>
										{selectedContainer
											? selectedContainer.displayName

/Users/alessandrojcm/repos/dhc-dashboard/src/routes/dashboard/inventory/containers/[id]/edit/+page.svelte:187:14
Error: Cannot find name 'selectedContainer'. (ts)
										{selectedContainer
											? selectedContainer.displayName
											: 'Select a parent container (optional)'}

/Users/alessandrojcm/repos/dhc-dashboard/src/routes/dashboard/inventory/containers/[id]/edit/+page.svelte:189:12
Error: Cannot find name 'SelectTrigger'. (ts)
											: 'Select a parent container (optional)'}
									</SelectTrigger>
									<SelectContent>

/Users/alessandrojcm/repos/dhc-dashboard/src/routes/dashboard/inventory/containers/[id]/edit/+page.svelte:190:11
Error: Cannot find name 'SelectContent'. (ts)
									</SelectTrigger>
									<SelectContent>
										<SelectItem value="">No parent container (root level)</SelectItem>

/Users/alessandrojcm/repos/dhc-dashboard/src/routes/dashboard/inventory/containers/[id]/edit/+page.svelte:191:12
Error: Cannot find name 'SelectItem'. (ts)
									<SelectContent>
										<SelectItem value="">No parent container (root level)</SelectItem>
										{#each hierarchicalContainers as container}

/Users/alessandrojcm/repos/dhc-dashboard/src/routes/dashboard/inventory/containers/[id]/edit/+page.svelte:191:66
Error: Cannot find name 'SelectItem'. (ts)
									<SelectContent>
										<SelectItem value="">No parent container (root level)</SelectItem>
										{#each hierarchicalContainers as container}

/Users/alessandrojcm/repos/dhc-dashboard/src/routes/dashboard/inventory/containers/[id]/edit/+page.svelte:193:13
Error: Cannot find name 'SelectItem'. (ts)
										{#each hierarchicalContainers as container}
											<SelectItem value={container.id}>
												{container.displayName}

/Users/alessandrojcm/repos/dhc-dashboard/src/routes/dashboard/inventory/containers/[id]/edit/+page.svelte:195:14
Error: Cannot find name 'SelectItem'. (ts)
												{container.displayName}
											</SelectItem>
										{/each}

/Users/alessandrojcm/repos/dhc-dashboard/src/routes/dashboard/inventory/containers/[id]/edit/+page.svelte:197:12
Error: Cannot find name 'SelectContent'. (ts)
										{/each}
									</SelectContent>
								</Select>

/Users/alessandrojcm/repos/dhc-dashboard/src/routes/dashboard/inventory/containers/[id]/edit/+page.svelte:198:11
Error: Cannot find name 'Select'. (ts)
									</SelectContent>
								</Select>
							{/snippet}

/Users/alessandrojcm/repos/dhc-dashboard/src/routes/dashboard/inventory/containers/[id]/edit/+page.svelte:200:9
Error: Cannot find name 'Form'. (ts)
							{/snippet}
						</Form.Control>
						<Form.Description>

/Users/alessandrojcm/repos/dhc-dashboard/src/routes/dashboard/inventory/containers/[id]/edit/+page.svelte:201:8
Error: Cannot find name 'Form'. (ts)
						</Form.Control>
						<Form.Description>
							Choose a parent container to create a hierarchy. Leave empty to create a root-level

/Users/alessandrojcm/repos/dhc-dashboard/src/routes/dashboard/inventory/containers/[id]/edit/+page.svelte:204:9
Error: Cannot find name 'Form'. (ts)
							container.
						</Form.Description>
						<Form.FieldErrors />

/Users/alessandrojcm/repos/dhc-dashboard/src/routes/dashboard/inventory/containers/[id]/edit/+page.svelte:205:8
Error: Cannot find name 'Form'. (ts)
						</Form.Description>
						<Form.FieldErrors />
					</Form.Field>

/Users/alessandrojcm/repos/dhc-dashboard/src/routes/dashboard/inventory/containers/[id]/edit/+page.svelte:206:8
Error: Cannot find name 'Form'. (ts)
						<Form.FieldErrors />
					</Form.Field>

/Users/alessandrojcm/repos/dhc-dashboard/src/routes/dashboard/inventory/containers/[id]/edit/+page.svelte:209:8
Error: Cannot find name 'Form'. (ts)
					<div class="flex gap-3 pt-4">
						<Form.Button type="submit" disabled={$submitting}>
							{$submitting ? 'Updating...' : 'Update Container'}

/Users/alessandrojcm/repos/dhc-dashboard/src/routes/dashboard/inventory/containers/[id]/edit/+page.svelte:211:9
Error: Cannot find name 'Form'. (ts)
							{$submitting ? 'Updating...' : 'Update Container'}
						</Form.Button>
						<Button href="/dashboard/inventory/containers/{data.container.id}" variant="outline">

/Users/alessandrojcm/repos/dhc-dashboard/src/routes/dashboard/inventory/containers/[id]/edit/+page.svelte:212:8
Error: Cannot find name 'Button'. (ts)
						</Form.Button>
						<Button href="/dashboard/inventory/containers/{data.container.id}" variant="outline">
							Cancel

/Users/alessandrojcm/repos/dhc-dashboard/src/routes/dashboard/inventory/containers/[id]/edit/+page.svelte:214:9
Error: Cannot find name 'Button'. (ts)
							Cancel
						</Button>
					</div>

/Users/alessandrojcm/repos/dhc-dashboard/src/routes/dashboard/inventory/containers/[id]/edit/+page.svelte:217:6
Error: Cannot find name 'CardContent'. (ts)
				</form>
			</CardContent>
		</Card>

/Users/alessandrojcm/repos/dhc-dashboard/src/routes/dashboard/inventory/containers/[id]/edit/+page.svelte:218:5
Error: Cannot find name 'Card'. (ts)
			</CardContent>
		</Card>

/Users/alessandrojcm/repos/dhc-dashboard/src/routes/dashboard/inventory/containers/[id]/edit/+page.svelte:221:4
Error: Cannot find name 'Card'. (ts)
		<!-- Delete Section -->
		<Card class="mt-6 border-destructive">
			<CardHeader>

/Users/alessandrojcm/repos/dhc-dashboard/src/routes/dashboard/inventory/containers/[id]/edit/+page.svelte:222:5
Error: Cannot find name 'CardHeader'. (ts)
		<Card class="mt-6 border-destructive">
			<CardHeader>
				<CardTitle class="text-destructive flex items-center gap-2">

/Users/alessandrojcm/repos/dhc-dashboard/src/routes/dashboard/inventory/containers/[id]/edit/+page.svelte:223:6
Error: Cannot find name 'CardTitle'. (ts)
			<CardHeader>
				<CardTitle class="text-destructive flex items-center gap-2">
					<Trash2 class="h-5 w-5" />

/Users/alessandrojcm/repos/dhc-dashboard/src/routes/dashboard/inventory/containers/[id]/edit/+page.svelte:224:7
Error: Cannot find name 'Trash2'. (ts)
				<CardTitle class="text-destructive flex items-center gap-2">
					<Trash2 class="h-5 w-5" />
					Danger Zone

/Users/alessandrojcm/repos/dhc-dashboard/src/routes/dashboard/inventory/containers/[id]/edit/+page.svelte:226:7
Error: Cannot find name 'CardTitle'. (ts)
					Danger Zone
				</CardTitle>
				<CardDescription>

/Users/alessandrojcm/repos/dhc-dashboard/src/routes/dashboard/inventory/containers/[id]/edit/+page.svelte:227:6
Error: Cannot find name 'CardDescription'. (ts)
				</CardTitle>
				<CardDescription>
					Permanently delete this container. This action cannot be undone.

/Users/alessandrojcm/repos/dhc-dashboard/src/routes/dashboard/inventory/containers/[id]/edit/+page.svelte:229:7
Error: Cannot find name 'CardDescription'. (ts)
					Permanently delete this container. This action cannot be undone.
				</CardDescription>
			</CardHeader>

/Users/alessandrojcm/repos/dhc-dashboard/src/routes/dashboard/inventory/containers/[id]/edit/+page.svelte:230:6
Error: Cannot find name 'CardHeader'. (ts)
				</CardDescription>
			</CardHeader>
			<CardContent>

/Users/alessandrojcm/repos/dhc-dashboard/src/routes/dashboard/inventory/containers/[id]/edit/+page.svelte:231:5
Error: Cannot find name 'CardContent'. (ts)
			</CardHeader>
			<CardContent>
				{#if !showDeleteConfirm}

/Users/alessandrojcm/repos/dhc-dashboard/src/routes/dashboard/inventory/containers/[id]/edit/+page.svelte:232:11
Error: Cannot find name 'showDeleteConfirm'. (ts)
			<CardContent>
				{#if !showDeleteConfirm}
					<Button variant="destructive" onclick={() => (showDeleteConfirm = true)}>

/Users/alessandrojcm/repos/dhc-dashboard/src/routes/dashboard/inventory/containers/[id]/edit/+page.svelte:233:7
Error: Cannot find name 'Button'. (ts)
				{#if !showDeleteConfirm}
					<Button variant="destructive" onclick={() => (showDeleteConfirm = true)}>
						Delete Container

/Users/alessandrojcm/repos/dhc-dashboard/src/routes/dashboard/inventory/containers/[id]/edit/+page.svelte:233:52
Error: Cannot find name 'showDeleteConfirm'. (ts)
				{#if !showDeleteConfirm}
					<Button variant="destructive" onclick={() => (showDeleteConfirm = true)}>
						Delete Container

/Users/alessandrojcm/repos/dhc-dashboard/src/routes/dashboard/inventory/containers/[id]/edit/+page.svelte:235:8
Error: Cannot find name 'Button'. (ts)
						Delete Container
					</Button>
				{:else}

/Users/alessandrojcm/repos/dhc-dashboard/src/routes/dashboard/inventory/containers/[id]/edit/+page.svelte:243:50
Error: Cannot find name 'enhance'. (ts)
						<div class="flex gap-3">
							<form method="POST" action="?/delete" use:enhance>
								<Button type="submit" variant="destructive">Yes, Delete Container</Button>

/Users/alessandrojcm/repos/dhc-dashboard/src/routes/dashboard/inventory/containers/[id]/edit/+page.svelte:244:10
Error: Cannot find name 'Button'. (ts)
							<form method="POST" action="?/delete" use:enhance>
								<Button type="submit" variant="destructive">Yes, Delete Container</Button>
							</form>

/Users/alessandrojcm/repos/dhc-dashboard/src/routes/dashboard/inventory/containers/[id]/edit/+page.svelte:244:76
Error: Cannot find name 'Button'. (ts)
							<form method="POST" action="?/delete" use:enhance>
								<Button type="submit" variant="destructive">Yes, Delete Container</Button>
							</form>

/Users/alessandrojcm/repos/dhc-dashboard/src/routes/dashboard/inventory/containers/[id]/edit/+page.svelte:246:9
Error: Cannot find name 'Button'. (ts)
							</form>
							<Button variant="outline" onclick={() => (showDeleteConfirm = false)}>Cancel</Button>
						</div>

/Users/alessandrojcm/repos/dhc-dashboard/src/routes/dashboard/inventory/containers/[id]/edit/+page.svelte:246:50
Error: Cannot find name 'showDeleteConfirm'. (ts)
							</form>
							<Button variant="outline" onclick={() => (showDeleteConfirm = false)}>Cancel</Button>
						</div>

/Users/alessandrojcm/repos/dhc-dashboard/src/routes/dashboard/inventory/containers/[id]/edit/+page.svelte:246:86
Error: Cannot find name 'Button'. (ts)
							</form>
							<Button variant="outline" onclick={() => (showDeleteConfirm = false)}>Cancel</Button>
						</div>

/Users/alessandrojcm/repos/dhc-dashboard/src/routes/dashboard/inventory/containers/[id]/edit/+page.svelte:250:6
Error: Cannot find name 'CardContent'. (ts)
				{/if}
			</CardContent>
		</Card>

/Users/alessandrojcm/repos/dhc-dashboard/src/routes/dashboard/inventory/containers/[id]/edit/+page.svelte:251:5
Error: Cannot find name 'Card'. (ts)
			</CardContent>
		</Card>
	</div>

/Users/alessandrojcm/repos/dhc-dashboard/src/routes/dashboard/inventory/containers/create/+page.svelte:89:5
Error: Cannot find name 'Button'. (ts)
		<div class="flex items-center gap-2 mb-2">
			<Button href="/dashboard/inventory/containers" variant="ghost" size="sm">
				<ArrowLeft class="h-4 w-4" />

/Users/alessandrojcm/repos/dhc-dashboard/src/routes/dashboard/inventory/containers/create/+page.svelte:90:6
Error: Cannot find name 'ArrowLeft'. (ts)
			<Button href="/dashboard/inventory/containers" variant="ghost" size="sm">
				<ArrowLeft class="h-4 w-4" />
			</Button>

/Users/alessandrojcm/repos/dhc-dashboard/src/routes/dashboard/inventory/containers/create/+page.svelte:91:6
Error: Cannot find name 'Button'. (ts)
				<ArrowLeft class="h-4 w-4" />
			</Button>
			<h1 class="text-3xl font-bold">Create Container</h1>

/Users/alessandrojcm/repos/dhc-dashboard/src/routes/dashboard/inventory/containers/create/+page.svelte:98:4
Error: Cannot find name 'Card'. (ts)
	<div class="max-w-2xl">
		<Card>
			<CardHeader>

/Users/alessandrojcm/repos/dhc-dashboard/src/routes/dashboard/inventory/containers/create/+page.svelte:99:5
Error: Cannot find name 'CardHeader'. (ts)
		<Card>
			<CardHeader>
				<CardTitle class="flex items-center gap-2">

/Users/alessandrojcm/repos/dhc-dashboard/src/routes/dashboard/inventory/containers/create/+page.svelte:100:6
Error: Cannot find name 'CardTitle'. (ts)
			<CardHeader>
				<CardTitle class="flex items-center gap-2">
					<FolderOpen class="h-5 w-5" />

/Users/alessandrojcm/repos/dhc-dashboard/src/routes/dashboard/inventory/containers/create/+page.svelte:101:7
Error: Cannot find name 'FolderOpen'. (ts)
				<CardTitle class="flex items-center gap-2">
					<FolderOpen class="h-5 w-5" />
					Container Details

/Users/alessandrojcm/repos/dhc-dashboard/src/routes/dashboard/inventory/containers/create/+page.svelte:103:7
Error: Cannot find name 'CardTitle'. (ts)
					Container Details
				</CardTitle>
				<CardDescription>

/Users/alessandrojcm/repos/dhc-dashboard/src/routes/dashboard/inventory/containers/create/+page.svelte:104:6
Error: Cannot find name 'CardDescription'. (ts)
				</CardTitle>
				<CardDescription>
					Provide information about the new container. You can organize containers hierarchically by

/Users/alessandrojcm/repos/dhc-dashboard/src/routes/dashboard/inventory/containers/create/+page.svelte:107:7
Error: Cannot find name 'CardDescription'. (ts)
					selecting a parent container.
				</CardDescription>
			</CardHeader>

/Users/alessandrojcm/repos/dhc-dashboard/src/routes/dashboard/inventory/containers/create/+page.svelte:108:6
Error: Cannot find name 'CardHeader'. (ts)
				</CardDescription>
			</CardHeader>
			<CardContent>

/Users/alessandrojcm/repos/dhc-dashboard/src/routes/dashboard/inventory/containers/create/+page.svelte:109:5
Error: Cannot find name 'CardContent'. (ts)
			</CardHeader>
			<CardContent>
				<form method="POST" use:enhance class="space-y-6">

/Users/alessandrojcm/repos/dhc-dashboard/src/routes/dashboard/inventory/containers/create/+page.svelte:111:7
Error: Cannot find name 'Form'. (ts)
				<form method="POST" use:enhance class="space-y-6">
					<Form.Field {form} name="name">
						<Form.Control>

/Users/alessandrojcm/repos/dhc-dashboard/src/routes/dashboard/inventory/containers/create/+page.svelte:112:8
Error: Cannot find name 'Form'. (ts)
					<Form.Field {form} name="name">
						<Form.Control>
							{#snippet children({ props })}

/Users/alessandrojcm/repos/dhc-dashboard/src/routes/dashboard/inventory/containers/create/+page.svelte:113:29
Error: Binding element 'props' implicitly has an 'any' type. (ts)
						<Form.Control>
							{#snippet children({ props })}
								<Form.Label>Container Name *</Form.Label>

/Users/alessandrojcm/repos/dhc-dashboard/src/routes/dashboard/inventory/containers/create/+page.svelte:114:10
Error: Cannot find name 'Form'. (ts)
							{#snippet children({ props })}
								<Form.Label>Container Name *</Form.Label>
								<Input

/Users/alessandrojcm/repos/dhc-dashboard/src/routes/dashboard/inventory/containers/create/+page.svelte:114:39
Error: Cannot find name 'Form'. (ts)
							{#snippet children({ props })}
								<Form.Label>Container Name *</Form.Label>
								<Input

/Users/alessandrojcm/repos/dhc-dashboard/src/routes/dashboard/inventory/containers/create/+page.svelte:115:10
Error: Cannot find name 'Input'. (ts)
								<Form.Label>Container Name *</Form.Label>
								<Input
									{...props}

/Users/alessandrojcm/repos/dhc-dashboard/src/routes/dashboard/inventory/containers/create/+page.svelte:121:9
Error: Cannot find name 'Form'. (ts)
							{/snippet}
						</Form.Control>
						<Form.FieldErrors />

/Users/alessandrojcm/repos/dhc-dashboard/src/routes/dashboard/inventory/containers/create/+page.svelte:122:8
Error: Cannot find name 'Form'. (ts)
						</Form.Control>
						<Form.FieldErrors />
					</Form.Field>

/Users/alessandrojcm/repos/dhc-dashboard/src/routes/dashboard/inventory/containers/create/+page.svelte:123:8
Error: Cannot find name 'Form'. (ts)
						<Form.FieldErrors />
					</Form.Field>

/Users/alessandrojcm/repos/dhc-dashboard/src/routes/dashboard/inventory/containers/create/+page.svelte:125:7
Error: Cannot find name 'Form'. (ts)

					<Form.Field {form} name="description">
						<Form.Control>

/Users/alessandrojcm/repos/dhc-dashboard/src/routes/dashboard/inventory/containers/create/+page.svelte:126:8
Error: Cannot find name 'Form'. (ts)
					<Form.Field {form} name="description">
						<Form.Control>
							{#snippet children({ props })}

/Users/alessandrojcm/repos/dhc-dashboard/src/routes/dashboard/inventory/containers/create/+page.svelte:127:29
Error: Binding element 'props' implicitly has an 'any' type. (ts)
						<Form.Control>
							{#snippet children({ props })}
								<Form.Label>Description</Form.Label>

/Users/alessandrojcm/repos/dhc-dashboard/src/routes/dashboard/inventory/containers/create/+page.svelte:128:10
Error: Cannot find name 'Form'. (ts)
							{#snippet children({ props })}
								<Form.Label>Description</Form.Label>
								<Textarea

/Users/alessandrojcm/repos/dhc-dashboard/src/routes/dashboard/inventory/containers/create/+page.svelte:128:34
Error: Cannot find name 'Form'. (ts)
							{#snippet children({ props })}
								<Form.Label>Description</Form.Label>
								<Textarea

/Users/alessandrojcm/repos/dhc-dashboard/src/routes/dashboard/inventory/containers/create/+page.svelte:129:10
Error: Cannot find name 'Textarea'. (ts)
								<Form.Label>Description</Form.Label>
								<Textarea
									{...props}

/Users/alessandrojcm/repos/dhc-dashboard/src/routes/dashboard/inventory/containers/create/+page.svelte:136:9
Error: Cannot find name 'Form'. (ts)
							{/snippet}
						</Form.Control>
						<Form.FieldErrors />

/Users/alessandrojcm/repos/dhc-dashboard/src/routes/dashboard/inventory/containers/create/+page.svelte:137:8
Error: Cannot find name 'Form'. (ts)
						</Form.Control>
						<Form.FieldErrors />
					</Form.Field>

/Users/alessandrojcm/repos/dhc-dashboard/src/routes/dashboard/inventory/containers/create/+page.svelte:138:8
Error: Cannot find name 'Form'. (ts)
						<Form.FieldErrors />
					</Form.Field>

/Users/alessandrojcm/repos/dhc-dashboard/src/routes/dashboard/inventory/containers/create/+page.svelte:140:7
Error: Cannot find name 'Form'. (ts)

					<Form.Field {form} name="parent_container_id">
						<Form.Control>

/Users/alessandrojcm/repos/dhc-dashboard/src/routes/dashboard/inventory/containers/create/+page.svelte:141:8
Error: Cannot find name 'Form'. (ts)
					<Form.Field {form} name="parent_container_id">
						<Form.Control>
							{#snippet children({ props })}

/Users/alessandrojcm/repos/dhc-dashboard/src/routes/dashboard/inventory/containers/create/+page.svelte:142:29
Error: Binding element 'props' implicitly has an 'any' type. (ts)
						<Form.Control>
							{#snippet children({ props })}
								<Form.Label>Parent Container</Form.Label>

/Users/alessandrojcm/repos/dhc-dashboard/src/routes/dashboard/inventory/containers/create/+page.svelte:143:10
Error: Cannot find name 'Form'. (ts)
							{#snippet children({ props })}
								<Form.Label>Parent Container</Form.Label>
								<Select type="single" bind:value={$formData.parent_container_id} name={props.name}>

/Users/alessandrojcm/repos/dhc-dashboard/src/routes/dashboard/inventory/containers/create/+page.svelte:143:39
Error: Cannot find name 'Form'. (ts)
							{#snippet children({ props })}
								<Form.Label>Parent Container</Form.Label>
								<Select type="single" bind:value={$formData.parent_container_id} name={props.name}>

/Users/alessandrojcm/repos/dhc-dashboard/src/routes/dashboard/inventory/containers/create/+page.svelte:144:10
Error: Cannot find name 'Select'. (ts)
								<Form.Label>Parent Container</Form.Label>
								<Select type="single" bind:value={$formData.parent_container_id} name={props.name}>
									<SelectTrigger {...props}>

/Users/alessandrojcm/repos/dhc-dashboard/src/routes/dashboard/inventory/containers/create/+page.svelte:145:11
Error: Cannot find name 'SelectTrigger'. (ts)
								<Select type="single" bind:value={$formData.parent_container_id} name={props.name}>
									<SelectTrigger {...props}>
										{selectedContainer

/Users/alessandrojcm/repos/dhc-dashboard/src/routes/dashboard/inventory/containers/create/+page.svelte:146:12
Error: Cannot find name 'selectedContainer'. (ts)
									<SelectTrigger {...props}>
										{selectedContainer
											? selectedContainer.displayName

/Users/alessandrojcm/repos/dhc-dashboard/src/routes/dashboard/inventory/containers/create/+page.svelte:147:14
Error: Cannot find name 'selectedContainer'. (ts)
										{selectedContainer
											? selectedContainer.displayName
											: 'No parent container (root level)'}

/Users/alessandrojcm/repos/dhc-dashboard/src/routes/dashboard/inventory/containers/create/+page.svelte:149:12
Error: Cannot find name 'SelectTrigger'. (ts)
											: 'No parent container (root level)'}
									</SelectTrigger>
									<SelectContent>

/Users/alessandrojcm/repos/dhc-dashboard/src/routes/dashboard/inventory/containers/create/+page.svelte:150:11
Error: Cannot find name 'SelectContent'. (ts)
									</SelectTrigger>
									<SelectContent>
										<SelectItem value="">No parent container (root level)</SelectItem>

/Users/alessandrojcm/repos/dhc-dashboard/src/routes/dashboard/inventory/containers/create/+page.svelte:151:12
Error: Cannot find name 'SelectItem'. (ts)
									<SelectContent>
										<SelectItem value="">No parent container (root level)</SelectItem>
										{#each hierarchicalContainers as container}

/Users/alessandrojcm/repos/dhc-dashboard/src/routes/dashboard/inventory/containers/create/+page.svelte:151:66
Error: Cannot find name 'SelectItem'. (ts)
									<SelectContent>
										<SelectItem value="">No parent container (root level)</SelectItem>
										{#each hierarchicalContainers as container}

/Users/alessandrojcm/repos/dhc-dashboard/src/routes/dashboard/inventory/containers/create/+page.svelte:153:13
Error: Cannot find name 'SelectItem'. (ts)
										{#each hierarchicalContainers as container}
											<SelectItem value={container.id}>
												{container.displayName}

/Users/alessandrojcm/repos/dhc-dashboard/src/routes/dashboard/inventory/containers/create/+page.svelte:155:14
Error: Cannot find name 'SelectItem'. (ts)
												{container.displayName}
											</SelectItem>
										{/each}

/Users/alessandrojcm/repos/dhc-dashboard/src/routes/dashboard/inventory/containers/create/+page.svelte:157:12
Error: Cannot find name 'SelectContent'. (ts)
										{/each}
									</SelectContent>
								</Select>

/Users/alessandrojcm/repos/dhc-dashboard/src/routes/dashboard/inventory/containers/create/+page.svelte:158:11
Error: Cannot find name 'Select'. (ts)
									</SelectContent>
								</Select>
							{/snippet}

/Users/alessandrojcm/repos/dhc-dashboard/src/routes/dashboard/inventory/containers/create/+page.svelte:160:9
Error: Cannot find name 'Form'. (ts)
							{/snippet}
						</Form.Control>
						<Form.Description>

/Users/alessandrojcm/repos/dhc-dashboard/src/routes/dashboard/inventory/containers/create/+page.svelte:161:8
Error: Cannot find name 'Form'. (ts)
						</Form.Control>
						<Form.Description>
							Choose a parent container to create a hierarchy. Leave empty to create a root-level

/Users/alessandrojcm/repos/dhc-dashboard/src/routes/dashboard/inventory/containers/create/+page.svelte:164:9
Error: Cannot find name 'Form'. (ts)
							container.
						</Form.Description>
						<Form.FieldErrors />

/Users/alessandrojcm/repos/dhc-dashboard/src/routes/dashboard/inventory/containers/create/+page.svelte:165:8
Error: Cannot find name 'Form'. (ts)
						</Form.Description>
						<Form.FieldErrors />
					</Form.Field>

/Users/alessandrojcm/repos/dhc-dashboard/src/routes/dashboard/inventory/containers/create/+page.svelte:166:8
Error: Cannot find name 'Form'. (ts)
						<Form.FieldErrors />
					</Form.Field>

/Users/alessandrojcm/repos/dhc-dashboard/src/routes/dashboard/inventory/containers/create/+page.svelte:169:8
Error: Cannot find name 'Form'. (ts)
					<div class="flex gap-3 pt-4">
						<Form.Button type="submit" disabled={$submitting}>
							{$submitting ? 'Creating...' : 'Create Container'}

/Users/alessandrojcm/repos/dhc-dashboard/src/routes/dashboard/inventory/containers/create/+page.svelte:171:9
Error: Cannot find name 'Form'. (ts)
							{$submitting ? 'Creating...' : 'Create Container'}
						</Form.Button>
						<Button href="/dashboard/inventory/containers" variant="outline">Cancel</Button>

/Users/alessandrojcm/repos/dhc-dashboard/src/routes/dashboard/inventory/containers/create/+page.svelte:172:8
Error: Cannot find name 'Button'. (ts)
						</Form.Button>
						<Button href="/dashboard/inventory/containers" variant="outline">Cancel</Button>
					</div>

/Users/alessandrojcm/repos/dhc-dashboard/src/routes/dashboard/inventory/containers/create/+page.svelte:172:80
Error: Cannot find name 'Button'. (ts)
						</Form.Button>
						<Button href="/dashboard/inventory/containers" variant="outline">Cancel</Button>
					</div>

/Users/alessandrojcm/repos/dhc-dashboard/src/routes/dashboard/inventory/containers/create/+page.svelte:175:6
Error: Cannot find name 'CardContent'. (ts)
				</form>
			</CardContent>
		</Card>

/Users/alessandrojcm/repos/dhc-dashboard/src/routes/dashboard/inventory/containers/create/+page.svelte:176:5
Error: Cannot find name 'Card'. (ts)
			</CardContent>
		</Card>
	</div>

/Users/alessandrojcm/repos/dhc-dashboard/src/routes/dashboard/inventory/items/+page.svelte:159:33
Error: Cannot bind to constant
https://svelte.dev/e/constant_binding (svelte)
                        <Input
                                bind:value={searchInput}
                                placeholder="Search items..."

/Users/alessandrojcm/repos/dhc-dashboard/src/routes/dashboard/inventory/items/+page.svelte:136:10
Error: Cannot find name 'Button'. (ts)
        </div>
        <Button href="/dashboard/inventory/items/create">
            <Plus class="mr-2 h-4 w-4"/>

/Users/alessandrojcm/repos/dhc-dashboard/src/routes/dashboard/inventory/items/+page.svelte:137:14
Error: Cannot find name 'Plus'. (ts)
        <Button href="/dashboard/inventory/items/create">
            <Plus class="mr-2 h-4 w-4"/>
            Add Item

/Users/alessandrojcm/repos/dhc-dashboard/src/routes/dashboard/inventory/items/+page.svelte:139:11
Error: Cannot find name 'Button'. (ts)
            Add Item
        </Button>
    </div>

/Users/alessandrojcm/repos/dhc-dashboard/src/routes/dashboard/inventory/items/+page.svelte:143:6
Error: Cannot find name 'Card'. (ts)
    <!-- Filters -->
    <Card class="mb-6">
        <CardHeader>

/Users/alessandrojcm/repos/dhc-dashboard/src/routes/dashboard/inventory/items/+page.svelte:144:10
Error: Cannot find name 'CardHeader'. (ts)
    <Card class="mb-6">
        <CardHeader>
            <CardTitle class="flex items-center gap-2">

/Users/alessandrojcm/repos/dhc-dashboard/src/routes/dashboard/inventory/items/+page.svelte:145:14
Error: Cannot find name 'CardTitle'. (ts)
        <CardHeader>
            <CardTitle class="flex items-center gap-2">
                <Filter class="h-5 w-5"/>

/Users/alessandrojcm/repos/dhc-dashboard/src/routes/dashboard/inventory/items/+page.svelte:146:18
Error: Cannot find name 'Filter'. (ts)
            <CardTitle class="flex items-center gap-2">
                <Filter class="h-5 w-5"/>
                Filters

/Users/alessandrojcm/repos/dhc-dashboard/src/routes/dashboard/inventory/items/+page.svelte:148:15
Error: Cannot find name 'CardTitle'. (ts)
                Filters
            </CardTitle>
        </CardHeader>

/Users/alessandrojcm/repos/dhc-dashboard/src/routes/dashboard/inventory/items/+page.svelte:149:11
Error: Cannot find name 'CardHeader'. (ts)
            </CardTitle>
        </CardHeader>
        <CardContent>

/Users/alessandrojcm/repos/dhc-dashboard/src/routes/dashboard/inventory/items/+page.svelte:150:10
Error: Cannot find name 'CardContent'. (ts)
        </CardHeader>
        <CardContent>
            <div class="grid gap-4 md:grid-cols-2 lg:grid-cols-5">

/Users/alessandrojcm/repos/dhc-dashboard/src/routes/dashboard/inventory/items/+page.svelte:153:22
Error: Cannot find name 'Label'. (ts)
                <div class="space-y-2">
                    <Label class="text-sm font-medium">Search</Label>
                    <div class="relative">

/Users/alessandrojcm/repos/dhc-dashboard/src/routes/dashboard/inventory/items/+page.svelte:153:64
Error: Cannot find name 'Label'. (ts)
                <div class="space-y-2">
                    <Label class="text-sm font-medium">Search</Label>
                    <div class="relative">

/Users/alessandrojcm/repos/dhc-dashboard/src/routes/dashboard/inventory/items/+page.svelte:155:26
Error: Cannot find name 'Search'. (ts)
                    <div class="relative">
                        <Search
                                class="absolute left-3 top-1/2 transform -translate-y-1/2 h-4 w-4 text-muted-foreground"

/Users/alessandrojcm/repos/dhc-dashboard/src/routes/dashboard/inventory/items/+page.svelte:158:26
Error: Cannot find name 'Input'. (ts)
                        />
                        <Input
                                bind:value={searchInput}

/Users/alessandrojcm/repos/dhc-dashboard/src/routes/dashboard/inventory/items/+page.svelte:162:87
Error: Cannot find name 'applyFilters'. (ts)
                                class="pl-10"
                                onkeydown={(e: KeyboardEvent) => e.key === 'Enter' && applyFilters()}
                        />

/Users/alessandrojcm/repos/dhc-dashboard/src/routes/dashboard/inventory/items/+page.svelte:168:22
Error: Cannot find name 'Label'. (ts)
                <div class="space-y-2">
                    <Label class="text-sm font-medium">Category</Label>
                    <Select type="single" bind:value={categoryInput}>

/Users/alessandrojcm/repos/dhc-dashboard/src/routes/dashboard/inventory/items/+page.svelte:168:66
Error: Cannot find name 'Label'. (ts)
                <div class="space-y-2">
                    <Label class="text-sm font-medium">Category</Label>
                    <Select type="single" bind:value={categoryInput}>

/Users/alessandrojcm/repos/dhc-dashboard/src/routes/dashboard/inventory/items/+page.svelte:169:22
Error: Cannot find name 'Select'. (ts)
                    <Label class="text-sm font-medium">Category</Label>
                    <Select type="single" bind:value={categoryInput}>
                        <SelectTrigger>

/Users/alessandrojcm/repos/dhc-dashboard/src/routes/dashboard/inventory/items/+page.svelte:170:26
Error: Cannot find name 'SelectTrigger'. (ts)
                    <Select type="single" bind:value={categoryInput}>
                        <SelectTrigger>
                            {categoryInput

/Users/alessandrojcm/repos/dhc-dashboard/src/routes/dashboard/inventory/items/+page.svelte:174:27
Error: Cannot find name 'SelectTrigger'. (ts)
                                : 'All categories'}
                        </SelectTrigger>
                        <SelectContent>

/Users/alessandrojcm/repos/dhc-dashboard/src/routes/dashboard/inventory/items/+page.svelte:175:26
Error: Cannot find name 'SelectContent'. (ts)
                        </SelectTrigger>
                        <SelectContent>
                            <SelectItem value="">All categories</SelectItem>

/Users/alessandrojcm/repos/dhc-dashboard/src/routes/dashboard/inventory/items/+page.svelte:176:30
Error: Cannot find name 'SelectItem'. (ts)
                        <SelectContent>
                            <SelectItem value="">All categories</SelectItem>
                            {#each data.categories as category}

/Users/alessandrojcm/repos/dhc-dashboard/src/routes/dashboard/inventory/items/+page.svelte:176:66
Error: Cannot find name 'SelectItem'. (ts)
                        <SelectContent>
                            <SelectItem value="">All categories</SelectItem>
                            {#each data.categories as category}

/Users/alessandrojcm/repos/dhc-dashboard/src/routes/dashboard/inventory/items/+page.svelte:178:34
Error: Cannot find name 'SelectItem'. (ts)
                            {#each data.categories as category}
                                <SelectItem value={category.id}>{category.name}</SelectItem>
                            {/each}

/Users/alessandrojcm/repos/dhc-dashboard/src/routes/dashboard/inventory/items/+page.svelte:178:82
Error: Cannot find name 'SelectItem'. (ts)
                            {#each data.categories as category}
                                <SelectItem value={category.id}>{category.name}</SelectItem>
                            {/each}

/Users/alessandrojcm/repos/dhc-dashboard/src/routes/dashboard/inventory/items/+page.svelte:180:27
Error: Cannot find name 'SelectContent'. (ts)
                            {/each}
                        </SelectContent>
                    </Select>

/Users/alessandrojcm/repos/dhc-dashboard/src/routes/dashboard/inventory/items/+page.svelte:181:23
Error: Cannot find name 'Select'. (ts)
                        </SelectContent>
                    </Select>
                </div>

/Users/alessandrojcm/repos/dhc-dashboard/src/routes/dashboard/inventory/items/+page.svelte:185:22
Error: Cannot find name 'Label'. (ts)
                <div class="space-y-2">
                    <Label class="text-sm font-medium">Container</Label>
                    <Select type="single" bind:value={containerInput}>

/Users/alessandrojcm/repos/dhc-dashboard/src/routes/dashboard/inventory/items/+page.svelte:185:67
Error: Cannot find name 'Label'. (ts)
                <div class="space-y-2">
                    <Label class="text-sm font-medium">Container</Label>
                    <Select type="single" bind:value={containerInput}>

/Users/alessandrojcm/repos/dhc-dashboard/src/routes/dashboard/inventory/items/+page.svelte:186:22
Error: Cannot find name 'Select'. (ts)
                    <Label class="text-sm font-medium">Container</Label>
                    <Select type="single" bind:value={containerInput}>
                        <SelectTrigger>

/Users/alessandrojcm/repos/dhc-dashboard/src/routes/dashboard/inventory/items/+page.svelte:187:26
Error: Cannot find name 'SelectTrigger'. (ts)
                    <Select type="single" bind:value={containerInput}>
                        <SelectTrigger>
                            {containerInput

/Users/alessandrojcm/repos/dhc-dashboard/src/routes/dashboard/inventory/items/+page.svelte:191:27
Error: Cannot find name 'SelectTrigger'. (ts)
                                : 'All containers'}
                        </SelectTrigger>
                        <SelectContent>

/Users/alessandrojcm/repos/dhc-dashboard/src/routes/dashboard/inventory/items/+page.svelte:192:26
Error: Cannot find name 'SelectContent'. (ts)
                        </SelectTrigger>
                        <SelectContent>
                            <SelectItem value="">All containers</SelectItem>

/Users/alessandrojcm/repos/dhc-dashboard/src/routes/dashboard/inventory/items/+page.svelte:193:30
Error: Cannot find name 'SelectItem'. (ts)
                        <SelectContent>
                            <SelectItem value="">All containers</SelectItem>
                            {#each data.containers as container}

/Users/alessandrojcm/repos/dhc-dashboard/src/routes/dashboard/inventory/items/+page.svelte:193:66
Error: Cannot find name 'SelectItem'. (ts)
                        <SelectContent>
                            <SelectItem value="">All containers</SelectItem>
                            {#each data.containers as container}

/Users/alessandrojcm/repos/dhc-dashboard/src/routes/dashboard/inventory/items/+page.svelte:195:34
Error: Cannot find name 'SelectItem'. (ts)
                            {#each data.containers as container}
                                <SelectItem value={container.id}>{container.name}</SelectItem>
                            {/each}

/Users/alessandrojcm/repos/dhc-dashboard/src/routes/dashboard/inventory/items/+page.svelte:195:84
Error: Cannot find name 'SelectItem'. (ts)
                            {#each data.containers as container}
                                <SelectItem value={container.id}>{container.name}</SelectItem>
                            {/each}

/Users/alessandrojcm/repos/dhc-dashboard/src/routes/dashboard/inventory/items/+page.svelte:197:27
Error: Cannot find name 'SelectContent'. (ts)
                            {/each}
                        </SelectContent>
                    </Select>

/Users/alessandrojcm/repos/dhc-dashboard/src/routes/dashboard/inventory/items/+page.svelte:198:23
Error: Cannot find name 'Select'. (ts)
                        </SelectContent>
                    </Select>
                </div>

/Users/alessandrojcm/repos/dhc-dashboard/src/routes/dashboard/inventory/items/+page.svelte:202:22
Error: Cannot find name 'Label'. (ts)
                <div class="space-y-2">
                    <Label class="text-sm font-medium">Maintenance</Label>
                    <Select type="single" bind:value={maintenanceInput}>

/Users/alessandrojcm/repos/dhc-dashboard/src/routes/dashboard/inventory/items/+page.svelte:202:69
Error: Cannot find name 'Label'. (ts)
                <div class="space-y-2">
                    <Label class="text-sm font-medium">Maintenance</Label>
                    <Select type="single" bind:value={maintenanceInput}>

/Users/alessandrojcm/repos/dhc-dashboard/src/routes/dashboard/inventory/items/+page.svelte:203:22
Error: Cannot find name 'Select'. (ts)
                    <Label class="text-sm font-medium">Maintenance</Label>
                    <Select type="single" bind:value={maintenanceInput}>
                        <SelectTrigger>

/Users/alessandrojcm/repos/dhc-dashboard/src/routes/dashboard/inventory/items/+page.svelte:204:26
Error: Cannot find name 'SelectTrigger'. (ts)
                    <Select type="single" bind:value={maintenanceInput}>
                        <SelectTrigger>
                            {maintenanceInput === 'true'

/Users/alessandrojcm/repos/dhc-dashboard/src/routes/dashboard/inventory/items/+page.svelte:210:27
Error: Cannot find name 'SelectTrigger'. (ts)
                                    : 'All items'}
                        </SelectTrigger>
                        <SelectContent>

/Users/alessandrojcm/repos/dhc-dashboard/src/routes/dashboard/inventory/items/+page.svelte:211:26
Error: Cannot find name 'SelectContent'. (ts)
                        </SelectTrigger>
                        <SelectContent>
                            <SelectItem value="">All items</SelectItem>

/Users/alessandrojcm/repos/dhc-dashboard/src/routes/dashboard/inventory/items/+page.svelte:212:30
Error: Cannot find name 'SelectItem'. (ts)
                        <SelectContent>
                            <SelectItem value="">All items</SelectItem>
                            <SelectItem value="false">Available items</SelectItem>

/Users/alessandrojcm/repos/dhc-dashboard/src/routes/dashboard/inventory/items/+page.svelte:212:61
Error: Cannot find name 'SelectItem'. (ts)
                        <SelectContent>
                            <SelectItem value="">All items</SelectItem>
                            <SelectItem value="false">Available items</SelectItem>

/Users/alessandrojcm/repos/dhc-dashboard/src/routes/dashboard/inventory/items/+page.svelte:213:30
Error: Cannot find name 'SelectItem'. (ts)
                            <SelectItem value="">All items</SelectItem>
                            <SelectItem value="false">Available items</SelectItem>
                            <SelectItem value="true">Out for maintenance</SelectItem>

/Users/alessandrojcm/repos/dhc-dashboard/src/routes/dashboard/inventory/items/+page.svelte:213:72
Error: Cannot find name 'SelectItem'. (ts)
                            <SelectItem value="">All items</SelectItem>
                            <SelectItem value="false">Available items</SelectItem>
                            <SelectItem value="true">Out for maintenance</SelectItem>

/Users/alessandrojcm/repos/dhc-dashboard/src/routes/dashboard/inventory/items/+page.svelte:214:30
Error: Cannot find name 'SelectItem'. (ts)
                            <SelectItem value="false">Available items</SelectItem>
                            <SelectItem value="true">Out for maintenance</SelectItem>
                        </SelectContent>

/Users/alessandrojcm/repos/dhc-dashboard/src/routes/dashboard/inventory/items/+page.svelte:214:75
Error: Cannot find name 'SelectItem'. (ts)
                            <SelectItem value="false">Available items</SelectItem>
                            <SelectItem value="true">Out for maintenance</SelectItem>
                        </SelectContent>

/Users/alessandrojcm/repos/dhc-dashboard/src/routes/dashboard/inventory/items/+page.svelte:215:27
Error: Cannot find name 'SelectContent'. (ts)
                            <SelectItem value="true">Out for maintenance</SelectItem>
                        </SelectContent>
                    </Select>

/Users/alessandrojcm/repos/dhc-dashboard/src/routes/dashboard/inventory/items/+page.svelte:216:23
Error: Cannot find name 'Select'. (ts)
                        </SelectContent>
                    </Select>
                </div>

/Users/alessandrojcm/repos/dhc-dashboard/src/routes/dashboard/inventory/items/+page.svelte:220:22
Error: Cannot find name 'Label'. (ts)
                <div class="space-y-2">
                    <Label class="text-sm font-medium invisible">Actions</Label>
                    <div class="flex gap-2">

/Users/alessandrojcm/repos/dhc-dashboard/src/routes/dashboard/inventory/items/+page.svelte:220:75
Error: Cannot find name 'Label'. (ts)
                <div class="space-y-2">
                    <Label class="text-sm font-medium invisible">Actions</Label>
                    <div class="flex gap-2">

/Users/alessandrojcm/repos/dhc-dashboard/src/routes/dashboard/inventory/items/+page.svelte:222:26
Error: Cannot find name 'Button'. (ts)
                    <div class="flex gap-2">
                        <Button onclick={applyFilters} size="sm">Apply</Button>
                        {#if hasActiveFilters}

/Users/alessandrojcm/repos/dhc-dashboard/src/routes/dashboard/inventory/items/+page.svelte:222:42
Error: Cannot find name 'applyFilters'. (ts)
                    <div class="flex gap-2">
                        <Button onclick={applyFilters} size="sm">Apply</Button>
                        {#if hasActiveFilters}

/Users/alessandrojcm/repos/dhc-dashboard/src/routes/dashboard/inventory/items/+page.svelte:222:73
Error: Cannot find name 'Button'. (ts)
                    <div class="flex gap-2">
                        <Button onclick={applyFilters} size="sm">Apply</Button>
                        {#if hasActiveFilters}

/Users/alessandrojcm/repos/dhc-dashboard/src/routes/dashboard/inventory/items/+page.svelte:223:30
Error: Cannot find name 'hasActiveFilters'. (ts)
                        <Button onclick={applyFilters} size="sm">Apply</Button>
                        {#if hasActiveFilters}
                            <Button onclick={clearFilters} variant="outline" size="sm">Clear</Button>

/Users/alessandrojcm/repos/dhc-dashboard/src/routes/dashboard/inventory/items/+page.svelte:224:30
Error: Cannot find name 'Button'. (ts)
                        {#if hasActiveFilters}
                            <Button onclick={clearFilters} variant="outline" size="sm">Clear</Button>
                        {/if}

/Users/alessandrojcm/repos/dhc-dashboard/src/routes/dashboard/inventory/items/+page.svelte:224:46
Error: Cannot find name 'clearFilters'. (ts)
                        {#if hasActiveFilters}
                            <Button onclick={clearFilters} variant="outline" size="sm">Clear</Button>
                        {/if}

/Users/alessandrojcm/repos/dhc-dashboard/src/routes/dashboard/inventory/items/+page.svelte:224:95
Error: Cannot find name 'Button'. (ts)
                        {#if hasActiveFilters}
                            <Button onclick={clearFilters} variant="outline" size="sm">Clear</Button>
                        {/if}

/Users/alessandrojcm/repos/dhc-dashboard/src/routes/dashboard/inventory/items/+page.svelte:229:11
Error: Cannot find name 'CardContent'. (ts)
            </div>
        </CardContent>
    </Card>

/Users/alessandrojcm/repos/dhc-dashboard/src/routes/dashboard/inventory/items/+page.svelte:230:7
Error: Cannot find name 'Card'. (ts)
        </CardContent>
    </Card>

/Users/alessandrojcm/repos/dhc-dashboard/src/routes/dashboard/inventory/items/+page.svelte:233:10
Error: Cannot find name 'itemsQuery'. (ts)
    <!-- Results -->
    {#if itemsQuery.isPending}
        <Card>

/Users/alessandrojcm/repos/dhc-dashboard/src/routes/dashboard/inventory/items/+page.svelte:234:10
Error: Cannot find name 'Card'. (ts)
    {#if itemsQuery.isPending}
        <Card>
            <CardContent class="flex flex-col items-center justify-center py-12">

/Users/alessandrojcm/repos/dhc-dashboard/src/routes/dashboard/inventory/items/+page.svelte:235:14
Error: Cannot find name 'CardContent'. (ts)
        <Card>
            <CardContent class="flex flex-col items-center justify-center py-12">
                <LoaderCircle/>

/Users/alessandrojcm/repos/dhc-dashboard/src/routes/dashboard/inventory/items/+page.svelte:236:18
Error: Cannot find name 'LoaderCircle'. (ts)
            <CardContent class="flex flex-col items-center justify-center py-12">
                <LoaderCircle/>
                <p class="text-muted-foreground mt-4">Loading items...</p>

/Users/alessandrojcm/repos/dhc-dashboard/src/routes/dashboard/inventory/items/+page.svelte:238:15
Error: Cannot find name 'CardContent'. (ts)
                <p class="text-muted-foreground mt-4">Loading items...</p>
            </CardContent>
        </Card>

/Users/alessandrojcm/repos/dhc-dashboard/src/routes/dashboard/inventory/items/+page.svelte:239:11
Error: Cannot find name 'Card'. (ts)
            </CardContent>
        </Card>
    {:else if itemsQuery.isError}

/Users/alessandrojcm/repos/dhc-dashboard/src/routes/dashboard/inventory/items/+page.svelte:240:15
Error: Cannot find name 'itemsQuery'. (ts)
        </Card>
    {:else if itemsQuery.isError}
        <Card>

/Users/alessandrojcm/repos/dhc-dashboard/src/routes/dashboard/inventory/items/+page.svelte:241:10
Error: Cannot find name 'Card'. (ts)
    {:else if itemsQuery.isError}
        <Card>
            <CardContent class="flex flex-col items-center justify-center py-12">

/Users/alessandrojcm/repos/dhc-dashboard/src/routes/dashboard/inventory/items/+page.svelte:242:14
Error: Cannot find name 'CardContent'. (ts)
        <Card>
            <CardContent class="flex flex-col items-center justify-center py-12">
                <AlertTriangle class="h-12 w-12 text-destructive mb-4"/>

/Users/alessandrojcm/repos/dhc-dashboard/src/routes/dashboard/inventory/items/+page.svelte:243:18
Error: Cannot find name 'AlertTriangle'. (ts)
            <CardContent class="flex flex-col items-center justify-center py-12">
                <AlertTriangle class="h-12 w-12 text-destructive mb-4"/>
                <h3 class="text-lg font-semibold mb-2">Error loading items</h3>

/Users/alessandrojcm/repos/dhc-dashboard/src/routes/dashboard/inventory/items/+page.svelte:245:56
Error: Cannot find name 'itemsQuery'. (ts)
                <h3 class="text-lg font-semibold mb-2">Error loading items</h3>
                <p class="text-muted-foreground mb-4">{itemsQuery.error.message}</p>
                <Button onclick={() => itemsQuery.refetch()} variant="outline">Retry</Button>

/Users/alessandrojcm/repos/dhc-dashboard/src/routes/dashboard/inventory/items/+page.svelte:246:18
Error: Cannot find name 'Button'. (ts)
                <p class="text-muted-foreground mb-4">{itemsQuery.error.message}</p>
                <Button onclick={() => itemsQuery.refetch()} variant="outline">Retry</Button>
            </CardContent>

/Users/alessandrojcm/repos/dhc-dashboard/src/routes/dashboard/inventory/items/+page.svelte:246:40
Error: Cannot find name 'itemsQuery'. (ts)
                <p class="text-muted-foreground mb-4">{itemsQuery.error.message}</p>
                <Button onclick={() => itemsQuery.refetch()} variant="outline">Retry</Button>
            </CardContent>

/Users/alessandrojcm/repos/dhc-dashboard/src/routes/dashboard/inventory/items/+page.svelte:246:87
Error: Cannot find name 'Button'. (ts)
                <p class="text-muted-foreground mb-4">{itemsQuery.error.message}</p>
                <Button onclick={() => itemsQuery.refetch()} variant="outline">Retry</Button>
            </CardContent>

/Users/alessandrojcm/repos/dhc-dashboard/src/routes/dashboard/inventory/items/+page.svelte:247:15
Error: Cannot find name 'CardContent'. (ts)
                <Button onclick={() => itemsQuery.refetch()} variant="outline">Retry</Button>
            </CardContent>
        </Card>

/Users/alessandrojcm/repos/dhc-dashboard/src/routes/dashboard/inventory/items/+page.svelte:248:11
Error: Cannot find name 'Card'. (ts)
            </CardContent>
        </Card>
    {:else if itemsQuery.data.items.length === 0}

/Users/alessandrojcm/repos/dhc-dashboard/src/routes/dashboard/inventory/items/+page.svelte:249:15
Error: Cannot find name 'itemsQuery'. (ts)
        </Card>
    {:else if itemsQuery.data.items.length === 0}
        <Card>

/Users/alessandrojcm/repos/dhc-dashboard/src/routes/dashboard/inventory/items/+page.svelte:250:10
Error: Cannot find name 'Card'. (ts)
    {:else if itemsQuery.data.items.length === 0}
        <Card>
            <CardContent class="flex flex-col items-center justify-center py-12">

/Users/alessandrojcm/repos/dhc-dashboard/src/routes/dashboard/inventory/items/+page.svelte:251:14
Error: Cannot find name 'CardContent'. (ts)
        <Card>
            <CardContent class="flex flex-col items-center justify-center py-12">
                <Package class="h-12 w-12 text-muted-foreground mb-4"/>

/Users/alessandrojcm/repos/dhc-dashboard/src/routes/dashboard/inventory/items/+page.svelte:252:18
Error: Cannot find name 'Package'. (ts)
            <CardContent class="flex flex-col items-center justify-center py-12">
                <Package class="h-12 w-12 text-muted-foreground mb-4"/>
                <h3 class="text-lg font-semibold mb-2">

/Users/alessandrojcm/repos/dhc-dashboard/src/routes/dashboard/inventory/items/+page.svelte:254:22
Error: Cannot find name 'hasActiveFilters'. (ts)
                <h3 class="text-lg font-semibold mb-2">
                    {hasActiveFilters ? 'No items match your filters' : 'No items yet'}
                </h3>

/Users/alessandrojcm/repos/dhc-dashboard/src/routes/dashboard/inventory/items/+page.svelte:257:22
Error: Cannot find name 'hasActiveFilters'. (ts)
                <p class="text-muted-foreground mb-4">
                    {hasActiveFilters
                        ? 'Try adjusting your search criteria'

/Users/alessandrojcm/repos/dhc-dashboard/src/routes/dashboard/inventory/items/+page.svelte:261:22
Error: Cannot find name 'hasActiveFilters'. (ts)
                </p>
                {#if hasActiveFilters}
                    <Button onclick={clearFilters} variant="outline">Clear Filters</Button>

/Users/alessandrojcm/repos/dhc-dashboard/src/routes/dashboard/inventory/items/+page.svelte:262:22
Error: Cannot find name 'Button'. (ts)
                {#if hasActiveFilters}
                    <Button onclick={clearFilters} variant="outline">Clear Filters</Button>
                {:else}

/Users/alessandrojcm/repos/dhc-dashboard/src/routes/dashboard/inventory/items/+page.svelte:262:38
Error: Cannot find name 'clearFilters'. (ts)
                {#if hasActiveFilters}
                    <Button onclick={clearFilters} variant="outline">Clear Filters</Button>
                {:else}

/Users/alessandrojcm/repos/dhc-dashboard/src/routes/dashboard/inventory/items/+page.svelte:262:85
Error: Cannot find name 'Button'. (ts)
                {#if hasActiveFilters}
                    <Button onclick={clearFilters} variant="outline">Clear Filters</Button>
                {:else}

/Users/alessandrojcm/repos/dhc-dashboard/src/routes/dashboard/inventory/items/+page.svelte:264:22
Error: Cannot find name 'Button'. (ts)
                {:else}
                    <Button href="/dashboard/inventory/items/create">
                        <Plus class="mr-2 h-4 w-4"/>

/Users/alessandrojcm/repos/dhc-dashboard/src/routes/dashboard/inventory/items/+page.svelte:265:26
Error: Cannot find name 'Plus'. (ts)
                    <Button href="/dashboard/inventory/items/create">
                        <Plus class="mr-2 h-4 w-4"/>
                        Add First Item

/Users/alessandrojcm/repos/dhc-dashboard/src/routes/dashboard/inventory/items/+page.svelte:267:23
Error: Cannot find name 'Button'. (ts)
                        Add First Item
                    </Button>
                {/if}

/Users/alessandrojcm/repos/dhc-dashboard/src/routes/dashboard/inventory/items/+page.svelte:269:15
Error: Cannot find name 'CardContent'. (ts)
                {/if}
            </CardContent>
        </Card>

/Users/alessandrojcm/repos/dhc-dashboard/src/routes/dashboard/inventory/items/+page.svelte:270:11
Error: Cannot find name 'Card'. (ts)
            </CardContent>
        </Card>
    {:else}

/Users/alessandrojcm/repos/dhc-dashboard/src/routes/dashboard/inventory/items/+page.svelte:272:10
Error: Cannot find name 'Card'. (ts)
    {:else}
        <Card>
            <CardHeader>

/Users/alessandrojcm/repos/dhc-dashboard/src/routes/dashboard/inventory/items/+page.svelte:273:14
Error: Cannot find name 'CardHeader'. (ts)
        <Card>
            <CardHeader>
                <CardTitle class="flex items-center gap-2">

/Users/alessandrojcm/repos/dhc-dashboard/src/routes/dashboard/inventory/items/+page.svelte:274:18
Error: Cannot find name 'CardTitle'. (ts)
            <CardHeader>
                <CardTitle class="flex items-center gap-2">
                    Items ({itemsQuery.data.total})

/Users/alessandrojcm/repos/dhc-dashboard/src/routes/dashboard/inventory/items/+page.svelte:275:29
Error: Cannot find name 'itemsQuery'. (ts)
                <CardTitle class="flex items-center gap-2">
                    Items ({itemsQuery.data.total})
                    {#if hasActiveFilters}

/Users/alessandrojcm/repos/dhc-dashboard/src/routes/dashboard/inventory/items/+page.svelte:276:26
Error: Cannot find name 'hasActiveFilters'. (ts)
                    Items ({itemsQuery.data.total})
                    {#if hasActiveFilters}
                        <Badge variant="secondary" class="ml-2">Filtered</Badge>

/Users/alessandrojcm/repos/dhc-dashboard/src/routes/dashboard/inventory/items/+page.svelte:277:26
Error: Cannot find name 'Badge'. (ts)
                    {#if hasActiveFilters}
                        <Badge variant="secondary" class="ml-2">Filtered</Badge>
                    {/if}

/Users/alessandrojcm/repos/dhc-dashboard/src/routes/dashboard/inventory/items/+page.svelte:277:75
Error: Cannot find name 'Badge'. (ts)
                    {#if hasActiveFilters}
                        <Badge variant="secondary" class="ml-2">Filtered</Badge>
                    {/if}

/Users/alessandrojcm/repos/dhc-dashboard/src/routes/dashboard/inventory/items/+page.svelte:279:26
Error: Cannot find name 'itemsQuery'. (ts)
                    {/if}
                    {#if itemsQuery.isFetching}
                        <LoaderCircle/>

/Users/alessandrojcm/repos/dhc-dashboard/src/routes/dashboard/inventory/items/+page.svelte:280:26
Error: Cannot find name 'LoaderCircle'. (ts)
                    {#if itemsQuery.isFetching}
                        <LoaderCircle/>
                    {/if}

/Users/alessandrojcm/repos/dhc-dashboard/src/routes/dashboard/inventory/items/+page.svelte:282:19
Error: Cannot find name 'CardTitle'. (ts)
                    {/if}
                </CardTitle>
            </CardHeader>

/Users/alessandrojcm/repos/dhc-dashboard/src/routes/dashboard/inventory/items/+page.svelte:283:15
Error: Cannot find name 'CardHeader'. (ts)
                </CardTitle>
            </CardHeader>
            <CardContent>

/Users/alessandrojcm/repos/dhc-dashboard/src/routes/dashboard/inventory/items/+page.svelte:284:14
Error: Cannot find name 'CardContent'. (ts)
            </CardHeader>
            <CardContent>
                <div class="space-y-3">

/Users/alessandrojcm/repos/dhc-dashboard/src/routes/dashboard/inventory/items/+page.svelte:286:28
Error: Cannot find name 'itemsQuery'. (ts)
                <div class="space-y-3">
                    {#each itemsQuery.data.items as item (item.id)}
                        <div

/Users/alessandrojcm/repos/dhc-dashboard/src/routes/dashboard/inventory/items/+page.svelte:292:38
Error: Cannot find name 'Package'. (ts)
                                <div class="flex h-10 w-10 items-center justify-center rounded-md bg-muted">
                                    <Package class="h-5 w-5"/>
                                </div>

/Users/alessandrojcm/repos/dhc-dashboard/src/routes/dashboard/inventory/items/+page.svelte:297:66
Error: Cannot find name 'getItemDisplayName'. (ts)
                                    <div class="flex items-center gap-2 mb-1">
                                        <h3 class="font-medium">{getItemDisplayName(item)}</h3>
                                        {#if item.out_for_maintenance}

/Users/alessandrojcm/repos/dhc-dashboard/src/routes/dashboard/inventory/items/+page.svelte:299:46
Error: Cannot find name 'Badge'. (ts)
                                        {#if item.out_for_maintenance}
                                            <Badge variant="destructive" class="text-xs flex items-center gap-1">
                                                <AlertTriangle class="h-3 w-3"/>

/Users/alessandrojcm/repos/dhc-dashboard/src/routes/dashboard/inventory/items/+page.svelte:300:50
Error: Cannot find name 'AlertTriangle'. (ts)
                                            <Badge variant="destructive" class="text-xs flex items-center gap-1">
                                                <AlertTriangle class="h-3 w-3"/>
                                                Maintenance

/Users/alessandrojcm/repos/dhc-dashboard/src/routes/dashboard/inventory/items/+page.svelte:302:47
Error: Cannot find name 'Badge'. (ts)
                                                Maintenance
                                            </Badge>
                                        {/if}

/Users/alessandrojcm/repos/dhc-dashboard/src/routes/dashboard/inventory/items/+page.svelte:308:46
Error: Cannot find name 'Tags'. (ts)
                                        <div class="flex items-center gap-1">
                                            <Tags class="h-3 w-3"/>
                                            {item.category?.name || 'Uncategorized'}

/Users/alessandrojcm/repos/dhc-dashboard/src/routes/dashboard/inventory/items/+page.svelte:312:46
Error: Cannot find name 'FolderOpen'. (ts)
                                        <div class="flex items-center gap-1">
                                            <FolderOpen class="h-3 w-3"/>
                                            {item.container?.name || 'No container'}

/Users/alessandrojcm/repos/dhc-dashboard/src/routes/dashboard/inventory/items/+page.svelte:315:42
Error: Cannot find name 'Badge'. (ts)
                                        </div>
                                        <Badge variant="outline" class="text-xs">
                                            Qty: {item.quantity}

/Users/alessandrojcm/repos/dhc-dashboard/src/routes/dashboard/inventory/items/+page.svelte:317:43
Error: Cannot find name 'Badge'. (ts)
                                            Qty: {item.quantity}
                                        </Badge>
                                    </div>

/Users/alessandrojcm/repos/dhc-dashboard/src/routes/dashboard/inventory/items/+page.svelte:323:34
Error: Cannot find name 'Button'. (ts)
                            <div class="flex items-center gap-2">
                                <Button href="/dashboard/inventory/items/{item.id}" variant="ghost" size="sm">
                                    View

/Users/alessandrojcm/repos/dhc-dashboard/src/routes/dashboard/inventory/items/+page.svelte:325:35
Error: Cannot find name 'Button'. (ts)
                                    View
                                </Button>
                            </div>

/Users/alessandrojcm/repos/dhc-dashboard/src/routes/dashboard/inventory/items/+page.svelte:332:22
Error: Cannot find name 'itemsQuery'. (ts)
                <!-- Pagination -->
                {#if itemsQuery.data.totalPages > 1}
                    <div class="flex items-center justify-between mt-6">

/Users/alessandrojcm/repos/dhc-dashboard/src/routes/dashboard/inventory/items/+page.svelte:336:67
Error: Cannot find name 'itemsQuery'. (ts)
                            Showing {(currentPage - 1) * PAGE_SIZE + 1}
                            to {Math.min(currentPage * PAGE_SIZE, itemsQuery.data.total)}
                            of {itemsQuery.data.total} items

/Users/alessandrojcm/repos/dhc-dashboard/src/routes/dashboard/inventory/items/+page.svelte:337:33
Error: Cannot find name 'itemsQuery'. (ts)
                            to {Math.min(currentPage * PAGE_SIZE, itemsQuery.data.total)}
                            of {itemsQuery.data.total} items
                        </p>

/Users/alessandrojcm/repos/dhc-dashboard/src/routes/dashboard/inventory/items/+page.svelte:342:34
Error: Cannot find name 'Button'. (ts)
                            {#if currentPage > 1}
                                <Button onclick={() => goToPage(currentPage - 1)} variant="outline" size="sm">
                                    Previous

/Users/alessandrojcm/repos/dhc-dashboard/src/routes/dashboard/inventory/items/+page.svelte:342:56
Error: Cannot find name 'goToPage'. (ts)
                            {#if currentPage > 1}
                                <Button onclick={() => goToPage(currentPage - 1)} variant="outline" size="sm">
                                    Previous

/Users/alessandrojcm/repos/dhc-dashboard/src/routes/dashboard/inventory/items/+page.svelte:344:35
Error: Cannot find name 'Button'. (ts)
                                    Previous
                                </Button>
                            {/if}

/Users/alessandrojcm/repos/dhc-dashboard/src/routes/dashboard/inventory/items/+page.svelte:347:48
Error: Cannot find name 'itemsQuery'. (ts)

                            {#if currentPage < itemsQuery.data.totalPages}
                                <Button onclick={() => goToPage(currentPage + 1)} variant="outline" size="sm">

/Users/alessandrojcm/repos/dhc-dashboard/src/routes/dashboard/inventory/items/+page.svelte:348:34
Error: Cannot find name 'Button'. (ts)
                            {#if currentPage < itemsQuery.data.totalPages}
                                <Button onclick={() => goToPage(currentPage + 1)} variant="outline" size="sm">
                                    Next

/Users/alessandrojcm/repos/dhc-dashboard/src/routes/dashboard/inventory/items/+page.svelte:348:56
Error: Cannot find name 'goToPage'. (ts)
                            {#if currentPage < itemsQuery.data.totalPages}
                                <Button onclick={() => goToPage(currentPage + 1)} variant="outline" size="sm">
                                    Next

/Users/alessandrojcm/repos/dhc-dashboard/src/routes/dashboard/inventory/items/+page.svelte:350:35
Error: Cannot find name 'Button'. (ts)
                                    Next
                                </Button>
                            {/if}

/Users/alessandrojcm/repos/dhc-dashboard/src/routes/dashboard/inventory/items/+page.svelte:355:15
Error: Cannot find name 'CardContent'. (ts)
                {/if}
            </CardContent>
        </Card>

/Users/alessandrojcm/repos/dhc-dashboard/src/routes/dashboard/inventory/items/+page.svelte:356:11
Error: Cannot find name 'Card'. (ts)
            </CardContent>
        </Card>
    {/if}

/Users/alessandrojcm/repos/dhc-dashboard/src/routes/dashboard/inventory/items/[id]/+page.svelte:135:6
Error: Cannot find name 'Button'. (ts)
			<div class="flex items-center gap-2">
				<Button href="/dashboard/inventory/items" variant="ghost" size="sm">
					<ArrowLeft class="h-4 w-4" />

/Users/alessandrojcm/repos/dhc-dashboard/src/routes/dashboard/inventory/items/[id]/+page.svelte:136:7
Error: Cannot find name 'ArrowLeft'. (ts)
				<Button href="/dashboard/inventory/items" variant="ghost" size="sm">
					<ArrowLeft class="h-4 w-4" />
				</Button>

/Users/alessandrojcm/repos/dhc-dashboard/src/routes/dashboard/inventory/items/[id]/+page.svelte:137:7
Error: Cannot find name 'Button'. (ts)
					<ArrowLeft class="h-4 w-4" />
				</Button>
				<h1 class="text-3xl font-bold">{getItemDisplayName(displayItem)}</h1>

/Users/alessandrojcm/repos/dhc-dashboard/src/routes/dashboard/inventory/items/[id]/+page.svelte:138:37
Error: Cannot find name 'getItemDisplayName'. (ts)
				</Button>
				<h1 class="text-3xl font-bold">{getItemDisplayName(displayItem)}</h1>
				{#if displayItem.out_for_maintenance}

/Users/alessandrojcm/repos/dhc-dashboard/src/routes/dashboard/inventory/items/[id]/+page.svelte:140:7
Error: Cannot find name 'Badge'. (ts)
				{#if displayItem.out_for_maintenance}
					<Badge variant="destructive" class="flex items-center gap-1">Out for Maintenance</Badge>
				{/if}

/Users/alessandrojcm/repos/dhc-dashboard/src/routes/dashboard/inventory/items/[id]/+page.svelte:140:88
Error: Cannot find name 'Badge'. (ts)
				{#if displayItem.out_for_maintenance}
					<Badge variant="destructive" class="flex items-center gap-1">Out for Maintenance</Badge>
				{/if}

/Users/alessandrojcm/repos/dhc-dashboard/src/routes/dashboard/inventory/items/[id]/+page.svelte:143:21
Error: Cannot find name 'isEditMode'. (ts)
			</div>
			{#if canEdit && !isEditMode}
				<Button onclick={handleEdit}>

/Users/alessandrojcm/repos/dhc-dashboard/src/routes/dashboard/inventory/items/[id]/+page.svelte:144:6
Error: Cannot find name 'Button'. (ts)
			{#if canEdit && !isEditMode}
				<Button onclick={handleEdit}>
					<Edit class="mr-2 h-4 w-4" />

/Users/alessandrojcm/repos/dhc-dashboard/src/routes/dashboard/inventory/items/[id]/+page.svelte:144:22
Error: Cannot find name 'handleEdit'. (ts)
			{#if canEdit && !isEditMode}
				<Button onclick={handleEdit}>
					<Edit class="mr-2 h-4 w-4" />

/Users/alessandrojcm/repos/dhc-dashboard/src/routes/dashboard/inventory/items/[id]/+page.svelte:145:7
Error: Cannot find name 'Edit'. (ts)
				<Button onclick={handleEdit}>
					<Edit class="mr-2 h-4 w-4" />
					Edit Item

/Users/alessandrojcm/repos/dhc-dashboard/src/routes/dashboard/inventory/items/[id]/+page.svelte:147:7
Error: Cannot find name 'Button'. (ts)
					Edit Item
				</Button>
			{/if}

/Users/alessandrojcm/repos/dhc-dashboard/src/routes/dashboard/inventory/items/[id]/+page.svelte:159:6
Error: Cannot find name 'Card'. (ts)
			<div class="lg:col-span-2 space-y-6">
				<Card>
					<CardHeader>

/Users/alessandrojcm/repos/dhc-dashboard/src/routes/dashboard/inventory/items/[id]/+page.svelte:160:7
Error: Cannot find name 'CardHeader'. (ts)
				<Card>
					<CardHeader>
						<CardTitle class="flex items-center gap-2">

/Users/alessandrojcm/repos/dhc-dashboard/src/routes/dashboard/inventory/items/[id]/+page.svelte:161:8
Error: Cannot find name 'CardTitle'. (ts)
					<CardHeader>
						<CardTitle class="flex items-center gap-2">
							<Package class="h-5 w-5" />

/Users/alessandrojcm/repos/dhc-dashboard/src/routes/dashboard/inventory/items/[id]/+page.svelte:164:9
Error: Cannot find name 'CardTitle'. (ts)
							Item Information
						</CardTitle>
					</CardHeader>

/Users/alessandrojcm/repos/dhc-dashboard/src/routes/dashboard/inventory/items/[id]/+page.svelte:165:8
Error: Cannot find name 'CardHeader'. (ts)
						</CardTitle>
					</CardHeader>
					<CardContent class="space-y-4">

/Users/alessandrojcm/repos/dhc-dashboard/src/routes/dashboard/inventory/items/[id]/+page.svelte:166:7
Error: Cannot find name 'CardContent'. (ts)
					</CardHeader>
					<CardContent class="space-y-4">
						{#if isEditMode}

/Users/alessandrojcm/repos/dhc-dashboard/src/routes/dashboard/inventory/items/[id]/+page.svelte:167:12
Error: Cannot find name 'isEditMode'. (ts)
					<CardContent class="space-y-4">
						{#if isEditMode}
							<div class="grid gap-4 md:grid-cols-2">

/Users/alessandrojcm/repos/dhc-dashboard/src/routes/dashboard/inventory/items/[id]/+page.svelte:173:12
Error: Cannot find name 'Tags'. (ts)
									<div class="flex items-center gap-2 mt-1 p-3 bg-muted rounded-md">
										<Tags class="h-4 w-4 text-muted-foreground" />
										<span class="text-sm">{displayItem.category?.name || 'Uncategorized'}</span>

/Users/alessandrojcm/repos/dhc-dashboard/src/routes/dashboard/inventory/items/[id]/+page.svelte:181:10
Error: Cannot find name 'Form'. (ts)

								<Form.Field {form} name="container_id">
									<Form.Control>

/Users/alessandrojcm/repos/dhc-dashboard/src/routes/dashboard/inventory/items/[id]/+page.svelte:182:11
Error: Cannot find name 'Form'. (ts)
								<Form.Field {form} name="container_id">
									<Form.Control>
										{#snippet children({ props })}

/Users/alessandrojcm/repos/dhc-dashboard/src/routes/dashboard/inventory/items/[id]/+page.svelte:183:32
Error: Binding element 'props' implicitly has an 'any' type. (ts)
									<Form.Control>
										{#snippet children({ props })}
											<Form.Label>Container *</Form.Label>

/Users/alessandrojcm/repos/dhc-dashboard/src/routes/dashboard/inventory/items/[id]/+page.svelte:184:13
Error: Cannot find name 'Form'. (ts)
										{#snippet children({ props })}
											<Form.Label>Container *</Form.Label>
											<Select type="single" bind:value={$formData.container_id} name={props.name}>

/Users/alessandrojcm/repos/dhc-dashboard/src/routes/dashboard/inventory/items/[id]/+page.svelte:184:37
Error: Cannot find name 'Form'. (ts)
										{#snippet children({ props })}
											<Form.Label>Container *</Form.Label>
											<Select type="single" bind:value={$formData.container_id} name={props.name}>

/Users/alessandrojcm/repos/dhc-dashboard/src/routes/dashboard/inventory/items/[id]/+page.svelte:185:13
Error: Cannot find name 'Select'. (ts)
											<Form.Label>Container *</Form.Label>
											<Select type="single" bind:value={$formData.container_id} name={props.name}>
												<SelectTrigger {...props}>

/Users/alessandrojcm/repos/dhc-dashboard/src/routes/dashboard/inventory/items/[id]/+page.svelte:186:14
Error: Cannot find name 'SelectTrigger'. (ts)
											<Select type="single" bind:value={$formData.container_id} name={props.name}>
												<SelectTrigger {...props}>
													{selectedContainerName}

/Users/alessandrojcm/repos/dhc-dashboard/src/routes/dashboard/inventory/items/[id]/+page.svelte:187:15
Error: Cannot find name 'selectedContainerName'. (ts)
												<SelectTrigger {...props}>
													{selectedContainerName}
												</SelectTrigger>

/Users/alessandrojcm/repos/dhc-dashboard/src/routes/dashboard/inventory/items/[id]/+page.svelte:188:15
Error: Cannot find name 'SelectTrigger'. (ts)
													{selectedContainerName}
												</SelectTrigger>
												<SelectContent>

/Users/alessandrojcm/repos/dhc-dashboard/src/routes/dashboard/inventory/items/[id]/+page.svelte:189:14
Error: Cannot find name 'SelectContent'. (ts)
												</SelectTrigger>
												<SelectContent>
													{#each hierarchicalContainers as container}

/Users/alessandrojcm/repos/dhc-dashboard/src/routes/dashboard/inventory/items/[id]/+page.svelte:191:16
Error: Cannot find name 'SelectItem'. (ts)
													{#each hierarchicalContainers as container}
														<SelectItem value={container.id}>
															{container.displayName}

/Users/alessandrojcm/repos/dhc-dashboard/src/routes/dashboard/inventory/items/[id]/+page.svelte:193:17
Error: Cannot find name 'SelectItem'. (ts)
															{container.displayName}
														</SelectItem>
													{/each}

/Users/alessandrojcm/repos/dhc-dashboard/src/routes/dashboard/inventory/items/[id]/+page.svelte:195:15
Error: Cannot find name 'SelectContent'. (ts)
													{/each}
												</SelectContent>
											</Select>

/Users/alessandrojcm/repos/dhc-dashboard/src/routes/dashboard/inventory/items/[id]/+page.svelte:196:14
Error: Cannot find name 'Select'. (ts)
												</SelectContent>
											</Select>
										{/snippet}

/Users/alessandrojcm/repos/dhc-dashboard/src/routes/dashboard/inventory/items/[id]/+page.svelte:198:12
Error: Cannot find name 'Form'. (ts)
										{/snippet}
									</Form.Control>
									<Form.FieldErrors />

/Users/alessandrojcm/repos/dhc-dashboard/src/routes/dashboard/inventory/items/[id]/+page.svelte:199:11
Error: Cannot find name 'Form'. (ts)
									</Form.Control>
									<Form.FieldErrors />
								</Form.Field>

/Users/alessandrojcm/repos/dhc-dashboard/src/routes/dashboard/inventory/items/[id]/+page.svelte:200:11
Error: Cannot find name 'Form'. (ts)
									<Form.FieldErrors />
								</Form.Field>

/Users/alessandrojcm/repos/dhc-dashboard/src/routes/dashboard/inventory/items/[id]/+page.svelte:202:10
Error: Cannot find name 'Form'. (ts)

								<Form.Field {form} name="quantity">
									<Form.Control>

/Users/alessandrojcm/repos/dhc-dashboard/src/routes/dashboard/inventory/items/[id]/+page.svelte:203:11
Error: Cannot find name 'Form'. (ts)
								<Form.Field {form} name="quantity">
									<Form.Control>
										{#snippet children({ props })}

/Users/alessandrojcm/repos/dhc-dashboard/src/routes/dashboard/inventory/items/[id]/+page.svelte:204:32
Error: Binding element 'props' implicitly has an 'any' type. (ts)
									<Form.Control>
										{#snippet children({ props })}
											<Form.Label>Quantity *</Form.Label>

/Users/alessandrojcm/repos/dhc-dashboard/src/routes/dashboard/inventory/items/[id]/+page.svelte:205:13
Error: Cannot find name 'Form'. (ts)
										{#snippet children({ props })}
											<Form.Label>Quantity *</Form.Label>
											<Input {...props} type="number" min="1" bind:value={$formData.quantity} />

/Users/alessandrojcm/repos/dhc-dashboard/src/routes/dashboard/inventory/items/[id]/+page.svelte:205:36
Error: Cannot find name 'Form'. (ts)
										{#snippet children({ props })}
											<Form.Label>Quantity *</Form.Label>
											<Input {...props} type="number" min="1" bind:value={$formData.quantity} />

/Users/alessandrojcm/repos/dhc-dashboard/src/routes/dashboard/inventory/items/[id]/+page.svelte:206:13
Error: Cannot find name 'Input'. (ts)
											<Form.Label>Quantity *</Form.Label>
											<Input {...props} type="number" min="1" bind:value={$formData.quantity} />
										{/snippet}

/Users/alessandrojcm/repos/dhc-dashboard/src/routes/dashboard/inventory/items/[id]/+page.svelte:208:12
Error: Cannot find name 'Form'. (ts)
										{/snippet}
									</Form.Control>
									<Form.FieldErrors />

/Users/alessandrojcm/repos/dhc-dashboard/src/routes/dashboard/inventory/items/[id]/+page.svelte:209:11
Error: Cannot find name 'Form'. (ts)
									</Form.Control>
									<Form.FieldErrors />
								</Form.Field>

/Users/alessandrojcm/repos/dhc-dashboard/src/routes/dashboard/inventory/items/[id]/+page.svelte:210:11
Error: Cannot find name 'Form'. (ts)
									<Form.FieldErrors />
								</Form.Field>

/Users/alessandrojcm/repos/dhc-dashboard/src/routes/dashboard/inventory/items/[id]/+page.svelte:212:10
Error: Cannot find name 'Form'. (ts)

								<Form.Field {form} name="out_for_maintenance">
									<Form.Control>

/Users/alessandrojcm/repos/dhc-dashboard/src/routes/dashboard/inventory/items/[id]/+page.svelte:213:11
Error: Cannot find name 'Form'. (ts)
								<Form.Field {form} name="out_for_maintenance">
									<Form.Control>
										{#snippet children({ props })}

/Users/alessandrojcm/repos/dhc-dashboard/src/routes/dashboard/inventory/items/[id]/+page.svelte:214:32
Error: Binding element 'props' implicitly has an 'any' type. (ts)
									<Form.Control>
										{#snippet children({ props })}
											<div class="flex items-center space-x-2 pt-6">

/Users/alessandrojcm/repos/dhc-dashboard/src/routes/dashboard/inventory/items/[id]/+page.svelte:216:14
Error: Cannot find name 'Checkbox'. (ts)
											<div class="flex items-center space-x-2 pt-6">
												<Checkbox {...props} bind:checked={$formData.out_for_maintenance} />
												<Form.Label>Out for maintenance</Form.Label>

/Users/alessandrojcm/repos/dhc-dashboard/src/routes/dashboard/inventory/items/[id]/+page.svelte:217:14
Error: Cannot find name 'Form'. (ts)
												<Checkbox {...props} bind:checked={$formData.out_for_maintenance} />
												<Form.Label>Out for maintenance</Form.Label>
											</div>

/Users/alessandrojcm/repos/dhc-dashboard/src/routes/dashboard/inventory/items/[id]/+page.svelte:217:46
Error: Cannot find name 'Form'. (ts)
												<Checkbox {...props} bind:checked={$formData.out_for_maintenance} />
												<Form.Label>Out for maintenance</Form.Label>
											</div>

/Users/alessandrojcm/repos/dhc-dashboard/src/routes/dashboard/inventory/items/[id]/+page.svelte:220:12
Error: Cannot find name 'Form'. (ts)
										{/snippet}
									</Form.Control>
									<Form.FieldErrors />

/Users/alessandrojcm/repos/dhc-dashboard/src/routes/dashboard/inventory/items/[id]/+page.svelte:221:11
Error: Cannot find name 'Form'. (ts)
									</Form.Control>
									<Form.FieldErrors />
								</Form.Field>

/Users/alessandrojcm/repos/dhc-dashboard/src/routes/dashboard/inventory/items/[id]/+page.svelte:222:11
Error: Cannot find name 'Form'. (ts)
									<Form.FieldErrors />
								</Form.Field>
							</div>

/Users/alessandrojcm/repos/dhc-dashboard/src/routes/dashboard/inventory/items/[id]/+page.svelte:225:9
Error: Cannot find name 'Form'. (ts)

							<Form.Field {form} name="notes">
								<Form.Control>

/Users/alessandrojcm/repos/dhc-dashboard/src/routes/dashboard/inventory/items/[id]/+page.svelte:226:10
Error: Cannot find name 'Form'. (ts)
							<Form.Field {form} name="notes">
								<Form.Control>
									{#snippet children({ props })}

/Users/alessandrojcm/repos/dhc-dashboard/src/routes/dashboard/inventory/items/[id]/+page.svelte:227:31
Error: Binding element 'props' implicitly has an 'any' type. (ts)
								<Form.Control>
									{#snippet children({ props })}
										<Form.Label>Notes</Form.Label>

/Users/alessandrojcm/repos/dhc-dashboard/src/routes/dashboard/inventory/items/[id]/+page.svelte:228:12
Error: Cannot find name 'Form'. (ts)
									{#snippet children({ props })}
										<Form.Label>Notes</Form.Label>
										<Textarea

/Users/alessandrojcm/repos/dhc-dashboard/src/routes/dashboard/inventory/items/[id]/+page.svelte:228:30
Error: Cannot find name 'Form'. (ts)
									{#snippet children({ props })}
										<Form.Label>Notes</Form.Label>
										<Textarea

/Users/alessandrojcm/repos/dhc-dashboard/src/routes/dashboard/inventory/items/[id]/+page.svelte:229:12
Error: Cannot find name 'Textarea'. (ts)
										<Form.Label>Notes</Form.Label>
										<Textarea
											{...props}

/Users/alessandrojcm/repos/dhc-dashboard/src/routes/dashboard/inventory/items/[id]/+page.svelte:236:11
Error: Cannot find name 'Form'. (ts)
									{/snippet}
								</Form.Control>
								<Form.FieldErrors />

/Users/alessandrojcm/repos/dhc-dashboard/src/routes/dashboard/inventory/items/[id]/+page.svelte:237:10
Error: Cannot find name 'Form'. (ts)
								</Form.Control>
								<Form.FieldErrors />
							</Form.Field>

/Users/alessandrojcm/repos/dhc-dashboard/src/routes/dashboard/inventory/items/[id]/+page.svelte:238:10
Error: Cannot find name 'Form'. (ts)
								<Form.FieldErrors />
							</Form.Field>
						{:else}

/Users/alessandrojcm/repos/dhc-dashboard/src/routes/dashboard/inventory/items/[id]/+page.svelte:244:12
Error: Cannot find name 'Tags'. (ts)
									<div class="flex items-center gap-2 mt-1">
										<Tags class="h-4 w-4 text-muted-foreground" />
										<span class="text-sm">{displayItem.category?.name || 'Uncategorized'}</span>

/Users/alessandrojcm/repos/dhc-dashboard/src/routes/dashboard/inventory/items/[id]/+page.svelte:252:12
Error: Cannot find name 'FolderOpen'. (ts)
									<div class="flex items-center gap-2 mt-1">
										<FolderOpen class="h-4 w-4 text-muted-foreground" />
										<Button

/Users/alessandrojcm/repos/dhc-dashboard/src/routes/dashboard/inventory/items/[id]/+page.svelte:253:12
Error: Cannot find name 'Button'. (ts)
										<FolderOpen class="h-4 w-4 text-muted-foreground" />
										<Button
											href="/dashboard/inventory/containers/{displayItem.container.id}"

/Users/alessandrojcm/repos/dhc-dashboard/src/routes/dashboard/inventory/items/[id]/+page.svelte:259:13
Error: Cannot find name 'Button'. (ts)
											{displayItem.container.name}
										</Button>
									</div>

/Users/alessandrojcm/repos/dhc-dashboard/src/routes/dashboard/inventory/items/[id]/+page.svelte:272:13
Error: Cannot find name 'Badge'. (ts)
										{#if displayItem.out_for_maintenance}
											<Badge variant="destructive" class="text-xs">Out for Maintenance</Badge>
										{:else}

/Users/alessandrojcm/repos/dhc-dashboard/src/routes/dashboard/inventory/items/[id]/+page.svelte:272:78
Error: Cannot find name 'Badge'. (ts)
										{#if displayItem.out_for_maintenance}
											<Badge variant="destructive" class="text-xs">Out for Maintenance</Badge>
										{:else}

/Users/alessandrojcm/repos/dhc-dashboard/src/routes/dashboard/inventory/items/[id]/+page.svelte:274:13
Error: Cannot find name 'Badge'. (ts)
										{:else}
											<Badge variant="secondary" class="text-xs">Available</Badge>
										{/if}

/Users/alessandrojcm/repos/dhc-dashboard/src/routes/dashboard/inventory/items/[id]/+page.svelte:274:66
Error: Cannot find name 'Badge'. (ts)
										{:else}
											<Badge variant="secondary" class="text-xs">Available</Badge>
										{/if}

/Users/alessandrojcm/repos/dhc-dashboard/src/routes/dashboard/inventory/items/[id]/+page.svelte:303:8
Error: Cannot find name 'CardContent'. (ts)
						</div>
					</CardContent>
				</Card>

/Users/alessandrojcm/repos/dhc-dashboard/src/routes/dashboard/inventory/items/[id]/+page.svelte:304:7
Error: Cannot find name 'Card'. (ts)
					</CardContent>
				</Card>

/Users/alessandrojcm/repos/dhc-dashboard/src/routes/dashboard/inventory/items/[id]/+page.svelte:307:10
Error: Cannot find name 'isEditMode'. (ts)
				<!-- Attributes -->
				{#if isEditMode ? categoryAttributes.length > 0 : displayItem.category?.available_attributes && Array.isArray(displayItem.category.available_attributes) && displayItem.category.available_attributes.length > 0}
					<Card>

/Users/alessandrojcm/repos/dhc-dashboard/src/routes/dashboard/inventory/items/[id]/+page.svelte:308:7
Error: Cannot find name 'Card'. (ts)
				{#if isEditMode ? categoryAttributes.length > 0 : displayItem.category?.available_attributes && Array.isArray(displayItem.category.available_attributes) && displayItem.category.available_attributes.length > 0}
					<Card>
						<CardHeader>

/Users/alessandrojcm/repos/dhc-dashboard/src/routes/dashboard/inventory/items/[id]/+page.svelte:309:8
Error: Cannot find name 'CardHeader'. (ts)
					<Card>
						<CardHeader>
							<CardTitle>Category Attributes</CardTitle>

/Users/alessandrojcm/repos/dhc-dashboard/src/routes/dashboard/inventory/items/[id]/+page.svelte:310:9
Error: Cannot find name 'CardTitle'. (ts)
						<CardHeader>
							<CardTitle>Category Attributes</CardTitle>
							<CardDescription>

/Users/alessandrojcm/repos/dhc-dashboard/src/routes/dashboard/inventory/items/[id]/+page.svelte:310:40
Error: Cannot find name 'CardTitle'. (ts)
						<CardHeader>
							<CardTitle>Category Attributes</CardTitle>
							<CardDescription>

/Users/alessandrojcm/repos/dhc-dashboard/src/routes/dashboard/inventory/items/[id]/+page.svelte:311:9
Error: Cannot find name 'CardDescription'. (ts)
							<CardTitle>Category Attributes</CardTitle>
							<CardDescription>
								Specific attributes for {displayItem.category?.name} items

/Users/alessandrojcm/repos/dhc-dashboard/src/routes/dashboard/inventory/items/[id]/+page.svelte:313:10
Error: Cannot find name 'CardDescription'. (ts)
								Specific attributes for {displayItem.category?.name} items
							</CardDescription>
						</CardHeader>

/Users/alessandrojcm/repos/dhc-dashboard/src/routes/dashboard/inventory/items/[id]/+page.svelte:314:9
Error: Cannot find name 'CardHeader'. (ts)
							</CardDescription>
						</CardHeader>
						<CardContent>

/Users/alessandrojcm/repos/dhc-dashboard/src/routes/dashboard/inventory/items/[id]/+page.svelte:315:8
Error: Cannot find name 'CardContent'. (ts)
						</CardHeader>
						<CardContent>
							{#if isEditMode}

/Users/alessandrojcm/repos/dhc-dashboard/src/routes/dashboard/inventory/items/[id]/+page.svelte:316:13
Error: Cannot find name 'isEditMode'. (ts)
						<CardContent>
							{#if isEditMode}
								<!-- Edit Mode -->

/Users/alessandrojcm/repos/dhc-dashboard/src/routes/dashboard/inventory/items/[id]/+page.svelte:325:16
Error: Cannot find name 'Label'. (ts)
													<div class="space-y-2">
														<Label
															for={attr.name}

/Users/alessandrojcm/repos/dhc-dashboard/src/routes/dashboard/inventory/items/[id]/+page.svelte:333:17
Error: Cannot find name 'Label'. (ts)
															{/if}
														</Label>
														{#if attr.type === 'text'}

/Users/alessandrojcm/repos/dhc-dashboard/src/routes/dashboard/inventory/items/[id]/+page.svelte:335:17
Error: Cannot find name 'Input'. (ts)
														{#if attr.type === 'text'}
															<Input
																id={attr.name}

/Users/alessandrojcm/repos/dhc-dashboard/src/routes/dashboard/inventory/items/[id]/+page.svelte:342:32
Error: Cannot find name 'clearAttributeError'. (ts)
																	: ''}
																oninput={() => clearAttributeError(attr.name)}
																aria-invalid={attributeErrors[attr.name] ? 'true' : undefined}

/Users/alessandrojcm/repos/dhc-dashboard/src/routes/dashboard/inventory/items/[id]/+page.svelte:346:17
Error: Cannot find name 'Input'. (ts)
														{:else if attr.type === 'number'}
															<Input
																id={attr.name}

/Users/alessandrojcm/repos/dhc-dashboard/src/routes/dashboard/inventory/items/[id]/+page.svelte:352:32
Error: Cannot find name 'clearAttributeError'. (ts)
																class={attributeErrors[attr.name] ? 'border-destructive' : ''}
																oninput={() => clearAttributeError(attr.name)}
															/>

/Users/alessandrojcm/repos/dhc-dashboard/src/routes/dashboard/inventory/items/[id]/+page.svelte:363:16
Error: Cannot find name 'Label'. (ts)
													<div class="space-y-2">
														<Label
															for={attr.name}

/Users/alessandrojcm/repos/dhc-dashboard/src/routes/dashboard/inventory/items/[id]/+page.svelte:371:17
Error: Cannot find name 'Label'. (ts)
															{/if}
														</Label>
														<Select

/Users/alessandrojcm/repos/dhc-dashboard/src/routes/dashboard/inventory/items/[id]/+page.svelte:372:16
Error: Cannot find name 'Select'. (ts)
														</Label>
														<Select
															type="single"

/Users/alessandrojcm/repos/dhc-dashboard/src/routes/dashboard/inventory/items/[id]/+page.svelte:376:32
Error: Parameter 'value' implicitly has an 'any' type. (ts)
															name="attributes.{attr.name}"
															onValueChange={(value) => {
																if (value) {

/Users/alessandrojcm/repos/dhc-dashboard/src/routes/dashboard/inventory/items/[id]/+page.svelte:380:17
Error: Cannot find name 'clearAttributeError'. (ts)
																}
																clearAttributeError(attr.name);
															}}

/Users/alessandrojcm/repos/dhc-dashboard/src/routes/dashboard/inventory/items/[id]/+page.svelte:383:17
Error: Cannot find name 'SelectTrigger'. (ts)
														>
															<SelectTrigger
																class={attributeErrors[attr.name] ? 'border-destructive' : ''}

/Users/alessandrojcm/repos/dhc-dashboard/src/routes/dashboard/inventory/items/[id]/+page.svelte:388:18
Error: Cannot find name 'SelectTrigger'. (ts)
																	`Select ${attr.label.toLowerCase()}`}
															</SelectTrigger>
															<SelectContent>

/Users/alessandrojcm/repos/dhc-dashboard/src/routes/dashboard/inventory/items/[id]/+page.svelte:389:17
Error: Cannot find name 'SelectContent'. (ts)
															</SelectTrigger>
															<SelectContent>
																{#each attr.options as option}

/Users/alessandrojcm/repos/dhc-dashboard/src/routes/dashboard/inventory/items/[id]/+page.svelte:391:19
Error: Cannot find name 'SelectItem'. (ts)
																{#each attr.options as option}
																	<SelectItem value={option}>{option}</SelectItem>
																{/each}

/Users/alessandrojcm/repos/dhc-dashboard/src/routes/dashboard/inventory/items/[id]/+page.svelte:391:55
Error: Cannot find name 'SelectItem'. (ts)
																{#each attr.options as option}
																	<SelectItem value={option}>{option}</SelectItem>
																{/each}

/Users/alessandrojcm/repos/dhc-dashboard/src/routes/dashboard/inventory/items/[id]/+page.svelte:393:18
Error: Cannot find name 'SelectContent'. (ts)
																{/each}
															</SelectContent>
														</Select>

/Users/alessandrojcm/repos/dhc-dashboard/src/routes/dashboard/inventory/items/[id]/+page.svelte:394:17
Error: Cannot find name 'Select'. (ts)
															</SelectContent>
														</Select>
														{#if attributeErrors[attr.name]}

/Users/alessandrojcm/repos/dhc-dashboard/src/routes/dashboard/inventory/items/[id]/+page.svelte:403:16
Error: Cannot find name 'Label'. (ts)
													<div class="space-y-2">
														<Label
															for={attr.name}

/Users/alessandrojcm/repos/dhc-dashboard/src/routes/dashboard/inventory/items/[id]/+page.svelte:411:17
Error: Cannot find name 'Label'. (ts)
															{/if}
														</Label>
														<div class="flex items-center space-x-2">

/Users/alessandrojcm/repos/dhc-dashboard/src/routes/dashboard/inventory/items/[id]/+page.svelte:413:17
Error: Cannot find name 'Checkbox'. (ts)
														<div class="flex items-center space-x-2">
															<Checkbox
																id={attr.name}

/Users/alessandrojcm/repos/dhc-dashboard/src/routes/dashboard/inventory/items/[id]/+page.svelte:417:40
Error: Cannot find name 'clearAttributeError'. (ts)
																bind:checked={$formData.attributes![attr.name]}
																onCheckedChange={() => clearAttributeError(attr.name)}
															/>

/Users/alessandrojcm/repos/dhc-dashboard/src/routes/dashboard/inventory/items/[id]/+page.svelte:419:17
Error: Cannot find name 'Label'. (ts)
															/>
															<Label for={attr.name} class="text-sm font-normal">
																{attr.label}

/Users/alessandrojcm/repos/dhc-dashboard/src/routes/dashboard/inventory/items/[id]/+page.svelte:421:18
Error: Cannot find name 'Label'. (ts)
																{attr.label}
															</Label>
														</div>

/Users/alessandrojcm/repos/dhc-dashboard/src/routes/dashboard/inventory/items/[id]/+page.svelte:464:9
Error: Cannot find name 'CardContent'. (ts)
							{/if}
						</CardContent>
					</Card>

/Users/alessandrojcm/repos/dhc-dashboard/src/routes/dashboard/inventory/items/[id]/+page.svelte:465:8
Error: Cannot find name 'Card'. (ts)
						</CardContent>
					</Card>
				{/if}

/Users/alessandrojcm/repos/dhc-dashboard/src/routes/dashboard/inventory/items/[id]/+page.svelte:472:11
Error: Cannot find name 'isEditMode'. (ts)
				<!-- Actions -->
				{#if !isEditMode}
					<Card>

/Users/alessandrojcm/repos/dhc-dashboard/src/routes/dashboard/inventory/items/[id]/+page.svelte:473:7
Error: Cannot find name 'Card'. (ts)
				{#if !isEditMode}
					<Card>
						<CardHeader>

/Users/alessandrojcm/repos/dhc-dashboard/src/routes/dashboard/inventory/items/[id]/+page.svelte:474:8
Error: Cannot find name 'CardHeader'. (ts)
					<Card>
						<CardHeader>
							<CardTitle>Actions</CardTitle>

/Users/alessandrojcm/repos/dhc-dashboard/src/routes/dashboard/inventory/items/[id]/+page.svelte:475:9
Error: Cannot find name 'CardTitle'. (ts)
						<CardHeader>
							<CardTitle>Actions</CardTitle>
						</CardHeader>

/Users/alessandrojcm/repos/dhc-dashboard/src/routes/dashboard/inventory/items/[id]/+page.svelte:475:28
Error: Cannot find name 'CardTitle'. (ts)
						<CardHeader>
							<CardTitle>Actions</CardTitle>
						</CardHeader>

/Users/alessandrojcm/repos/dhc-dashboard/src/routes/dashboard/inventory/items/[id]/+page.svelte:476:9
Error: Cannot find name 'CardHeader'. (ts)
							<CardTitle>Actions</CardTitle>
						</CardHeader>
						<CardContent class="space-y-3">

/Users/alessandrojcm/repos/dhc-dashboard/src/routes/dashboard/inventory/items/[id]/+page.svelte:477:8
Error: Cannot find name 'CardContent'. (ts)
						</CardHeader>
						<CardContent class="space-y-3">
							<Button

/Users/alessandrojcm/repos/dhc-dashboard/src/routes/dashboard/inventory/items/[id]/+page.svelte:478:9
Error: Cannot find name 'Button'. (ts)
						<CardContent class="space-y-3">
							<Button
								href="/dashboard/inventory/containers/{displayItem.container.id}"

/Users/alessandrojcm/repos/dhc-dashboard/src/routes/dashboard/inventory/items/[id]/+page.svelte:483:10
Error: Cannot find name 'FolderOpen'. (ts)
							>
								<FolderOpen class="mr-2 h-4 w-4" />
								View Container

/Users/alessandrojcm/repos/dhc-dashboard/src/routes/dashboard/inventory/items/[id]/+page.svelte:485:10
Error: Cannot find name 'Button'. (ts)
								View Container
							</Button>
						</CardContent>

/Users/alessandrojcm/repos/dhc-dashboard/src/routes/dashboard/inventory/items/[id]/+page.svelte:486:9
Error: Cannot find name 'CardContent'. (ts)
							</Button>
						</CardContent>
					</Card>

/Users/alessandrojcm/repos/dhc-dashboard/src/routes/dashboard/inventory/items/[id]/+page.svelte:487:8
Error: Cannot find name 'Card'. (ts)
						</CardContent>
					</Card>
				{/if}

/Users/alessandrojcm/repos/dhc-dashboard/src/routes/dashboard/inventory/items/[id]/+page.svelte:491:6
Error: Cannot find name 'Card'. (ts)
				<!-- History -->
				<Card>
					<CardHeader>

/Users/alessandrojcm/repos/dhc-dashboard/src/routes/dashboard/inventory/items/[id]/+page.svelte:492:7
Error: Cannot find name 'CardHeader'. (ts)
				<Card>
					<CardHeader>
						<CardTitle class="flex items-center gap-2">

/Users/alessandrojcm/repos/dhc-dashboard/src/routes/dashboard/inventory/items/[id]/+page.svelte:493:8
Error: Cannot find name 'CardTitle'. (ts)
					<CardHeader>
						<CardTitle class="flex items-center gap-2">
							<Clock class="h-5 w-5" />

/Users/alessandrojcm/repos/dhc-dashboard/src/routes/dashboard/inventory/items/[id]/+page.svelte:496:9
Error: Cannot find name 'CardTitle'. (ts)
							History
						</CardTitle>
						<CardDescription>Recent changes to this item</CardDescription>

/Users/alessandrojcm/repos/dhc-dashboard/src/routes/dashboard/inventory/items/[id]/+page.svelte:497:8
Error: Cannot find name 'CardDescription'. (ts)
						</CardTitle>
						<CardDescription>Recent changes to this item</CardDescription>
					</CardHeader>

/Users/alessandrojcm/repos/dhc-dashboard/src/routes/dashboard/inventory/items/[id]/+page.svelte:497:53
Error: Cannot find name 'CardDescription'. (ts)
						</CardTitle>
						<CardDescription>Recent changes to this item</CardDescription>
					</CardHeader>

/Users/alessandrojcm/repos/dhc-dashboard/src/routes/dashboard/inventory/items/[id]/+page.svelte:498:8
Error: Cannot find name 'CardHeader'. (ts)
						<CardDescription>Recent changes to this item</CardDescription>
					</CardHeader>
					<CardContent>

/Users/alessandrojcm/repos/dhc-dashboard/src/routes/dashboard/inventory/items/[id]/+page.svelte:499:7
Error: Cannot find name 'CardContent'. (ts)
					</CardHeader>
					<CardContent>
						{#if currentHistory.length === 0}

/Users/alessandrojcm/repos/dhc-dashboard/src/routes/dashboard/inventory/items/[id]/+page.svelte:500:12
Error: Cannot find name 'currentHistory'. (ts)
					<CardContent>
						{#if currentHistory.length === 0}
							<p class="text-sm text-muted-foreground">No history available</p>

/Users/alessandrojcm/repos/dhc-dashboard/src/routes/dashboard/inventory/items/[id]/+page.svelte:504:16
Error: Cannot find name 'currentHistory'. (ts)
							<div class="space-y-3">
								{#each currentHistory as entry}
									{@const ActionIcon = getActionIcon(entry.action)}

/Users/alessandrojcm/repos/dhc-dashboard/src/routes/dashboard/inventory/items/[id]/+page.svelte:505:31
Error: Cannot find name 'getActionIcon'. (ts)
								{#each currentHistory as entry}
									{@const ActionIcon = getActionIcon(entry.action)}
									<div class="flex items-start gap-3">

/Users/alessandrojcm/repos/dhc-dashboard/src/routes/dashboard/inventory/items/[id]/+page.svelte:508:40
Error: Cannot find name 'getActionColor'. (ts)
										<div class="flex h-8 w-8 items-center justify-center rounded-full bg-muted">
											<ActionIcon class="h-4 w-4 {getActionColor(entry.action)}" />
										</div>

/Users/alessandrojcm/repos/dhc-dashboard/src/routes/dashboard/inventory/items/[id]/+page.svelte:525:8
Error: Cannot find name 'CardContent'. (ts)
						{/if}
					</CardContent>
				</Card>

/Users/alessandrojcm/repos/dhc-dashboard/src/routes/dashboard/inventory/items/[id]/+page.svelte:526:7
Error: Cannot find name 'Card'. (ts)
					</CardContent>
				</Card>
			</div>

/Users/alessandrojcm/repos/dhc-dashboard/src/routes/dashboard/inventory/items/[id]/+page.svelte:531:8
Error: Cannot find name 'isEditMode'. (ts)
		<!-- Floating Action Bar -->
		{#if isEditMode}
			<div

/Users/alessandrojcm/repos/dhc-dashboard/src/routes/dashboard/inventory/items/[id]/+page.svelte:538:8
Error: Cannot find name 'Button'. (ts)
					<div class="flex gap-3">
						<Button type="button" variant="outline" onclick={handleCancel} disabled={$delayed}>
							<X class="mr-2 h-4 w-4" />

/Users/alessandrojcm/repos/dhc-dashboard/src/routes/dashboard/inventory/items/[id]/+page.svelte:538:56
Error: Cannot find name 'handleCancel'. (ts)
					<div class="flex gap-3">
						<Button type="button" variant="outline" onclick={handleCancel} disabled={$delayed}>
							<X class="mr-2 h-4 w-4" />

/Users/alessandrojcm/repos/dhc-dashboard/src/routes/dashboard/inventory/items/[id]/+page.svelte:539:9
Error: Cannot find name 'X'. (ts)
						<Button type="button" variant="outline" onclick={handleCancel} disabled={$delayed}>
							<X class="mr-2 h-4 w-4" />
							Cancel

/Users/alessandrojcm/repos/dhc-dashboard/src/routes/dashboard/inventory/items/[id]/+page.svelte:541:9
Error: Cannot find name 'Button'. (ts)
							Cancel
						</Button>
						<Button type="submit" disabled={$delayed}>

/Users/alessandrojcm/repos/dhc-dashboard/src/routes/dashboard/inventory/items/[id]/+page.svelte:542:8
Error: Cannot find name 'Button'. (ts)
						</Button>
						<Button type="submit" disabled={$delayed}>
							{$delayed ? 'Saving...' : 'Save Changes'}

/Users/alessandrojcm/repos/dhc-dashboard/src/routes/dashboard/inventory/items/[id]/+page.svelte:544:9
Error: Cannot find name 'Button'. (ts)
							{$delayed ? 'Saving...' : 'Save Changes'}
						</Button>
					</div>

/Users/alessandrojcm/repos/dhc-dashboard/src/routes/dashboard/inventory/items/[id]/+page.svelte:551:6
Error: Cannot find name 'dev'. (ts)
</div>
{#if dev}
	<SuperDebug data={$formData} />

/Users/alessandrojcm/repos/dhc-dashboard/src/routes/dashboard/inventory/items/[id]/+page.svelte:552:3
Error: Cannot find name 'SuperDebug'. (ts)
{#if dev}
	<SuperDebug data={$formData} />
{/if}

/Users/alessandrojcm/repos/dhc-dashboard/src/routes/dashboard/inventory/items/create/+page.svelte:104:13
Error: Property 'available_attributes' does not exist on type '{ id: string; name: string; }'. (ts)
	const attributes =
		(category.available_attributes as InventoryAttributeDefinition[]) || [];
	attributes.forEach((attr) => {

/Users/alessandrojcm/repos/dhc-dashboard/src/routes/dashboard/inventory/items/create/+page.svelte:124:5
Error: Cannot find name 'Button'. (ts)
		<div class="flex items-center gap-2 mb-2">
			<Button href="/dashboard/inventory/items" variant="ghost" size="sm">
				<ArrowLeft class="h-4 w-4" />

/Users/alessandrojcm/repos/dhc-dashboard/src/routes/dashboard/inventory/items/create/+page.svelte:125:6
Error: Cannot find name 'ArrowLeft'. (ts)
			<Button href="/dashboard/inventory/items" variant="ghost" size="sm">
				<ArrowLeft class="h-4 w-4" />
			</Button>

/Users/alessandrojcm/repos/dhc-dashboard/src/routes/dashboard/inventory/items/create/+page.svelte:126:6
Error: Cannot find name 'Button'. (ts)
				<ArrowLeft class="h-4 w-4" />
			</Button>
			<h1 class="text-3xl font-bold">Add New Item</h1>

/Users/alessandrojcm/repos/dhc-dashboard/src/routes/dashboard/inventory/items/create/+page.svelte:134:4
Error: Cannot find name 'Alert'. (ts)
	{#if $message}
		<Alert variant="destructive">
			<AlertCircle class="h-4 w-4" />

/Users/alessandrojcm/repos/dhc-dashboard/src/routes/dashboard/inventory/items/create/+page.svelte:135:5
Error: Cannot find name 'AlertCircle'. (ts)
		<Alert variant="destructive">
			<AlertCircle class="h-4 w-4" />
			<AlertDescription>{$message}</AlertDescription>

/Users/alessandrojcm/repos/dhc-dashboard/src/routes/dashboard/inventory/items/create/+page.svelte:136:5
Error: Cannot find name 'AlertDescription'. (ts)
			<AlertCircle class="h-4 w-4" />
			<AlertDescription>{$message}</AlertDescription>
		</Alert>

/Users/alessandrojcm/repos/dhc-dashboard/src/routes/dashboard/inventory/items/create/+page.svelte:136:34
Error: Cannot find name 'AlertDescription'. (ts)
			<AlertCircle class="h-4 w-4" />
			<AlertDescription>{$message}</AlertDescription>
		</Alert>

/Users/alessandrojcm/repos/dhc-dashboard/src/routes/dashboard/inventory/items/create/+page.svelte:137:5
Error: Cannot find name 'Alert'. (ts)
			<AlertDescription>{$message}</AlertDescription>
		</Alert>
	{/if}

/Users/alessandrojcm/repos/dhc-dashboard/src/routes/dashboard/inventory/items/create/+page.svelte:142:4
Error: Cannot find name 'Card'. (ts)
		<!-- Basic Information -->
		<Card>
			<CardHeader>

/Users/alessandrojcm/repos/dhc-dashboard/src/routes/dashboard/inventory/items/create/+page.svelte:143:5
Error: Cannot find name 'CardHeader'. (ts)
		<Card>
			<CardHeader>
				<CardTitle class="flex items-center gap-2">

/Users/alessandrojcm/repos/dhc-dashboard/src/routes/dashboard/inventory/items/create/+page.svelte:144:6
Error: Cannot find name 'CardTitle'. (ts)
			<CardHeader>
				<CardTitle class="flex items-center gap-2">
					<Package class="h-5 w-5" />

/Users/alessandrojcm/repos/dhc-dashboard/src/routes/dashboard/inventory/items/create/+page.svelte:145:7
Error: Cannot find name 'Package'. (ts)
				<CardTitle class="flex items-center gap-2">
					<Package class="h-5 w-5" />
					Item Information

/Users/alessandrojcm/repos/dhc-dashboard/src/routes/dashboard/inventory/items/create/+page.svelte:147:7
Error: Cannot find name 'CardTitle'. (ts)
					Item Information
				</CardTitle>
				<CardDescription>Basic details about the equipment item</CardDescription>

/Users/alessandrojcm/repos/dhc-dashboard/src/routes/dashboard/inventory/items/create/+page.svelte:148:6
Error: Cannot find name 'CardDescription'. (ts)
				</CardTitle>
				<CardDescription>Basic details about the equipment item</CardDescription>
			</CardHeader>

/Users/alessandrojcm/repos/dhc-dashboard/src/routes/dashboard/inventory/items/create/+page.svelte:148:62
Error: Cannot find name 'CardDescription'. (ts)
				</CardTitle>
				<CardDescription>Basic details about the equipment item</CardDescription>
			</CardHeader>

/Users/alessandrojcm/repos/dhc-dashboard/src/routes/dashboard/inventory/items/create/+page.svelte:149:6
Error: Cannot find name 'CardHeader'. (ts)
				<CardDescription>Basic details about the equipment item</CardDescription>
			</CardHeader>
			<CardContent class="space-y-4">

/Users/alessandrojcm/repos/dhc-dashboard/src/routes/dashboard/inventory/items/create/+page.svelte:150:5
Error: Cannot find name 'CardContent'. (ts)
			</CardHeader>
			<CardContent class="space-y-4">
				<div class="grid gap-4 md:grid-cols-2">

/Users/alessandrojcm/repos/dhc-dashboard/src/routes/dashboard/inventory/items/create/+page.svelte:152:7
Error: Cannot find name 'Form'. (ts)
				<div class="grid gap-4 md:grid-cols-2">
					<Form.Field {form} name="category_id">
						<Form.Control>

/Users/alessandrojcm/repos/dhc-dashboard/src/routes/dashboard/inventory/items/create/+page.svelte:153:8
Error: Cannot find name 'Form'. (ts)
					<Form.Field {form} name="category_id">
						<Form.Control>
							{#snippet children({ props })}

/Users/alessandrojcm/repos/dhc-dashboard/src/routes/dashboard/inventory/items/create/+page.svelte:154:29
Error: Binding element 'props' implicitly has an 'any' type. (ts)
						<Form.Control>
							{#snippet children({ props })}
								<Form.Label>Category *</Form.Label>

/Users/alessandrojcm/repos/dhc-dashboard/src/routes/dashboard/inventory/items/create/+page.svelte:155:10
Error: Cannot find name 'Form'. (ts)
							{#snippet children({ props })}
								<Form.Label>Category *</Form.Label>
								<Select name={props.name} type="single" onValueChange={updateCategory}>

/Users/alessandrojcm/repos/dhc-dashboard/src/routes/dashboard/inventory/items/create/+page.svelte:155:33
Error: Cannot find name 'Form'. (ts)
							{#snippet children({ props })}
								<Form.Label>Category *</Form.Label>
								<Select name={props.name} type="single" onValueChange={updateCategory}>

/Users/alessandrojcm/repos/dhc-dashboard/src/routes/dashboard/inventory/items/create/+page.svelte:156:10
Error: Cannot find name 'Select'. (ts)
								<Form.Label>Category *</Form.Label>
								<Select name={props.name} type="single" onValueChange={updateCategory}>
									<SelectTrigger {...props}>

/Users/alessandrojcm/repos/dhc-dashboard/src/routes/dashboard/inventory/items/create/+page.svelte:156:64
Error: Cannot find name 'updateCategory'. (ts)
								<Form.Label>Category *</Form.Label>
								<Select name={props.name} type="single" onValueChange={updateCategory}>
									<SelectTrigger {...props}>

/Users/alessandrojcm/repos/dhc-dashboard/src/routes/dashboard/inventory/items/create/+page.svelte:157:11
Error: Cannot find name 'SelectTrigger'. (ts)
								<Select name={props.name} type="single" onValueChange={updateCategory}>
									<SelectTrigger {...props}>
										{selectedCategoryName}

/Users/alessandrojcm/repos/dhc-dashboard/src/routes/dashboard/inventory/items/create/+page.svelte:158:12
Error: Cannot find name 'selectedCategoryName'. (ts)
									<SelectTrigger {...props}>
										{selectedCategoryName}
									</SelectTrigger>

/Users/alessandrojcm/repos/dhc-dashboard/src/routes/dashboard/inventory/items/create/+page.svelte:159:12
Error: Cannot find name 'SelectTrigger'. (ts)
										{selectedCategoryName}
									</SelectTrigger>
									<SelectContent>

/Users/alessandrojcm/repos/dhc-dashboard/src/routes/dashboard/inventory/items/create/+page.svelte:160:11
Error: Cannot find name 'SelectContent'. (ts)
									</SelectTrigger>
									<SelectContent>
										{#each data.categories as category}

/Users/alessandrojcm/repos/dhc-dashboard/src/routes/dashboard/inventory/items/create/+page.svelte:162:13
Error: Cannot find name 'SelectItem'. (ts)
										{#each data.categories as category}
											<SelectItem value={category.id}>{category.name}</SelectItem>
										{/each}

/Users/alessandrojcm/repos/dhc-dashboard/src/routes/dashboard/inventory/items/create/+page.svelte:162:61
Error: Cannot find name 'SelectItem'. (ts)
										{#each data.categories as category}
											<SelectItem value={category.id}>{category.name}</SelectItem>
										{/each}

/Users/alessandrojcm/repos/dhc-dashboard/src/routes/dashboard/inventory/items/create/+page.svelte:164:12
Error: Cannot find name 'SelectContent'. (ts)
										{/each}
									</SelectContent>
								</Select>

/Users/alessandrojcm/repos/dhc-dashboard/src/routes/dashboard/inventory/items/create/+page.svelte:165:11
Error: Cannot find name 'Select'. (ts)
									</SelectContent>
								</Select>
							{/snippet}

/Users/alessandrojcm/repos/dhc-dashboard/src/routes/dashboard/inventory/items/create/+page.svelte:167:9
Error: Cannot find name 'Form'. (ts)
							{/snippet}
						</Form.Control>
						<Form.FieldErrors />

/Users/alessandrojcm/repos/dhc-dashboard/src/routes/dashboard/inventory/items/create/+page.svelte:168:8
Error: Cannot find name 'Form'. (ts)
						</Form.Control>
						<Form.FieldErrors />
					</Form.Field>

/Users/alessandrojcm/repos/dhc-dashboard/src/routes/dashboard/inventory/items/create/+page.svelte:169:8
Error: Cannot find name 'Form'. (ts)
						<Form.FieldErrors />
					</Form.Field>

/Users/alessandrojcm/repos/dhc-dashboard/src/routes/dashboard/inventory/items/create/+page.svelte:171:7
Error: Cannot find name 'Form'. (ts)

					<Form.Field {form} name="container_id">
						<Form.Control>

/Users/alessandrojcm/repos/dhc-dashboard/src/routes/dashboard/inventory/items/create/+page.svelte:172:8
Error: Cannot find name 'Form'. (ts)
					<Form.Field {form} name="container_id">
						<Form.Control>
							{#snippet children({ props })}

/Users/alessandrojcm/repos/dhc-dashboard/src/routes/dashboard/inventory/items/create/+page.svelte:173:29
Error: Binding element 'props' implicitly has an 'any' type. (ts)
						<Form.Control>
							{#snippet children({ props })}
								<Form.Label>Container *</Form.Label>

/Users/alessandrojcm/repos/dhc-dashboard/src/routes/dashboard/inventory/items/create/+page.svelte:174:10
Error: Cannot find name 'Form'. (ts)
							{#snippet children({ props })}
								<Form.Label>Container *</Form.Label>
								<Select type="single" bind:value={$formData.container_id} name={props.name}>

/Users/alessandrojcm/repos/dhc-dashboard/src/routes/dashboard/inventory/items/create/+page.svelte:174:34
Error: Cannot find name 'Form'. (ts)
							{#snippet children({ props })}
								<Form.Label>Container *</Form.Label>
								<Select type="single" bind:value={$formData.container_id} name={props.name}>

/Users/alessandrojcm/repos/dhc-dashboard/src/routes/dashboard/inventory/items/create/+page.svelte:175:10
Error: Cannot find name 'Select'. (ts)
								<Form.Label>Container *</Form.Label>
								<Select type="single" bind:value={$formData.container_id} name={props.name}>
									<SelectTrigger {...props}>

/Users/alessandrojcm/repos/dhc-dashboard/src/routes/dashboard/inventory/items/create/+page.svelte:176:11
Error: Cannot find name 'SelectTrigger'. (ts)
								<Select type="single" bind:value={$formData.container_id} name={props.name}>
									<SelectTrigger {...props}>
										{selectedContainerName}

/Users/alessandrojcm/repos/dhc-dashboard/src/routes/dashboard/inventory/items/create/+page.svelte:177:12
Error: Cannot find name 'selectedContainerName'. (ts)
									<SelectTrigger {...props}>
										{selectedContainerName}
									</SelectTrigger>

/Users/alessandrojcm/repos/dhc-dashboard/src/routes/dashboard/inventory/items/create/+page.svelte:178:12
Error: Cannot find name 'SelectTrigger'. (ts)
										{selectedContainerName}
									</SelectTrigger>
									<SelectContent>

/Users/alessandrojcm/repos/dhc-dashboard/src/routes/dashboard/inventory/items/create/+page.svelte:179:11
Error: Cannot find name 'SelectContent'. (ts)
									</SelectTrigger>
									<SelectContent>
										{#each hierarchicalContainers as container}

/Users/alessandrojcm/repos/dhc-dashboard/src/routes/dashboard/inventory/items/create/+page.svelte:181:13
Error: Cannot find name 'SelectItem'. (ts)
										{#each hierarchicalContainers as container}
											<SelectItem value={container.id}>
												{container.displayName}

/Users/alessandrojcm/repos/dhc-dashboard/src/routes/dashboard/inventory/items/create/+page.svelte:183:14
Error: Cannot find name 'SelectItem'. (ts)
												{container.displayName}
											</SelectItem>
										{/each}

/Users/alessandrojcm/repos/dhc-dashboard/src/routes/dashboard/inventory/items/create/+page.svelte:185:12
Error: Cannot find name 'SelectContent'. (ts)
										{/each}
									</SelectContent>
								</Select>

/Users/alessandrojcm/repos/dhc-dashboard/src/routes/dashboard/inventory/items/create/+page.svelte:186:11
Error: Cannot find name 'Select'. (ts)
									</SelectContent>
								</Select>
							{/snippet}

/Users/alessandrojcm/repos/dhc-dashboard/src/routes/dashboard/inventory/items/create/+page.svelte:188:9
Error: Cannot find name 'Form'. (ts)
							{/snippet}
						</Form.Control>
						<Form.FieldErrors />

/Users/alessandrojcm/repos/dhc-dashboard/src/routes/dashboard/inventory/items/create/+page.svelte:189:8
Error: Cannot find name 'Form'. (ts)
						</Form.Control>
						<Form.FieldErrors />
					</Form.Field>

/Users/alessandrojcm/repos/dhc-dashboard/src/routes/dashboard/inventory/items/create/+page.svelte:190:8
Error: Cannot find name 'Form'. (ts)
						<Form.FieldErrors />
					</Form.Field>
				</div>

/Users/alessandrojcm/repos/dhc-dashboard/src/routes/dashboard/inventory/items/create/+page.svelte:194:7
Error: Cannot find name 'Form'. (ts)
				<div class="grid gap-4 md:grid-cols-2">
					<Form.Field {form} name="quantity">
						<Form.Control>

/Users/alessandrojcm/repos/dhc-dashboard/src/routes/dashboard/inventory/items/create/+page.svelte:195:8
Error: Cannot find name 'Form'. (ts)
					<Form.Field {form} name="quantity">
						<Form.Control>
							{#snippet children({ props })}

/Users/alessandrojcm/repos/dhc-dashboard/src/routes/dashboard/inventory/items/create/+page.svelte:196:29
Error: Binding element 'props' implicitly has an 'any' type. (ts)
						<Form.Control>
							{#snippet children({ props })}
								<Form.Label>Quantity *</Form.Label>

/Users/alessandrojcm/repos/dhc-dashboard/src/routes/dashboard/inventory/items/create/+page.svelte:197:10
Error: Cannot find name 'Form'. (ts)
							{#snippet children({ props })}
								<Form.Label>Quantity *</Form.Label>
								<Input {...props} type="number" min="1" bind:value={$formData.quantity} />

/Users/alessandrojcm/repos/dhc-dashboard/src/routes/dashboard/inventory/items/create/+page.svelte:197:33
Error: Cannot find name 'Form'. (ts)
							{#snippet children({ props })}
								<Form.Label>Quantity *</Form.Label>
								<Input {...props} type="number" min="1" bind:value={$formData.quantity} />

/Users/alessandrojcm/repos/dhc-dashboard/src/routes/dashboard/inventory/items/create/+page.svelte:198:10
Error: Cannot find name 'Input'. (ts)
								<Form.Label>Quantity *</Form.Label>
								<Input {...props} type="number" min="1" bind:value={$formData.quantity} />
							{/snippet}

/Users/alessandrojcm/repos/dhc-dashboard/src/routes/dashboard/inventory/items/create/+page.svelte:200:9
Error: Cannot find name 'Form'. (ts)
							{/snippet}
						</Form.Control>
						<Form.FieldErrors />

/Users/alessandrojcm/repos/dhc-dashboard/src/routes/dashboard/inventory/items/create/+page.svelte:201:8
Error: Cannot find name 'Form'. (ts)
						</Form.Control>
						<Form.FieldErrors />
					</Form.Field>

/Users/alessandrojcm/repos/dhc-dashboard/src/routes/dashboard/inventory/items/create/+page.svelte:202:8
Error: Cannot find name 'Form'. (ts)
						<Form.FieldErrors />
					</Form.Field>

/Users/alessandrojcm/repos/dhc-dashboard/src/routes/dashboard/inventory/items/create/+page.svelte:204:7
Error: Cannot find name 'Form'. (ts)

					<Form.Field {form} name="out_for_maintenance">
						<Form.Control>

/Users/alessandrojcm/repos/dhc-dashboard/src/routes/dashboard/inventory/items/create/+page.svelte:205:8
Error: Cannot find name 'Form'. (ts)
					<Form.Field {form} name="out_for_maintenance">
						<Form.Control>
							{#snippet children({ props })}

/Users/alessandrojcm/repos/dhc-dashboard/src/routes/dashboard/inventory/items/create/+page.svelte:206:29
Error: Binding element 'props' implicitly has an 'any' type. (ts)
						<Form.Control>
							{#snippet children({ props })}
								<div class="flex items-center space-x-2 pt-6">

/Users/alessandrojcm/repos/dhc-dashboard/src/routes/dashboard/inventory/items/create/+page.svelte:208:11
Error: Cannot find name 'Checkbox'. (ts)
								<div class="flex items-center space-x-2 pt-6">
									<Checkbox {...props} bind:checked={$formData.out_for_maintenance} />
									<Form.Label>Out for maintenance</Form.Label>

/Users/alessandrojcm/repos/dhc-dashboard/src/routes/dashboard/inventory/items/create/+page.svelte:209:11
Error: Cannot find name 'Form'. (ts)
									<Checkbox {...props} bind:checked={$formData.out_for_maintenance} />
									<Form.Label>Out for maintenance</Form.Label>
								</div>

/Users/alessandrojcm/repos/dhc-dashboard/src/routes/dashboard/inventory/items/create/+page.svelte:209:43
Error: Cannot find name 'Form'. (ts)
									<Checkbox {...props} bind:checked={$formData.out_for_maintenance} />
									<Form.Label>Out for maintenance</Form.Label>
								</div>

/Users/alessandrojcm/repos/dhc-dashboard/src/routes/dashboard/inventory/items/create/+page.svelte:212:9
Error: Cannot find name 'Form'. (ts)
							{/snippet}
						</Form.Control>
						<Form.FieldErrors />

/Users/alessandrojcm/repos/dhc-dashboard/src/routes/dashboard/inventory/items/create/+page.svelte:213:8
Error: Cannot find name 'Form'. (ts)
						</Form.Control>
						<Form.FieldErrors />
					</Form.Field>

/Users/alessandrojcm/repos/dhc-dashboard/src/routes/dashboard/inventory/items/create/+page.svelte:214:8
Error: Cannot find name 'Form'. (ts)
						<Form.FieldErrors />
					</Form.Field>
				</div>

/Users/alessandrojcm/repos/dhc-dashboard/src/routes/dashboard/inventory/items/create/+page.svelte:217:6
Error: Cannot find name 'Form'. (ts)

				<Form.Field {form} name="notes">
					<Form.Control>

/Users/alessandrojcm/repos/dhc-dashboard/src/routes/dashboard/inventory/items/create/+page.svelte:218:7
Error: Cannot find name 'Form'. (ts)
				<Form.Field {form} name="notes">
					<Form.Control>
						{#snippet children({ props })}

/Users/alessandrojcm/repos/dhc-dashboard/src/routes/dashboard/inventory/items/create/+page.svelte:219:28
Error: Binding element 'props' implicitly has an 'any' type. (ts)
					<Form.Control>
						{#snippet children({ props })}
							<Form.Label>Notes</Form.Label>

/Users/alessandrojcm/repos/dhc-dashboard/src/routes/dashboard/inventory/items/create/+page.svelte:220:9
Error: Cannot find name 'Form'. (ts)
						{#snippet children({ props })}
							<Form.Label>Notes</Form.Label>
							<Textarea

/Users/alessandrojcm/repos/dhc-dashboard/src/routes/dashboard/inventory/items/create/+page.svelte:220:27
Error: Cannot find name 'Form'. (ts)
						{#snippet children({ props })}
							<Form.Label>Notes</Form.Label>
							<Textarea

/Users/alessandrojcm/repos/dhc-dashboard/src/routes/dashboard/inventory/items/create/+page.svelte:221:9
Error: Cannot find name 'Textarea'. (ts)
							<Form.Label>Notes</Form.Label>
							<Textarea
								{...props}

/Users/alessandrojcm/repos/dhc-dashboard/src/routes/dashboard/inventory/items/create/+page.svelte:228:8
Error: Cannot find name 'Form'. (ts)
						{/snippet}
					</Form.Control>
					<Form.FieldErrors />

/Users/alessandrojcm/repos/dhc-dashboard/src/routes/dashboard/inventory/items/create/+page.svelte:229:7
Error: Cannot find name 'Form'. (ts)
					</Form.Control>
					<Form.FieldErrors />
				</Form.Field>

/Users/alessandrojcm/repos/dhc-dashboard/src/routes/dashboard/inventory/items/create/+page.svelte:230:7
Error: Cannot find name 'Form'. (ts)
					<Form.FieldErrors />
				</Form.Field>
			</CardContent>

/Users/alessandrojcm/repos/dhc-dashboard/src/routes/dashboard/inventory/items/create/+page.svelte:231:6
Error: Cannot find name 'CardContent'. (ts)
				</Form.Field>
			</CardContent>
		</Card>

/Users/alessandrojcm/repos/dhc-dashboard/src/routes/dashboard/inventory/items/create/+page.svelte:232:5
Error: Cannot find name 'Card'. (ts)
			</CardContent>
		</Card>

/Users/alessandrojcm/repos/dhc-dashboard/src/routes/dashboard/inventory/items/create/+page.svelte:236:5
Error: Cannot find name 'Card'. (ts)
		{#if selectedCategory}
			<Card>
				<CardHeader>

/Users/alessandrojcm/repos/dhc-dashboard/src/routes/dashboard/inventory/items/create/+page.svelte:237:6
Error: Cannot find name 'CardHeader'. (ts)
			<Card>
				<CardHeader>
					<CardTitle>Category Attributes</CardTitle>

/Users/alessandrojcm/repos/dhc-dashboard/src/routes/dashboard/inventory/items/create/+page.svelte:238:7
Error: Cannot find name 'CardTitle'. (ts)
				<CardHeader>
					<CardTitle>Category Attributes</CardTitle>
					<CardDescription>

/Users/alessandrojcm/repos/dhc-dashboard/src/routes/dashboard/inventory/items/create/+page.svelte:238:38
Error: Cannot find name 'CardTitle'. (ts)
				<CardHeader>
					<CardTitle>Category Attributes</CardTitle>
					<CardDescription>

/Users/alessandrojcm/repos/dhc-dashboard/src/routes/dashboard/inventory/items/create/+page.svelte:239:7
Error: Cannot find name 'CardDescription'. (ts)
					<CardTitle>Category Attributes</CardTitle>
					<CardDescription>
						Specific attributes for {selectedCategory.name} items

/Users/alessandrojcm/repos/dhc-dashboard/src/routes/dashboard/inventory/items/create/+page.svelte:241:8
Error: Cannot find name 'CardDescription'. (ts)
						Specific attributes for {selectedCategory.name} items
					</CardDescription>
				</CardHeader>

/Users/alessandrojcm/repos/dhc-dashboard/src/routes/dashboard/inventory/items/create/+page.svelte:242:7
Error: Cannot find name 'CardHeader'. (ts)
					</CardDescription>
				</CardHeader>
				<CardContent>

/Users/alessandrojcm/repos/dhc-dashboard/src/routes/dashboard/inventory/items/create/+page.svelte:243:6
Error: Cannot find name 'CardContent'. (ts)
				</CardHeader>
				<CardContent>
					{#if categoryAttributes.length > 0}

/Users/alessandrojcm/repos/dhc-dashboard/src/routes/dashboard/inventory/items/create/+page.svelte:244:11
Error: Cannot find name 'categoryAttributes'. (ts)
				<CardContent>
					{#if categoryAttributes.length > 0}
						<div class="space-y-4">

/Users/alessandrojcm/repos/dhc-dashboard/src/routes/dashboard/inventory/items/create/+page.svelte:248:16
Error: Cannot find name 'categoryAttributes'. (ts)
							<div class="grid gap-4 md:grid-cols-2">
								{#each categoryAttributes as attr}
									{#if attr.name}

/Users/alessandrojcm/repos/dhc-dashboard/src/routes/dashboard/inventory/items/create/+page.svelte:251:13
Error: Cannot find name 'Label'. (ts)
										<div class="space-y-2">
											<Label
												for={attr.name}

/Users/alessandrojcm/repos/dhc-dashboard/src/routes/dashboard/inventory/items/create/+page.svelte:259:14
Error: Cannot find name 'Label'. (ts)
												{/if}
											</Label>
											{#if attr.type === 'text'}

/Users/alessandrojcm/repos/dhc-dashboard/src/routes/dashboard/inventory/items/create/+page.svelte:261:14
Error: Cannot find name 'Input'. (ts)
											{#if attr.type === 'text'}
												<Input
													id={attr.name}

/Users/alessandrojcm/repos/dhc-dashboard/src/routes/dashboard/inventory/items/create/+page.svelte:268:29
Error: Cannot find name 'clearAttributeError'. (ts)
														: ''}
													oninput={() => clearAttributeError(attr.name)}
													aria-invalid={attributeErrors[attr.name] ? 'true' : undefined}

/Users/alessandrojcm/repos/dhc-dashboard/src/routes/dashboard/inventory/items/create/+page.svelte:272:14
Error: Cannot find name 'Input'. (ts)
											{:else if attr.type === 'number'}
												<Input
													id={attr.name}

/Users/alessandrojcm/repos/dhc-dashboard/src/routes/dashboard/inventory/items/create/+page.svelte:278:29
Error: Cannot find name 'clearAttributeError'. (ts)
													class={attributeErrors[attr.name] ? 'border-destructive' : ''}
													oninput={() => clearAttributeError(attr.name)}
												/>

/Users/alessandrojcm/repos/dhc-dashboard/src/routes/dashboard/inventory/items/create/+page.svelte:281:14
Error: Cannot find name 'Select'. (ts)
											{:else if attr.type === 'select' && attr.options}
												<Select
													type="single"

/Users/alessandrojcm/repos/dhc-dashboard/src/routes/dashboard/inventory/items/create/+page.svelte:285:30
Error: Parameter 'value' implicitly has an 'any' type. (ts)
													name="attributes.{attr.name}"
													onValueChange={(value) => {
														if (value && $formData.attributes) {

/Users/alessandrojcm/repos/dhc-dashboard/src/routes/dashboard/inventory/items/create/+page.svelte:289:15
Error: Cannot find name 'clearAttributeError'. (ts)
														}
														clearAttributeError(attr.name);
													}}

/Users/alessandrojcm/repos/dhc-dashboard/src/routes/dashboard/inventory/items/create/+page.svelte:292:15
Error: Cannot find name 'SelectTrigger'. (ts)
												>
													<SelectTrigger
														class={attributeErrors[attr.name] ? 'border-destructive' : ''}

/Users/alessandrojcm/repos/dhc-dashboard/src/routes/dashboard/inventory/items/create/+page.svelte:297:16
Error: Cannot find name 'SelectTrigger'. (ts)
															`Select ${attr.label.toLowerCase()}`}
													</SelectTrigger>
													<SelectContent>

/Users/alessandrojcm/repos/dhc-dashboard/src/routes/dashboard/inventory/items/create/+page.svelte:298:15
Error: Cannot find name 'SelectContent'. (ts)
													</SelectTrigger>
													<SelectContent>
														{#each attr.options as option}

/Users/alessandrojcm/repos/dhc-dashboard/src/routes/dashboard/inventory/items/create/+page.svelte:300:17
Error: Cannot find name 'SelectItem'. (ts)
														{#each attr.options as option}
															<SelectItem value={option}>{option}</SelectItem>
														{/each}

/Users/alessandrojcm/repos/dhc-dashboard/src/routes/dashboard/inventory/items/create/+page.svelte:300:53
Error: Cannot find name 'SelectItem'. (ts)
														{#each attr.options as option}
															<SelectItem value={option}>{option}</SelectItem>
														{/each}

/Users/alessandrojcm/repos/dhc-dashboard/src/routes/dashboard/inventory/items/create/+page.svelte:302:16
Error: Cannot find name 'SelectContent'. (ts)
														{/each}
													</SelectContent>
												</Select>

/Users/alessandrojcm/repos/dhc-dashboard/src/routes/dashboard/inventory/items/create/+page.svelte:303:15
Error: Cannot find name 'Select'. (ts)
													</SelectContent>
												</Select>
											{:else if attr.type === 'boolean'}

/Users/alessandrojcm/repos/dhc-dashboard/src/routes/dashboard/inventory/items/create/+page.svelte:306:15
Error: Cannot find name 'Checkbox'. (ts)
												<div class="flex items-center space-x-2">
													<Checkbox
														id={attr.name}

/Users/alessandrojcm/repos/dhc-dashboard/src/routes/dashboard/inventory/items/create/+page.svelte:310:38
Error: Cannot find name 'clearAttributeError'. (ts)
														bind:checked={$formData.attributes![attr.name]}
														onCheckedChange={() => clearAttributeError(attr.name)}
													/>

/Users/alessandrojcm/repos/dhc-dashboard/src/routes/dashboard/inventory/items/create/+page.svelte:312:15
Error: Cannot find name 'Label'. (ts)
													/>
													<Label for={attr.name} class="text-sm font-normal">
														{attr.label}

/Users/alessandrojcm/repos/dhc-dashboard/src/routes/dashboard/inventory/items/create/+page.svelte:314:16
Error: Cannot find name 'Label'. (ts)
														{attr.label}
													</Label>
												</div>

/Users/alessandrojcm/repos/dhc-dashboard/src/routes/dashboard/inventory/items/create/+page.svelte:332:7
Error: Cannot find name 'CardContent'. (ts)
					{/if}
				</CardContent>
			</Card>

/Users/alessandrojcm/repos/dhc-dashboard/src/routes/dashboard/inventory/items/create/+page.svelte:333:6
Error: Cannot find name 'Card'. (ts)
				</CardContent>
			</Card>
		{/if}

/Users/alessandrojcm/repos/dhc-dashboard/src/routes/dashboard/inventory/items/create/+page.svelte:338:5
Error: Cannot find name 'Button'. (ts)
		<div class="flex gap-3">
			<Button type="submit" disabled={$submitting}>
				{$submitting ? 'Creating...' : 'Create Item'}

/Users/alessandrojcm/repos/dhc-dashboard/src/routes/dashboard/inventory/items/create/+page.svelte:340:6
Error: Cannot find name 'Button'. (ts)
				{$submitting ? 'Creating...' : 'Create Item'}
			</Button>
			<Button href="/dashboard/inventory/items" variant="outline">Cancel</Button>

/Users/alessandrojcm/repos/dhc-dashboard/src/routes/dashboard/inventory/items/create/+page.svelte:341:5
Error: Cannot find name 'Button'. (ts)
			</Button>
			<Button href="/dashboard/inventory/items" variant="outline">Cancel</Button>
		</div>

/Users/alessandrojcm/repos/dhc-dashboard/src/routes/dashboard/inventory/items/create/+page.svelte:341:72
Error: Cannot find name 'Button'. (ts)
			</Button>
			<Button href="/dashboard/inventory/items" variant="outline">Cancel</Button>
		</div>

/Users/alessandrojcm/repos/dhc-dashboard/src/routes/dashboard/inventory/items/create/+page.svelte:345:6
Error: Cannot find name 'dev'. (ts)
</div>
{#if dev}
	<SuperDebug data={$formData} />

/Users/alessandrojcm/repos/dhc-dashboard/src/routes/dashboard/inventory/items/create/+page.svelte:346:3
Error: Cannot find name 'SuperDebug'. (ts)
{#if dev}
	<SuperDebug data={$formData} />
{/if}

/Users/alessandrojcm/repos/dhc-dashboard/src/routes/dashboard/members/+page.svelte:36:6
Error: Cannot find name 'LoaderCircle'. (ts)
			<div class="fixed right-4 top-4">
				<LoaderCircle />
			</div>

/Users/alessandrojcm/repos/dhc-dashboard/src/routes/dashboard/members/+page.svelte:39:5
Error: Cannot find name 'SettingsSheet'. (ts)
		{:then form}
			<SettingsSheet {form} />
		{/await}

/Users/alessandrojcm/repos/dhc-dashboard/src/routes/dashboard/members/+page.svelte:43:3
Error: Cannot find name 'Root'. (ts)

	<Root {value} onValueChange={onTabChange} class="p-2 min-h-96 mr-2">
		<div class="flex justify-between items-center mb-2">

/Users/alessandrojcm/repos/dhc-dashboard/src/routes/dashboard/members/+page.svelte:43:31
Error: Cannot find name 'onTabChange'. (ts)

	<Root {value} onValueChange={onTabChange} class="p-2 min-h-96 mr-2">
		<div class="flex justify-between items-center mb-2">

/Users/alessandrojcm/repos/dhc-dashboard/src/routes/dashboard/members/+page.svelte:45:5
Error: Cannot find name 'Select'. (ts)
		<div class="flex justify-between items-center mb-2">
			<Select.Root {value} type="single" onValueChange={onTabChange}>
				<Select.Trigger class="md:hidden flex w-fit" size="sm" id="view-selector">

/Users/alessandrojcm/repos/dhc-dashboard/src/routes/dashboard/members/+page.svelte:45:54
Error: Cannot find name 'onTabChange'. (ts)
		<div class="flex justify-between items-center mb-2">
			<Select.Root {value} type="single" onValueChange={onTabChange}>
				<Select.Trigger class="md:hidden flex w-fit" size="sm" id="view-selector">

/Users/alessandrojcm/repos/dhc-dashboard/src/routes/dashboard/members/+page.svelte:46:6
Error: Cannot find name 'Select'. (ts)
			<Select.Root {value} type="single" onValueChange={onTabChange}>
				<Select.Trigger class="md:hidden flex w-fit" size="sm" id="view-selector">
					{viewLabel}

/Users/alessandrojcm/repos/dhc-dashboard/src/routes/dashboard/members/+page.svelte:47:7
Error: Cannot find name 'viewLabel'. (ts)
				<Select.Trigger class="md:hidden flex w-fit" size="sm" id="view-selector">
					{viewLabel}
				</Select.Trigger>

/Users/alessandrojcm/repos/dhc-dashboard/src/routes/dashboard/members/+page.svelte:48:7
Error: Cannot find name 'Select'. (ts)
					{viewLabel}
				</Select.Trigger>
				<Select.Content>

/Users/alessandrojcm/repos/dhc-dashboard/src/routes/dashboard/members/+page.svelte:49:6
Error: Cannot find name 'Select'. (ts)
				</Select.Trigger>
				<Select.Content>
					{#each views as view (view.id)}

/Users/alessandrojcm/repos/dhc-dashboard/src/routes/dashboard/members/+page.svelte:51:8
Error: Cannot find name 'Select'. (ts)
					{#each views as view (view.id)}
						<Select.Item value={view.id}>{view.label}</Select.Item>
					{/each}

/Users/alessandrojcm/repos/dhc-dashboard/src/routes/dashboard/members/+page.svelte:51:50
Error: Cannot find name 'Select'. (ts)
					{#each views as view (view.id)}
						<Select.Item value={view.id}>{view.label}</Select.Item>
					{/each}

/Users/alessandrojcm/repos/dhc-dashboard/src/routes/dashboard/members/+page.svelte:53:7
Error: Cannot find name 'Select'. (ts)
					{/each}
				</Select.Content>
			</Select.Root>

/Users/alessandrojcm/repos/dhc-dashboard/src/routes/dashboard/members/+page.svelte:54:6
Error: Cannot find name 'Select'. (ts)
				</Select.Content>
			</Select.Root>
			<List class="md:flex hidden">

/Users/alessandrojcm/repos/dhc-dashboard/src/routes/dashboard/members/+page.svelte:55:5
Error: Cannot find name 'List'. (ts)
			</Select.Root>
			<List class="md:flex hidden">
				<Trigger value="dashboard">Dashboard</Trigger>

/Users/alessandrojcm/repos/dhc-dashboard/src/routes/dashboard/members/+page.svelte:56:6
Error: Cannot find name 'Trigger'. (ts)
			<List class="md:flex hidden">
				<Trigger value="dashboard">Dashboard</Trigger>
				<Trigger value="members">Members list</Trigger>

/Users/alessandrojcm/repos/dhc-dashboard/src/routes/dashboard/members/+page.svelte:56:43
Error: Cannot find name 'Trigger'. (ts)
			<List class="md:flex hidden">
				<Trigger value="dashboard">Dashboard</Trigger>
				<Trigger value="members">Members list</Trigger>

/Users/alessandrojcm/repos/dhc-dashboard/src/routes/dashboard/members/+page.svelte:57:6
Error: Cannot find name 'Trigger'. (ts)
				<Trigger value="dashboard">Dashboard</Trigger>
				<Trigger value="members">Members list</Trigger>
				<Trigger value="invitations">Invitations</Trigger>

/Users/alessandrojcm/repos/dhc-dashboard/src/routes/dashboard/members/+page.svelte:57:44
Error: Cannot find name 'Trigger'. (ts)
				<Trigger value="dashboard">Dashboard</Trigger>
				<Trigger value="members">Members list</Trigger>
				<Trigger value="invitations">Invitations</Trigger>

/Users/alessandrojcm/repos/dhc-dashboard/src/routes/dashboard/members/+page.svelte:58:6
Error: Cannot find name 'Trigger'. (ts)
				<Trigger value="members">Members list</Trigger>
				<Trigger value="invitations">Invitations</Trigger>
			</List>

/Users/alessandrojcm/repos/dhc-dashboard/src/routes/dashboard/members/+page.svelte:58:47
Error: Cannot find name 'Trigger'. (ts)
				<Trigger value="members">Members list</Trigger>
				<Trigger value="invitations">Invitations</Trigger>
			</List>

/Users/alessandrojcm/repos/dhc-dashboard/src/routes/dashboard/members/+page.svelte:59:6
Error: Cannot find name 'List'. (ts)
				<Trigger value="invitations">Invitations</Trigger>
			</List>

/Users/alessandrojcm/repos/dhc-dashboard/src/routes/dashboard/members/+page.svelte:62:6
Error: Cannot find name 'InviteDrawer'. (ts)
			{#if data.canEditSettings}
				<InviteDrawer supabase={data.supabase} />
			{/if}

/Users/alessandrojcm/repos/dhc-dashboard/src/routes/dashboard/members/+page.svelte:65:4
Error: Cannot find name 'Content'. (ts)
		</div>
		<Content value="dashboard">
			<Analytics supabase={data.supabase} />

/Users/alessandrojcm/repos/dhc-dashboard/src/routes/dashboard/members/+page.svelte:66:5
Error: Cannot find name 'Analytics'. (ts)
		<Content value="dashboard">
			<Analytics supabase={data.supabase} />
		</Content>

/Users/alessandrojcm/repos/dhc-dashboard/src/routes/dashboard/members/+page.svelte:67:5
Error: Cannot find name 'Content'. (ts)
			<Analytics supabase={data.supabase} />
		</Content>
		<Content value="members">

/Users/alessandrojcm/repos/dhc-dashboard/src/routes/dashboard/members/+page.svelte:68:4
Error: Cannot find name 'Content'. (ts)
		</Content>
		<Content value="members">
			<MembersTable supabase={data.supabase} />

/Users/alessandrojcm/repos/dhc-dashboard/src/routes/dashboard/members/+page.svelte:69:5
Error: Cannot find name 'MembersTable'. (ts)
		<Content value="members">
			<MembersTable supabase={data.supabase} />
		</Content>

/Users/alessandrojcm/repos/dhc-dashboard/src/routes/dashboard/members/+page.svelte:70:5
Error: Cannot find name 'Content'. (ts)
			<MembersTable supabase={data.supabase} />
		</Content>
		<Content value="invitations">

/Users/alessandrojcm/repos/dhc-dashboard/src/routes/dashboard/members/+page.svelte:71:4
Error: Cannot find name 'Content'. (ts)
		</Content>
		<Content value="invitations">
			<InvitationsTable supabase={data.supabase} />

/Users/alessandrojcm/repos/dhc-dashboard/src/routes/dashboard/members/+page.svelte:72:5
Error: Cannot find name 'InvitationsTable'. (ts)
		<Content value="invitations">
			<InvitationsTable supabase={data.supabase} />
		</Content>

/Users/alessandrojcm/repos/dhc-dashboard/src/routes/dashboard/members/+page.svelte:73:5
Error: Cannot find name 'Content'. (ts)
			<InvitationsTable supabase={data.supabase} />
		</Content>
	</Root>

/Users/alessandrojcm/repos/dhc-dashboard/src/routes/dashboard/members/+page.svelte:74:4
Error: Cannot find name 'Root'. (ts)
		</Content>
	</Root>
</div>

/Users/alessandrojcm/repos/dhc-dashboard/src/routes/dashboard/members/invitation-actions.svelte:11:3
Error: Cannot find name 'CopyButton'. (ts)
<div class="flex gap-1">
	<CopyButton text={invitationLink} label="Copy invitation link" />
	<Tooltip.Root>

/Users/alessandrojcm/repos/dhc-dashboard/src/routes/dashboard/members/invitation-actions.svelte:12:3
Error: Cannot find name 'Tooltip'. (ts)
	<CopyButton text={invitationLink} label="Copy invitation link" />
	<Tooltip.Root>
		<Tooltip.Trigger>

/Users/alessandrojcm/repos/dhc-dashboard/src/routes/dashboard/members/invitation-actions.svelte:13:4
Error: Cannot find name 'Tooltip'. (ts)
	<Tooltip.Root>
		<Tooltip.Trigger>
			<Button

/Users/alessandrojcm/repos/dhc-dashboard/src/routes/dashboard/members/invitation-actions.svelte:14:5
Error: Cannot find name 'Button'. (ts)
		<Tooltip.Trigger>
			<Button
				variant="ghost"

/Users/alessandrojcm/repos/dhc-dashboard/src/routes/dashboard/members/invitation-actions.svelte:20:6
Error: Cannot find name 'SendIcon'. (ts)
			>
				<SendIcon class="h-4 w-4" />
			</Button>

/Users/alessandrojcm/repos/dhc-dashboard/src/routes/dashboard/members/invitation-actions.svelte:21:6
Error: Cannot find name 'Button'. (ts)
				<SendIcon class="h-4 w-4" />
			</Button>
		</Tooltip.Trigger>

/Users/alessandrojcm/repos/dhc-dashboard/src/routes/dashboard/members/invitation-actions.svelte:22:5
Error: Cannot find name 'Tooltip'. (ts)
			</Button>
		</Tooltip.Trigger>
		<Tooltip.Content>Resend invitation email</Tooltip.Content>

/Users/alessandrojcm/repos/dhc-dashboard/src/routes/dashboard/members/invitation-actions.svelte:23:4
Error: Cannot find name 'Tooltip'. (ts)
		</Tooltip.Trigger>
		<Tooltip.Content>Resend invitation email</Tooltip.Content>
	</Tooltip.Root>

/Users/alessandrojcm/repos/dhc-dashboard/src/routes/dashboard/members/invitation-actions.svelte:23:45
Error: Cannot find name 'Tooltip'. (ts)
		</Tooltip.Trigger>
		<Tooltip.Content>Resend invitation email</Tooltip.Content>
	</Tooltip.Root>

/Users/alessandrojcm/repos/dhc-dashboard/src/routes/dashboard/members/invitation-actions.svelte:24:4
Error: Cannot find name 'Tooltip'. (ts)
		<Tooltip.Content>Resend invitation email</Tooltip.Content>
	</Tooltip.Root>
	<Tooltip.Root>

/Users/alessandrojcm/repos/dhc-dashboard/src/routes/dashboard/members/invitation-actions.svelte:25:3
Error: Cannot find name 'Tooltip'. (ts)
	</Tooltip.Root>
	<Tooltip.Root>
		<Tooltip.Trigger>

/Users/alessandrojcm/repos/dhc-dashboard/src/routes/dashboard/members/invitation-actions.svelte:26:4
Error: Cannot find name 'Tooltip'. (ts)
	<Tooltip.Root>
		<Tooltip.Trigger>
			<Button

/Users/alessandrojcm/repos/dhc-dashboard/src/routes/dashboard/members/invitation-actions.svelte:27:5
Error: Cannot find name 'Button'. (ts)
		<Tooltip.Trigger>
			<Button
				variant="ghost"

/Users/alessandrojcm/repos/dhc-dashboard/src/routes/dashboard/members/invitation-actions.svelte:33:6
Error: Cannot find name 'Trash2'. (ts)
			>
				<Trash2 class="h-4 w-4" />
			</Button>

/Users/alessandrojcm/repos/dhc-dashboard/src/routes/dashboard/members/invitation-actions.svelte:34:6
Error: Cannot find name 'Button'. (ts)
				<Trash2 class="h-4 w-4" />
			</Button>
		</Tooltip.Trigger>

/Users/alessandrojcm/repos/dhc-dashboard/src/routes/dashboard/members/invitation-actions.svelte:35:5
Error: Cannot find name 'Tooltip'. (ts)
			</Button>
		</Tooltip.Trigger>
		<Tooltip.Content>Delete invitation</Tooltip.Content>

/Users/alessandrojcm/repos/dhc-dashboard/src/routes/dashboard/members/invitation-actions.svelte:36:4
Error: Cannot find name 'Tooltip'. (ts)
		</Tooltip.Trigger>
		<Tooltip.Content>Delete invitation</Tooltip.Content>
	</Tooltip.Root>

/Users/alessandrojcm/repos/dhc-dashboard/src/routes/dashboard/members/invitation-actions.svelte:36:39
Error: Cannot find name 'Tooltip'. (ts)
		</Tooltip.Trigger>
		<Tooltip.Content>Delete invitation</Tooltip.Content>
	</Tooltip.Root>

/Users/alessandrojcm/repos/dhc-dashboard/src/routes/dashboard/members/invitation-actions.svelte:37:4
Error: Cannot find name 'Tooltip'. (ts)
		<Tooltip.Content>Delete invitation</Tooltip.Content>
	</Tooltip.Root>
</div>

/Users/alessandrojcm/repos/dhc-dashboard/src/routes/dashboard/members/invitations-table.svelte:361:3
Error: Cannot find name 'Input'. (ts)
<div class="flex w-full items-center space-x-2 mb-2 p-2">
	<Input
		value={searchQuery}

/Users/alessandrojcm/repos/dhc-dashboard/src/routes/dashboard/members/invitations-table.svelte:364:4
Error: Cannot find name 'onSearchChange'. (ts)
		onchange={(t: Event & { currentTarget: EventTarget & HTMLInputElement }) =>
			onSearchChange(t.currentTarget.value)}
		placeholder="Search members"

/Users/alessandrojcm/repos/dhc-dashboard/src/routes/dashboard/members/invitations-table.svelte:370:4
Error: Cannot find name 'Button'. (ts)
	{#if searchQuery !== ''}
		<Button variant="ghost" type="button" onclick={() => onSearchChange('')}>
			<Cross2 />

/Users/alessandrojcm/repos/dhc-dashboard/src/routes/dashboard/members/invitations-table.svelte:370:56
Error: Cannot find name 'onSearchChange'. (ts)
	{#if searchQuery !== ''}
		<Button variant="ghost" type="button" onclick={() => onSearchChange('')}>
			<Cross2 />

/Users/alessandrojcm/repos/dhc-dashboard/src/routes/dashboard/members/invitations-table.svelte:371:5
Error: Cannot find name 'Cross2'. (ts)
		<Button variant="ghost" type="button" onclick={() => onSearchChange('')}>
			<Cross2 />
		</Button>

/Users/alessandrojcm/repos/dhc-dashboard/src/routes/dashboard/members/invitations-table.svelte:372:5
Error: Cannot find name 'Button'. (ts)
			<Cross2 />
		</Button>
	{/if}

/Users/alessandrojcm/repos/dhc-dashboard/src/routes/dashboard/members/invitations-table.svelte:375:4
Error: Cannot find name 'LoaderCircle'. (ts)
	{#if invitationsQuery.isFetching}
		<LoaderCircle />
	{/if}

/Users/alessandrojcm/repos/dhc-dashboard/src/routes/dashboard/members/invitations-table.svelte:379:4
Error: Cannot find name 'ButtonGroup'. (ts)
	<div class="flex items-center justify-between ml-auto">
		<ButtonGroup.Root>
			<!-- Bulk Resend Button -->

/Users/alessandrojcm/repos/dhc-dashboard/src/routes/dashboard/members/invitations-table.svelte:381:5
Error: Cannot find name 'Button'. (ts)
			<!-- Bulk Resend Button -->
			<Button
				variant="outline"

/Users/alessandrojcm/repos/dhc-dashboard/src/routes/dashboard/members/invitations-table.svelte:384:15
Error: Cannot find name 'bulkResendInvitations'. (ts)
				size="sm"
				disabled={bulkResendInvitations.isPending || selectedRows.size === 0}
				onclick={() => bulkResendInvitations.mutate(selectedRowsArray)}

/Users/alessandrojcm/repos/dhc-dashboard/src/routes/dashboard/members/invitations-table.svelte:385:20
Error: Cannot find name 'bulkResendInvitations'. (ts)
				disabled={bulkResendInvitations.isPending || selectedRows.size === 0}
				onclick={() => bulkResendInvitations.mutate(selectedRowsArray)}
				class="flex items-center gap-2"

/Users/alessandrojcm/repos/dhc-dashboard/src/routes/dashboard/members/invitations-table.svelte:385:49
Error: Cannot find name 'selectedRowsArray'. (ts)
				disabled={bulkResendInvitations.isPending || selectedRows.size === 0}
				onclick={() => bulkResendInvitations.mutate(selectedRowsArray)}
				class="flex items-center gap-2"

/Users/alessandrojcm/repos/dhc-dashboard/src/routes/dashboard/members/invitations-table.svelte:388:6
Error: Cannot find name 'SendIcon'. (ts)
			>
				<SendIcon class="h-4 w-4" />
				<span class="hidden sm:inline">

/Users/alessandrojcm/repos/dhc-dashboard/src/routes/dashboard/members/invitations-table.svelte:390:7
Error: Cannot find name 'bulkResendInvitations'. (ts)
				<span class="hidden sm:inline">
					{bulkResendInvitations.isPending
						? 'Sending...'

/Users/alessandrojcm/repos/dhc-dashboard/src/routes/dashboard/members/invitations-table.svelte:394:6
Error: Cannot find name 'Button'. (ts)
				</span>
			</Button>

/Users/alessandrojcm/repos/dhc-dashboard/src/routes/dashboard/members/invitations-table.svelte:397:5
Error: Cannot find name 'Button'. (ts)
			<!-- Bulk Delete Button -->
			<Button
				variant="destructive"

/Users/alessandrojcm/repos/dhc-dashboard/src/routes/dashboard/members/invitations-table.svelte:400:15
Error: Cannot find name 'bulkDeleteInvitations'. (ts)
				size="sm"
				disabled={bulkDeleteInvitations.isPending || selectedRows.size === 0}
				onclick={() => bulkDeleteInvitations.mutate(selectedRowsArray)}

/Users/alessandrojcm/repos/dhc-dashboard/src/routes/dashboard/members/invitations-table.svelte:401:20
Error: Cannot find name 'bulkDeleteInvitations'. (ts)
				disabled={bulkDeleteInvitations.isPending || selectedRows.size === 0}
				onclick={() => bulkDeleteInvitations.mutate(selectedRowsArray)}
				class="flex items-center gap-2"

/Users/alessandrojcm/repos/dhc-dashboard/src/routes/dashboard/members/invitations-table.svelte:401:49
Error: Cannot find name 'selectedRowsArray'. (ts)
				disabled={bulkDeleteInvitations.isPending || selectedRows.size === 0}
				onclick={() => bulkDeleteInvitations.mutate(selectedRowsArray)}
				class="flex items-center gap-2"

/Users/alessandrojcm/repos/dhc-dashboard/src/routes/dashboard/members/invitations-table.svelte:404:6
Error: Cannot find name 'Trash2'. (ts)
			>
				<Trash2 class="h-4 w-4" />
				<span class="hidden sm:inline">

/Users/alessandrojcm/repos/dhc-dashboard/src/routes/dashboard/members/invitations-table.svelte:406:7
Error: Cannot find name 'bulkDeleteInvitations'. (ts)
				<span class="hidden sm:inline">
					{bulkDeleteInvitations.isPending
						? 'Deleting...'

/Users/alessandrojcm/repos/dhc-dashboard/src/routes/dashboard/members/invitations-table.svelte:410:6
Error: Cannot find name 'Button'. (ts)
				</span>
			</Button>
		</ButtonGroup.Root>

/Users/alessandrojcm/repos/dhc-dashboard/src/routes/dashboard/members/invitations-table.svelte:411:5
Error: Cannot find name 'ButtonGroup'. (ts)
			</Button>
		</ButtonGroup.Root>
	</div>

/Users/alessandrojcm/repos/dhc-dashboard/src/routes/dashboard/members/invitations-table.svelte:417:3
Error: Cannot find name 'Table'. (ts)
<div class="hidden md:block overflow-x-auto overflow-y-auto h-[65svh]">
	<Table.Root class="w-full">
		<Table.Header class="sticky top-0 z-10 bg-white">

/Users/alessandrojcm/repos/dhc-dashboard/src/routes/dashboard/members/invitations-table.svelte:418:4
Error: Cannot find name 'Table'. (ts)
	<Table.Root class="w-full">
		<Table.Header class="sticky top-0 z-10 bg-white">
			{#each table.getHeaderGroups() as headerGroup (headerGroup.id)}

/Users/alessandrojcm/repos/dhc-dashboard/src/routes/dashboard/members/invitations-table.svelte:420:6
Error: Cannot find name 'Table'. (ts)
			{#each table.getHeaderGroups() as headerGroup (headerGroup.id)}
				<Table.Row>
					{#each headerGroup.headers as header (header.id)}

/Users/alessandrojcm/repos/dhc-dashboard/src/routes/dashboard/members/invitations-table.svelte:422:8
Error: Cannot find name 'Table'. (ts)
					{#each headerGroup.headers as header (header.id)}
						<Table.Head class="text-black prose prose-p text-xs md:text-sm font-medium p-2">
							<FlexRender

/Users/alessandrojcm/repos/dhc-dashboard/src/routes/dashboard/members/invitations-table.svelte:423:9
Error: Cannot find name 'FlexRender'. (ts)
						<Table.Head class="text-black prose prose-p text-xs md:text-sm font-medium p-2">
							<FlexRender
								content={header.column.columnDef.header ?? ''}

/Users/alessandrojcm/repos/dhc-dashboard/src/routes/dashboard/members/invitations-table.svelte:427:9
Error: Cannot find name 'Table'. (ts)
							/>
						</Table.Head>
					{/each}

/Users/alessandrojcm/repos/dhc-dashboard/src/routes/dashboard/members/invitations-table.svelte:429:7
Error: Cannot find name 'Table'. (ts)
					{/each}
				</Table.Row>
			{/each}

/Users/alessandrojcm/repos/dhc-dashboard/src/routes/dashboard/members/invitations-table.svelte:431:5
Error: Cannot find name 'Table'. (ts)
			{/each}
		</Table.Header>
		<Table.Body>

/Users/alessandrojcm/repos/dhc-dashboard/src/routes/dashboard/members/invitations-table.svelte:432:4
Error: Cannot find name 'Table'. (ts)
		</Table.Header>
		<Table.Body>
			{#each table.getRowModel().rows as row (row.id)}

/Users/alessandrojcm/repos/dhc-dashboard/src/routes/dashboard/members/invitations-table.svelte:434:6
Error: Cannot find name 'Table'. (ts)
			{#each table.getRowModel().rows as row (row.id)}
				<Table.Row>
					{#each row.getVisibleCells() as cell (cell.id)}

/Users/alessandrojcm/repos/dhc-dashboard/src/routes/dashboard/members/invitations-table.svelte:436:8
Error: Cannot find name 'Table'. (ts)
					{#each row.getVisibleCells() as cell (cell.id)}
						<Table.Cell
							class="whitespace-normal md:whitespace-nowrap py-2 md:py-4 px-2 md:px-3 text-xs md:text-sm prose prose-p"

/Users/alessandrojcm/repos/dhc-dashboard/src/routes/dashboard/members/invitations-table.svelte:439:9
Error: Cannot find name 'FlexRender'. (ts)
						>
							<FlexRender content={cell.column.columnDef.cell} context={cell.getContext()} />
						</Table.Cell>

/Users/alessandrojcm/repos/dhc-dashboard/src/routes/dashboard/members/invitations-table.svelte:440:9
Error: Cannot find name 'Table'. (ts)
							<FlexRender content={cell.column.columnDef.cell} context={cell.getContext()} />
						</Table.Cell>
					{/each}

/Users/alessandrojcm/repos/dhc-dashboard/src/routes/dashboard/members/invitations-table.svelte:442:7
Error: Cannot find name 'Table'. (ts)
					{/each}
				</Table.Row>
			{/each}

/Users/alessandrojcm/repos/dhc-dashboard/src/routes/dashboard/members/invitations-table.svelte:444:5
Error: Cannot find name 'Table'. (ts)
			{/each}
		</Table.Body>
	</Table.Root>

/Users/alessandrojcm/repos/dhc-dashboard/src/routes/dashboard/members/invitations-table.svelte:445:4
Error: Cannot find name 'Table'. (ts)
		</Table.Body>
	</Table.Root>
</div>

/Users/alessandrojcm/repos/dhc-dashboard/src/routes/dashboard/members/invitations-table.svelte:466:7
Error: Cannot find name 'Button'. (ts)
				<div class="flex items-center space-x-2 mb-3">
					<Button
						variant="ghost"

/Users/alessandrojcm/repos/dhc-dashboard/src/routes/dashboard/members/invitations-table.svelte:479:8
Error: Cannot find name 'SendIcon'. (ts)
					>
						<SendIcon class="h-4 w-4" />
					</Button>

/Users/alessandrojcm/repos/dhc-dashboard/src/routes/dashboard/members/invitations-table.svelte:480:8
Error: Cannot find name 'Button'. (ts)
						<SendIcon class="h-4 w-4" />
					</Button>
				</div>

/Users/alessandrojcm/repos/dhc-dashboard/src/routes/dashboard/members/invitations-table.svelte:528:4
Error: Cannot find name 'Select'. (ts)
		<p class="text-sm text-muted-foreground">Elements per page</p>
		<Select.Root
			type="single"

/Users/alessandrojcm/repos/dhc-dashboard/src/routes/dashboard/members/invitations-table.svelte:531:20
Error: Parameter 'value' implicitly has an 'any' type. (ts)
			value={pageSize.toString()}
			onValueChange={(value) => onPaginationChange({ pageSize: Number(value) })}
		>

/Users/alessandrojcm/repos/dhc-dashboard/src/routes/dashboard/members/invitations-table.svelte:533:5
Error: Cannot find name 'Select'. (ts)
		>
			<Select.Trigger class="w-16 h-8">{pageSize}</Select.Trigger>
			<Select.Content>

/Users/alessandrojcm/repos/dhc-dashboard/src/routes/dashboard/members/invitations-table.svelte:533:49
Error: Cannot find name 'Select'. (ts)
		>
			<Select.Trigger class="w-16 h-8">{pageSize}</Select.Trigger>
			<Select.Content>

/Users/alessandrojcm/repos/dhc-dashboard/src/routes/dashboard/members/invitations-table.svelte:534:5
Error: Cannot find name 'Select'. (ts)
			<Select.Trigger class="w-16 h-8">{pageSize}</Select.Trigger>
			<Select.Content>
				{#each pageSizeOptions as pageSizeOption}

/Users/alessandrojcm/repos/dhc-dashboard/src/routes/dashboard/members/invitations-table.svelte:535:12
Error: Cannot find name 'pageSizeOptions'. (ts)
			<Select.Content>
				{#each pageSizeOptions as pageSizeOption}
					<Select.Item value={pageSizeOption.toString()}>

/Users/alessandrojcm/repos/dhc-dashboard/src/routes/dashboard/members/invitations-table.svelte:536:7
Error: Cannot find name 'Select'. (ts)
				{#each pageSizeOptions as pageSizeOption}
					<Select.Item value={pageSizeOption.toString()}>
						{pageSizeOption}

/Users/alessandrojcm/repos/dhc-dashboard/src/routes/dashboard/members/invitations-table.svelte:538:8
Error: Cannot find name 'Select'. (ts)
						{pageSizeOption}
					</Select.Item>
				{/each}

/Users/alessandrojcm/repos/dhc-dashboard/src/routes/dashboard/members/invitations-table.svelte:540:6
Error: Cannot find name 'Select'. (ts)
				{/each}
			</Select.Content>
		</Select.Root>

/Users/alessandrojcm/repos/dhc-dashboard/src/routes/dashboard/members/invitations-table.svelte:541:5
Error: Cannot find name 'Select'. (ts)
			</Select.Content>
		</Select.Root>
	</div>

/Users/alessandrojcm/repos/dhc-dashboard/src/routes/dashboard/members/invitations-table.svelte:544:4
Error: Cannot find name 'Pagination'. (ts)
	<div class="w-full md:w-auto flex justify-center md:justify-end">
		<Pagination.Root
			count={invitationsQuery?.data?.count ?? 0}

/Users/alessandrojcm/repos/dhc-dashboard/src/routes/dashboard/members/invitations-table.svelte:548:19
Error: Parameter 'page' implicitly has an 'any' type. (ts)
			page={currentPage + 1}
			onPageChange={(page) => table.setPageIndex(page - 1)}
			class="m-0"

/Users/alessandrojcm/repos/dhc-dashboard/src/routes/dashboard/members/invitations-table.svelte:551:25
Error: Binding element 'pages' implicitly has an 'any' type. (ts)
		>
			{#snippet children({ pages, currentPage })}
				<Pagination.Content>

/Users/alessandrojcm/repos/dhc-dashboard/src/routes/dashboard/members/invitations-table.svelte:551:32
Error: Binding element 'currentPage' implicitly has an 'any' type. (ts)
		>
			{#snippet children({ pages, currentPage })}
				<Pagination.Content>

/Users/alessandrojcm/repos/dhc-dashboard/src/routes/dashboard/members/invitations-table.svelte:552:6
Error: Cannot find name 'Pagination'. (ts)
			{#snippet children({ pages, currentPage })}
				<Pagination.Content>
					<Pagination.Item>

/Users/alessandrojcm/repos/dhc-dashboard/src/routes/dashboard/members/invitations-table.svelte:553:7
Error: Cannot find name 'Pagination'. (ts)
				<Pagination.Content>
					<Pagination.Item>
						<Pagination.PrevButton />

/Users/alessandrojcm/repos/dhc-dashboard/src/routes/dashboard/members/invitations-table.svelte:554:8
Error: Cannot find name 'Pagination'. (ts)
					<Pagination.Item>
						<Pagination.PrevButton />
					</Pagination.Item>

/Users/alessandrojcm/repos/dhc-dashboard/src/routes/dashboard/members/invitations-table.svelte:555:8
Error: Cannot find name 'Pagination'. (ts)
						<Pagination.PrevButton />
					</Pagination.Item>
					{#each pages as page (page.key)}

/Users/alessandrojcm/repos/dhc-dashboard/src/routes/dashboard/members/invitations-table.svelte:558:9
Error: Cannot find name 'Pagination'. (ts)
						{#if page.type === 'ellipsis'}
							<Pagination.Item class="hidden sm:block">
								<Pagination.Ellipsis />

/Users/alessandrojcm/repos/dhc-dashboard/src/routes/dashboard/members/invitations-table.svelte:559:10
Error: Cannot find name 'Pagination'. (ts)
							<Pagination.Item class="hidden sm:block">
								<Pagination.Ellipsis />
							</Pagination.Item>

/Users/alessandrojcm/repos/dhc-dashboard/src/routes/dashboard/members/invitations-table.svelte:560:10
Error: Cannot find name 'Pagination'. (ts)
								<Pagination.Ellipsis />
							</Pagination.Item>
						{:else}

/Users/alessandrojcm/repos/dhc-dashboard/src/routes/dashboard/members/invitations-table.svelte:562:9
Error: Cannot find name 'Pagination'. (ts)
						{:else}
							<Pagination.Item
								class={page.value !== currentPage &&

/Users/alessandrojcm/repos/dhc-dashboard/src/routes/dashboard/members/invitations-table.svelte:569:10
Error: Cannot find name 'Pagination'. (ts)
							>
								<Pagination.Link {page} isActive={currentPage === page.value}>
									{page.value}

/Users/alessandrojcm/repos/dhc-dashboard/src/routes/dashboard/members/invitations-table.svelte:571:11
Error: Cannot find name 'Pagination'. (ts)
									{page.value}
								</Pagination.Link>
							</Pagination.Item>

/Users/alessandrojcm/repos/dhc-dashboard/src/routes/dashboard/members/invitations-table.svelte:572:10
Error: Cannot find name 'Pagination'. (ts)
								</Pagination.Link>
							</Pagination.Item>
						{/if}

/Users/alessandrojcm/repos/dhc-dashboard/src/routes/dashboard/members/invitations-table.svelte:575:7
Error: Cannot find name 'Pagination'. (ts)
					{/each}
					<Pagination.Item>
						<Pagination.NextButton />

/Users/alessandrojcm/repos/dhc-dashboard/src/routes/dashboard/members/invitations-table.svelte:576:8
Error: Cannot find name 'Pagination'. (ts)
					<Pagination.Item>
						<Pagination.NextButton />
					</Pagination.Item>

/Users/alessandrojcm/repos/dhc-dashboard/src/routes/dashboard/members/invitations-table.svelte:577:8
Error: Cannot find name 'Pagination'. (ts)
						<Pagination.NextButton />
					</Pagination.Item>
				</Pagination.Content>

/Users/alessandrojcm/repos/dhc-dashboard/src/routes/dashboard/members/invitations-table.svelte:578:7
Error: Cannot find name 'Pagination'. (ts)
					</Pagination.Item>
				</Pagination.Content>
			{/snippet}

/Users/alessandrojcm/repos/dhc-dashboard/src/routes/dashboard/members/invitations-table.svelte:580:5
Error: Cannot find name 'Pagination'. (ts)
			{/snippet}
		</Pagination.Root>
	</div>

/Users/alessandrojcm/repos/dhc-dashboard/src/routes/dashboard/members/invite-drawer.svelte:208:55
Error: `$dobProxy` is an illegal variable name. To reference a global variable called `$dobProxy`, use `globalThis.$dobProxy`
https://svelte.dev/e/global_reference_invalid (svelte)
							/>
							<input id="dobInput" type="date" hidden value={$dobProxy} name={props.name} />
						{/snippet}

/Users/alessandrojcm/repos/dhc-dashboard/src/routes/dashboard/members/invite-drawer.svelte:126:2
Error: Cannot find name 'Button'. (ts)

<Button variant="outline" onclick={() => (isOpen = true)}>Invite Members</Button>

/Users/alessandrojcm/repos/dhc-dashboard/src/routes/dashboard/members/invite-drawer.svelte:126:43
Error: Cannot find name 'isOpen'. (ts)

<Button variant="outline" onclick={() => (isOpen = true)}>Invite Members</Button>

/Users/alessandrojcm/repos/dhc-dashboard/src/routes/dashboard/members/invite-drawer.svelte:126:75
Error: Cannot find name 'Button'. (ts)

<Button variant="outline" onclick={() => (isOpen = true)}>Invite Members</Button>

/Users/alessandrojcm/repos/dhc-dashboard/src/routes/dashboard/members/invite-drawer.svelte:128:2
Error: Cannot find name 'Sheet'. (ts)

<Sheet.Root bind:open={isOpen}>
	<Sheet.Content class="w-[400px] sm:w-[540px] p-4 scroll-smooth" side="right">

/Users/alessandrojcm/repos/dhc-dashboard/src/routes/dashboard/members/invite-drawer.svelte:128:24
Error: Cannot find name 'isOpen'. (ts)

<Sheet.Root bind:open={isOpen}>
	<Sheet.Content class="w-[400px] sm:w-[540px] p-4 scroll-smooth" side="right">

/Users/alessandrojcm/repos/dhc-dashboard/src/routes/dashboard/members/invite-drawer.svelte:129:3
Error: Cannot find name 'Sheet'. (ts)
<Sheet.Root bind:open={isOpen}>
	<Sheet.Content class="w-[400px] sm:w-[540px] p-4 scroll-smooth" side="right">
		<Sheet.Header>

/Users/alessandrojcm/repos/dhc-dashboard/src/routes/dashboard/members/invite-drawer.svelte:130:4
Error: Cannot find name 'Sheet'. (ts)
	<Sheet.Content class="w-[400px] sm:w-[540px] p-4 scroll-smooth" side="right">
		<Sheet.Header>
			<Sheet.Title>Invite Members</Sheet.Title>

/Users/alessandrojcm/repos/dhc-dashboard/src/routes/dashboard/members/invite-drawer.svelte:131:5
Error: Cannot find name 'Sheet'. (ts)
		<Sheet.Header>
			<Sheet.Title>Invite Members</Sheet.Title>
			<Sheet.Description

/Users/alessandrojcm/repos/dhc-dashboard/src/routes/dashboard/members/invite-drawer.svelte:131:33
Error: Cannot find name 'Sheet'. (ts)
		<Sheet.Header>
			<Sheet.Title>Invite Members</Sheet.Title>
			<Sheet.Description

/Users/alessandrojcm/repos/dhc-dashboard/src/routes/dashboard/members/invite-drawer.svelte:132:5
Error: Cannot find name 'Sheet'. (ts)
			<Sheet.Title>Invite Members</Sheet.Title>
			<Sheet.Description
				>Add new members to the club by sending them invitations.

/Users/alessandrojcm/repos/dhc-dashboard/src/routes/dashboard/members/invite-drawer.svelte:134:6
Error: Cannot find name 'Sheet'. (ts)
				>Add new members to the club by sending them invitations.
			</Sheet.Description>
		</Sheet.Header>

/Users/alessandrojcm/repos/dhc-dashboard/src/routes/dashboard/members/invite-drawer.svelte:135:5
Error: Cannot find name 'Sheet'. (ts)
			</Sheet.Description>
		</Sheet.Header>

/Users/alessandrojcm/repos/dhc-dashboard/src/routes/dashboard/members/invite-drawer.svelte:141:7
Error: Cannot find name 'Alert'. (ts)
				{#if $bulkMessage}
					<Alert variant={$bulkMessage.success ? 'success' : 'destructive'}>
						<Info class="h-4 w-4" />

/Users/alessandrojcm/repos/dhc-dashboard/src/routes/dashboard/members/invite-drawer.svelte:142:8
Error: Cannot find name 'Info'. (ts)
					<Alert variant={$bulkMessage.success ? 'success' : 'destructive'}>
						<Info class="h-4 w-4" />
						<AlertTitle>

/Users/alessandrojcm/repos/dhc-dashboard/src/routes/dashboard/members/invite-drawer.svelte:143:8
Error: Cannot find name 'AlertTitle'. (ts)
						<Info class="h-4 w-4" />
						<AlertTitle>
							{$bulkMessage.success

/Users/alessandrojcm/repos/dhc-dashboard/src/routes/dashboard/members/invite-drawer.svelte:147:9
Error: Cannot find name 'AlertTitle'. (ts)
								: 'Something went wrong'}
						</AlertTitle>
						<AlertDescription>

/Users/alessandrojcm/repos/dhc-dashboard/src/routes/dashboard/members/invite-drawer.svelte:148:8
Error: Cannot find name 'AlertDescription'. (ts)
						</AlertTitle>
						<AlertDescription>
							{#if $bulkMessage.success}

/Users/alessandrojcm/repos/dhc-dashboard/src/routes/dashboard/members/invite-drawer.svelte:155:9
Error: Cannot find name 'AlertDescription'. (ts)
							{/if}
						</AlertDescription>
					</Alert>

/Users/alessandrojcm/repos/dhc-dashboard/src/routes/dashboard/members/invite-drawer.svelte:156:8
Error: Cannot find name 'Alert'. (ts)
						</AlertDescription>
					</Alert>
				{/if}

/Users/alessandrojcm/repos/dhc-dashboard/src/routes/dashboard/members/invite-drawer.svelte:161:7
Error: Cannot find name 'Form'. (ts)
					<!-- First Name -->
					<Form.Field {form} name="firstName">
						<Form.Control>

/Users/alessandrojcm/repos/dhc-dashboard/src/routes/dashboard/members/invite-drawer.svelte:162:8
Error: Cannot find name 'Form'. (ts)
					<Form.Field {form} name="firstName">
						<Form.Control>
							{#snippet children({ props })}

/Users/alessandrojcm/repos/dhc-dashboard/src/routes/dashboard/members/invite-drawer.svelte:163:29
Error: Binding element 'props' implicitly has an 'any' type. (ts)
						<Form.Control>
							{#snippet children({ props })}
								<Form.Label>First Name</Form.Label>

/Users/alessandrojcm/repos/dhc-dashboard/src/routes/dashboard/members/invite-drawer.svelte:164:10
Error: Cannot find name 'Form'. (ts)
							{#snippet children({ props })}
								<Form.Label>First Name</Form.Label>
								<Input {...props} bind:value={$formData.firstName} />

/Users/alessandrojcm/repos/dhc-dashboard/src/routes/dashboard/members/invite-drawer.svelte:164:33
Error: Cannot find name 'Form'. (ts)
							{#snippet children({ props })}
								<Form.Label>First Name</Form.Label>
								<Input {...props} bind:value={$formData.firstName} />

/Users/alessandrojcm/repos/dhc-dashboard/src/routes/dashboard/members/invite-drawer.svelte:165:10
Error: Cannot find name 'Input'. (ts)
								<Form.Label>First Name</Form.Label>
								<Input {...props} bind:value={$formData.firstName} />
							{/snippet}

/Users/alessandrojcm/repos/dhc-dashboard/src/routes/dashboard/members/invite-drawer.svelte:167:9
Error: Cannot find name 'Form'. (ts)
							{/snippet}
						</Form.Control>
						<Form.FieldErrors />

/Users/alessandrojcm/repos/dhc-dashboard/src/routes/dashboard/members/invite-drawer.svelte:168:8
Error: Cannot find name 'Form'. (ts)
						</Form.Control>
						<Form.FieldErrors />
					</Form.Field>

/Users/alessandrojcm/repos/dhc-dashboard/src/routes/dashboard/members/invite-drawer.svelte:169:8
Error: Cannot find name 'Form'. (ts)
						<Form.FieldErrors />
					</Form.Field>

/Users/alessandrojcm/repos/dhc-dashboard/src/routes/dashboard/members/invite-drawer.svelte:172:7
Error: Cannot find name 'Form'. (ts)
					<!-- Last Name -->
					<Form.Field {form} name="lastName">
						<Form.Control>

/Users/alessandrojcm/repos/dhc-dashboard/src/routes/dashboard/members/invite-drawer.svelte:173:8
Error: Cannot find name 'Form'. (ts)
					<Form.Field {form} name="lastName">
						<Form.Control>
							{#snippet children({ props })}

/Users/alessandrojcm/repos/dhc-dashboard/src/routes/dashboard/members/invite-drawer.svelte:174:29
Error: Binding element 'props' implicitly has an 'any' type. (ts)
						<Form.Control>
							{#snippet children({ props })}
								<Form.Label>Last Name</Form.Label>

/Users/alessandrojcm/repos/dhc-dashboard/src/routes/dashboard/members/invite-drawer.svelte:175:10
Error: Cannot find name 'Form'. (ts)
							{#snippet children({ props })}
								<Form.Label>Last Name</Form.Label>
								<Input {...props} bind:value={$formData.lastName} />

/Users/alessandrojcm/repos/dhc-dashboard/src/routes/dashboard/members/invite-drawer.svelte:175:32
Error: Cannot find name 'Form'. (ts)
							{#snippet children({ props })}
								<Form.Label>Last Name</Form.Label>
								<Input {...props} bind:value={$formData.lastName} />

/Users/alessandrojcm/repos/dhc-dashboard/src/routes/dashboard/members/invite-drawer.svelte:176:10
Error: Cannot find name 'Input'. (ts)
								<Form.Label>Last Name</Form.Label>
								<Input {...props} bind:value={$formData.lastName} />
							{/snippet}

/Users/alessandrojcm/repos/dhc-dashboard/src/routes/dashboard/members/invite-drawer.svelte:178:9
Error: Cannot find name 'Form'. (ts)
							{/snippet}
						</Form.Control>
						<Form.FieldErrors />

/Users/alessandrojcm/repos/dhc-dashboard/src/routes/dashboard/members/invite-drawer.svelte:179:8
Error: Cannot find name 'Form'. (ts)
						</Form.Control>
						<Form.FieldErrors />
					</Form.Field>

/Users/alessandrojcm/repos/dhc-dashboard/src/routes/dashboard/members/invite-drawer.svelte:180:8
Error: Cannot find name 'Form'. (ts)
						<Form.FieldErrors />
					</Form.Field>
				</div>

/Users/alessandrojcm/repos/dhc-dashboard/src/routes/dashboard/members/invite-drawer.svelte:184:6
Error: Cannot find name 'Form'. (ts)
				<!-- Email -->
				<Form.Field {form} name="email">
					<Form.Control>

/Users/alessandrojcm/repos/dhc-dashboard/src/routes/dashboard/members/invite-drawer.svelte:185:7
Error: Cannot find name 'Form'. (ts)
				<Form.Field {form} name="email">
					<Form.Control>
						{#snippet children({ props })}

/Users/alessandrojcm/repos/dhc-dashboard/src/routes/dashboard/members/invite-drawer.svelte:186:28
Error: Binding element 'props' implicitly has an 'any' type. (ts)
					<Form.Control>
						{#snippet children({ props })}
							<Form.Label>Email</Form.Label>

/Users/alessandrojcm/repos/dhc-dashboard/src/routes/dashboard/members/invite-drawer.svelte:187:9
Error: Cannot find name 'Form'. (ts)
						{#snippet children({ props })}
							<Form.Label>Email</Form.Label>
							<Input {...props} type="email" bind:value={$formData.email} />

/Users/alessandrojcm/repos/dhc-dashboard/src/routes/dashboard/members/invite-drawer.svelte:187:27
Error: Cannot find name 'Form'. (ts)
						{#snippet children({ props })}
							<Form.Label>Email</Form.Label>
							<Input {...props} type="email" bind:value={$formData.email} />

/Users/alessandrojcm/repos/dhc-dashboard/src/routes/dashboard/members/invite-drawer.svelte:188:9
Error: Cannot find name 'Input'. (ts)
							<Form.Label>Email</Form.Label>
							<Input {...props} type="email" bind:value={$formData.email} />
						{/snippet}

/Users/alessandrojcm/repos/dhc-dashboard/src/routes/dashboard/members/invite-drawer.svelte:190:8
Error: Cannot find name 'Form'. (ts)
						{/snippet}
					</Form.Control>
					<Form.FieldErrors />

/Users/alessandrojcm/repos/dhc-dashboard/src/routes/dashboard/members/invite-drawer.svelte:191:7
Error: Cannot find name 'Form'. (ts)
					</Form.Control>
					<Form.FieldErrors />
				</Form.Field>

/Users/alessandrojcm/repos/dhc-dashboard/src/routes/dashboard/members/invite-drawer.svelte:192:7
Error: Cannot find name 'Form'. (ts)
					<Form.FieldErrors />
				</Form.Field>

/Users/alessandrojcm/repos/dhc-dashboard/src/routes/dashboard/members/invite-drawer.svelte:194:6
Error: Cannot find name 'Form'. (ts)

				<Form.Field {form} name="dateOfBirth">
					<Form.Control>

/Users/alessandrojcm/repos/dhc-dashboard/src/routes/dashboard/members/invite-drawer.svelte:195:7
Error: Cannot find name 'Form'. (ts)
				<Form.Field {form} name="dateOfBirth">
					<Form.Control>
						{#snippet children({ props })}

/Users/alessandrojcm/repos/dhc-dashboard/src/routes/dashboard/members/invite-drawer.svelte:196:28
Error: Binding element 'props' implicitly has an 'any' type. (ts)
					<Form.Control>
						{#snippet children({ props })}
							<Form.Label>Date of birth</Form.Label>

/Users/alessandrojcm/repos/dhc-dashboard/src/routes/dashboard/members/invite-drawer.svelte:197:9
Error: Cannot find name 'Form'. (ts)
						{#snippet children({ props })}
							<Form.Label>Date of birth</Form.Label>
							<DatePicker

/Users/alessandrojcm/repos/dhc-dashboard/src/routes/dashboard/members/invite-drawer.svelte:197:35
Error: Cannot find name 'Form'. (ts)
						{#snippet children({ props })}
							<Form.Label>Date of birth</Form.Label>
							<DatePicker

/Users/alessandrojcm/repos/dhc-dashboard/src/routes/dashboard/members/invite-drawer.svelte:198:9
Error: Cannot find name 'DatePicker'. (ts)
							<Form.Label>Date of birth</Form.Label>
							<DatePicker
								{...props}

/Users/alessandrojcm/repos/dhc-dashboard/src/routes/dashboard/members/invite-drawer.svelte:200:16
Error: Cannot find name 'dobValue'. (ts)
								{...props}
								value={dobValue}
								onDateChange={(date) => {

/Users/alessandrojcm/repos/dhc-dashboard/src/routes/dashboard/members/invite-drawer.svelte:201:24
Error: Parameter 'date' implicitly has an 'any' type. (ts)
								value={dobValue}
								onDateChange={(date) => {
									if (!date) {

/Users/alessandrojcm/repos/dhc-dashboard/src/routes/dashboard/members/invite-drawer.svelte:208:55
Error: Cannot find name '$dobProxy'. (ts)
							/>
							<input id="dobInput" type="date" hidden value={$dobProxy} name={props.name} />
						{/snippet}

/Users/alessandrojcm/repos/dhc-dashboard/src/routes/dashboard/members/invite-drawer.svelte:210:8
Error: Cannot find name 'Form'. (ts)
						{/snippet}
					</Form.Control>
					<Form.FieldErrors />

/Users/alessandrojcm/repos/dhc-dashboard/src/routes/dashboard/members/invite-drawer.svelte:211:7
Error: Cannot find name 'Form'. (ts)
					</Form.Control>
					<Form.FieldErrors />
				</Form.Field>

/Users/alessandrojcm/repos/dhc-dashboard/src/routes/dashboard/members/invite-drawer.svelte:212:7
Error: Cannot find name 'Form'. (ts)
					<Form.FieldErrors />
				</Form.Field>

/Users/alessandrojcm/repos/dhc-dashboard/src/routes/dashboard/members/invite-drawer.svelte:215:6
Error: Cannot find name 'Form'. (ts)
				<!-- Phone Number -->
				<Form.Field {form} name="phoneNumber">
					<Form.Control>

/Users/alessandrojcm/repos/dhc-dashboard/src/routes/dashboard/members/invite-drawer.svelte:216:7
Error: Cannot find name 'Form'. (ts)
				<Form.Field {form} name="phoneNumber">
					<Form.Control>
						{#snippet children({ props })}

/Users/alessandrojcm/repos/dhc-dashboard/src/routes/dashboard/members/invite-drawer.svelte:217:28
Error: Binding element 'props' implicitly has an 'any' type. (ts)
					<Form.Control>
						{#snippet children({ props })}
							<Form.Label>Phone Number</Form.Label>

/Users/alessandrojcm/repos/dhc-dashboard/src/routes/dashboard/members/invite-drawer.svelte:218:9
Error: Cannot find name 'Form'. (ts)
						{#snippet children({ props })}
							<Form.Label>Phone Number</Form.Label>
							<PhoneInput

/Users/alessandrojcm/repos/dhc-dashboard/src/routes/dashboard/members/invite-drawer.svelte:218:34
Error: Cannot find name 'Form'. (ts)
						{#snippet children({ props })}
							<Form.Label>Phone Number</Form.Label>
							<PhoneInput

/Users/alessandrojcm/repos/dhc-dashboard/src/routes/dashboard/members/invite-drawer.svelte:219:9
Error: Cannot find name 'PhoneInput'. (ts)
							<Form.Label>Phone Number</Form.Label>
							<PhoneInput
								placeholder="Enter your phone number"

/Users/alessandrojcm/repos/dhc-dashboard/src/routes/dashboard/members/invite-drawer.svelte:225:8
Error: Cannot find name 'Form'. (ts)
						{/snippet}
					</Form.Control>
					<Form.FieldErrors />

/Users/alessandrojcm/repos/dhc-dashboard/src/routes/dashboard/members/invite-drawer.svelte:226:7
Error: Cannot find name 'Form'. (ts)
					</Form.Control>
					<Form.FieldErrors />
				</Form.Field>

/Users/alessandrojcm/repos/dhc-dashboard/src/routes/dashboard/members/invite-drawer.svelte:227:7
Error: Cannot find name 'Form'. (ts)
					<Form.FieldErrors />
				</Form.Field>
			</form>

/Users/alessandrojcm/repos/dhc-dashboard/src/routes/dashboard/members/invite-drawer.svelte:231:7
Error: Cannot find name 'Button'. (ts)
				<form use:bulkEnhance>
					<Button
						type="submit"

/Users/alessandrojcm/repos/dhc-dashboard/src/routes/dashboard/members/invite-drawer.svelte:237:9
Error: Cannot find name 'Loader'. (ts)
						{#if $bulkSubmitting}
							<Loader class="mr-2 h-4 w-4" />
						{/if}

/Users/alessandrojcm/repos/dhc-dashboard/src/routes/dashboard/members/invite-drawer.svelte:240:8
Error: Cannot find name 'Button'. (ts)
						Send {$bulkFormData.invites.length} Invitations
					</Button>
				</form>

/Users/alessandrojcm/repos/dhc-dashboard/src/routes/dashboard/members/invite-drawer.svelte:242:6
Error: Cannot find name 'Button'. (ts)
				</form>
				<Button type="button" variant="outline" onclick={addInviteToList}>
					<Plus class="mr-2 h-4 w-4" />

/Users/alessandrojcm/repos/dhc-dashboard/src/routes/dashboard/members/invite-drawer.svelte:242:54
Error: Cannot find name 'addInviteToList'. (ts)
				</form>
				<Button type="button" variant="outline" onclick={addInviteToList}>
					<Plus class="mr-2 h-4 w-4" />

/Users/alessandrojcm/repos/dhc-dashboard/src/routes/dashboard/members/invite-drawer.svelte:243:7
Error: Cannot find name 'Plus'. (ts)
				<Button type="button" variant="outline" onclick={addInviteToList}>
					<Plus class="mr-2 h-4 w-4" />
					Add to List

/Users/alessandrojcm/repos/dhc-dashboard/src/routes/dashboard/members/invite-drawer.svelte:245:7
Error: Cannot find name 'Button'. (ts)
					Add to List
				</Button>
			</div>

/Users/alessandrojcm/repos/dhc-dashboard/src/routes/dashboard/members/invite-drawer.svelte:248:5
Error: Cannot find name 'Separator'. (ts)

			<Separator />

/Users/alessandrojcm/repos/dhc-dashboard/src/routes/dashboard/members/invite-drawer.svelte:255:8
Error: Cannot find name 'Button'. (ts)
					{#if $bulkFormData.invites.length > 0}
						<Button variant="outline" size="sm" onclick={clearAllInvites}>Clear All</Button>
					{/if}

/Users/alessandrojcm/repos/dhc-dashboard/src/routes/dashboard/members/invite-drawer.svelte:255:52
Error: Cannot find name 'clearAllInvites'. (ts)
					{#if $bulkFormData.invites.length > 0}
						<Button variant="outline" size="sm" onclick={clearAllInvites}>Clear All</Button>
					{/if}

/Users/alessandrojcm/repos/dhc-dashboard/src/routes/dashboard/members/invite-drawer.svelte:255:80
Error: Cannot find name 'Button'. (ts)
					{#if $bulkFormData.invites.length > 0}
						<Button variant="outline" size="sm" onclick={clearAllInvites}>Clear All</Button>
					{/if}

/Users/alessandrojcm/repos/dhc-dashboard/src/routes/dashboard/members/invite-drawer.svelte:260:7
Error: Cannot find name 'Alert'. (ts)
				{#if $message}
					<Alert
						variant={$message.success ? 'success' : $message.warning ? 'default' : 'destructive'}

/Users/alessandrojcm/repos/dhc-dashboard/src/routes/dashboard/members/invite-drawer.svelte:263:8
Error: Cannot find name 'Info'. (ts)
					>
						<Info class="h-4 w-4" />
						<AlertTitle>

/Users/alessandrojcm/repos/dhc-dashboard/src/routes/dashboard/members/invite-drawer.svelte:264:8
Error: Cannot find name 'AlertTitle'. (ts)
						<Info class="h-4 w-4" />
						<AlertTitle>
							{$message.success ? 'Success!' : $message.warning ? 'Partial Success' : 'Error!'}

/Users/alessandrojcm/repos/dhc-dashboard/src/routes/dashboard/members/invite-drawer.svelte:266:9
Error: Cannot find name 'AlertTitle'. (ts)
							{$message.success ? 'Success!' : $message.warning ? 'Partial Success' : 'Error!'}
						</AlertTitle>
						<AlertDescription>

/Users/alessandrojcm/repos/dhc-dashboard/src/routes/dashboard/members/invite-drawer.svelte:267:8
Error: Cannot find name 'AlertDescription'. (ts)
						</AlertTitle>
						<AlertDescription>
							{$message.success || $message.warning || $message.failure}

/Users/alessandrojcm/repos/dhc-dashboard/src/routes/dashboard/members/invite-drawer.svelte:269:9
Error: Cannot find name 'AlertDescription'. (ts)
							{$message.success || $message.warning || $message.failure}
						</AlertDescription>
					</Alert>

/Users/alessandrojcm/repos/dhc-dashboard/src/routes/dashboard/members/invite-drawer.svelte:270:8
Error: Cannot find name 'Alert'. (ts)
						</AlertDescription>
					</Alert>
				{/if}

/Users/alessandrojcm/repos/dhc-dashboard/src/routes/dashboard/members/invite-drawer.svelte:278:7
Error: Cannot find name 'ScrollArea'. (ts)
				{:else}
					<ScrollArea class="h-[300px]">
						<div class="space-y-3 pr-2">

/Users/alessandrojcm/repos/dhc-dashboard/src/routes/dashboard/members/invite-drawer.svelte:281:10
Error: Cannot find name 'Card'. (ts)
							{#each $bulkFormData.invites as invite, index}
								<Card class="p-3">
									<div class="flex justify-between items-start">

/Users/alessandrojcm/repos/dhc-dashboard/src/routes/dashboard/members/invite-drawer.svelte:293:12
Error: Cannot find name 'Button'. (ts)
										</div>
										<Button
											variant="ghost"

/Users/alessandrojcm/repos/dhc-dashboard/src/routes/dashboard/members/invite-drawer.svelte:297:27
Error: Cannot find name 'removeInvite'. (ts)
											class="h-8 w-8"
											onclick={() => removeInvite(index)}
											aria-label="Remove invite"

/Users/alessandrojcm/repos/dhc-dashboard/src/routes/dashboard/members/invite-drawer.svelte:300:13
Error: Cannot find name 'Trash2'. (ts)
										>
											<Trash2 class="h-4 w-4" />
										</Button>

/Users/alessandrojcm/repos/dhc-dashboard/src/routes/dashboard/members/invite-drawer.svelte:301:13
Error: Cannot find name 'Button'. (ts)
											<Trash2 class="h-4 w-4" />
										</Button>
									</div>

/Users/alessandrojcm/repos/dhc-dashboard/src/routes/dashboard/members/invite-drawer.svelte:303:11
Error: Cannot find name 'Card'. (ts)
									</div>
								</Card>
							{/each}

/Users/alessandrojcm/repos/dhc-dashboard/src/routes/dashboard/members/invite-drawer.svelte:306:8
Error: Cannot find name 'ScrollArea'. (ts)
						</div>
					</ScrollArea>
				{/if}

/Users/alessandrojcm/repos/dhc-dashboard/src/routes/dashboard/members/invite-drawer.svelte:310:4
Error: Cannot find name 'Sheet'. (ts)
		</div>
	</Sheet.Content>
</Sheet.Root>

/Users/alessandrojcm/repos/dhc-dashboard/src/routes/dashboard/members/invite-drawer.svelte:311:3
Error: Cannot find name 'Sheet'. (ts)
	</Sheet.Content>
</Sheet.Root>

/Users/alessandrojcm/repos/dhc-dashboard/src/routes/dashboard/members/member-actions.svelte:13:4
Error: Cannot find name 'Tooltip'. (ts)
	{#if onToggleExpand}
		<Tooltip.Root>
			<Tooltip.Trigger>

/Users/alessandrojcm/repos/dhc-dashboard/src/routes/dashboard/members/member-actions.svelte:14:5
Error: Cannot find name 'Tooltip'. (ts)
		<Tooltip.Root>
			<Tooltip.Trigger>
				<Button

/Users/alessandrojcm/repos/dhc-dashboard/src/routes/dashboard/members/member-actions.svelte:15:6
Error: Cannot find name 'Button'. (ts)
			<Tooltip.Trigger>
				<Button
					variant="ghost"

/Users/alessandrojcm/repos/dhc-dashboard/src/routes/dashboard/members/member-actions.svelte:23:8
Error: Cannot find name 'ChevronUp'. (ts)
					{#if isExpanded}
						<ChevronUp class="h-4 w-4" />
					{:else}

/Users/alessandrojcm/repos/dhc-dashboard/src/routes/dashboard/members/member-actions.svelte:25:8
Error: Cannot find name 'ChevronDown'. (ts)
					{:else}
						<ChevronDown class="h-4 w-4" />
					{/if}

/Users/alessandrojcm/repos/dhc-dashboard/src/routes/dashboard/members/member-actions.svelte:27:7
Error: Cannot find name 'Button'. (ts)
					{/if}
				</Button>
			</Tooltip.Trigger>

/Users/alessandrojcm/repos/dhc-dashboard/src/routes/dashboard/members/member-actions.svelte:28:6
Error: Cannot find name 'Tooltip'. (ts)
				</Button>
			</Tooltip.Trigger>
			<Tooltip.Content>{isExpanded ? 'Collapse details' : 'Expand details'}</Tooltip.Content>

/Users/alessandrojcm/repos/dhc-dashboard/src/routes/dashboard/members/member-actions.svelte:29:5
Error: Cannot find name 'Tooltip'. (ts)
			</Tooltip.Trigger>
			<Tooltip.Content>{isExpanded ? 'Collapse details' : 'Expand details'}</Tooltip.Content>
		</Tooltip.Root>

/Users/alessandrojcm/repos/dhc-dashboard/src/routes/dashboard/members/member-actions.svelte:29:75
Error: Cannot find name 'Tooltip'. (ts)
			</Tooltip.Trigger>
			<Tooltip.Content>{isExpanded ? 'Collapse details' : 'Expand details'}</Tooltip.Content>
		</Tooltip.Root>

/Users/alessandrojcm/repos/dhc-dashboard/src/routes/dashboard/members/member-actions.svelte:30:5
Error: Cannot find name 'Tooltip'. (ts)
			<Tooltip.Content>{isExpanded ? 'Collapse details' : 'Expand details'}</Tooltip.Content>
		</Tooltip.Root>
	{/if}

/Users/alessandrojcm/repos/dhc-dashboard/src/routes/dashboard/members/member-actions.svelte:32:3
Error: Cannot find name 'Tooltip'. (ts)
	{/if}
	<Tooltip.Root>
		<Tooltip.Trigger>

/Users/alessandrojcm/repos/dhc-dashboard/src/routes/dashboard/members/member-actions.svelte:33:4
Error: Cannot find name 'Tooltip'. (ts)
	<Tooltip.Root>
		<Tooltip.Trigger>
			<Button

/Users/alessandrojcm/repos/dhc-dashboard/src/routes/dashboard/members/member-actions.svelte:34:5
Error: Cannot find name 'Button'. (ts)
		<Tooltip.Trigger>
			<Button
				variant="ghost"

/Users/alessandrojcm/repos/dhc-dashboard/src/routes/dashboard/members/member-actions.svelte:40:6
Error: Cannot find name 'Edit'. (ts)
			>
				<Edit class="h-4 w-4" />
			</Button>

/Users/alessandrojcm/repos/dhc-dashboard/src/routes/dashboard/members/member-actions.svelte:41:6
Error: Cannot find name 'Button'. (ts)
				<Edit class="h-4 w-4" />
			</Button>
		</Tooltip.Trigger>

/Users/alessandrojcm/repos/dhc-dashboard/src/routes/dashboard/members/member-actions.svelte:42:5
Error: Cannot find name 'Tooltip'. (ts)
			</Button>
		</Tooltip.Trigger>
		<Tooltip.Content>Edit member details</Tooltip.Content>

/Users/alessandrojcm/repos/dhc-dashboard/src/routes/dashboard/members/member-actions.svelte:43:4
Error: Cannot find name 'Tooltip'. (ts)
		</Tooltip.Trigger>
		<Tooltip.Content>Edit member details</Tooltip.Content>
	</Tooltip.Root>

/Users/alessandrojcm/repos/dhc-dashboard/src/routes/dashboard/members/member-actions.svelte:43:41
Error: Cannot find name 'Tooltip'. (ts)
		</Tooltip.Trigger>
		<Tooltip.Content>Edit member details</Tooltip.Content>
	</Tooltip.Root>

/Users/alessandrojcm/repos/dhc-dashboard/src/routes/dashboard/members/member-actions.svelte:44:4
Error: Cannot find name 'Tooltip'. (ts)
		<Tooltip.Content>Edit member details</Tooltip.Content>
	</Tooltip.Root>
</div>

/Users/alessandrojcm/repos/dhc-dashboard/src/routes/dashboard/members/member-analytics.svelte:148:3
Error: Cannot find name 'Card'. (ts)
<div class="flex flex-wrap justify-center md:justify-start gap-4">
	<Card.Root class="bg-green-200 w-36 text-center md:text-left">
		<Card.Header>

/Users/alessandrojcm/repos/dhc-dashboard/src/routes/dashboard/members/member-analytics.svelte:149:4
Error: Cannot find name 'Card'. (ts)
	<Card.Root class="bg-green-200 w-36 text-center md:text-left">
		<Card.Header>
			<Card.Description class="text-black">Total Members</Card.Description>

/Users/alessandrojcm/repos/dhc-dashboard/src/routes/dashboard/members/member-analytics.svelte:150:5
Error: Cannot find name 'Card'. (ts)
		<Card.Header>
			<Card.Description class="text-black">Total Members</Card.Description>
		</Card.Header>

/Users/alessandrojcm/repos/dhc-dashboard/src/routes/dashboard/members/member-analytics.svelte:150:56
Error: Cannot find name 'Card'. (ts)
		<Card.Header>
			<Card.Description class="text-black">Total Members</Card.Description>
		</Card.Header>

/Users/alessandrojcm/repos/dhc-dashboard/src/routes/dashboard/members/member-analytics.svelte:151:5
Error: Cannot find name 'Card'. (ts)
			<Card.Description class="text-black">Total Members</Card.Description>
		</Card.Header>
		<Card.Content>

/Users/alessandrojcm/repos/dhc-dashboard/src/routes/dashboard/members/member-analytics.svelte:152:4
Error: Cannot find name 'Card'. (ts)
		</Card.Header>
		<Card.Content>
			{#if totalCountQuery.isLoading}

/Users/alessandrojcm/repos/dhc-dashboard/src/routes/dashboard/members/member-analytics.svelte:153:9
Error: Cannot find name 'totalCountQuery'. (ts)
		<Card.Content>
			{#if totalCountQuery.isLoading}
				<Skeleton class="h-[2.5rem] w-[5rem]" />

/Users/alessandrojcm/repos/dhc-dashboard/src/routes/dashboard/members/member-analytics.svelte:154:6
Error: Cannot find name 'Skeleton'. (ts)
			{#if totalCountQuery.isLoading}
				<Skeleton class="h-[2.5rem] w-[5rem]" />
			{:else}

/Users/alessandrojcm/repos/dhc-dashboard/src/routes/dashboard/members/member-analytics.svelte:157:7
Error: Cannot find name 'totalCountQuery'. (ts)
				<p class="text-black text-4xl">
					{totalCountQuery.data ?? 0}
				</p>

/Users/alessandrojcm/repos/dhc-dashboard/src/routes/dashboard/members/member-analytics.svelte:160:5
Error: Cannot find name 'Card'. (ts)
			{/if}
		</Card.Content>
	</Card.Root>

/Users/alessandrojcm/repos/dhc-dashboard/src/routes/dashboard/members/member-analytics.svelte:161:4
Error: Cannot find name 'Card'. (ts)
		</Card.Content>
	</Card.Root>
	<Card.Root class="bg-yellow-200 w-36 text-center md:text-left">

/Users/alessandrojcm/repos/dhc-dashboard/src/routes/dashboard/members/member-analytics.svelte:162:3
Error: Cannot find name 'Card'. (ts)
	</Card.Root>
	<Card.Root class="bg-yellow-200 w-36 text-center md:text-left">
		<Card.Header>

/Users/alessandrojcm/repos/dhc-dashboard/src/routes/dashboard/members/member-analytics.svelte:163:4
Error: Cannot find name 'Card'. (ts)
	<Card.Root class="bg-yellow-200 w-36 text-center md:text-left">
		<Card.Header>
			<Card.Description class="text-black">Average age</Card.Description>

/Users/alessandrojcm/repos/dhc-dashboard/src/routes/dashboard/members/member-analytics.svelte:164:5
Error: Cannot find name 'Card'. (ts)
		<Card.Header>
			<Card.Description class="text-black">Average age</Card.Description>
		</Card.Header>

/Users/alessandrojcm/repos/dhc-dashboard/src/routes/dashboard/members/member-analytics.svelte:164:54
Error: Cannot find name 'Card'. (ts)
		<Card.Header>
			<Card.Description class="text-black">Average age</Card.Description>
		</Card.Header>

/Users/alessandrojcm/repos/dhc-dashboard/src/routes/dashboard/members/member-analytics.svelte:165:5
Error: Cannot find name 'Card'. (ts)
			<Card.Description class="text-black">Average age</Card.Description>
		</Card.Header>
		<Card.Content>

/Users/alessandrojcm/repos/dhc-dashboard/src/routes/dashboard/members/member-analytics.svelte:166:4
Error: Cannot find name 'Card'. (ts)
		</Card.Header>
		<Card.Content>
			{#if averageAge.isLoading}

/Users/alessandrojcm/repos/dhc-dashboard/src/routes/dashboard/members/member-analytics.svelte:167:9
Error: Cannot find name 'averageAge'. (ts)
		<Card.Content>
			{#if averageAge.isLoading}
				<Skeleton class="h-[2.5rem] w-[5rem]" />

/Users/alessandrojcm/repos/dhc-dashboard/src/routes/dashboard/members/member-analytics.svelte:168:6
Error: Cannot find name 'Skeleton'. (ts)
			{#if averageAge.isLoading}
				<Skeleton class="h-[2.5rem] w-[5rem]" />
			{:else}

/Users/alessandrojcm/repos/dhc-dashboard/src/routes/dashboard/members/member-analytics.svelte:171:8
Error: Cannot find name 'averageAge'. (ts)
				<p class="text-black text-4xl">
					{(averageAge.data ?? 0).toLocaleString('en-UK', { maximumFractionDigits: 2 })}
				</p>

/Users/alessandrojcm/repos/dhc-dashboard/src/routes/dashboard/members/member-analytics.svelte:174:5
Error: Cannot find name 'Card'. (ts)
			{/if}
		</Card.Content>
	</Card.Root>

/Users/alessandrojcm/repos/dhc-dashboard/src/routes/dashboard/members/member-analytics.svelte:175:4
Error: Cannot find name 'Card'. (ts)
		</Card.Content>
	</Card.Root>
</div>

/Users/alessandrojcm/repos/dhc-dashboard/src/routes/dashboard/members/member-analytics.svelte:178:2
Error: Cannot find name 'Resizable'. (ts)

<Resizable.PaneGroup direction="vertical" class="mt-2">
	<!-- Gender Demographics Card -->

/Users/alessandrojcm/repos/dhc-dashboard/src/routes/dashboard/members/member-analytics.svelte:180:3
Error: Cannot find name 'Resizable'. (ts)
	<!-- Gender Demographics Card -->
	<Resizable.Pane class="min-h-[400px] p-4 border rounded">
		<h3 class="text-lg font-medium mb-4">Gender Demographics</h3>

/Users/alessandrojcm/repos/dhc-dashboard/src/routes/dashboard/members/member-analytics.svelte:182:8
Error: Cannot find name 'GenderBarChart'. (ts)
		<h3 class="text-lg font-medium mb-4">Gender Demographics</h3>
		{#if GenderBarChart && genderDistributionData && genderDistributionData.length > 0}
			<!--			<GenderBarChart {genderDistributionData} />-->

/Users/alessandrojcm/repos/dhc-dashboard/src/routes/dashboard/members/member-analytics.svelte:182:26
Error: Cannot find name 'genderDistributionData'. (ts)
		<h3 class="text-lg font-medium mb-4">Gender Demographics</h3>
		{#if GenderBarChart && genderDistributionData && genderDistributionData.length > 0}
			<!--			<GenderBarChart {genderDistributionData} />-->

/Users/alessandrojcm/repos/dhc-dashboard/src/routes/dashboard/members/member-analytics.svelte:182:52
Error: Cannot find name 'genderDistributionData'. (ts)
		<h3 class="text-lg font-medium mb-4">Gender Demographics</h3>
		{#if GenderBarChart && genderDistributionData && genderDistributionData.length > 0}
			<!--			<GenderBarChart {genderDistributionData} />-->

/Users/alessandrojcm/repos/dhc-dashboard/src/routes/dashboard/members/member-analytics.svelte:185:4
Error: Cannot find name 'Resizable'. (ts)
		{/if}
	</Resizable.Pane>

/Users/alessandrojcm/repos/dhc-dashboard/src/routes/dashboard/members/member-analytics.svelte:188:3
Error: Cannot find name 'Resizable'. (ts)
	<!-- Separator between Gender and Weapon cards -->
	<Resizable.Handle />

/Users/alessandrojcm/repos/dhc-dashboard/src/routes/dashboard/members/member-analytics.svelte:191:3
Error: Cannot find name 'Resizable'. (ts)
	<!-- Preferred Weapons Card -->
	<Resizable.Pane class="min-h-[400px] p-4 border rounded">
		<h3 class="text-lg font-medium mb-4">Preferred Weapons</h3>

/Users/alessandrojcm/repos/dhc-dashboard/src/routes/dashboard/members/member-analytics.svelte:193:8
Error: Cannot find name 'WeaponPieChart'. (ts)
		<h3 class="text-lg font-medium mb-4">Preferred Weapons</h3>
		{#if WeaponPieChart && weaponPreferencesDistributionData}
			<!--			<WeaponPieChart weaponDistributionData={weaponPreferencesDistributionData} />-->

/Users/alessandrojcm/repos/dhc-dashboard/src/routes/dashboard/members/member-analytics.svelte:193:26
Error: Cannot find name 'weaponPreferencesDistributionData'. (ts)
		<h3 class="text-lg font-medium mb-4">Preferred Weapons</h3>
		{#if WeaponPieChart && weaponPreferencesDistributionData}
			<!--			<WeaponPieChart weaponDistributionData={weaponPreferencesDistributionData} />-->

/Users/alessandrojcm/repos/dhc-dashboard/src/routes/dashboard/members/member-analytics.svelte:196:4
Error: Cannot find name 'Resizable'. (ts)
		{/if}
	</Resizable.Pane>
	<Resizable.Handle />

/Users/alessandrojcm/repos/dhc-dashboard/src/routes/dashboard/members/member-analytics.svelte:197:3
Error: Cannot find name 'Resizable'. (ts)
	</Resizable.Pane>
	<Resizable.Handle />
	<Resizable.Pane class="min-h-[400px] p-4 border rounded">

/Users/alessandrojcm/repos/dhc-dashboard/src/routes/dashboard/members/member-analytics.svelte:198:3
Error: Cannot find name 'Resizable'. (ts)
	<Resizable.Handle />
	<Resizable.Pane class="min-h-[400px] p-4 border rounded">
		{#if AgeScatterChart && ageDistributionData}

/Users/alessandrojcm/repos/dhc-dashboard/src/routes/dashboard/members/member-analytics.svelte:199:8
Error: Cannot find name 'AgeScatterChart'. (ts)
	<Resizable.Pane class="min-h-[400px] p-4 border rounded">
		{#if AgeScatterChart && ageDistributionData}
			<!--			<AgeScatterChart ageDistribution={ageDistributionData} />-->

/Users/alessandrojcm/repos/dhc-dashboard/src/routes/dashboard/members/member-analytics.svelte:199:27
Error: Cannot find name 'ageDistributionData'. (ts)
	<Resizable.Pane class="min-h-[400px] p-4 border rounded">
		{#if AgeScatterChart && ageDistributionData}
			<!--			<AgeScatterChart ageDistribution={ageDistributionData} />-->

/Users/alessandrojcm/repos/dhc-dashboard/src/routes/dashboard/members/member-analytics.svelte:202:4
Error: Cannot find name 'Resizable'. (ts)
		{/if}
	</Resizable.Pane>
</Resizable.PaneGroup>

/Users/alessandrojcm/repos/dhc-dashboard/src/routes/dashboard/members/member-analytics.svelte:203:3
Error: Cannot find name 'Resizable'. (ts)
	</Resizable.Pane>
</Resizable.PaneGroup>

/Users/alessandrojcm/repos/dhc-dashboard/src/routes/dashboard/members/members-table.svelte:400:6
Error: Cannot find name 'Input'. (ts)
<div class="flex w-full max-w-sm items-center space-x-2 mb-2 p-2">
    <Input
            value={searchQuery}

/Users/alessandrojcm/repos/dhc-dashboard/src/routes/dashboard/members/members-table.svelte:403:4
Error: Cannot find name 'onSearchChange'. (ts)
            onchange={(t: Event & { currentTarget: EventTarget & HTMLInputElement }) =>
			onSearchChange(t.currentTarget.value)}
            placeholder="Search members"

/Users/alessandrojcm/repos/dhc-dashboard/src/routes/dashboard/members/members-table.svelte:409:10
Error: Cannot find name 'Button'. (ts)
    {#if searchQuery !== ''}
        <Button variant="ghost" type="button" onclick={() => onSearchChange('')}>
            <Cross2/>

/Users/alessandrojcm/repos/dhc-dashboard/src/routes/dashboard/members/members-table.svelte:409:62
Error: Cannot find name 'onSearchChange'. (ts)
    {#if searchQuery !== ''}
        <Button variant="ghost" type="button" onclick={() => onSearchChange('')}>
            <Cross2/>

/Users/alessandrojcm/repos/dhc-dashboard/src/routes/dashboard/members/members-table.svelte:410:14
Error: Cannot find name 'Cross2'. (ts)
        <Button variant="ghost" type="button" onclick={() => onSearchChange('')}>
            <Cross2/>
        </Button>

/Users/alessandrojcm/repos/dhc-dashboard/src/routes/dashboard/members/members-table.svelte:411:11
Error: Cannot find name 'Button'. (ts)
            <Cross2/>
        </Button>
    {/if}

/Users/alessandrojcm/repos/dhc-dashboard/src/routes/dashboard/members/members-table.svelte:414:10
Error: Cannot find name 'LoaderCircle'. (ts)
    {#if membersQuery.isFetching}
        <LoaderCircle/>
    {/if}

/Users/alessandrojcm/repos/dhc-dashboard/src/routes/dashboard/members/members-table.svelte:420:6
Error: Cannot find name 'Table'. (ts)
<div class="hidden md:block overflow-x-auto overflow-y-auto h-[65svh]">
    <Table.Root class="w-full">
        <Table.Header class="sticky top-0 z-10 bg-white">

/Users/alessandrojcm/repos/dhc-dashboard/src/routes/dashboard/members/members-table.svelte:421:10
Error: Cannot find name 'Table'. (ts)
    <Table.Root class="w-full">
        <Table.Header class="sticky top-0 z-10 bg-white">
            {#each table.getHeaderGroups() as headerGroup (headerGroup.id)}

/Users/alessandrojcm/repos/dhc-dashboard/src/routes/dashboard/members/members-table.svelte:422:20
Error: Cannot find name 'table'. (ts)
        <Table.Header class="sticky top-0 z-10 bg-white">
            {#each table.getHeaderGroups() as headerGroup (headerGroup.id)}
                <Table.Row>

/Users/alessandrojcm/repos/dhc-dashboard/src/routes/dashboard/members/members-table.svelte:423:18
Error: Cannot find name 'Table'. (ts)
            {#each table.getHeaderGroups() as headerGroup (headerGroup.id)}
                <Table.Row>
                    {#each headerGroup.headers as header (header.id)}

/Users/alessandrojcm/repos/dhc-dashboard/src/routes/dashboard/members/members-table.svelte:425:26
Error: Cannot find name 'Table'. (ts)
                    {#each headerGroup.headers as header (header.id)}
                        <Table.Head class="text-black prose prose-p text-xs md:text-sm font-medium p-2">
                            <FlexRender content={header.column.columnDef.header} context={header.getContext()}/>

/Users/alessandrojcm/repos/dhc-dashboard/src/routes/dashboard/members/members-table.svelte:426:30
Error: Cannot find name 'FlexRender'. (ts)
                        <Table.Head class="text-black prose prose-p text-xs md:text-sm font-medium p-2">
                            <FlexRender content={header.column.columnDef.header} context={header.getContext()}/>
                        </Table.Head>

/Users/alessandrojcm/repos/dhc-dashboard/src/routes/dashboard/members/members-table.svelte:427:27
Error: Cannot find name 'Table'. (ts)
                            <FlexRender content={header.column.columnDef.header} context={header.getContext()}/>
                        </Table.Head>
                    {/each}

/Users/alessandrojcm/repos/dhc-dashboard/src/routes/dashboard/members/members-table.svelte:429:19
Error: Cannot find name 'Table'. (ts)
                    {/each}
                </Table.Row>
            {/each}

/Users/alessandrojcm/repos/dhc-dashboard/src/routes/dashboard/members/members-table.svelte:431:11
Error: Cannot find name 'Table'. (ts)
            {/each}
        </Table.Header>
        <Table.Body>

/Users/alessandrojcm/repos/dhc-dashboard/src/routes/dashboard/members/members-table.svelte:432:10
Error: Cannot find name 'Table'. (ts)
        </Table.Header>
        <Table.Body>
            {#each table.getRowModel().rows as row (row.id)}

/Users/alessandrojcm/repos/dhc-dashboard/src/routes/dashboard/members/members-table.svelte:433:20
Error: Cannot find name 'table'. (ts)
        <Table.Body>
            {#each table.getRowModel().rows as row (row.id)}
                <Table.Row>

/Users/alessandrojcm/repos/dhc-dashboard/src/routes/dashboard/members/members-table.svelte:434:18
Error: Cannot find name 'Table'. (ts)
            {#each table.getRowModel().rows as row (row.id)}
                <Table.Row>
                    {#each row.getVisibleCells() as cell (cell.id)}

/Users/alessandrojcm/repos/dhc-dashboard/src/routes/dashboard/members/members-table.svelte:436:26
Error: Cannot find name 'Table'. (ts)
                    {#each row.getVisibleCells() as cell (cell.id)}
                        <Table.Cell
                                class="whitespace-normal md:whitespace-nowrap py-2 md:py-4 px-2 md:px-3 text-xs md:text-sm prose prose-p"

/Users/alessandrojcm/repos/dhc-dashboard/src/routes/dashboard/members/members-table.svelte:439:30
Error: Cannot find name 'FlexRender'. (ts)
                        >
                            <FlexRender content={cell.column.columnDef.cell} context={cell.getContext()}/>
                        </Table.Cell>

/Users/alessandrojcm/repos/dhc-dashboard/src/routes/dashboard/members/members-table.svelte:440:27
Error: Cannot find name 'Table'. (ts)
                            <FlexRender content={cell.column.columnDef.cell} context={cell.getContext()}/>
                        </Table.Cell>
                    {/each}

/Users/alessandrojcm/repos/dhc-dashboard/src/routes/dashboard/members/members-table.svelte:442:19
Error: Cannot find name 'Table'. (ts)
                    {/each}
                </Table.Row>
                {#if row.getIsExpanded()}

/Users/alessandrojcm/repos/dhc-dashboard/src/routes/dashboard/members/members-table.svelte:444:22
Error: Cannot find name 'Table'. (ts)
                {#if row.getIsExpanded()}
                    <Table.Row>
                        <Table.Cell colspan={row.getVisibleCells().length} class="p-4 bg-muted/20">

/Users/alessandrojcm/repos/dhc-dashboard/src/routes/dashboard/members/members-table.svelte:445:26
Error: Cannot find name 'Table'. (ts)
                    <Table.Row>
                        <Table.Cell colspan={row.getVisibleCells().length} class="p-4 bg-muted/20">
                            <div class="grid grid-cols-1 md:grid-cols-3 gap-4">

/Users/alessandrojcm/repos/dhc-dashboard/src/routes/dashboard/members/members-table.svelte:492:27
Error: Cannot find name 'Table'. (ts)
                            </div>
                        </Table.Cell>
                    </Table.Row>

/Users/alessandrojcm/repos/dhc-dashboard/src/routes/dashboard/members/members-table.svelte:493:23
Error: Cannot find name 'Table'. (ts)
                        </Table.Cell>
                    </Table.Row>
                {/if}

/Users/alessandrojcm/repos/dhc-dashboard/src/routes/dashboard/members/members-table.svelte:496:11
Error: Cannot find name 'Table'. (ts)
            {/each}
        </Table.Body>
    </Table.Root>

/Users/alessandrojcm/repos/dhc-dashboard/src/routes/dashboard/members/members-table.svelte:497:7
Error: Cannot find name 'Table'. (ts)
        </Table.Body>
    </Table.Root>
</div>

/Users/alessandrojcm/repos/dhc-dashboard/src/routes/dashboard/members/members-table.svelte:503:14
Error: Cannot find name 'table'. (ts)
    <div class="space-y-4">
        {#if table.getRowCount() === 0}
            <p class="text-foreground">No results found</p>

/Users/alessandrojcm/repos/dhc-dashboard/src/routes/dashboard/members/members-table.svelte:506:16
Error: Cannot find name 'table'. (ts)
        {/if}
        {#each table.getRowModel().rows as row (row.id)}
            <div class="bg-card text-card-foreground rounded-lg border shadow-sm p-4">

/Users/alessandrojcm/repos/dhc-dashboard/src/routes/dashboard/members/members-table.svelte:674:10
Error: Cannot find name 'Select'. (ts)
        <p class="text-sm text-muted-foreground">Elements per page</p>
        <Select.Root
                type="single"

/Users/alessandrojcm/repos/dhc-dashboard/src/routes/dashboard/members/members-table.svelte:677:33
Error: Parameter 'value' implicitly has an 'any' type. (ts)
                value={pageSize.toString()}
                onValueChange={(value) => onPaginationChange({ pageSize: Number(value) })}
        >

/Users/alessandrojcm/repos/dhc-dashboard/src/routes/dashboard/members/members-table.svelte:679:14
Error: Cannot find name 'Select'. (ts)
        >
            <Select.Trigger class="w-16 h-8">{pageSize}</Select.Trigger>
            <Select.Content>

/Users/alessandrojcm/repos/dhc-dashboard/src/routes/dashboard/members/members-table.svelte:679:58
Error: Cannot find name 'Select'. (ts)
        >
            <Select.Trigger class="w-16 h-8">{pageSize}</Select.Trigger>
            <Select.Content>

/Users/alessandrojcm/repos/dhc-dashboard/src/routes/dashboard/members/members-table.svelte:680:14
Error: Cannot find name 'Select'. (ts)
            <Select.Trigger class="w-16 h-8">{pageSize}</Select.Trigger>
            <Select.Content>
                {#each pageSizeOptions as pageSizeOption}

/Users/alessandrojcm/repos/dhc-dashboard/src/routes/dashboard/members/members-table.svelte:681:24
Error: Cannot find name 'pageSizeOptions'. (ts)
            <Select.Content>
                {#each pageSizeOptions as pageSizeOption}
                    <Select.Item value={pageSizeOption.toString()}>

/Users/alessandrojcm/repos/dhc-dashboard/src/routes/dashboard/members/members-table.svelte:682:22
Error: Cannot find name 'Select'. (ts)
                {#each pageSizeOptions as pageSizeOption}
                    <Select.Item value={pageSizeOption.toString()}>
                        {pageSizeOption}

/Users/alessandrojcm/repos/dhc-dashboard/src/routes/dashboard/members/members-table.svelte:684:23
Error: Cannot find name 'Select'. (ts)
                        {pageSizeOption}
                    </Select.Item>
                {/each}

/Users/alessandrojcm/repos/dhc-dashboard/src/routes/dashboard/members/members-table.svelte:686:15
Error: Cannot find name 'Select'. (ts)
                {/each}
            </Select.Content>
        </Select.Root>

/Users/alessandrojcm/repos/dhc-dashboard/src/routes/dashboard/members/members-table.svelte:687:11
Error: Cannot find name 'Select'. (ts)
            </Select.Content>
        </Select.Root>
    </div>

/Users/alessandrojcm/repos/dhc-dashboard/src/routes/dashboard/members/members-table.svelte:690:10
Error: Cannot find name 'Pagination'. (ts)
    <div class="w-full md:w-auto flex justify-center md:justify-end">
        <Pagination.Root
                count={membersQuery?.data?.count ?? 0}

/Users/alessandrojcm/repos/dhc-dashboard/src/routes/dashboard/members/members-table.svelte:694:32
Error: Parameter 'page' implicitly has an 'any' type. (ts)
                page={currentPage + 1}
                onPageChange={(page) => table.setPageIndex(page - 1)}
                class="m-0"

/Users/alessandrojcm/repos/dhc-dashboard/src/routes/dashboard/members/members-table.svelte:694:41
Error: Cannot find name 'table'. (ts)
                page={currentPage + 1}
                onPageChange={(page) => table.setPageIndex(page - 1)}
                class="m-0"

/Users/alessandrojcm/repos/dhc-dashboard/src/routes/dashboard/members/members-table.svelte:697:33
Error: Binding element 'pages' implicitly has an 'any' type. (ts)
        >
            {#snippet children({pages, currentPage})}
                <Pagination.Content>

/Users/alessandrojcm/repos/dhc-dashboard/src/routes/dashboard/members/members-table.svelte:697:40
Error: Binding element 'currentPage' implicitly has an 'any' type. (ts)
        >
            {#snippet children({pages, currentPage})}
                <Pagination.Content>

/Users/alessandrojcm/repos/dhc-dashboard/src/routes/dashboard/members/members-table.svelte:698:18
Error: Cannot find name 'Pagination'. (ts)
            {#snippet children({pages, currentPage})}
                <Pagination.Content>
                    <Pagination.Item>

/Users/alessandrojcm/repos/dhc-dashboard/src/routes/dashboard/members/members-table.svelte:699:22
Error: Cannot find name 'Pagination'. (ts)
                <Pagination.Content>
                    <Pagination.Item>
                        <Pagination.PrevButton/>

/Users/alessandrojcm/repos/dhc-dashboard/src/routes/dashboard/members/members-table.svelte:700:26
Error: Cannot find name 'Pagination'. (ts)
                    <Pagination.Item>
                        <Pagination.PrevButton/>
                    </Pagination.Item>

/Users/alessandrojcm/repos/dhc-dashboard/src/routes/dashboard/members/members-table.svelte:701:23
Error: Cannot find name 'Pagination'. (ts)
                        <Pagination.PrevButton/>
                    </Pagination.Item>
                    {#each pages as page (page.key)}

/Users/alessandrojcm/repos/dhc-dashboard/src/routes/dashboard/members/members-table.svelte:704:30
Error: Cannot find name 'Pagination'. (ts)
                        {#if page.type === 'ellipsis'}
                            <Pagination.Item class="hidden sm:block">
                                <Pagination.Ellipsis/>

/Users/alessandrojcm/repos/dhc-dashboard/src/routes/dashboard/members/members-table.svelte:705:34
Error: Cannot find name 'Pagination'. (ts)
                            <Pagination.Item class="hidden sm:block">
                                <Pagination.Ellipsis/>
                            </Pagination.Item>

/Users/alessandrojcm/repos/dhc-dashboard/src/routes/dashboard/members/members-table.svelte:706:31
Error: Cannot find name 'Pagination'. (ts)
                                <Pagination.Ellipsis/>
                            </Pagination.Item>
                        {:else}

/Users/alessandrojcm/repos/dhc-dashboard/src/routes/dashboard/members/members-table.svelte:708:30
Error: Cannot find name 'Pagination'. (ts)
                        {:else}
                            <Pagination.Item
                                    class={page.value !== currentPage &&

/Users/alessandrojcm/repos/dhc-dashboard/src/routes/dashboard/members/members-table.svelte:715:34
Error: Cannot find name 'Pagination'. (ts)
                            >
                                <Pagination.Link {page} isActive={currentPage === page.value}>
                                    {page.value}

/Users/alessandrojcm/repos/dhc-dashboard/src/routes/dashboard/members/members-table.svelte:717:35
Error: Cannot find name 'Pagination'. (ts)
                                    {page.value}
                                </Pagination.Link>
                            </Pagination.Item>

/Users/alessandrojcm/repos/dhc-dashboard/src/routes/dashboard/members/members-table.svelte:718:31
Error: Cannot find name 'Pagination'. (ts)
                                </Pagination.Link>
                            </Pagination.Item>
                        {/if}

/Users/alessandrojcm/repos/dhc-dashboard/src/routes/dashboard/members/members-table.svelte:721:22
Error: Cannot find name 'Pagination'. (ts)
                    {/each}
                    <Pagination.Item>
                        <Pagination.NextButton/>

/Users/alessandrojcm/repos/dhc-dashboard/src/routes/dashboard/members/members-table.svelte:722:26
Error: Cannot find name 'Pagination'. (ts)
                    <Pagination.Item>
                        <Pagination.NextButton/>
                    </Pagination.Item>

/Users/alessandrojcm/repos/dhc-dashboard/src/routes/dashboard/members/members-table.svelte:723:23
Error: Cannot find name 'Pagination'. (ts)
                        <Pagination.NextButton/>
                    </Pagination.Item>
                </Pagination.Content>

/Users/alessandrojcm/repos/dhc-dashboard/src/routes/dashboard/members/members-table.svelte:724:19
Error: Cannot find name 'Pagination'. (ts)
                    </Pagination.Item>
                </Pagination.Content>
            {/snippet}

/Users/alessandrojcm/repos/dhc-dashboard/src/routes/dashboard/members/members-table.svelte:726:11
Error: Cannot find name 'Pagination'. (ts)
            {/snippet}
        </Pagination.Root>
    </div>

/Users/alessandrojcm/repos/dhc-dashboard/src/routes/dashboard/members/settings-sheet.svelte:31:24
Error: Can only bind to state or props
https://svelte.dev/e/bind_invalid_value (svelte)

<Sheet.Root bind:open={isOpen}>
	<Sheet.Content class="w-full">

/Users/alessandrojcm/repos/dhc-dashboard/src/routes/dashboard/members/settings-sheet.svelte:26:2
Error: Cannot find name 'Button'. (ts)

<Button variant="outline" class="fixed right-4 top-4" onclick={() => (isOpen = true)}>
	<Lock class="mr-2 h-4 w-4" />

/Users/alessandrojcm/repos/dhc-dashboard/src/routes/dashboard/members/settings-sheet.svelte:26:71
Error: Cannot find name 'isOpen'. (ts)

<Button variant="outline" class="fixed right-4 top-4" onclick={() => (isOpen = true)}>
	<Lock class="mr-2 h-4 w-4" />

/Users/alessandrojcm/repos/dhc-dashboard/src/routes/dashboard/members/settings-sheet.svelte:27:3
Error: Argument of type '{ new (): Lock; prototype: Lock; }' is not assignable to parameter of type 'ConstructorOfATypedSvelteComponent | Component<any, any, any> | null | undefined'.
  Type '{ new (): Lock; prototype: Lock; }' is not assignable to type 'ConstructorOfATypedSvelteComponent'.
    Type 'Lock' is missing the following properties from type 'ATypedSvelteComponent': $$prop_def, $$events_def, $$slot_def, $on

Possible causes:
- You use the instance type of a component where you should use the constructor type
- Type definitions are missing for this Svelte Component.  (ts)
<Button variant="outline" class="fixed right-4 top-4" onclick={() => (isOpen = true)}>
	<Lock class="mr-2 h-4 w-4" />
	Settings

/Users/alessandrojcm/repos/dhc-dashboard/src/routes/dashboard/members/settings-sheet.svelte:29:3
Error: Cannot find name 'Button'. (ts)
	Settings
</Button>

/Users/alessandrojcm/repos/dhc-dashboard/src/routes/dashboard/members/settings-sheet.svelte:31:2
Error: Cannot find name 'Sheet'. (ts)

<Sheet.Root bind:open={isOpen}>
	<Sheet.Content class="w-full">

/Users/alessandrojcm/repos/dhc-dashboard/src/routes/dashboard/members/settings-sheet.svelte:31:24
Error: Cannot find name 'isOpen'. (ts)

<Sheet.Root bind:open={isOpen}>
	<Sheet.Content class="w-full">

/Users/alessandrojcm/repos/dhc-dashboard/src/routes/dashboard/members/settings-sheet.svelte:32:3
Error: Cannot find name 'Sheet'. (ts)
<Sheet.Root bind:open={isOpen}>
	<Sheet.Content class="w-full">
		<Sheet.Header>

/Users/alessandrojcm/repos/dhc-dashboard/src/routes/dashboard/members/settings-sheet.svelte:33:4
Error: Cannot find name 'Sheet'. (ts)
	<Sheet.Content class="w-full">
		<Sheet.Header>
			<Sheet.Title>Settings</Sheet.Title>

/Users/alessandrojcm/repos/dhc-dashboard/src/routes/dashboard/members/settings-sheet.svelte:34:5
Error: Cannot find name 'Sheet'. (ts)
		<Sheet.Header>
			<Sheet.Title>Settings</Sheet.Title>
			<Sheet.Description>Configure your members settings here.</Sheet.Description>

/Users/alessandrojcm/repos/dhc-dashboard/src/routes/dashboard/members/settings-sheet.svelte:34:27
Error: Cannot find name 'Sheet'. (ts)
		<Sheet.Header>
			<Sheet.Title>Settings</Sheet.Title>
			<Sheet.Description>Configure your members settings here.</Sheet.Description>

/Users/alessandrojcm/repos/dhc-dashboard/src/routes/dashboard/members/settings-sheet.svelte:35:5
Error: Cannot find name 'Sheet'. (ts)
			<Sheet.Title>Settings</Sheet.Title>
			<Sheet.Description>Configure your members settings here.</Sheet.Description>
		</Sheet.Header>

/Users/alessandrojcm/repos/dhc-dashboard/src/routes/dashboard/members/settings-sheet.svelte:35:62
Error: Cannot find name 'Sheet'. (ts)
			<Sheet.Title>Settings</Sheet.Title>
			<Sheet.Description>Configure your members settings here.</Sheet.Description>
		</Sheet.Header>

/Users/alessandrojcm/repos/dhc-dashboard/src/routes/dashboard/members/settings-sheet.svelte:36:5
Error: Cannot find name 'Sheet'. (ts)
			<Sheet.Description>Configure your members settings here.</Sheet.Description>
		</Sheet.Header>
		<form method="POST" action="?/updateSettings" use:enhance class="space-y-4 mt-4 p-8">

/Users/alessandrojcm/repos/dhc-dashboard/src/routes/dashboard/members/settings-sheet.svelte:38:5
Error: Cannot find name 'Form'. (ts)
		<form method="POST" action="?/updateSettings" use:enhance class="space-y-4 mt-4 p-8">
			<Form.Field {form} name="insuranceFormLink">
				<Form.Control>

/Users/alessandrojcm/repos/dhc-dashboard/src/routes/dashboard/members/settings-sheet.svelte:39:6
Error: Cannot find name 'Form'. (ts)
			<Form.Field {form} name="insuranceFormLink">
				<Form.Control>
					{#snippet children({ props })}

/Users/alessandrojcm/repos/dhc-dashboard/src/routes/dashboard/members/settings-sheet.svelte:40:27
Error: Binding element 'props' implicitly has an 'any' type. (ts)
				<Form.Control>
					{#snippet children({ props })}
						<Form.Label>HEMA Insurance Form Link</Form.Label>

/Users/alessandrojcm/repos/dhc-dashboard/src/routes/dashboard/members/settings-sheet.svelte:41:8
Error: Cannot find name 'Form'. (ts)
					{#snippet children({ props })}
						<Form.Label>HEMA Insurance Form Link</Form.Label>
						<Input

/Users/alessandrojcm/repos/dhc-dashboard/src/routes/dashboard/members/settings-sheet.svelte:41:45
Error: Cannot find name 'Form'. (ts)
					{#snippet children({ props })}
						<Form.Label>HEMA Insurance Form Link</Form.Label>
						<Input

/Users/alessandrojcm/repos/dhc-dashboard/src/routes/dashboard/members/settings-sheet.svelte:42:8
Error: Cannot find name 'Input'. (ts)
						<Form.Label>HEMA Insurance Form Link</Form.Label>
						<Input
							{...props}

/Users/alessandrojcm/repos/dhc-dashboard/src/routes/dashboard/members/settings-sheet.svelte:49:7
Error: Cannot find name 'Form'. (ts)
					{/snippet}
				</Form.Control>
				<Form.FieldErrors />

/Users/alessandrojcm/repos/dhc-dashboard/src/routes/dashboard/members/settings-sheet.svelte:50:6
Error: Cannot find name 'Form'. (ts)
				</Form.Control>
				<Form.FieldErrors />
			</Form.Field>

/Users/alessandrojcm/repos/dhc-dashboard/src/routes/dashboard/members/settings-sheet.svelte:51:6
Error: Cannot find name 'Form'. (ts)
				<Form.FieldErrors />
			</Form.Field>
			<Button type="submit" class="w-full" disabled={$submitting}>

/Users/alessandrojcm/repos/dhc-dashboard/src/routes/dashboard/members/settings-sheet.svelte:52:5
Error: Cannot find name 'Button'. (ts)
			</Form.Field>
			<Button type="submit" class="w-full" disabled={$submitting}>
				{#if $submitting}

/Users/alessandrojcm/repos/dhc-dashboard/src/routes/dashboard/members/settings-sheet.svelte:54:7
Error: Cannot find name 'LoaderCircle'. (ts)
				{#if $submitting}
					<LoaderCircle />
				{:else}

/Users/alessandrojcm/repos/dhc-dashboard/src/routes/dashboard/members/settings-sheet.svelte:58:6
Error: Cannot find name 'Button'. (ts)
				{/if}
			</Button>
		</form>

/Users/alessandrojcm/repos/dhc-dashboard/src/routes/dashboard/members/settings-sheet.svelte:60:4
Error: Cannot find name 'Sheet'. (ts)
		</form>
	</Sheet.Content>
</Sheet.Root>

/Users/alessandrojcm/repos/dhc-dashboard/src/routes/dashboard/members/settings-sheet.svelte:61:3
Error: Cannot find name 'Sheet'. (ts)
	</Sheet.Content>
</Sheet.Root>

/Users/alessandrojcm/repos/dhc-dashboard/src/routes/dashboard/members/[memberId]/+page.svelte:192:80
Error: `$dobProxy` is an illegal variable name. To reference a global variable called `$dobProxy`, use `globalThis.$dobProxy`
https://svelte.dev/e/global_reference_invalid (svelte)
                                />
                                <input id="dobInput" type="date" hidden value={$dobProxy} name={props.name}/>
                            {/snippet}

/Users/alessandrojcm/repos/dhc-dashboard/src/routes/dashboard/members/[memberId]/+page.svelte:115:2
Error: Cannot find name 'Card'. (ts)

<Card.Root class="w-full max-w-4xl mx-auto">
    <Card.Header>

/Users/alessandrojcm/repos/dhc-dashboard/src/routes/dashboard/members/[memberId]/+page.svelte:116:6
Error: Cannot find name 'Card'. (ts)
<Card.Root class="w-full max-w-4xl mx-auto">
    <Card.Header>
        <Card.Title>Member Information</Card.Title>

/Users/alessandrojcm/repos/dhc-dashboard/src/routes/dashboard/members/[memberId]/+page.svelte:117:10
Error: Cannot find name 'Card'. (ts)
    <Card.Header>
        <Card.Title>Member Information</Card.Title>
        <Card.Description>View and edit your membership details</Card.Description>

/Users/alessandrojcm/repos/dhc-dashboard/src/routes/dashboard/members/[memberId]/+page.svelte:117:41
Error: Cannot find name 'Card'. (ts)
    <Card.Header>
        <Card.Title>Member Information</Card.Title>
        <Card.Description>View and edit your membership details</Card.Description>

/Users/alessandrojcm/repos/dhc-dashboard/src/routes/dashboard/members/[memberId]/+page.svelte:118:10
Error: Cannot find name 'Card'. (ts)
        <Card.Title>Member Information</Card.Title>
        <Card.Description>View and edit your membership details</Card.Description>
    </Card.Header>

/Users/alessandrojcm/repos/dhc-dashboard/src/routes/dashboard/members/[memberId]/+page.svelte:118:66
Error: Cannot find name 'Card'. (ts)
        <Card.Title>Member Information</Card.Title>
        <Card.Description>View and edit your membership details</Card.Description>
    </Card.Header>

/Users/alessandrojcm/repos/dhc-dashboard/src/routes/dashboard/members/[memberId]/+page.svelte:119:7
Error: Cannot find name 'Card'. (ts)
        <Card.Description>View and edit your membership details</Card.Description>
    </Card.Header>
    <Card.Content class="min-h-96 max-h-[73dvh] overflow-y-auto">

/Users/alessandrojcm/repos/dhc-dashboard/src/routes/dashboard/members/[memberId]/+page.svelte:120:6
Error: Cannot find name 'Card'. (ts)
    </Card.Header>
    <Card.Content class="min-h-96 max-h-[73dvh] overflow-y-auto">
        <form method="POST" action="?/update-profile" use:enhance class="space-y-8">

/Users/alessandrojcm/repos/dhc-dashboard/src/routes/dashboard/members/[memberId]/+page.svelte:124:22
Error: Cannot find name 'Form'. (ts)
                <div class="space-y-6">
                    <Form.Field {form} name="firstName">
                        <Form.Control>

/Users/alessandrojcm/repos/dhc-dashboard/src/routes/dashboard/members/[memberId]/+page.svelte:125:26
Error: Cannot find name 'Form'. (ts)
                    <Form.Field {form} name="firstName">
                        <Form.Control>
                            {#snippet children({props})}

/Users/alessandrojcm/repos/dhc-dashboard/src/routes/dashboard/members/[memberId]/+page.svelte:126:49
Error: Binding element 'props' implicitly has an 'any' type. (ts)
                        <Form.Control>
                            {#snippet children({props})}
                                <Form.Label for="firstName">First name</Form.Label>

/Users/alessandrojcm/repos/dhc-dashboard/src/routes/dashboard/members/[memberId]/+page.svelte:127:34
Error: Cannot find name 'Form'. (ts)
                            {#snippet children({props})}
                                <Form.Label for="firstName">First name</Form.Label>
                                <Input {...props} bind:value={$formData.firstName}/>

/Users/alessandrojcm/repos/dhc-dashboard/src/routes/dashboard/members/[memberId]/+page.svelte:127:73
Error: Cannot find name 'Form'. (ts)
                            {#snippet children({props})}
                                <Form.Label for="firstName">First name</Form.Label>
                                <Input {...props} bind:value={$formData.firstName}/>

/Users/alessandrojcm/repos/dhc-dashboard/src/routes/dashboard/members/[memberId]/+page.svelte:128:34
Error: Cannot find name 'Input'. (ts)
                                <Form.Label for="firstName">First name</Form.Label>
                                <Input {...props} bind:value={$formData.firstName}/>
                            {/snippet}

/Users/alessandrojcm/repos/dhc-dashboard/src/routes/dashboard/members/[memberId]/+page.svelte:130:27
Error: Cannot find name 'Form'. (ts)
                            {/snippet}
                        </Form.Control>
                        <Form.FieldErrors/>

/Users/alessandrojcm/repos/dhc-dashboard/src/routes/dashboard/members/[memberId]/+page.svelte:131:26
Error: Cannot find name 'Form'. (ts)
                        </Form.Control>
                        <Form.FieldErrors/>
                    </Form.Field>

/Users/alessandrojcm/repos/dhc-dashboard/src/routes/dashboard/members/[memberId]/+page.svelte:132:23
Error: Cannot find name 'Form'. (ts)
                        <Form.FieldErrors/>
                    </Form.Field>
                    <Form.Field {form} name="lastName">

/Users/alessandrojcm/repos/dhc-dashboard/src/routes/dashboard/members/[memberId]/+page.svelte:133:22
Error: Cannot find name 'Form'. (ts)
                    </Form.Field>
                    <Form.Field {form} name="lastName">
                        <Form.Control>

/Users/alessandrojcm/repos/dhc-dashboard/src/routes/dashboard/members/[memberId]/+page.svelte:134:26
Error: Cannot find name 'Form'. (ts)
                    <Form.Field {form} name="lastName">
                        <Form.Control>
                            {#snippet children({props})}

/Users/alessandrojcm/repos/dhc-dashboard/src/routes/dashboard/members/[memberId]/+page.svelte:135:49
Error: Binding element 'props' implicitly has an 'any' type. (ts)
                        <Form.Control>
                            {#snippet children({props})}
                                <Form.Label for="lastName">Last name</Form.Label>

/Users/alessandrojcm/repos/dhc-dashboard/src/routes/dashboard/members/[memberId]/+page.svelte:136:34
Error: Cannot find name 'Form'. (ts)
                            {#snippet children({props})}
                                <Form.Label for="lastName">Last name</Form.Label>
                                <Input {...props} bind:value={$formData.lastName}/>

/Users/alessandrojcm/repos/dhc-dashboard/src/routes/dashboard/members/[memberId]/+page.svelte:136:71
Error: Cannot find name 'Form'. (ts)
                            {#snippet children({props})}
                                <Form.Label for="lastName">Last name</Form.Label>
                                <Input {...props} bind:value={$formData.lastName}/>

/Users/alessandrojcm/repos/dhc-dashboard/src/routes/dashboard/members/[memberId]/+page.svelte:137:34
Error: Cannot find name 'Input'. (ts)
                                <Form.Label for="lastName">Last name</Form.Label>
                                <Input {...props} bind:value={$formData.lastName}/>
                            {/snippet}

/Users/alessandrojcm/repos/dhc-dashboard/src/routes/dashboard/members/[memberId]/+page.svelte:139:27
Error: Cannot find name 'Form'. (ts)
                            {/snippet}
                        </Form.Control>
                        <Form.FieldErrors/>

/Users/alessandrojcm/repos/dhc-dashboard/src/routes/dashboard/members/[memberId]/+page.svelte:140:26
Error: Cannot find name 'Form'. (ts)
                        </Form.Control>
                        <Form.FieldErrors/>
                    </Form.Field>

/Users/alessandrojcm/repos/dhc-dashboard/src/routes/dashboard/members/[memberId]/+page.svelte:141:23
Error: Cannot find name 'Form'. (ts)
                        <Form.FieldErrors/>
                    </Form.Field>
                    <Form.Field {form} name="email">

/Users/alessandrojcm/repos/dhc-dashboard/src/routes/dashboard/members/[memberId]/+page.svelte:142:22
Error: Cannot find name 'Form'. (ts)
                    </Form.Field>
                    <Form.Field {form} name="email">
                        <Form.Control>

/Users/alessandrojcm/repos/dhc-dashboard/src/routes/dashboard/members/[memberId]/+page.svelte:143:26
Error: Cannot find name 'Form'. (ts)
                    <Form.Field {form} name="email">
                        <Form.Control>
                            {#snippet children({props})}

/Users/alessandrojcm/repos/dhc-dashboard/src/routes/dashboard/members/[memberId]/+page.svelte:144:49
Error: Binding element 'props' implicitly has an 'any' type. (ts)
                        <Form.Control>
                            {#snippet children({props})}
                                <Form.Label for="email">Email</Form.Label>

/Users/alessandrojcm/repos/dhc-dashboard/src/routes/dashboard/members/[memberId]/+page.svelte:145:34
Error: Cannot find name 'Form'. (ts)
                            {#snippet children({props})}
                                <Form.Label for="email">Email</Form.Label>
                                <Input

/Users/alessandrojcm/repos/dhc-dashboard/src/routes/dashboard/members/[memberId]/+page.svelte:145:64
Error: Cannot find name 'Form'. (ts)
                            {#snippet children({props})}
                                <Form.Label for="email">Email</Form.Label>
                                <Input

/Users/alessandrojcm/repos/dhc-dashboard/src/routes/dashboard/members/[memberId]/+page.svelte:146:34
Error: Cannot find name 'Input'. (ts)
                                <Form.Label for="email">Email</Form.Label>
                                <Input
                                        class="cursor-not-allowed bg-gray-300/50"

/Users/alessandrojcm/repos/dhc-dashboard/src/routes/dashboard/members/[memberId]/+page.svelte:154:27
Error: Cannot find name 'Form'. (ts)
                            {/snippet}
                        </Form.Control>
                        <Form.FormDescription>

/Users/alessandrojcm/repos/dhc-dashboard/src/routes/dashboard/members/[memberId]/+page.svelte:155:26
Error: Cannot find name 'Form'. (ts)
                        </Form.Control>
                        <Form.FormDescription>
                            Please contact us if you need to change your email.

/Users/alessandrojcm/repos/dhc-dashboard/src/routes/dashboard/members/[memberId]/+page.svelte:157:27
Error: Cannot find name 'Form'. (ts)
                            Please contact us if you need to change your email.
                        </Form.FormDescription>
                        <Form.FieldErrors/>

/Users/alessandrojcm/repos/dhc-dashboard/src/routes/dashboard/members/[memberId]/+page.svelte:158:26
Error: Cannot find name 'Form'. (ts)
                        </Form.FormDescription>
                        <Form.FieldErrors/>
                    </Form.Field>

/Users/alessandrojcm/repos/dhc-dashboard/src/routes/dashboard/members/[memberId]/+page.svelte:159:23
Error: Cannot find name 'Form'. (ts)
                        <Form.FieldErrors/>
                    </Form.Field>
                    <Form.Field {form} name="phoneNumber">

/Users/alessandrojcm/repos/dhc-dashboard/src/routes/dashboard/members/[memberId]/+page.svelte:160:22
Error: Cannot find name 'Form'. (ts)
                    </Form.Field>
                    <Form.Field {form} name="phoneNumber">
                        <Form.Control>

/Users/alessandrojcm/repos/dhc-dashboard/src/routes/dashboard/members/[memberId]/+page.svelte:161:26
Error: Cannot find name 'Form'. (ts)
                    <Form.Field {form} name="phoneNumber">
                        <Form.Control>
                            {#snippet children({props})}

/Users/alessandrojcm/repos/dhc-dashboard/src/routes/dashboard/members/[memberId]/+page.svelte:162:49
Error: Binding element 'props' implicitly has an 'any' type. (ts)
                        <Form.Control>
                            {#snippet children({props})}
                                <Form.Label>Phone Number</Form.Label>

/Users/alessandrojcm/repos/dhc-dashboard/src/routes/dashboard/members/[memberId]/+page.svelte:163:34
Error: Cannot find name 'Form'. (ts)
                            {#snippet children({props})}
                                <Form.Label>Phone Number</Form.Label>
                                <PhoneInput

/Users/alessandrojcm/repos/dhc-dashboard/src/routes/dashboard/members/[memberId]/+page.svelte:163:59
Error: Cannot find name 'Form'. (ts)
                            {#snippet children({props})}
                                <Form.Label>Phone Number</Form.Label>
                                <PhoneInput

/Users/alessandrojcm/repos/dhc-dashboard/src/routes/dashboard/members/[memberId]/+page.svelte:164:34
Error: Cannot find name 'PhoneInput'. (ts)
                                <Form.Label>Phone Number</Form.Label>
                                <PhoneInput
                                        placeholder="Enter your phone number"

/Users/alessandrojcm/repos/dhc-dashboard/src/routes/dashboard/members/[memberId]/+page.svelte:175:27
Error: Cannot find name 'Form'. (ts)
                            {/snippet}
                        </Form.Control>
                        <Form.FieldErrors/>

/Users/alessandrojcm/repos/dhc-dashboard/src/routes/dashboard/members/[memberId]/+page.svelte:176:26
Error: Cannot find name 'Form'. (ts)
                        </Form.Control>
                        <Form.FieldErrors/>
                    </Form.Field>

/Users/alessandrojcm/repos/dhc-dashboard/src/routes/dashboard/members/[memberId]/+page.svelte:177:23
Error: Cannot find name 'Form'. (ts)
                        <Form.FieldErrors/>
                    </Form.Field>
                    <Form.Field {form} name="dateOfBirth">

/Users/alessandrojcm/repos/dhc-dashboard/src/routes/dashboard/members/[memberId]/+page.svelte:178:22
Error: Cannot find name 'Form'. (ts)
                    </Form.Field>
                    <Form.Field {form} name="dateOfBirth">
                        <Form.Control>

/Users/alessandrojcm/repos/dhc-dashboard/src/routes/dashboard/members/[memberId]/+page.svelte:179:26
Error: Cannot find name 'Form'. (ts)
                    <Form.Field {form} name="dateOfBirth">
                        <Form.Control>
                            {#snippet children({props})}

/Users/alessandrojcm/repos/dhc-dashboard/src/routes/dashboard/members/[memberId]/+page.svelte:180:49
Error: Binding element 'props' implicitly has an 'any' type. (ts)
                        <Form.Control>
                            {#snippet children({props})}
                                <Form.Label for="dateOfBirth">Date of Birth</Form.Label>

/Users/alessandrojcm/repos/dhc-dashboard/src/routes/dashboard/members/[memberId]/+page.svelte:181:34
Error: Cannot find name 'Form'. (ts)
                            {#snippet children({props})}
                                <Form.Label for="dateOfBirth">Date of Birth</Form.Label>
                                <DatePicker

/Users/alessandrojcm/repos/dhc-dashboard/src/routes/dashboard/members/[memberId]/+page.svelte:181:78
Error: Cannot find name 'Form'. (ts)
                            {#snippet children({props})}
                                <Form.Label for="dateOfBirth">Date of Birth</Form.Label>
                                <DatePicker

/Users/alessandrojcm/repos/dhc-dashboard/src/routes/dashboard/members/[memberId]/+page.svelte:182:34
Error: Cannot find name 'DatePicker'. (ts)
                                <Form.Label for="dateOfBirth">Date of Birth</Form.Label>
                                <DatePicker
                                        {...props}

/Users/alessandrojcm/repos/dhc-dashboard/src/routes/dashboard/members/[memberId]/+page.svelte:184:48
Error: Cannot find name 'dobValue'. (ts)
                                        {...props}
                                        value={dobValue}
                                        onDateChange={(date) => {

/Users/alessandrojcm/repos/dhc-dashboard/src/routes/dashboard/members/[memberId]/+page.svelte:185:56
Error: Parameter 'date' implicitly has an 'any' type. (ts)
                                        value={dobValue}
                                        onDateChange={(date) => {
										if (!date) {

/Users/alessandrojcm/repos/dhc-dashboard/src/routes/dashboard/members/[memberId]/+page.svelte:192:80
Error: Cannot find name '$dobProxy'. (ts)
                                />
                                <input id="dobInput" type="date" hidden value={$dobProxy} name={props.name}/>
                            {/snippet}

/Users/alessandrojcm/repos/dhc-dashboard/src/routes/dashboard/members/[memberId]/+page.svelte:194:27
Error: Cannot find name 'Form'. (ts)
                            {/snippet}
                        </Form.Control>
                        <Form.FieldErrors/>

/Users/alessandrojcm/repos/dhc-dashboard/src/routes/dashboard/members/[memberId]/+page.svelte:195:26
Error: Cannot find name 'Form'. (ts)
                        </Form.Control>
                        <Form.FieldErrors/>
                    </Form.Field>

/Users/alessandrojcm/repos/dhc-dashboard/src/routes/dashboard/members/[memberId]/+page.svelte:196:23
Error: Cannot find name 'Form'. (ts)
                        <Form.FieldErrors/>
                    </Form.Field>
                    {#if data.canUpdate}

/Users/alessandrojcm/repos/dhc-dashboard/src/routes/dashboard/members/[memberId]/+page.svelte:198:26
Error: Cannot find name 'Button'. (ts)
                    {#if data.canUpdate}
                        <Button
                                disabled={openBillingPortal.isPending}

/Users/alessandrojcm/repos/dhc-dashboard/src/routes/dashboard/members/[memberId]/+page.svelte:199:43
Error: Cannot find name 'openBillingPortal'. (ts)
                        <Button
                                disabled={openBillingPortal.isPending}
                                variant="outline"

/Users/alessandrojcm/repos/dhc-dashboard/src/routes/dashboard/members/[memberId]/+page.svelte:202:48
Error: Cannot find name 'openBillingPortal'. (ts)
                                type="button"
                                onclick={() => openBillingPortal.mutate()}
                                class="w-full"

/Users/alessandrojcm/repos/dhc-dashboard/src/routes/dashboard/members/[memberId]/+page.svelte:205:34
Error: Cannot find name 'openBillingPortal'. (ts)
                        >
                            {#if openBillingPortal.isPending}
                                <LoaderCircle class="ml-2 h-4 w-4"/>

/Users/alessandrojcm/repos/dhc-dashboard/src/routes/dashboard/members/[memberId]/+page.svelte:206:34
Error: Cannot find name 'LoaderCircle'. (ts)
                            {#if openBillingPortal.isPending}
                                <LoaderCircle class="ml-2 h-4 w-4"/>
                            {/if}

/Users/alessandrojcm/repos/dhc-dashboard/src/routes/dashboard/members/[memberId]/+page.svelte:209:30
Error: Cannot find name 'ExternalLink'. (ts)
                            Manage payment settings
                            <ExternalLink class="ml-2 h-4 w-4"/>
                        </Button>

/Users/alessandrojcm/repos/dhc-dashboard/src/routes/dashboard/members/[memberId]/+page.svelte:210:27
Error: Cannot find name 'Button'. (ts)
                            <ExternalLink class="ml-2 h-4 w-4"/>
                        </Button>

/Users/alessandrojcm/repos/dhc-dashboard/src/routes/dashboard/members/[memberId]/+page.svelte:215:38
Error: Cannot find name 'pausedUntil'. (ts)
                                <span class="text-sm font-medium">Subscription Status:</span>
                                {#if pausedUntil?.isAfter(dayjs())}
                                    <Badge variant="secondary">

/Users/alessandrojcm/repos/dhc-dashboard/src/routes/dashboard/members/[memberId]/+page.svelte:216:38
Error: Cannot find name 'Badge'. (ts)
                                {#if pausedUntil?.isAfter(dayjs())}
                                    <Badge variant="secondary">
                                        Paused until {pausedUntil.format('MMM D, YYYY')}

/Users/alessandrojcm/repos/dhc-dashboard/src/routes/dashboard/members/[memberId]/+page.svelte:217:55
Error: Cannot find name 'pausedUntil'. (ts)
                                    <Badge variant="secondary">
                                        Paused until {pausedUntil.format('MMM D, YYYY')}
                                    </Badge>

/Users/alessandrojcm/repos/dhc-dashboard/src/routes/dashboard/members/[memberId]/+page.svelte:218:39
Error: Cannot find name 'Badge'. (ts)
                                        Paused until {pausedUntil.format('MMM D, YYYY')}
                                    </Badge>
                                {:else}

/Users/alessandrojcm/repos/dhc-dashboard/src/routes/dashboard/members/[memberId]/+page.svelte:220:38
Error: Cannot find name 'Badge'. (ts)
                                {:else}
                                    <Badge variant="default">Active</Badge>
                                {/if}

/Users/alessandrojcm/repos/dhc-dashboard/src/routes/dashboard/members/[memberId]/+page.svelte:220:70
Error: Cannot find name 'Badge'. (ts)
                                {:else}
                                    <Badge variant="default">Active</Badge>
                                {/if}

/Users/alessandrojcm/repos/dhc-dashboard/src/routes/dashboard/members/[memberId]/+page.svelte:224:34
Error: Cannot find name 'pausedUntil'. (ts)

                            {#if pausedUntil?.isAfter(dayjs())}
                                <ButtonGroup.Root>

/Users/alessandrojcm/repos/dhc-dashboard/src/routes/dashboard/members/[memberId]/+page.svelte:225:34
Error: Cannot find name 'ButtonGroup'. (ts)
                            {#if pausedUntil?.isAfter(dayjs())}
                                <ButtonGroup.Root>
                                    <Button

/Users/alessandrojcm/repos/dhc-dashboard/src/routes/dashboard/members/[memberId]/+page.svelte:226:38
Error: Cannot find name 'Button'. (ts)
                                <ButtonGroup.Root>
                                    <Button
                                            variant="default"

/Users/alessandrojcm/repos/dhc-dashboard/src/routes/dashboard/members/[memberId]/+page.svelte:228:61
Error: Cannot find name 'showPauseModal'. (ts)
                                            variant="default"
                                            onclick={() => (showPauseModal = true)}
                                            disabled={resumeMutation.isPending}

/Users/alessandrojcm/repos/dhc-dashboard/src/routes/dashboard/members/[memberId]/+page.svelte:229:55
Error: Cannot find name 'resumeMutation'. (ts)
                                            onclick={() => (showPauseModal = true)}
                                            disabled={resumeMutation.isPending}
                                            type="button"

/Users/alessandrojcm/repos/dhc-dashboard/src/routes/dashboard/members/[memberId]/+page.svelte:234:39
Error: Cannot find name 'Button'. (ts)
                                        Extend pause
                                    </Button>
                                    <Button

/Users/alessandrojcm/repos/dhc-dashboard/src/routes/dashboard/members/[memberId]/+page.svelte:235:38
Error: Cannot find name 'Button'. (ts)
                                    </Button>
                                    <Button
                                            variant="outline"

/Users/alessandrojcm/repos/dhc-dashboard/src/routes/dashboard/members/[memberId]/+page.svelte:237:60
Error: Cannot find name 'resumeMutation'. (ts)
                                            variant="outline"
                                            onclick={() => resumeMutation.mutate()}
                                            disabled={resumeMutation.isPending}

/Users/alessandrojcm/repos/dhc-dashboard/src/routes/dashboard/members/[memberId]/+page.svelte:238:55
Error: Cannot find name 'resumeMutation'. (ts)
                                            onclick={() => resumeMutation.mutate()}
                                            disabled={resumeMutation.isPending}
                                            type="button"

/Users/alessandrojcm/repos/dhc-dashboard/src/routes/dashboard/members/[memberId]/+page.svelte:242:42
Error: Cannot find name 'resumeMutation'. (ts)
                                    >
                                        {resumeMutation.isPending ? 'Resuming...' : 'Resume Subscription'}
                                    </Button>

/Users/alessandrojcm/repos/dhc-dashboard/src/routes/dashboard/members/[memberId]/+page.svelte:243:39
Error: Cannot find name 'Button'. (ts)
                                        {resumeMutation.isPending ? 'Resuming...' : 'Resume Subscription'}
                                    </Button>
                                </ButtonGroup.Root>

/Users/alessandrojcm/repos/dhc-dashboard/src/routes/dashboard/members/[memberId]/+page.svelte:244:35
Error: Cannot find name 'ButtonGroup'. (ts)
                                    </Button>
                                </ButtonGroup.Root>
                            {:else}

/Users/alessandrojcm/repos/dhc-dashboard/src/routes/dashboard/members/[memberId]/+page.svelte:246:34
Error: Cannot find name 'Button'. (ts)
                            {:else}
                                <Button
                                        variant="outline"

/Users/alessandrojcm/repos/dhc-dashboard/src/routes/dashboard/members/[memberId]/+page.svelte:248:57
Error: Cannot find name 'showPauseModal'. (ts)
                                        variant="outline"
                                        onclick={() => (showPauseModal = true)}
                                        type="button"

/Users/alessandrojcm/repos/dhc-dashboard/src/routes/dashboard/members/[memberId]/+page.svelte:253:35
Error: Cannot find name 'Button'. (ts)
                                    Pause Subscription
                                </Button>
                            {/if}

/Users/alessandrojcm/repos/dhc-dashboard/src/routes/dashboard/members/[memberId]/+page.svelte:259:22
Error: Cannot find name 'Form'. (ts)
                <div class="space-y-6">
                    <Form.Field {form} name="gender">
                        <Form.Control>

/Users/alessandrojcm/repos/dhc-dashboard/src/routes/dashboard/members/[memberId]/+page.svelte:260:26
Error: Cannot find name 'Form'. (ts)
                    <Form.Field {form} name="gender">
                        <Form.Control>
                            {#snippet children({props})}

/Users/alessandrojcm/repos/dhc-dashboard/src/routes/dashboard/members/[memberId]/+page.svelte:261:49
Error: Binding element 'props' implicitly has an 'any' type. (ts)
                        <Form.Control>
                            {#snippet children({props})}
                                <Form.Label for="gender">Gender</Form.Label>

/Users/alessandrojcm/repos/dhc-dashboard/src/routes/dashboard/members/[memberId]/+page.svelte:262:34
Error: Cannot find name 'Form'. (ts)
                            {#snippet children({props})}
                                <Form.Label for="gender">Gender</Form.Label>
                                <Select.Root type="single" bind:value={$formData.gender} name={props.name}>

/Users/alessandrojcm/repos/dhc-dashboard/src/routes/dashboard/members/[memberId]/+page.svelte:262:66
Error: Cannot find name 'Form'. (ts)
                            {#snippet children({props})}
                                <Form.Label for="gender">Gender</Form.Label>
                                <Select.Root type="single" bind:value={$formData.gender} name={props.name}>

/Users/alessandrojcm/repos/dhc-dashboard/src/routes/dashboard/members/[memberId]/+page.svelte:263:34
Error: Cannot find name 'Select'. (ts)
                                <Form.Label for="gender">Gender</Form.Label>
                                <Select.Root type="single" bind:value={$formData.gender} name={props.name}>
                                    {#await data.genders}

/Users/alessandrojcm/repos/dhc-dashboard/src/routes/dashboard/members/[memberId]/+page.svelte:265:42
Error: Cannot find name 'Select'. (ts)
                                    {#await data.genders}
                                        <Select.Trigger class="w-full capitalize" {...props}>
                                            {$formData.gender ? $formData.gender : 'Select your gender'}

/Users/alessandrojcm/repos/dhc-dashboard/src/routes/dashboard/members/[memberId]/+page.svelte:267:43
Error: Cannot find name 'Select'. (ts)
                                            {$formData.gender ? $formData.gender : 'Select your gender'}
                                        </Select.Trigger>
                                    {:then genders}

/Users/alessandrojcm/repos/dhc-dashboard/src/routes/dashboard/members/[memberId]/+page.svelte:269:42
Error: Cannot find name 'Select'. (ts)
                                    {:then genders}
                                        <Select.Trigger class="w-full" {...props}>
                                            {$formData.gender ? $formData.gender : 'Select your gender'}

/Users/alessandrojcm/repos/dhc-dashboard/src/routes/dashboard/members/[memberId]/+page.svelte:271:43
Error: Cannot find name 'Select'. (ts)
                                            {$formData.gender ? $formData.gender : 'Select your gender'}
                                        </Select.Trigger>
                                        <Select.Content>

/Users/alessandrojcm/repos/dhc-dashboard/src/routes/dashboard/members/[memberId]/+page.svelte:272:42
Error: Cannot find name 'Select'. (ts)
                                        </Select.Trigger>
                                        <Select.Content>
                                            {#each genders as gender}

/Users/alessandrojcm/repos/dhc-dashboard/src/routes/dashboard/members/[memberId]/+page.svelte:274:50
Error: Cannot find name 'Select'. (ts)
                                            {#each genders as gender}
                                                <Select.Item value={gender} class="capitalize">{gender}</Select.Item>
                                            {/each}

/Users/alessandrojcm/repos/dhc-dashboard/src/routes/dashboard/members/[memberId]/+page.svelte:274:106
Error: Cannot find name 'Select'. (ts)
                                            {#each genders as gender}
                                                <Select.Item value={gender} class="capitalize">{gender}</Select.Item>
                                            {/each}

/Users/alessandrojcm/repos/dhc-dashboard/src/routes/dashboard/members/[memberId]/+page.svelte:276:43
Error: Cannot find name 'Select'. (ts)
                                            {/each}
                                        </Select.Content>
                                    {/await}

/Users/alessandrojcm/repos/dhc-dashboard/src/routes/dashboard/members/[memberId]/+page.svelte:278:35
Error: Cannot find name 'Select'. (ts)
                                    {/await}
                                </Select.Root>
                            {/snippet}

/Users/alessandrojcm/repos/dhc-dashboard/src/routes/dashboard/members/[memberId]/+page.svelte:280:27
Error: Cannot find name 'Form'. (ts)
                            {/snippet}
                        </Form.Control>
                        <Form.FieldErrors/>

/Users/alessandrojcm/repos/dhc-dashboard/src/routes/dashboard/members/[memberId]/+page.svelte:281:26
Error: Cannot find name 'Form'. (ts)
                        </Form.Control>
                        <Form.FieldErrors/>
                    </Form.Field>

/Users/alessandrojcm/repos/dhc-dashboard/src/routes/dashboard/members/[memberId]/+page.svelte:282:23
Error: Cannot find name 'Form'. (ts)
                        <Form.FieldErrors/>
                    </Form.Field>
                    <Form.Field {form} name="pronouns">

/Users/alessandrojcm/repos/dhc-dashboard/src/routes/dashboard/members/[memberId]/+page.svelte:283:22
Error: Cannot find name 'Form'. (ts)
                    </Form.Field>
                    <Form.Field {form} name="pronouns">
                        <Form.Control>

/Users/alessandrojcm/repos/dhc-dashboard/src/routes/dashboard/members/[memberId]/+page.svelte:284:26
Error: Cannot find name 'Form'. (ts)
                    <Form.Field {form} name="pronouns">
                        <Form.Control>
                            {#snippet children({props})}

/Users/alessandrojcm/repos/dhc-dashboard/src/routes/dashboard/members/[memberId]/+page.svelte:285:49
Error: Binding element 'props' implicitly has an 'any' type. (ts)
                        <Form.Control>
                            {#snippet children({props})}
                                <Form.Label for="pronouns">Pronouns</Form.Label>

/Users/alessandrojcm/repos/dhc-dashboard/src/routes/dashboard/members/[memberId]/+page.svelte:286:34
Error: Cannot find name 'Form'. (ts)
                            {#snippet children({props})}
                                <Form.Label for="pronouns">Pronouns</Form.Label>
                                <Input

/Users/alessandrojcm/repos/dhc-dashboard/src/routes/dashboard/members/[memberId]/+page.svelte:286:70
Error: Cannot find name 'Form'. (ts)
                            {#snippet children({props})}
                                <Form.Label for="pronouns">Pronouns</Form.Label>
                                <Input

/Users/alessandrojcm/repos/dhc-dashboard/src/routes/dashboard/members/[memberId]/+page.svelte:287:34
Error: Cannot find name 'Input'. (ts)
                                <Form.Label for="pronouns">Pronouns</Form.Label>
                                <Input
                                        class="capitalize"

/Users/alessandrojcm/repos/dhc-dashboard/src/routes/dashboard/members/[memberId]/+page.svelte:294:27
Error: Cannot find name 'Form'. (ts)
                            {/snippet}
                        </Form.Control>
                        <Form.FieldErrors/>

/Users/alessandrojcm/repos/dhc-dashboard/src/routes/dashboard/members/[memberId]/+page.svelte:295:26
Error: Cannot find name 'Form'. (ts)
                        </Form.Control>
                        <Form.FieldErrors/>
                    </Form.Field>

/Users/alessandrojcm/repos/dhc-dashboard/src/routes/dashboard/members/[memberId]/+page.svelte:296:23
Error: Cannot find name 'Form'. (ts)
                        <Form.FieldErrors/>
                    </Form.Field>
                    <Form.Field {form} name="weapon">

/Users/alessandrojcm/repos/dhc-dashboard/src/routes/dashboard/members/[memberId]/+page.svelte:297:22
Error: Cannot find name 'Form'. (ts)
                    </Form.Field>
                    <Form.Field {form} name="weapon">
                        <Form.Control>

/Users/alessandrojcm/repos/dhc-dashboard/src/routes/dashboard/members/[memberId]/+page.svelte:298:26
Error: Cannot find name 'Form'. (ts)
                    <Form.Field {form} name="weapon">
                        <Form.Control>
                            {#snippet children({props})}

/Users/alessandrojcm/repos/dhc-dashboard/src/routes/dashboard/members/[memberId]/+page.svelte:299:49
Error: Binding element 'props' implicitly has an 'any' type. (ts)
                        <Form.Control>
                            {#snippet children({props})}
                                <Form.Label for="weapon">Preferred Weapon</Form.Label>

/Users/alessandrojcm/repos/dhc-dashboard/src/routes/dashboard/members/[memberId]/+page.svelte:300:34
Error: Cannot find name 'Form'. (ts)
                            {#snippet children({props})}
                                <Form.Label for="weapon">Preferred Weapon</Form.Label>
                                <Select.Root type="multiple" bind:value={$formData.weapon} name={props.name}>

/Users/alessandrojcm/repos/dhc-dashboard/src/routes/dashboard/members/[memberId]/+page.svelte:300:76
Error: Cannot find name 'Form'. (ts)
                            {#snippet children({props})}
                                <Form.Label for="weapon">Preferred Weapon</Form.Label>
                                <Select.Root type="multiple" bind:value={$formData.weapon} name={props.name}>

/Users/alessandrojcm/repos/dhc-dashboard/src/routes/dashboard/members/[memberId]/+page.svelte:301:34
Error: Cannot find name 'Select'. (ts)
                                <Form.Label for="weapon">Preferred Weapon</Form.Label>
                                <Select.Root type="multiple" bind:value={$formData.weapon} name={props.name}>
                                    {#await data.weapons}

/Users/alessandrojcm/repos/dhc-dashboard/src/routes/dashboard/members/[memberId]/+page.svelte:303:42
Error: Cannot find name 'Select'. (ts)
                                    {#await data.weapons}
                                        <Select.Trigger class="capitalize" {...props}>
                                            {$formData.weapon?.length > 0

/Users/alessandrojcm/repos/dhc-dashboard/src/routes/dashboard/members/[memberId]/+page.svelte:307:43
Error: Cannot find name 'Select'. (ts)
                                                : 'Select your preferred weapon(s)'}
                                        </Select.Trigger>
                                    {:then weapons}

/Users/alessandrojcm/repos/dhc-dashboard/src/routes/dashboard/members/[memberId]/+page.svelte:309:42
Error: Cannot find name 'Select'. (ts)
                                    {:then weapons}
                                        <Select.Trigger class="capitalize" {...props}>
                                            {$formData.weapon

/Users/alessandrojcm/repos/dhc-dashboard/src/routes/dashboard/members/[memberId]/+page.svelte:313:43
Error: Cannot find name 'Select'. (ts)
                                                : 'Select your preferred weapon(s)'}
                                        </Select.Trigger>
                                        <Select.Content>

/Users/alessandrojcm/repos/dhc-dashboard/src/routes/dashboard/members/[memberId]/+page.svelte:314:42
Error: Cannot find name 'Select'. (ts)
                                        </Select.Trigger>
                                        <Select.Content>
                                            {#each weapons as weapon}

/Users/alessandrojcm/repos/dhc-dashboard/src/routes/dashboard/members/[memberId]/+page.svelte:316:50
Error: Cannot find name 'Select'. (ts)
                                            {#each weapons as weapon}
                                                <Select.Item class="capitalize" value={weapon}
                                                >{weapon.replace(/[_-]/g, ' ')}</Select.Item

/Users/alessandrojcm/repos/dhc-dashboard/src/routes/dashboard/members/[memberId]/+page.svelte:317:82
Error: Cannot find name 'Select'. (ts)
                                                <Select.Item class="capitalize" value={weapon}
                                                >{weapon.replace(/[_-]/g, ' ')}</Select.Item
                                                >

/Users/alessandrojcm/repos/dhc-dashboard/src/routes/dashboard/members/[memberId]/+page.svelte:320:43
Error: Cannot find name 'Select'. (ts)
                                            {/each}
                                        </Select.Content>
                                    {/await}

/Users/alessandrojcm/repos/dhc-dashboard/src/routes/dashboard/members/[memberId]/+page.svelte:322:35
Error: Cannot find name 'Select'. (ts)
                                    {/await}
                                </Select.Root>
                            {/snippet}

/Users/alessandrojcm/repos/dhc-dashboard/src/routes/dashboard/members/[memberId]/+page.svelte:324:27
Error: Cannot find name 'Form'. (ts)
                            {/snippet}
                        </Form.Control>
                        <Form.FormDescription>You can select more than one</Form.FormDescription>

/Users/alessandrojcm/repos/dhc-dashboard/src/routes/dashboard/members/[memberId]/+page.svelte:325:26
Error: Cannot find name 'Form'. (ts)
                        </Form.Control>
                        <Form.FormDescription>You can select more than one</Form.FormDescription>
                        <Form.FieldErrors/>

/Users/alessandrojcm/repos/dhc-dashboard/src/routes/dashboard/members/[memberId]/+page.svelte:325:77
Error: Cannot find name 'Form'. (ts)
                        </Form.Control>
                        <Form.FormDescription>You can select more than one</Form.FormDescription>
                        <Form.FieldErrors/>

/Users/alessandrojcm/repos/dhc-dashboard/src/routes/dashboard/members/[memberId]/+page.svelte:326:26
Error: Cannot find name 'Form'. (ts)
                        <Form.FormDescription>You can select more than one</Form.FormDescription>
                        <Form.FieldErrors/>
                    </Form.Field>

/Users/alessandrojcm/repos/dhc-dashboard/src/routes/dashboard/members/[memberId]/+page.svelte:327:23
Error: Cannot find name 'Form'. (ts)
                        <Form.FieldErrors/>
                    </Form.Field>
                    <Form.Fieldset {form} name="socialMediaConsent">

/Users/alessandrojcm/repos/dhc-dashboard/src/routes/dashboard/members/[memberId]/+page.svelte:328:22
Error: Cannot find name 'Form'. (ts)
                    </Form.Field>
                    <Form.Fieldset {form} name="socialMediaConsent">
						<span class="flex items-center gap-2">

/Users/alessandrojcm/repos/dhc-dashboard/src/routes/dashboard/members/[memberId]/+page.svelte:331:38
Error: Cannot find name 'whyThisField'. (ts)
							<p class="text-sm font-medium">Social media consent</p>
                            {@render whyThisField(
                                'We sometimes take pictures for our social media, please indicate if you are comfortable with this'

/Users/alessandrojcm/repos/dhc-dashboard/src/routes/dashboard/members/[memberId]/+page.svelte:335:26
Error: Cannot find name 'RadioGroup'. (ts)
						</span>
                        <RadioGroup.Root
                                name="socialMediaConsent"

/Users/alessandrojcm/repos/dhc-dashboard/src/routes/dashboard/members/[memberId]/+page.svelte:341:34
Error: Cannot find name 'Form'. (ts)
                            <div class="flex items-center space-x-3 space-y-0">
                                <Form.Control>
                                    {#snippet children({props})}

/Users/alessandrojcm/repos/dhc-dashboard/src/routes/dashboard/members/[memberId]/+page.svelte:342:57
Error: Binding element 'props' implicitly has an 'any' type. (ts)
                                <Form.Control>
                                    {#snippet children({props})}
                                        <RadioGroup.Item value="no" {...props}/>

/Users/alessandrojcm/repos/dhc-dashboard/src/routes/dashboard/members/[memberId]/+page.svelte:343:42
Error: Cannot find name 'RadioGroup'. (ts)
                                    {#snippet children({props})}
                                        <RadioGroup.Item value="no" {...props}/>
                                        <Form.Label class="font-normal">No</Form.Label>

/Users/alessandrojcm/repos/dhc-dashboard/src/routes/dashboard/members/[memberId]/+page.svelte:344:42
Error: Cannot find name 'Form'. (ts)
                                        <RadioGroup.Item value="no" {...props}/>
                                        <Form.Label class="font-normal">No</Form.Label>
                                    {/snippet}

/Users/alessandrojcm/repos/dhc-dashboard/src/routes/dashboard/members/[memberId]/+page.svelte:344:77
Error: Cannot find name 'Form'. (ts)
                                        <RadioGroup.Item value="no" {...props}/>
                                        <Form.Label class="font-normal">No</Form.Label>
                                    {/snippet}

/Users/alessandrojcm/repos/dhc-dashboard/src/routes/dashboard/members/[memberId]/+page.svelte:346:35
Error: Cannot find name 'Form'. (ts)
                                    {/snippet}
                                </Form.Control>
                            </div>

/Users/alessandrojcm/repos/dhc-dashboard/src/routes/dashboard/members/[memberId]/+page.svelte:349:34
Error: Cannot find name 'Form'. (ts)
                            <div class="flex items-center space-x-3 space-y-0">
                                <Form.Control>
                                    {#snippet children({props})}

/Users/alessandrojcm/repos/dhc-dashboard/src/routes/dashboard/members/[memberId]/+page.svelte:350:57
Error: Binding element 'props' implicitly has an 'any' type. (ts)
                                <Form.Control>
                                    {#snippet children({props})}
                                        <RadioGroup.Item value="yes_unrecognizable" {...props}/>

/Users/alessandrojcm/repos/dhc-dashboard/src/routes/dashboard/members/[memberId]/+page.svelte:351:42
Error: Cannot find name 'RadioGroup'. (ts)
                                    {#snippet children({props})}
                                        <RadioGroup.Item value="yes_unrecognizable" {...props}/>
                                        <Form.Label class="font-normal"

/Users/alessandrojcm/repos/dhc-dashboard/src/routes/dashboard/members/[memberId]/+page.svelte:352:42
Error: Cannot find name 'Form'. (ts)
                                        <RadioGroup.Item value="yes_unrecognizable" {...props}/>
                                        <Form.Label class="font-normal"
                                        >If not recognizable (wearing a mask)

/Users/alessandrojcm/repos/dhc-dashboard/src/routes/dashboard/members/[memberId]/+page.svelte:354:43
Error: Cannot find name 'Form'. (ts)
                                        >If not recognizable (wearing a mask)
                                        </Form.Label>
                                    {/snippet}

/Users/alessandrojcm/repos/dhc-dashboard/src/routes/dashboard/members/[memberId]/+page.svelte:356:35
Error: Cannot find name 'Form'. (ts)
                                    {/snippet}
                                </Form.Control>
                            </div>

/Users/alessandrojcm/repos/dhc-dashboard/src/routes/dashboard/members/[memberId]/+page.svelte:359:34
Error: Cannot find name 'Form'. (ts)
                            <div class="flex items-center space-x-3 space-y-0">
                                <Form.Control>
                                    {#snippet children({props})}

/Users/alessandrojcm/repos/dhc-dashboard/src/routes/dashboard/members/[memberId]/+page.svelte:360:57
Error: Binding element 'props' implicitly has an 'any' type. (ts)
                                <Form.Control>
                                    {#snippet children({props})}
                                        <RadioGroup.Item value="yes_recognizable" {...props}/>

/Users/alessandrojcm/repos/dhc-dashboard/src/routes/dashboard/members/[memberId]/+page.svelte:361:42
Error: Cannot find name 'RadioGroup'. (ts)
                                    {#snippet children({props})}
                                        <RadioGroup.Item value="yes_recognizable" {...props}/>
                                        <Form.Label class="font-normal">Yes</Form.Label>

/Users/alessandrojcm/repos/dhc-dashboard/src/routes/dashboard/members/[memberId]/+page.svelte:362:42
Error: Cannot find name 'Form'. (ts)
                                        <RadioGroup.Item value="yes_recognizable" {...props}/>
                                        <Form.Label class="font-normal">Yes</Form.Label>
                                    {/snippet}

/Users/alessandrojcm/repos/dhc-dashboard/src/routes/dashboard/members/[memberId]/+page.svelte:362:78
Error: Cannot find name 'Form'. (ts)
                                        <RadioGroup.Item value="yes_recognizable" {...props}/>
                                        <Form.Label class="font-normal">Yes</Form.Label>
                                    {/snippet}

/Users/alessandrojcm/repos/dhc-dashboard/src/routes/dashboard/members/[memberId]/+page.svelte:364:35
Error: Cannot find name 'Form'. (ts)
                                    {/snippet}
                                </Form.Control>
                            </div>

/Users/alessandrojcm/repos/dhc-dashboard/src/routes/dashboard/members/[memberId]/+page.svelte:366:27
Error: Cannot find name 'RadioGroup'. (ts)
                            </div>
                        </RadioGroup.Root>
                        <Form.FieldErrors/>

/Users/alessandrojcm/repos/dhc-dashboard/src/routes/dashboard/members/[memberId]/+page.svelte:367:26
Error: Cannot find name 'Form'. (ts)
                        </RadioGroup.Root>
                        <Form.FieldErrors/>
                    </Form.Fieldset>

/Users/alessandrojcm/repos/dhc-dashboard/src/routes/dashboard/members/[memberId]/+page.svelte:368:23
Error: Cannot find name 'Form'. (ts)
                        <Form.FieldErrors/>
                    </Form.Fieldset>
                    <Form.Field {form} name="medicalConditions">

/Users/alessandrojcm/repos/dhc-dashboard/src/routes/dashboard/members/[memberId]/+page.svelte:369:22
Error: Cannot find name 'Form'. (ts)
                    </Form.Fieldset>
                    <Form.Field {form} name="medicalConditions">
                        <Form.Control>

/Users/alessandrojcm/repos/dhc-dashboard/src/routes/dashboard/members/[memberId]/+page.svelte:370:26
Error: Cannot find name 'Form'. (ts)
                    <Form.Field {form} name="medicalConditions">
                        <Form.Control>
                            {#snippet children({props})}

/Users/alessandrojcm/repos/dhc-dashboard/src/routes/dashboard/members/[memberId]/+page.svelte:371:49
Error: Binding element 'props' implicitly has an 'any' type. (ts)
                        <Form.Control>
                            {#snippet children({props})}
                                <Form.Label for="medicalConditions">Medical Conditions</Form.Label>

/Users/alessandrojcm/repos/dhc-dashboard/src/routes/dashboard/members/[memberId]/+page.svelte:372:34
Error: Cannot find name 'Form'. (ts)
                            {#snippet children({props})}
                                <Form.Label for="medicalConditions">Medical Conditions</Form.Label>
                                <Textarea

/Users/alessandrojcm/repos/dhc-dashboard/src/routes/dashboard/members/[memberId]/+page.svelte:372:89
Error: Cannot find name 'Form'. (ts)
                            {#snippet children({props})}
                                <Form.Label for="medicalConditions">Medical Conditions</Form.Label>
                                <Textarea

/Users/alessandrojcm/repos/dhc-dashboard/src/routes/dashboard/members/[memberId]/+page.svelte:373:34
Error: Cannot find name 'Textarea'. (ts)
                                <Form.Label for="medicalConditions">Medical Conditions</Form.Label>
                                <Textarea
                                        {...props}

/Users/alessandrojcm/repos/dhc-dashboard/src/routes/dashboard/members/[memberId]/+page.svelte:380:27
Error: Cannot find name 'Form'. (ts)
                            {/snippet}
                        </Form.Control>
                        <Form.FieldErrors/>

/Users/alessandrojcm/repos/dhc-dashboard/src/routes/dashboard/members/[memberId]/+page.svelte:381:26
Error: Cannot find name 'Form'. (ts)
                        </Form.Control>
                        <Form.FieldErrors/>
                    </Form.Field>

/Users/alessandrojcm/repos/dhc-dashboard/src/routes/dashboard/members/[memberId]/+page.svelte:382:23
Error: Cannot find name 'Form'. (ts)
                        <Form.FieldErrors/>
                    </Form.Field>
                </div>

/Users/alessandrojcm/repos/dhc-dashboard/src/routes/dashboard/members/[memberId]/+page.svelte:388:22
Error: Cannot find name 'Form'. (ts)
                <div class="grid grid-cols-1 md:grid-cols-2 gap-6">
                    <Form.Field {form} name="nextOfKin">
                        <Form.Control>

/Users/alessandrojcm/repos/dhc-dashboard/src/routes/dashboard/members/[memberId]/+page.svelte:389:26
Error: Cannot find name 'Form'. (ts)
                    <Form.Field {form} name="nextOfKin">
                        <Form.Control>
                            {#snippet children({props})}

/Users/alessandrojcm/repos/dhc-dashboard/src/routes/dashboard/members/[memberId]/+page.svelte:390:49
Error: Binding element 'props' implicitly has an 'any' type. (ts)
                        <Form.Control>
                            {#snippet children({props})}
                                <Form.Label for="nextOfKin">Next of Kin</Form.Label>

/Users/alessandrojcm/repos/dhc-dashboard/src/routes/dashboard/members/[memberId]/+page.svelte:391:34
Error: Cannot find name 'Form'. (ts)
                            {#snippet children({props})}
                                <Form.Label for="nextOfKin">Next of Kin</Form.Label>
                                <Input {...props} bind:value={$formData.nextOfKin}/>

/Users/alessandrojcm/repos/dhc-dashboard/src/routes/dashboard/members/[memberId]/+page.svelte:391:74
Error: Cannot find name 'Form'. (ts)
                            {#snippet children({props})}
                                <Form.Label for="nextOfKin">Next of Kin</Form.Label>
                                <Input {...props} bind:value={$formData.nextOfKin}/>

/Users/alessandrojcm/repos/dhc-dashboard/src/routes/dashboard/members/[memberId]/+page.svelte:392:34
Error: Cannot find name 'Input'. (ts)
                                <Form.Label for="nextOfKin">Next of Kin</Form.Label>
                                <Input {...props} bind:value={$formData.nextOfKin}/>
                            {/snippet}

/Users/alessandrojcm/repos/dhc-dashboard/src/routes/dashboard/members/[memberId]/+page.svelte:394:27
Error: Cannot find name 'Form'. (ts)
                            {/snippet}
                        </Form.Control>
                        <Form.FieldErrors/>

/Users/alessandrojcm/repos/dhc-dashboard/src/routes/dashboard/members/[memberId]/+page.svelte:395:26
Error: Cannot find name 'Form'. (ts)
                        </Form.Control>
                        <Form.FieldErrors/>
                    </Form.Field>

/Users/alessandrojcm/repos/dhc-dashboard/src/routes/dashboard/members/[memberId]/+page.svelte:396:23
Error: Cannot find name 'Form'. (ts)
                        <Form.FieldErrors/>
                    </Form.Field>
                    <Form.Field {form} name="nextOfKinNumber">

/Users/alessandrojcm/repos/dhc-dashboard/src/routes/dashboard/members/[memberId]/+page.svelte:397:22
Error: Cannot find name 'Form'. (ts)
                    </Form.Field>
                    <Form.Field {form} name="nextOfKinNumber">
                        <Form.Control>

/Users/alessandrojcm/repos/dhc-dashboard/src/routes/dashboard/members/[memberId]/+page.svelte:398:26
Error: Cannot find name 'Form'. (ts)
                    <Form.Field {form} name="nextOfKinNumber">
                        <Form.Control>
                            {#snippet children({props})}

/Users/alessandrojcm/repos/dhc-dashboard/src/routes/dashboard/members/[memberId]/+page.svelte:399:49
Error: Binding element 'props' implicitly has an 'any' type. (ts)
                        <Form.Control>
                            {#snippet children({props})}
                                <Form.Label>Next of Kin Phone Number</Form.Label>

/Users/alessandrojcm/repos/dhc-dashboard/src/routes/dashboard/members/[memberId]/+page.svelte:400:34
Error: Cannot find name 'Form'. (ts)
                            {#snippet children({props})}
                                <Form.Label>Next of Kin Phone Number</Form.Label>
                                <PhoneInput

/Users/alessandrojcm/repos/dhc-dashboard/src/routes/dashboard/members/[memberId]/+page.svelte:400:71
Error: Cannot find name 'Form'. (ts)
                            {#snippet children({props})}
                                <Form.Label>Next of Kin Phone Number</Form.Label>
                                <PhoneInput

/Users/alessandrojcm/repos/dhc-dashboard/src/routes/dashboard/members/[memberId]/+page.svelte:401:34
Error: Cannot find name 'PhoneInput'. (ts)
                                <Form.Label>Next of Kin Phone Number</Form.Label>
                                <PhoneInput
                                        placeholder="Enter your next of kin's phone number"

/Users/alessandrojcm/repos/dhc-dashboard/src/routes/dashboard/members/[memberId]/+page.svelte:407:27
Error: Cannot find name 'Form'. (ts)
                            {/snippet}
                        </Form.Control>
                        <Form.FieldErrors/>

/Users/alessandrojcm/repos/dhc-dashboard/src/routes/dashboard/members/[memberId]/+page.svelte:408:26
Error: Cannot find name 'Form'. (ts)
                        </Form.Control>
                        <Form.FieldErrors/>
                    </Form.Field>

/Users/alessandrojcm/repos/dhc-dashboard/src/routes/dashboard/members/[memberId]/+page.svelte:409:23
Error: Cannot find name 'Form'. (ts)
                        <Form.FieldErrors/>
                    </Form.Field>
                </div>

/Users/alessandrojcm/repos/dhc-dashboard/src/routes/dashboard/members/[memberId]/+page.svelte:413:18
Error: Cannot find name 'SuperDebug'. (ts)
            {#if import.meta.env.DEV}
                <SuperDebug data={formData}/>
            {/if}

/Users/alessandrojcm/repos/dhc-dashboard/src/routes/dashboard/members/[memberId]/+page.svelte:415:14
Error: Cannot find name 'Button'. (ts)
            {/if}
            <Button type="submit" class="w-full" disabled={$submitting}>
                {$submitting ? 'Saving...' : 'Save Changes'}

/Users/alessandrojcm/repos/dhc-dashboard/src/routes/dashboard/members/[memberId]/+page.svelte:417:15
Error: Cannot find name 'Button'. (ts)
                {$submitting ? 'Saving...' : 'Save Changes'}
            </Button>
        </form>

/Users/alessandrojcm/repos/dhc-dashboard/src/routes/dashboard/members/[memberId]/+page.svelte:419:7
Error: Cannot find name 'Card'. (ts)
        </form>
    </Card.Content>
</Card.Root>

/Users/alessandrojcm/repos/dhc-dashboard/src/routes/dashboard/members/[memberId]/+page.svelte:420:3
Error: Cannot find name 'Card'. (ts)
    </Card.Content>
</Card.Root>

/Users/alessandrojcm/repos/dhc-dashboard/src/routes/dashboard/members/[memberId]/+page.svelte:422:6
Error: Cannot find name 'showPauseModal'. (ts)

{#if showPauseModal}
    <PauseSubscriptionModal

/Users/alessandrojcm/repos/dhc-dashboard/src/routes/dashboard/members/[memberId]/+page.svelte:423:6
Error: Cannot find name 'PauseSubscriptionModal'. (ts)
{#if showPauseModal}
    <PauseSubscriptionModal
            bind:open={showPauseModal}

/Users/alessandrojcm/repos/dhc-dashboard/src/routes/dashboard/members/[memberId]/+page.svelte:424:24
Error: Cannot find name 'showPauseModal'. (ts)
    <PauseSubscriptionModal
            bind:open={showPauseModal}
            onConfirm={(data) => {

/Users/alessandrojcm/repos/dhc-dashboard/src/routes/dashboard/members/[memberId]/+page.svelte:425:25
Error: Parameter 'data' implicitly has an 'any' type. (ts)
            bind:open={showPauseModal}
            onConfirm={(data) => {
			pauseMutation.mutate(data);

/Users/alessandrojcm/repos/dhc-dashboard/src/routes/dashboard/members/[memberId]/+page.svelte:426:4
Error: Cannot find name 'pauseMutation'. (ts)
            onConfirm={(data) => {
			pauseMutation.mutate(data);
		}}

/Users/alessandrojcm/repos/dhc-dashboard/src/routes/dashboard/members/[memberId]/+page.svelte:428:24
Error: Cannot find name 'pauseMutation'. (ts)
		}}
            isPending={pauseMutation.isPending}
            extend={pausedUntil?.isAfter(dayjs())}

/Users/alessandrojcm/repos/dhc-dashboard/src/routes/dashboard/members/[memberId]/+page.svelte:429:21
Error: Cannot find name 'pausedUntil'. (ts)
            isPending={pauseMutation.isPending}
            extend={pausedUntil?.isAfter(dayjs())}
            pausedUntil={pausedUntil ?? undefined}

/Users/alessandrojcm/repos/dhc-dashboard/src/routes/dashboard/members/[memberId]/+page.svelte:430:26
Error: Cannot find name 'pausedUntil'. (ts)
            extend={pausedUntil?.isAfter(dayjs())}
            pausedUntil={pausedUntil ?? undefined}
    />

/Users/alessandrojcm/repos/dhc-dashboard/src/routes/dashboard/my-workshops/+page.svelte:93:20
Error: Can only bind to state or props
https://svelte.dev/e/bind_invalid_value (svelte)

	<Tabs bind:value={activeTab}>
		<TabsList>

/Users/alessandrojcm/repos/dhc-dashboard/src/routes/dashboard/my-workshops/+page.svelte:89:4
Error: Cannot find name 'CalendarDays'. (ts)
	<div class="flex items-center gap-2">
		<CalendarDays class="w-6 h-6" />
		<h1 class="text-2xl font-bold">My Workshops</h1>

/Users/alessandrojcm/repos/dhc-dashboard/src/routes/dashboard/my-workshops/+page.svelte:93:3
Error: Cannot find name 'Tabs'. (ts)

	<Tabs bind:value={activeTab}>
		<TabsList>

/Users/alessandrojcm/repos/dhc-dashboard/src/routes/dashboard/my-workshops/+page.svelte:93:20
Error: Cannot find name 'activeTab'. (ts)

	<Tabs bind:value={activeTab}>
		<TabsList>

/Users/alessandrojcm/repos/dhc-dashboard/src/routes/dashboard/my-workshops/+page.svelte:94:4
Error: Cannot find name 'TabsList'. (ts)
	<Tabs bind:value={activeTab}>
		<TabsList>
			<TabsTrigger value="published">Upcoming</TabsTrigger>

/Users/alessandrojcm/repos/dhc-dashboard/src/routes/dashboard/my-workshops/+page.svelte:95:5
Error: Cannot find name 'TabsTrigger'. (ts)
		<TabsList>
			<TabsTrigger value="published">Upcoming</TabsTrigger>
			<TabsTrigger value="planned">Planned</TabsTrigger>

/Users/alessandrojcm/repos/dhc-dashboard/src/routes/dashboard/my-workshops/+page.svelte:95:45
Error: Cannot find name 'TabsTrigger'. (ts)
		<TabsList>
			<TabsTrigger value="published">Upcoming</TabsTrigger>
			<TabsTrigger value="planned">Planned</TabsTrigger>

/Users/alessandrojcm/repos/dhc-dashboard/src/routes/dashboard/my-workshops/+page.svelte:96:5
Error: Cannot find name 'TabsTrigger'. (ts)
			<TabsTrigger value="published">Upcoming</TabsTrigger>
			<TabsTrigger value="planned">Planned</TabsTrigger>
		</TabsList>

/Users/alessandrojcm/repos/dhc-dashboard/src/routes/dashboard/my-workshops/+page.svelte:96:42
Error: Cannot find name 'TabsTrigger'. (ts)
			<TabsTrigger value="published">Upcoming</TabsTrigger>
			<TabsTrigger value="planned">Planned</TabsTrigger>
		</TabsList>

/Users/alessandrojcm/repos/dhc-dashboard/src/routes/dashboard/my-workshops/+page.svelte:97:5
Error: Cannot find name 'TabsList'. (ts)
			<TabsTrigger value="planned">Planned</TabsTrigger>
		</TabsList>

/Users/alessandrojcm/repos/dhc-dashboard/src/routes/dashboard/my-workshops/+page.svelte:99:4
Error: Cannot find name 'TabsContent'. (ts)

		<TabsContent value="published">
			{#if publishedWorkshopsQuery.isLoading}

/Users/alessandrojcm/repos/dhc-dashboard/src/routes/dashboard/my-workshops/+page.svelte:100:9
Error: Cannot find name 'publishedWorkshopsQuery'. (ts)
		<TabsContent value="published">
			{#if publishedWorkshopsQuery.isLoading}
				<div class="space-y-4">

/Users/alessandrojcm/repos/dhc-dashboard/src/routes/dashboard/my-workshops/+page.svelte:103:8
Error: Cannot find name 'Skeleton'. (ts)
					{#each Array(3) as _, index (index)}
						<Skeleton class="h-32 w-full" />
					{/each}

/Users/alessandrojcm/repos/dhc-dashboard/src/routes/dashboard/my-workshops/+page.svelte:106:14
Error: Cannot find name 'publishedWorkshopsQuery'. (ts)
				</div>
			{:else if publishedWorkshopsQuery.error}
				<Card>

/Users/alessandrojcm/repos/dhc-dashboard/src/routes/dashboard/my-workshops/+page.svelte:107:6
Error: Cannot find name 'Card'. (ts)
			{:else if publishedWorkshopsQuery.error}
				<Card>
					<CardContent class="pt-6">

/Users/alessandrojcm/repos/dhc-dashboard/src/routes/dashboard/my-workshops/+page.svelte:108:7
Error: Cannot find name 'CardContent'. (ts)
				<Card>
					<CardContent class="pt-6">
						<p class="text-destructive">

/Users/alessandrojcm/repos/dhc-dashboard/src/routes/dashboard/my-workshops/+page.svelte:110:34
Error: Cannot find name 'publishedWorkshopsQuery'. (ts)
						<p class="text-destructive">
							Error loading workshops: {publishedWorkshopsQuery.error.message}
						</p>

/Users/alessandrojcm/repos/dhc-dashboard/src/routes/dashboard/my-workshops/+page.svelte:112:8
Error: Cannot find name 'CardContent'. (ts)
						</p>
					</CardContent>
				</Card>

/Users/alessandrojcm/repos/dhc-dashboard/src/routes/dashboard/my-workshops/+page.svelte:113:7
Error: Cannot find name 'Card'. (ts)
					</CardContent>
				</Card>
			{:else}

/Users/alessandrojcm/repos/dhc-dashboard/src/routes/dashboard/my-workshops/+page.svelte:115:6
Error: Cannot find name 'Card'. (ts)
			{:else}
				<Card>
					<CardHeader>

/Users/alessandrojcm/repos/dhc-dashboard/src/routes/dashboard/my-workshops/+page.svelte:116:7
Error: Cannot find name 'CardHeader'. (ts)
				<Card>
					<CardHeader>
						<CardTitle>Upcoming Workshops</CardTitle>

/Users/alessandrojcm/repos/dhc-dashboard/src/routes/dashboard/my-workshops/+page.svelte:117:8
Error: Cannot find name 'CardTitle'. (ts)
					<CardHeader>
						<CardTitle>Upcoming Workshops</CardTitle>
						<CardDescription>View upcoming workshops and sign up for them</CardDescription>

/Users/alessandrojcm/repos/dhc-dashboard/src/routes/dashboard/my-workshops/+page.svelte:117:38
Error: Cannot find name 'CardTitle'. (ts)
					<CardHeader>
						<CardTitle>Upcoming Workshops</CardTitle>
						<CardDescription>View upcoming workshops and sign up for them</CardDescription>

/Users/alessandrojcm/repos/dhc-dashboard/src/routes/dashboard/my-workshops/+page.svelte:118:8
Error: Cannot find name 'CardDescription'. (ts)
						<CardTitle>Upcoming Workshops</CardTitle>
						<CardDescription>View upcoming workshops and sign up for them</CardDescription>
					</CardHeader>

/Users/alessandrojcm/repos/dhc-dashboard/src/routes/dashboard/my-workshops/+page.svelte:118:70
Error: Cannot find name 'CardDescription'. (ts)
						<CardTitle>Upcoming Workshops</CardTitle>
						<CardDescription>View upcoming workshops and sign up for them</CardDescription>
					</CardHeader>

/Users/alessandrojcm/repos/dhc-dashboard/src/routes/dashboard/my-workshops/+page.svelte:119:8
Error: Cannot find name 'CardHeader'. (ts)
						<CardDescription>View upcoming workshops and sign up for them</CardDescription>
					</CardHeader>
					<CardContent>

/Users/alessandrojcm/repos/dhc-dashboard/src/routes/dashboard/my-workshops/+page.svelte:120:7
Error: Cannot find name 'CardContent'. (ts)
					</CardHeader>
					<CardContent>
						<WorkshopList

/Users/alessandrojcm/repos/dhc-dashboard/src/routes/dashboard/my-workshops/+page.svelte:121:8
Error: Cannot find name 'WorkshopList'. (ts)
					<CardContent>
						<WorkshopList
							{userId}

/Users/alessandrojcm/repos/dhc-dashboard/src/routes/dashboard/my-workshops/+page.svelte:122:9
Error: No value exists in scope for the shorthand property 'userId'. Either declare one or provide an initializer. (ts)
						<WorkshopList
							{userId}
							workshops={publishedWorkshopsQuery.data ?? []}

/Users/alessandrojcm/repos/dhc-dashboard/src/routes/dashboard/my-workshops/+page.svelte:123:19
Error: Cannot find name 'publishedWorkshopsQuery'. (ts)
							{userId}
							workshops={publishedWorkshopsQuery.data ?? []}
							onInterestToggle={handleInterestToggle}

/Users/alessandrojcm/repos/dhc-dashboard/src/routes/dashboard/my-workshops/+page.svelte:124:26
Error: Cannot find name 'handleInterestToggle'. (ts)
							workshops={publishedWorkshopsQuery.data ?? []}
							onInterestToggle={handleInterestToggle}
							isLoading={interestMutation.isPending}

/Users/alessandrojcm/repos/dhc-dashboard/src/routes/dashboard/my-workshops/+page.svelte:127:8
Error: Cannot find name 'CardContent'. (ts)
						/>
					</CardContent>
				</Card>

/Users/alessandrojcm/repos/dhc-dashboard/src/routes/dashboard/my-workshops/+page.svelte:128:7
Error: Cannot find name 'Card'. (ts)
					</CardContent>
				</Card>
			{/if}

/Users/alessandrojcm/repos/dhc-dashboard/src/routes/dashboard/my-workshops/+page.svelte:130:5
Error: Cannot find name 'TabsContent'. (ts)
			{/if}
		</TabsContent>

/Users/alessandrojcm/repos/dhc-dashboard/src/routes/dashboard/my-workshops/+page.svelte:132:4
Error: Cannot find name 'TabsContent'. (ts)

		<TabsContent value="planned">
			{#if workshopsQuery.isLoading}

/Users/alessandrojcm/repos/dhc-dashboard/src/routes/dashboard/my-workshops/+page.svelte:133:9
Error: Cannot find name 'workshopsQuery'. (ts)
		<TabsContent value="planned">
			{#if workshopsQuery.isLoading}
				<div class="space-y-4">

/Users/alessandrojcm/repos/dhc-dashboard/src/routes/dashboard/my-workshops/+page.svelte:136:8
Error: Cannot find name 'Skeleton'. (ts)
					{#each Array(3) as _, index (index)}
						<Skeleton class="h-32 w-full" />
					{/each}

/Users/alessandrojcm/repos/dhc-dashboard/src/routes/dashboard/my-workshops/+page.svelte:139:14
Error: Cannot find name 'workshopsQuery'. (ts)
				</div>
			{:else if workshopsQuery.error}
				<Card>

/Users/alessandrojcm/repos/dhc-dashboard/src/routes/dashboard/my-workshops/+page.svelte:140:6
Error: Cannot find name 'Card'. (ts)
			{:else if workshopsQuery.error}
				<Card>
					<CardContent class="pt-6">

/Users/alessandrojcm/repos/dhc-dashboard/src/routes/dashboard/my-workshops/+page.svelte:141:7
Error: Cannot find name 'CardContent'. (ts)
				<Card>
					<CardContent class="pt-6">
						<p class="text-destructive">Error loading workshops: {workshopsQuery.error.message}</p>

/Users/alessandrojcm/repos/dhc-dashboard/src/routes/dashboard/my-workshops/+page.svelte:142:61
Error: Cannot find name 'workshopsQuery'. (ts)
					<CardContent class="pt-6">
						<p class="text-destructive">Error loading workshops: {workshopsQuery.error.message}</p>
					</CardContent>

/Users/alessandrojcm/repos/dhc-dashboard/src/routes/dashboard/my-workshops/+page.svelte:143:8
Error: Cannot find name 'CardContent'. (ts)
						<p class="text-destructive">Error loading workshops: {workshopsQuery.error.message}</p>
					</CardContent>
				</Card>

/Users/alessandrojcm/repos/dhc-dashboard/src/routes/dashboard/my-workshops/+page.svelte:144:7
Error: Cannot find name 'Card'. (ts)
					</CardContent>
				</Card>
			{:else}

/Users/alessandrojcm/repos/dhc-dashboard/src/routes/dashboard/my-workshops/+page.svelte:146:6
Error: Cannot find name 'Card'. (ts)
			{:else}
				<Card>
					<CardHeader>

/Users/alessandrojcm/repos/dhc-dashboard/src/routes/dashboard/my-workshops/+page.svelte:147:7
Error: Cannot find name 'CardHeader'. (ts)
				<Card>
					<CardHeader>
						<CardTitle>Planned Workshops</CardTitle>

/Users/alessandrojcm/repos/dhc-dashboard/src/routes/dashboard/my-workshops/+page.svelte:148:8
Error: Cannot find name 'CardTitle'. (ts)
					<CardHeader>
						<CardTitle>Planned Workshops</CardTitle>
						<CardDescription>View planned workshops and express your interest</CardDescription>

/Users/alessandrojcm/repos/dhc-dashboard/src/routes/dashboard/my-workshops/+page.svelte:148:37
Error: Cannot find name 'CardTitle'. (ts)
					<CardHeader>
						<CardTitle>Planned Workshops</CardTitle>
						<CardDescription>View planned workshops and express your interest</CardDescription>

/Users/alessandrojcm/repos/dhc-dashboard/src/routes/dashboard/my-workshops/+page.svelte:149:8
Error: Cannot find name 'CardDescription'. (ts)
						<CardTitle>Planned Workshops</CardTitle>
						<CardDescription>View planned workshops and express your interest</CardDescription>
					</CardHeader>

/Users/alessandrojcm/repos/dhc-dashboard/src/routes/dashboard/my-workshops/+page.svelte:149:74
Error: Cannot find name 'CardDescription'. (ts)
						<CardTitle>Planned Workshops</CardTitle>
						<CardDescription>View planned workshops and express your interest</CardDescription>
					</CardHeader>

/Users/alessandrojcm/repos/dhc-dashboard/src/routes/dashboard/my-workshops/+page.svelte:150:8
Error: Cannot find name 'CardHeader'. (ts)
						<CardDescription>View planned workshops and express your interest</CardDescription>
					</CardHeader>
					<CardContent>

/Users/alessandrojcm/repos/dhc-dashboard/src/routes/dashboard/my-workshops/+page.svelte:151:7
Error: Cannot find name 'CardContent'. (ts)
					</CardHeader>
					<CardContent>
						<WorkshopList

/Users/alessandrojcm/repos/dhc-dashboard/src/routes/dashboard/my-workshops/+page.svelte:152:8
Error: Cannot find name 'WorkshopList'. (ts)
					<CardContent>
						<WorkshopList
							{userId}

/Users/alessandrojcm/repos/dhc-dashboard/src/routes/dashboard/my-workshops/+page.svelte:153:9
Error: No value exists in scope for the shorthand property 'userId'. Either declare one or provide an initializer. (ts)
						<WorkshopList
							{userId}
							workshops={workshopsQuery.data ?? []}

/Users/alessandrojcm/repos/dhc-dashboard/src/routes/dashboard/my-workshops/+page.svelte:154:19
Error: Cannot find name 'workshopsQuery'. (ts)
							{userId}
							workshops={workshopsQuery.data ?? []}
							onInterestToggle={handleInterestToggle}

/Users/alessandrojcm/repos/dhc-dashboard/src/routes/dashboard/my-workshops/+page.svelte:155:26
Error: Cannot find name 'handleInterestToggle'. (ts)
							workshops={workshopsQuery.data ?? []}
							onInterestToggle={handleInterestToggle}
							isLoading={interestMutation.isPending}

/Users/alessandrojcm/repos/dhc-dashboard/src/routes/dashboard/my-workshops/+page.svelte:158:8
Error: Cannot find name 'CardContent'. (ts)
						/>
					</CardContent>
				</Card>

/Users/alessandrojcm/repos/dhc-dashboard/src/routes/dashboard/my-workshops/+page.svelte:159:7
Error: Cannot find name 'Card'. (ts)
					</CardContent>
				</Card>
			{/if}

/Users/alessandrojcm/repos/dhc-dashboard/src/routes/dashboard/my-workshops/+page.svelte:161:5
Error: Cannot find name 'TabsContent'. (ts)
			{/if}
		</TabsContent>
	</Tabs>

/Users/alessandrojcm/repos/dhc-dashboard/src/routes/dashboard/my-workshops/+page.svelte:162:4
Error: Cannot find name 'Tabs'. (ts)
		</TabsContent>
	</Tabs>
</div>

/Users/alessandrojcm/repos/dhc-dashboard/src/routes/dashboard/workshops/+page.svelte:49:5
Error: Cannot find name 'QuickCreateWorkshop'. (ts)
		<div class="flex gap-2">
			<QuickCreateWorkshop />
			<Button onclick={handleCreate}>Create Workshop</Button>

/Users/alessandrojcm/repos/dhc-dashboard/src/routes/dashboard/workshops/+page.svelte:50:5
Error: Cannot find name 'Button'. (ts)
			<QuickCreateWorkshop />
			<Button onclick={handleCreate}>Create Workshop</Button>
		</div>

/Users/alessandrojcm/repos/dhc-dashboard/src/routes/dashboard/workshops/+page.svelte:50:21
Error: Cannot find name 'handleCreate'. (ts)
			<QuickCreateWorkshop />
			<Button onclick={handleCreate}>Create Workshop</Button>
		</div>

/Users/alessandrojcm/repos/dhc-dashboard/src/routes/dashboard/workshops/+page.svelte:50:52
Error: Cannot find name 'Button'. (ts)
			<QuickCreateWorkshop />
			<Button onclick={handleCreate}>Create Workshop</Button>
		</div>

/Users/alessandrojcm/repos/dhc-dashboard/src/routes/dashboard/workshops/+page.svelte:54:7
Error: Cannot find name 'workshopsQuery'. (ts)

	{#if workshopsQuery.error}
		<Alert variant="destructive">

/Users/alessandrojcm/repos/dhc-dashboard/src/routes/dashboard/workshops/+page.svelte:55:4
Error: Cannot find name 'Alert'. (ts)
	{#if workshopsQuery.error}
		<Alert variant="destructive">
			<AlertDescription

/Users/alessandrojcm/repos/dhc-dashboard/src/routes/dashboard/workshops/+page.svelte:56:5
Error: Cannot find name 'AlertDescription'. (ts)
		<Alert variant="destructive">
			<AlertDescription
				>{workshopsQuery.error?.message || String(workshopsQuery.error)}</AlertDescription

/Users/alessandrojcm/repos/dhc-dashboard/src/routes/dashboard/workshops/+page.svelte:57:7
Error: Cannot find name 'workshopsQuery'. (ts)
			<AlertDescription
				>{workshopsQuery.error?.message || String(workshopsQuery.error)}</AlertDescription
			>

/Users/alessandrojcm/repos/dhc-dashboard/src/routes/dashboard/workshops/+page.svelte:57:47
Error: Cannot find name 'workshopsQuery'. (ts)
			<AlertDescription
				>{workshopsQuery.error?.message || String(workshopsQuery.error)}</AlertDescription
			>

/Users/alessandrojcm/repos/dhc-dashboard/src/routes/dashboard/workshops/+page.svelte:57:71
Error: Cannot find name 'AlertDescription'. (ts)
			<AlertDescription
				>{workshopsQuery.error?.message || String(workshopsQuery.error)}</AlertDescription
			>

/Users/alessandrojcm/repos/dhc-dashboard/src/routes/dashboard/workshops/+page.svelte:59:5
Error: Cannot find name 'Alert'. (ts)
			>
		</Alert>
	{/if}

/Users/alessandrojcm/repos/dhc-dashboard/src/routes/dashboard/workshops/+page.svelte:63:3
Error: Cannot find name 'WorkshopCalendar'. (ts)
	<!-- Error handling is now done in the modal component with toast notifications -->
	<WorkshopCalendar
		{handleEdit}

/Users/alessandrojcm/repos/dhc-dashboard/src/routes/dashboard/workshops/+page.svelte:64:4
Error: No value exists in scope for the shorthand property 'handleEdit'. Either declare one or provide an initializer. (ts)
	<WorkshopCalendar
		{handleEdit}
		isLoading={workshopsQuery.isLoading}

/Users/alessandrojcm/repos/dhc-dashboard/src/routes/dashboard/workshops/+page.svelte:65:14
Error: Cannot find name 'workshopsQuery'. (ts)
		{handleEdit}
		isLoading={workshopsQuery.isLoading}
		workshops={workshopsQuery.data ?? []}

/Users/alessandrojcm/repos/dhc-dashboard/src/routes/dashboard/workshops/+page.svelte:66:14
Error: Cannot find name 'workshopsQuery'. (ts)
		isLoading={workshopsQuery.isLoading}
		workshops={workshopsQuery.data ?? []}
		{userId}

/Users/alessandrojcm/repos/dhc-dashboard/src/routes/dashboard/workshops/+page.svelte:67:4
Error: No value exists in scope for the shorthand property 'userId'. Either declare one or provide an initializer. (ts)
		workshops={workshopsQuery.data ?? []}
		{userId}
	/>

/Users/alessandrojcm/repos/dhc-dashboard/src/routes/dashboard/workshops/[id]/attendees/+page.svelte:45:2
Error: No overload matches this call.
  Overload 1 of 3, '(options: Accessor<UndefinedInitialDataOptions<{ id: string; club_activity_id: string; status: "cancelled" | "pending" | "confirmed" | "refunded"; attendance_status: string | null; attendance_marked_at: string | null; attendance_marked_by: string | null; attendance_notes: string | null; user_profiles: { ...; } | null; external_users: { ...; } | null; }[], Error, { ...; }[], (string | undefined)[]>>, queryClient?: Accessor<...> | undefined): CreateQueryResult<...>', gave the following error.
    Type 'RegistrationWithUser[]' is not assignable to type 'InitialDataFunction<{ id: string; club_activity_id: string; status: "cancelled" | "pending" | "confirmed" | "refunded"; attendance_status: string | null; attendance_marked_at: string | null; attendance_marked_by: string | null; attendance_notes: string | null; user_profiles: { ...; } | null; external_users: { ...; }...'.
      Type 'RegistrationWithUser[]' is not assignable to type '{ id: string; club_activity_id: string; status: "cancelled" | "pending" | "confirmed" | "refunded"; attendance_status: string | null; attendance_marked_at: string | null; attendance_marked_by: string | null; attendance_notes: string | null; user_profiles: { ...; } | null; external_users: { ...; } | null; }[] & Initi...'.
        Type 'RegistrationWithUser[]' is not assignable to type '{ id: string; club_activity_id: string; status: "cancelled" | "pending" | "confirmed" | "refunded"; attendance_status: string | null; attendance_marked_at: string | null; attendance_marked_by: string | null; attendance_notes: string | null; user_profiles: { ...; } | null; external_users: { ...; } | null; }[]'.
          Type 'RegistrationWithUser' is not assignable to type '{ id: string; club_activity_id: string; status: "cancelled" | "pending" | "confirmed" | "refunded"; attendance_status: string | null; attendance_marked_at: string | null; attendance_marked_by: string | null; attendance_notes: string | null; user_profiles: { ...; } | null; external_users: { ...; } | null; }'.
            Types of property 'user_profiles' are incompatible.
              Type '{ first_name: string; last_name: string; } | null | undefined' is not assignable to type '{ first_name: string; last_name: string; } | null'.
                Type 'undefined' is not assignable to type '{ first_name: string; last_name: string; } | null'.
  Overload 2 of 3, '(options: Accessor<DefinedInitialDataOptions<{ id: string; club_activity_id: string; status: "cancelled" | "pending" | "confirmed" | "refunded"; attendance_status: string | null; attendance_marked_at: string | null; attendance_marked_by: string | null; attendance_notes: string | null; user_profiles: { ...; } | null; external_users: { ...; } | null; }[], Error, { ...; }[], (string | undefined)[]>>, queryClient?: Accessor<...> | undefined): DefinedCreateQueryResult<...>', gave the following error.
    Type 'RegistrationWithUser[]' is not assignable to type '({ id: string; club_activity_id: string; status: "cancelled" | "pending" | "confirmed" | "refunded"; attendance_status: string | null; attendance_marked_at: string | null; attendance_marked_by: string | null; attendance_notes: string | null; user_profiles: { ...; } | null; external_users: { ...; } | null; }[] | Init...'.
      Type 'RegistrationWithUser[]' is not assignable to type '{ id: string; club_activity_id: string; status: "cancelled" | "pending" | "confirmed" | "refunded"; attendance_status: string | null; attendance_marked_at: string | null; attendance_marked_by: string | null; attendance_notes: string | null; user_profiles: { ...; } | null; external_users: { ...; } | null; }[]'.
        Type 'RegistrationWithUser' is not assignable to type '{ id: string; club_activity_id: string; status: "cancelled" | "pending" | "confirmed" | "refunded"; attendance_status: string | null; attendance_marked_at: string | null; attendance_marked_by: string | null; attendance_notes: string | null; user_profiles: { ...; } | null; external_users: { ...; } | null; }'.
          Types of property 'user_profiles' are incompatible.
            Type '{ first_name: string; last_name: string; } | null | undefined' is not assignable to type '{ first_name: string; last_name: string; } | null'.
              Type 'undefined' is not assignable to type '{ first_name: string; last_name: string; } | null'.
  Overload 3 of 3, '(options: Accessor<CreateQueryOptions<{ id: string; club_activity_id: string; status: "cancelled" | "pending" | "confirmed" | "refunded"; attendance_status: string | null; attendance_marked_at: string | null; attendance_marked_by: string | null; attendance_notes: string | null; user_profiles: { ...; } | null; external_users: { ...; } | null; }[], Error, { ...; }[], (string | undefined)[]>>, queryClient?: Accessor<...> | undefined): CreateQueryResult<...>', gave the following error.
    Type 'RegistrationWithUser[]' is not assignable to type '{ id: string; club_activity_id: string; status: "cancelled" | "pending" | "confirmed" | "refunded"; attendance_status: string | null; attendance_marked_at: string | null; attendance_marked_by: string | null; attendance_notes: string | null; user_profiles: { ...; } | null; external_users: { ...; } | null; }[] | Initi...'.
      Type 'RegistrationWithUser[]' is not assignable to type '{ id: string; club_activity_id: string; status: "cancelled" | "pending" | "confirmed" | "refunded"; attendance_status: string | null; attendance_marked_at: string | null; attendance_marked_by: string | null; attendance_notes: string | null; user_profiles: { ...; } | null; external_users: { ...; } | null; }[]'.
        Type 'RegistrationWithUser' is not assignable to type '{ id: string; club_activity_id: string; status: "cancelled" | "pending" | "confirmed" | "refunded"; attendance_status: string | null; attendance_marked_at: string | null; attendance_marked_by: string | null; attendance_notes: string | null; user_profiles: { ...; } | null; external_users: { ...; } | null; }'.
          Types of property 'user_profiles' are incompatible.
            Type '{ first_name: string; last_name: string; } | null | undefined' is not assignable to type '{ first_name: string; last_name: string; } | null'.
              Type 'undefined' is not assignable to type '{ first_name: string; last_name: string; } | null'. (ts)
	},
	initialData: data.attendees,
}));

/Users/alessandrojcm/repos/dhc-dashboard/src/routes/dashboard/workshops/[id]/attendees/+page.svelte:96:2
Error: No overload matches this call.
  Overload 1 of 3, '(options: Accessor<UndefinedInitialDataOptions<{ id: string; registration_id: string; refund_amount: number; refund_reason: string | null; status: "cancelled" | "pending" | "processing" | "completed" | "failed"; created_at: string | null; user_profiles: { ...; } | null; external_users: { ...; } | null; }[], Error, { ...; }[], (string | undefined)[]>>, queryClient?: Accessor<...> | undefined): CreateQueryResult<...>', gave the following error.
    Type 'RefundWithUser[]' is not assignable to type 'InitialDataFunction<{ id: string; registration_id: string; refund_amount: number; refund_reason: string | null; status: "cancelled" | "pending" | "processing" | "completed" | "failed"; created_at: string | null; user_profiles: { ...; } | null; external_users: { ...; } | null; }[]> | ({ ...; }[] & InitialDataFunction...'.
      Type 'RefundWithUser[]' is not assignable to type '{ id: string; registration_id: string; refund_amount: number; refund_reason: string | null; status: "cancelled" | "pending" | "processing" | "completed" | "failed"; created_at: string | null; user_profiles: { ...; } | null; external_users: { ...; } | null; }[] & InitialDataFunction<...>'.
        Type 'RefundWithUser[]' is not assignable to type '{ id: string; registration_id: string; refund_amount: number; refund_reason: string | null; status: "cancelled" | "pending" | "processing" | "completed" | "failed"; created_at: string | null; user_profiles: { ...; } | null; external_users: { ...; } | null; }[]'.
          Type 'RefundWithUser' is not assignable to type '{ id: string; registration_id: string; refund_amount: number; refund_reason: string | null; status: "cancelled" | "pending" | "processing" | "completed" | "failed"; created_at: string | null; user_profiles: { ...; } | null; external_users: { ...; } | null; }'.
            Types of property 'user_profiles' are incompatible.
              Type '{ first_name: string; last_name: string; } | null | undefined' is not assignable to type '{ first_name: string; last_name: string; } | null'.
                Type 'undefined' is not assignable to type '{ first_name: string; last_name: string; } | null'.
  Overload 2 of 3, '(options: Accessor<DefinedInitialDataOptions<{ id: string; registration_id: string; refund_amount: number; refund_reason: string | null; status: "cancelled" | "pending" | "processing" | "completed" | "failed"; created_at: string | null; user_profiles: { ...; } | null; external_users: { ...; } | null; }[], Error, { ...; }[], (string | undefined)[]>>, queryClient?: Accessor<...> | undefined): DefinedCreateQueryResult<...>', gave the following error.
    Type 'RefundWithUser[]' is not assignable to type '({ id: string; registration_id: string; refund_amount: number; refund_reason: string | null; status: "cancelled" | "pending" | "processing" | "completed" | "failed"; created_at: string | null; user_profiles: { ...; } | null; external_users: { ...; } | null; }[] | InitialDataFunction<...> | undefined) & ({ ...; }[] |...'.
      Type 'RefundWithUser[]' is not assignable to type '{ id: string; registration_id: string; refund_amount: number; refund_reason: string | null; status: "cancelled" | "pending" | "processing" | "completed" | "failed"; created_at: string | null; user_profiles: { ...; } | null; external_users: { ...; } | null; }[]'.
        Type 'RefundWithUser' is not assignable to type '{ id: string; registration_id: string; refund_amount: number; refund_reason: string | null; status: "cancelled" | "pending" | "processing" | "completed" | "failed"; created_at: string | null; user_profiles: { ...; } | null; external_users: { ...; } | null; }'.
          Types of property 'user_profiles' are incompatible.
            Type '{ first_name: string; last_name: string; } | null | undefined' is not assignable to type '{ first_name: string; last_name: string; } | null'.
              Type 'undefined' is not assignable to type '{ first_name: string; last_name: string; } | null'.
  Overload 3 of 3, '(options: Accessor<CreateQueryOptions<{ id: string; registration_id: string; refund_amount: number; refund_reason: string | null; status: "cancelled" | "pending" | "processing" | "completed" | "failed"; created_at: string | null; user_profiles: { ...; } | null; external_users: { ...; } | null; }[], Error, { ...; }[], (string | undefined)[]>>, queryClient?: Accessor<...> | undefined): CreateQueryResult<...>', gave the following error.
    Type 'RefundWithUser[]' is not assignable to type '{ id: string; registration_id: string; refund_amount: number; refund_reason: string | null; status: "cancelled" | "pending" | "processing" | "completed" | "failed"; created_at: string | null; user_profiles: { ...; } | null; external_users: { ...; } | null; }[] | InitialDataFunction<...> | undefined'.
      Type 'RefundWithUser[]' is not assignable to type '{ id: string; registration_id: string; refund_amount: number; refund_reason: string | null; status: "cancelled" | "pending" | "processing" | "completed" | "failed"; created_at: string | null; user_profiles: { ...; } | null; external_users: { ...; } | null; }[]'.
        Type 'RefundWithUser' is not assignable to type '{ id: string; registration_id: string; refund_amount: number; refund_reason: string | null; status: "cancelled" | "pending" | "processing" | "completed" | "failed"; created_at: string | null; user_profiles: { ...; } | null; external_users: { ...; } | null; }'.
          Types of property 'user_profiles' are incompatible.
            Type '{ first_name: string; last_name: string; } | null | undefined' is not assignable to type '{ first_name: string; last_name: string; } | null'.
              Type 'undefined' is not assignable to type '{ first_name: string; last_name: string; } | null'. (ts)
	},
	initialData: data.refunds, // Use preloaded data
}));

/Users/alessandrojcm/repos/dhc-dashboard/src/routes/dashboard/workshops/[id]/attendees/+page.svelte:106:3
Error: Cannot find name 'Card'. (ts)

	<Card>
		<CardHeader>

/Users/alessandrojcm/repos/dhc-dashboard/src/routes/dashboard/workshops/[id]/attendees/+page.svelte:107:4
Error: Cannot find name 'CardHeader'. (ts)
	<Card>
		<CardHeader>
			<CardTitle>Registered Attendees</CardTitle>

/Users/alessandrojcm/repos/dhc-dashboard/src/routes/dashboard/workshops/[id]/attendees/+page.svelte:108:5
Error: Cannot find name 'CardTitle'. (ts)
		<CardHeader>
			<CardTitle>Registered Attendees</CardTitle>
		</CardHeader>

/Users/alessandrojcm/repos/dhc-dashboard/src/routes/dashboard/workshops/[id]/attendees/+page.svelte:108:37
Error: Cannot find name 'CardTitle'. (ts)
		<CardHeader>
			<CardTitle>Registered Attendees</CardTitle>
		</CardHeader>

/Users/alessandrojcm/repos/dhc-dashboard/src/routes/dashboard/workshops/[id]/attendees/+page.svelte:109:5
Error: Cannot find name 'CardHeader'. (ts)
			<CardTitle>Registered Attendees</CardTitle>
		</CardHeader>
		<CardContent>

/Users/alessandrojcm/repos/dhc-dashboard/src/routes/dashboard/workshops/[id]/attendees/+page.svelte:110:4
Error: Cannot find name 'CardContent'. (ts)
		</CardHeader>
		<CardContent>
			{#if attendeesQuery.isLoading || refundsQuery.isLoading}

/Users/alessandrojcm/repos/dhc-dashboard/src/routes/dashboard/workshops/[id]/attendees/+page.svelte:111:9
Error: Cannot find name 'attendeesQuery'. (ts)
		<CardContent>
			{#if attendeesQuery.isLoading || refundsQuery.isLoading}
				<div class="flex items-center justify-center py-8">

/Users/alessandrojcm/repos/dhc-dashboard/src/routes/dashboard/workshops/[id]/attendees/+page.svelte:111:37
Error: Cannot find name 'refundsQuery'. (ts)
		<CardContent>
			{#if attendeesQuery.isLoading || refundsQuery.isLoading}
				<div class="flex items-center justify-center py-8">

/Users/alessandrojcm/repos/dhc-dashboard/src/routes/dashboard/workshops/[id]/attendees/+page.svelte:115:14
Error: Cannot find name 'attendeesQuery'. (ts)
				</div>
			{:else if attendeesQuery.error || refundsQuery.error}
				<div class="text-center py-8 text-destructive">Failed to load data</div>

/Users/alessandrojcm/repos/dhc-dashboard/src/routes/dashboard/workshops/[id]/attendees/+page.svelte:115:38
Error: Cannot find name 'refundsQuery'. (ts)
				</div>
			{:else if attendeesQuery.error || refundsQuery.error}
				<div class="text-center py-8 text-destructive">Failed to load data</div>

/Users/alessandrojcm/repos/dhc-dashboard/src/routes/dashboard/workshops/[id]/attendees/+page.svelte:118:6
Error: Cannot find name 'AttendeeManager'. (ts)
			{:else}
				<AttendeeManager
					attendees={attendeesQuery.data || []}

/Users/alessandrojcm/repos/dhc-dashboard/src/routes/dashboard/workshops/[id]/attendees/+page.svelte:119:17
Error: Cannot find name 'attendeesQuery'. (ts)
				<AttendeeManager
					attendees={attendeesQuery.data || []}
					refunds={refundsQuery.data || []}

/Users/alessandrojcm/repos/dhc-dashboard/src/routes/dashboard/workshops/[id]/attendees/+page.svelte:120:15
Error: Cannot find name 'refundsQuery'. (ts)
					attendees={attendeesQuery.data || []}
					refunds={refundsQuery.data || []}
					workshop={data.workshop}

/Users/alessandrojcm/repos/dhc-dashboard/src/routes/dashboard/workshops/[id]/attendees/+page.svelte:124:7
Error: Cannot find name 'queryClient'. (ts)
					onAttendanceUpdated={() => {
						queryClient.invalidateQueries({ queryKey: ['workshop-attendees', workshopId] });
					}}

/Users/alessandrojcm/repos/dhc-dashboard/src/routes/dashboard/workshops/[id]/attendees/+page.svelte:127:7
Error: Cannot find name 'queryClient'. (ts)
					onRefundProcessed={() => {
						queryClient.invalidateQueries({ queryKey: ['workshop-refunds', workshopId] });
						queryClient.invalidateQueries({ queryKey: ['workshop-attendees', workshopId] });

/Users/alessandrojcm/repos/dhc-dashboard/src/routes/dashboard/workshops/[id]/attendees/+page.svelte:128:7
Error: Cannot find name 'queryClient'. (ts)
						queryClient.invalidateQueries({ queryKey: ['workshop-refunds', workshopId] });
						queryClient.invalidateQueries({ queryKey: ['workshop-attendees', workshopId] });
					}}

/Users/alessandrojcm/repos/dhc-dashboard/src/routes/dashboard/workshops/[id]/attendees/+page.svelte:132:5
Error: Cannot find name 'CardContent'. (ts)
			{/if}
		</CardContent>
	</Card>

/Users/alessandrojcm/repos/dhc-dashboard/src/routes/dashboard/workshops/[id]/attendees/+page.svelte:133:4
Error: Cannot find name 'Card'. (ts)
		</CardContent>
	</Card>
</div>

/Users/alessandrojcm/repos/dhc-dashboard/src/routes/dashboard/workshops/[id]/edit/+page.svelte:14:4
Error: Cannot find name 'Button'. (ts)
		<h1 class="text-3xl font-bold">Edit Workshop</h1>
		<Button variant="outline" href="/dashboard/workshops">Back to Workshops</Button>
	</div>

/Users/alessandrojcm/repos/dhc-dashboard/src/routes/dashboard/workshops/[id]/edit/+page.svelte:14:76
Error: Cannot find name 'Button'. (ts)
		<h1 class="text-3xl font-bold">Edit Workshop</h1>
		<Button variant="outline" href="/dashboard/workshops">Back to Workshops</Button>
	</div>

/Users/alessandrojcm/repos/dhc-dashboard/src/routes/dashboard/workshops/[id]/edit/+page.svelte:17:3
Error: Cannot find name 'WorkshopForm'. (ts)

	<WorkshopForm
		{data}

/Users/alessandrojcm/repos/dhc-dashboard/src/routes/dashboard/workshops/[id]/edit/+page.svelte:20:14
Error: Cannot find name 'handleSuccess'. (ts)
		mode="edit"
		onSuccess={handleSuccess}
		priceEditingDisabled={data.priceEditingDisabled}

/Users/alessandrojcm/repos/dhc-dashboard/src/routes/dashboard/workshops/create/+page.svelte:14:4
Error: Cannot find name 'Button'. (ts)
		<h1 class="text-3xl font-bold">Create Workshop</h1>
		<Button variant="outline" href="/dashboard/workshops">Back to Workshops</Button>
	</div>

/Users/alessandrojcm/repos/dhc-dashboard/src/routes/dashboard/workshops/create/+page.svelte:14:76
Error: Cannot find name 'Button'. (ts)
		<h1 class="text-3xl font-bold">Create Workshop</h1>
		<Button variant="outline" href="/dashboard/workshops">Back to Workshops</Button>
	</div>

/Users/alessandrojcm/repos/dhc-dashboard/src/routes/dashboard/workshops/create/+page.svelte:18:4
Error: Cannot find name 'Alert'. (ts)
	{#if data.isGenerated}
		<Alert variant="default" class="border-blue-200 bg-blue-50">
			<Sparkles class="h-4 w-4 text-blue-600" />

/Users/alessandrojcm/repos/dhc-dashboard/src/routes/dashboard/workshops/create/+page.svelte:19:5
Error: Cannot find name 'Sparkles'. (ts)
		<Alert variant="default" class="border-blue-200 bg-blue-50">
			<Sparkles class="h-4 w-4 text-blue-600" />
			<AlertDescription class="text-blue-800">

/Users/alessandrojcm/repos/dhc-dashboard/src/routes/dashboard/workshops/create/+page.svelte:20:5
Error: Cannot find name 'AlertDescription'. (ts)
			<Sparkles class="h-4 w-4 text-blue-600" />
			<AlertDescription class="text-blue-800">
				Workshop details have been generated from your description. Review and modify as needed

/Users/alessandrojcm/repos/dhc-dashboard/src/routes/dashboard/workshops/create/+page.svelte:23:6
Error: Cannot find name 'AlertDescription'. (ts)
				before creating.
			</AlertDescription>
		</Alert>

/Users/alessandrojcm/repos/dhc-dashboard/src/routes/dashboard/workshops/create/+page.svelte:24:5
Error: Cannot find name 'Alert'. (ts)
			</AlertDescription>
		</Alert>
	{/if}

/Users/alessandrojcm/repos/dhc-dashboard/src/routes/dashboard/workshops/create/+page.svelte:27:3
Error: Cannot find name 'WorkshopForm'. (ts)

	<WorkshopForm {data} mode="create" onSuccess={handleSuccess} />
</div>

/Users/alessandrojcm/repos/dhc-dashboard/src/routes/dashboard/workshops/create/+page.svelte:27:48
Error: Cannot find name 'handleSuccess'. (ts)

	<WorkshopForm {data} mode="create" onSuccess={handleSuccess} />
</div>

====================================
svelte-check found 3874 errors and 0 warnings in 315 files
 ELIFECYCLE  Command failed with exit code 1.
